

================================================================
== Vitis HLS Report for 'arith_encode_Pipeline_Header'
================================================================
* Date:           Sat Aug  1 19:34:09 2026

* Version:        2025.2.1 (Build 6397637 on Mar 18 2026)
* Project:        work_k8_report
* Solution:       hls (Vitis Kernel Flow Target)
* Product family: zynquplus
* Target device:  xck26-sfvc784-2LV-c


================================================================
== Performance Estimates
================================================================
+ Timing: 
    * Summary: 
    +--------+---------+----------+------------+
    |  Clock |  Target | Estimated| Uncertainty|
    +--------+---------+----------+------------+
    |ap_clk  |  5.00 ns|  1.224 ns|     1.35 ns|
    +--------+---------+----------+------------+

+ Latency: 
    * Summary: 
    +---------+---------+-----------+-----------+-----+-----+-------------------+
    |  Latency (cycles) |   Latency (absolute)  |  Interval |      Pipeline     |
    |   min   |   max   |    min    |    max    | min | max |        Type       |
    +---------+---------+-----------+-----------+-----+-----+-------------------+
    |       10|       10|  50.000 ns|  50.000 ns|    0|    0|  loop pipeline stp|
    +---------+---------+-----------+-----------+-----+-----+-------------------+

    + Detail: 
        * Instance: 
        N/A

        * Loop: 
        +----------+---------+---------+----------+-----------+-----------+------+----------+
        |          |  Latency (cycles) | Iteration|  Initiation Interval  | Trip |          |
        | Loop Name|   min   |   max   |  Latency |  achieved |   target  | Count| Pipelined|
        +----------+---------+---------+----------+-----------+-----------+------+----------+
        |- Header  |        8|        8|         1|          1|          1|     8|       yes|
        +----------+---------+---------+----------+-----------+-----------+------+----------+

============================================================
+ Verbose Summary: Synthesis Manager
============================================================
InlineROM: 1
ExposeGlobal: 0
============================================================
+ Verbose Summary: CDFG Model
============================================================
IsTopModel: 0
ResetActiveHigh: 1
IsCombinational: 0
IsDatapathOnly: 0
HasWiredReturn: 1
HasMFsm: 2
HasVarLatency: 1
IsPipeline: 0
IsRtlPipelined: 0
IsInstanceOverlapped: 0
IsDontTouch: 0
HasImplIP: 0
IsGatedGlobalClock: 0

+ Individual pipeline summary: 
  * Pipeline-0: initiation interval (II) = 1, depth = 2


============================================================
+ Verbose Summary: Schedule
============================================================
* Number of FSM states : 2
* Pipeline : 1
  Pipeline-0 : II = 1, D = 2, States = { 1 2 }
* Dataflow Pipeline: 0

* FSM state transitions: 
1 --> 2 
2 --> 

* FSM state operations: 

State 1 <SV = 0> <Delay = 0.42>
ST_1 : Operation 4 [1/1] (0.00ns)   --->   "%shiftreg = alloca i32 1"   --->   Operation 4 'alloca' 'shiftreg' <Predicate = true> <Delay = 0.00>
ST_1 : Operation 5 [1/1] (0.00ns)   --->   "%c = alloca i32 1" [arith5.cpp:83]   --->   Operation 5 'alloca' 'c' <Predicate = true> <Delay = 0.00>
ST_1 : Operation 6 [1/1] (0.00ns)   --->   "%tmp_8 = read i16 @_ssdm_op_Read.ap_auto.i16, i16 %empty"   --->   Operation 6 'read' 'tmp_8' <Predicate = true> <Delay = 0.00>
ST_1 : Operation 7 [1/1] (0.00ns)   --->   "%tmp_9 = read i16 @_ssdm_op_Read.ap_auto.i16, i16 %empty_43"   --->   Operation 7 'read' 'tmp_9' <Predicate = true> <Delay = 0.00>
ST_1 : Operation 8 [1/1] (0.00ns)   --->   "%tmp_10 = read i16 @_ssdm_op_Read.ap_auto.i16, i16 %empty_42"   --->   Operation 8 'read' 'tmp_10' <Predicate = true> <Delay = 0.00>
ST_1 : Operation 9 [1/1] (0.00ns)   --->   "%tmp_11 = read i16 @_ssdm_op_Read.ap_auto.i16, i16 %empty_41"   --->   Operation 9 'read' 'tmp_11' <Predicate = true> <Delay = 0.00>
ST_1 : Operation 10 [1/1] (0.00ns)   --->   "%tmp_12 = read i16 @_ssdm_op_Read.ap_auto.i16, i16 %empty_40"   --->   Operation 10 'read' 'tmp_12' <Predicate = true> <Delay = 0.00>
ST_1 : Operation 11 [1/1] (0.00ns)   --->   "%tmp_13 = read i16 @_ssdm_op_Read.ap_auto.i16, i16 %empty_39"   --->   Operation 11 'read' 'tmp_13' <Predicate = true> <Delay = 0.00>
ST_1 : Operation 12 [1/1] (0.00ns)   --->   "%tmp_14 = read i16 @_ssdm_op_Read.ap_auto.i16, i16 %empty_38"   --->   Operation 12 'read' 'tmp_14' <Predicate = true> <Delay = 0.00>
ST_1 : Operation 13 [1/1] (0.00ns)   --->   "%tmp_15 = read i16 @_ssdm_op_Read.ap_auto.i16, i16 %empty_37"   --->   Operation 13 'read' 'tmp_15' <Predicate = true> <Delay = 0.00>
ST_1 : Operation 14 [1/1] (0.42ns)   --->   "%store_ln83 = store i4 0, i4 %c" [arith5.cpp:83]   --->   Operation 14 'store' 'store_ln83' <Predicate = true> <Delay = 0.42>
ST_1 : Operation 15 [1/1] (0.42ns)   --->   "%store_ln0 = store i128 0, i128 %shiftreg"   --->   Operation 15 'store' 'store_ln0' <Predicate = true> <Delay = 0.42>
ST_1 : Operation 16 [1/1] (0.00ns)   --->   "%br_ln0 = br void %for.inc59"   --->   Operation 16 'br' 'br_ln0' <Predicate = true> <Delay = 0.00>

State 2 <SV = 1> <Delay = 1.22>
ST_2 : Operation 17 [1/1] (0.00ns)   --->   "%c_1 = load i4 %c" [arith5.cpp:83]   --->   Operation 17 'load' 'c_1' <Predicate = true> <Delay = 0.00>
ST_2 : Operation 18 [1/1] (0.79ns)   --->   "%icmp_ln83 = icmp_eq  i4 %c_1, i4 8" [arith5.cpp:83]   --->   Operation 18 'icmp' 'icmp_ln83' <Predicate = true> <Delay = 0.79> <CoreInst = "Cmp">   --->   Core 9 'Cmp' <Latency = 0> <II = 1> <Delay = 0.79> <FuncUnit> <Opcode : 'seteq' 'setne' 'setle' 'setge' 'setlt' 'setgt'> <InPorts = 2> <OutPorts = 1>
ST_2 : Operation 19 [1/1] (0.79ns)   --->   "%add_ln83 = add i4 %c_1, i4 1" [arith5.cpp:83]   --->   Operation 19 'add' 'add_ln83' <Predicate = true> <Delay = 0.79> <CoreInst = "Adder">   --->   Core 1 'Adder' <Latency = 0> <II = 1> <Delay = 0.79> <FuncUnit> <Opcode : 'add' 'sub'> <InPorts = 2> <OutPorts = 1>
ST_2 : Operation 20 [1/1] (0.00ns)   --->   "%br_ln83 = br i1 %icmp_ln83, void %for.inc59.split, void %Concat.exitStub" [arith5.cpp:83]   --->   Operation 20 'br' 'br_ln83' <Predicate = true> <Delay = 0.00>
ST_2 : Operation 21 [1/1] (0.00ns)   --->   "%shiftreg_load_1 = load i128 %shiftreg" [arith5.cpp:83]   --->   Operation 21 'load' 'shiftreg_load_1' <Predicate = (!icmp_ln83)> <Delay = 0.00>
ST_2 : Operation 22 [1/1] (0.00ns)   --->   "%trunc_ln83 = trunc i4 %c_1" [arith5.cpp:83]   --->   Operation 22 'trunc' 'trunc_ln83' <Predicate = (!icmp_ln83)> <Delay = 0.00>
ST_2 : Operation 23 [1/1] (0.00ns)   --->   "%specpipeline_ln83 = specpipeline void @_ssdm_op_SpecPipeline, i32 4294967295, i32 0, i32 0, i32 0, i32 4294967295, void @empty_18" [arith5.cpp:83]   --->   Operation 23 'specpipeline' 'specpipeline_ln83' <Predicate = (!icmp_ln83)> <Delay = 0.00>
ST_2 : Operation 24 [1/1] (0.00ns)   --->   "%speclooptripcount_ln83 = speclooptripcount void @_ssdm_op_SpecLoopTripCount, i64 8, i64 8, i64 8" [arith5.cpp:83]   --->   Operation 24 'speclooptripcount' 'speclooptripcount_ln83' <Predicate = (!icmp_ln83)> <Delay = 0.00>
ST_2 : Operation 25 [1/1] (0.00ns)   --->   "%specloopname_ln83 = specloopname void @_ssdm_op_SpecLoopName, void @empty_13" [arith5.cpp:83]   --->   Operation 25 'specloopname' 'specloopname_ln83' <Predicate = (!icmp_ln83)> <Delay = 0.00>
ST_2 : Operation 26 [1/1] (0.72ns)   --->   "%tmp = sparsemux i16 @_ssdm_op_SparseMux.ap_auto.8i16.i16.i3, i3 0, i16 %tmp_15, i3 1, i16 %tmp_14, i3 2, i16 %tmp_13, i3 3, i16 %tmp_12, i3 4, i16 %tmp_11, i3 5, i16 %tmp_10, i3 6, i16 %tmp_9, i3 7, i16 %tmp_8, i16 0, i3 %trunc_ln83" [arith5.cpp:84]   --->   Operation 26 'sparsemux' 'tmp' <Predicate = (!icmp_ln83)> <Delay = 0.72> <CoreInst = "BinarySparseMux_DontCare">   --->   Core 149 'BinarySparseMux_DontCare' <Latency = 0> <II = 1> <Delay = 0.72> <FuncUnit> <Opcode : 'sparsemux'> <InPorts = 2> <OutPorts = 1>
ST_2 : Operation 27 [1/1] (0.00ns)   --->   "%lshr_ln = partselect i112 @_ssdm_op_PartSelect.i112.i128.i32.i32, i128 %shiftreg_load_1, i32 16, i32 127" [arith5.cpp:83]   --->   Operation 27 'partselect' 'lshr_ln' <Predicate = (!icmp_ln83)> <Delay = 0.00>
ST_2 : Operation 28 [1/1] (0.00ns)   --->   "%or_ln = bitconcatenate i128 @_ssdm_op_BitConcatenate.i128.i16.i112, i16 %tmp, i112 %lshr_ln" [arith5.cpp:83]   --->   Operation 28 'bitconcatenate' 'or_ln' <Predicate = (!icmp_ln83)> <Delay = 0.00>
ST_2 : Operation 29 [1/1] (0.42ns)   --->   "%store_ln83 = store i4 %add_ln83, i4 %c" [arith5.cpp:83]   --->   Operation 29 'store' 'store_ln83' <Predicate = (!icmp_ln83)> <Delay = 0.42>
ST_2 : Operation 30 [1/1] (0.42ns)   --->   "%store_ln83 = store i128 %or_ln, i128 %shiftreg" [arith5.cpp:83]   --->   Operation 30 'store' 'store_ln83' <Predicate = (!icmp_ln83)> <Delay = 0.42>
ST_2 : Operation 31 [1/1] (0.00ns)   --->   "%br_ln83 = br void %for.inc59" [arith5.cpp:83]   --->   Operation 31 'br' 'br_ln83' <Predicate = (!icmp_ln83)> <Delay = 0.00>
ST_2 : Operation 32 [1/1] (0.00ns)   --->   "%shiftreg_load = load i128 %shiftreg"   --->   Operation 32 'load' 'shiftreg_load' <Predicate = (icmp_ln83)> <Delay = 0.00>
ST_2 : Operation 33 [1/1] (0.00ns)   --->   "%write_ln0 = write void @_ssdm_op_Write.ap_auto.i128P0A, i128 %shiftreg_out, i128 %shiftreg_load"   --->   Operation 33 'write' 'write_ln0' <Predicate = (icmp_ln83)> <Delay = 0.00>
ST_2 : Operation 34 [1/1] (0.42ns)   --->   "%ret_ln0 = ret"   --->   Operation 34 'ret' 'ret_ln0' <Predicate = (icmp_ln83)> <Delay = 0.42>


============================================================
+ Verbose Summary: Timing violations
============================================================
Target clock period: 5.000ns, clock uncertainty: 1.350ns.

 <State 1>: 0.427ns
The critical path consists of the following:
	'alloca' operation 4 bit ('c', arith5.cpp:83) [11]  (0.000 ns)
	'store' operation ('store_ln83', arith5.cpp:83) of constant 0 4 bit on local variable 'c', arith5.cpp:83 [20]  (0.427 ns)

 <State 2>: 1.224ns
The critical path consists of the following:
	'load' operation 4 bit ('c', arith5.cpp:83) on local variable 'c', arith5.cpp:83 [24]  (0.000 ns)
	'icmp' operation 1 bit ('icmp_ln83', arith5.cpp:83) [25]  (0.797 ns)
	'store' operation ('store_ln83', arith5.cpp:83) of variable 'add_ln83', arith5.cpp:83 4 bit on local variable 'c', arith5.cpp:83 [37]  (0.427 ns)


============================================================
+ Verbose Summary: Binding
============================================================
N/A
* FSMD analyzer results:
  - Output states:
 - Input state : 
  - Chain level:
	State 1
	State 2


============================================================
+ Verbose Summary: Datapath Resource usage 
============================================================
N/A
