

================================================================
== Vitis HLS Report for 'arith_encode_Pipeline_VITIS_LOOP_66_1'
================================================================
* Date:           Sat Aug  1 19:34:09 2026

* Version:        2025.2.1 (Build 6397637 on Mar 18 2026)
* Project:        work_k8_report
* Solution:       hls (Vitis Kernel Flow Target)
* Product family: zynquplus
* Target device:  xck26-sfvc784-2LV-c


================================================================
== Performance Estimates
================================================================
+ Timing: 
    * Summary: 
    +--------+---------+----------+------------+
    |  Clock |  Target | Estimated| Uncertainty|
    +--------+---------+----------+------------+
    |ap_clk  |  5.00 ns|  3.650 ns|     1.35 ns|
    +--------+---------+----------+------------+

+ Latency: 
    * Summary: 
    +---------+-----------+-----------+-----------+-----+-----+-------------------+
    |   Latency (cycles)  |   Latency (absolute)  |  Interval |      Pipeline     |
    |   min   |    max    |    min    |    max    | min | max |        Type       |
    +---------+-----------+-----------+-----------+-----+-----+-------------------+
    |        2|  268435458|  10.000 ns|  1.342 sec|    0|    0|  loop pipeline stp|
    +---------+-----------+-----------+-----------+-----+-----+-------------------+

    + Detail: 
        * Instance: 
        N/A

        * Loop: 
        +-------------------+---------+-----------+----------+-----------+-----------+---------------+----------+
        |                   |   Latency (cycles)  | Iteration|  Initiation Interval  |      Trip     |          |
        |     Loop Name     |   min   |    max    |  Latency |  achieved |   target  |     Count     | Pipelined|
        +-------------------+---------+-----------+----------+-----------+-----------+---------------+----------+
        |- VITIS_LOOP_66_1  |        0|  268435456|         3|          1|          1|  0 ~ 268435455|       yes|
        +-------------------+---------+-----------+----------+-----------+-----------+---------------+----------+

============================================================
+ Verbose Summary: Synthesis Manager
============================================================
InlineROM: 1
ExposeGlobal: 0
============================================================
+ Verbose Summary: CDFG Model
============================================================
IsTopModel: 0
ResetActiveHigh: 1
IsCombinational: 0
IsDatapathOnly: 0
HasWiredReturn: 1
HasMFsm: 2
HasVarLatency: 1
IsPipeline: 0
IsRtlPipelined: 0
IsInstanceOverlapped: 0
IsDontTouch: 0
HasImplIP: 0
IsGatedGlobalClock: 0

+ Individual pipeline summary: 
  * Pipeline-0: initiation interval (II) = 1, depth = 3


============================================================
+ Verbose Summary: Schedule
============================================================
* Number of FSM states : 3
* Pipeline : 1
  Pipeline-0 : II = 1, D = 3, States = { 1 2 3 }
* Dataflow Pipeline: 0

* FSM state transitions: 
1 --> 2 
2 --> 3 
3 --> 

* FSM state operations: 

State 1 <SV = 0> <Delay = 1.85>
ST_1 : Operation 6 [1/1] (0.00ns)   --->   "%i = alloca i32 1" [arith5.cpp:66]   --->   Operation 6 'alloca' 'i' <Predicate = true> <Delay = 0.00>
ST_1 : Operation 7 [1/1] (0.00ns)   --->   "%specinterface_ln0 = specinterface void @_ssdm_op_SpecInterface, i8 %gmem0, void @empty_19, i32 0, i32 0, void @empty_18, i32 64, i32 0, void @empty_5, void @empty_16, void @empty_18, i32 16, i32 16, i32 16, i32 16, void @empty_18, void @empty_18, i32 4294967295, i32 0, i32 0, i32 1"   --->   Operation 7 'specinterface' 'specinterface_ln0' <Predicate = true> <Delay = 0.00>
ST_1 : Operation 8 [1/1] (0.00ns)   --->   "%tmp = read i3 @_ssdm_op_Read.ap_auto.i3, i3 %empty"   --->   Operation 8 'read' 'tmp' <Predicate = true> <Delay = 0.00>
ST_1 : Operation 9 [1/1] (0.00ns)   --->   "%add_ln63_read = read i64 @_ssdm_op_Read.ap_auto.i64, i64 %add_ln63"   --->   Operation 9 'read' 'add_ln63_read' <Predicate = true> <Delay = 0.00>
ST_1 : Operation 10 [1/1] (0.00ns)   --->   "%smax_read = read i31 @_ssdm_op_Read.ap_auto.i31, i31 %smax"   --->   Operation 10 'read' 'smax_read' <Predicate = true> <Delay = 0.00>
ST_1 : Operation 11 [1/1] (0.42ns)   --->   "%store_ln66 = store i10 0, i10 %i" [arith5.cpp:66]   --->   Operation 11 'store' 'store_ln66' <Predicate = true> <Delay = 0.42>
ST_1 : Operation 12 [1/1] (0.00ns)   --->   "%br_ln0 = br void %for.inc"   --->   Operation 12 'br' 'br_ln0' <Predicate = true> <Delay = 0.00>
ST_1 : Operation 13 [1/1] (0.00ns)   --->   "%i_2 = load i10 %i" [arith5.cpp:66]   --->   Operation 13 'load' 'i_2' <Predicate = true> <Delay = 0.00>
ST_1 : Operation 14 [1/1] (0.00ns)   --->   "%specbitsmap_ln0 = specbitsmap void @_ssdm_op_SpecBitsMap, i8 %gmem0"   --->   Operation 14 'specbitsmap' 'specbitsmap_ln0' <Predicate = true> <Delay = 0.00>
ST_1 : Operation 15 [1/1] (0.00ns)   --->   "%zext_ln66 = zext i10 %i_2" [arith5.cpp:66]   --->   Operation 15 'zext' 'zext_ln66' <Predicate = true> <Delay = 0.00>
ST_1 : Operation 16 [1/1] (1.00ns)   --->   "%icmp_ln66 = icmp_eq  i31 %zext_ln66, i31 %smax_read" [arith5.cpp:66]   --->   Operation 16 'icmp' 'icmp_ln66' <Predicate = true> <Delay = 1.00> <CoreInst = "Cmp">   --->   Core 9 'Cmp' <Latency = 0> <II = 1> <Delay = 1.00> <FuncUnit> <Opcode : 'seteq' 'setne' 'setle' 'setge' 'setlt' 'setgt'> <InPorts = 2> <OutPorts = 1>
ST_1 : Operation 17 [1/1] (0.78ns)   --->   "%add_ln66 = add i10 %i_2, i10 1" [arith5.cpp:66]   --->   Operation 17 'add' 'add_ln66' <Predicate = true> <Delay = 0.78> <CoreInst = "Adder">   --->   Core 1 'Adder' <Latency = 0> <II = 1> <Delay = 0.78> <FuncUnit> <Opcode : 'add' 'sub'> <InPorts = 2> <OutPorts = 1>
ST_1 : Operation 18 [1/1] (0.00ns)   --->   "%br_ln66 = br i1 %icmp_ln66, void %for.inc.split, void %for.inc19.loopexit.exitStub" [arith5.cpp:66]   --->   Operation 18 'br' 'br_ln66' <Predicate = true> <Delay = 0.00>
ST_1 : Operation 19 [1/1] (0.00ns)   --->   "%gmem0_addr = getelementptr i8 %gmem0, i64 %add_ln63_read" [arith5.cpp:66]   --->   Operation 19 'getelementptr' 'gmem0_addr' <Predicate = (!icmp_ln66)> <Delay = 0.00>
ST_1 : Operation 20 [1/1] (0.67ns)   --->   "%switch_ln66 = switch i3 %tmp, void %arrayidx144.case.7, i3 0, void %arrayidx144.case.0, i3 1, void %arrayidx144.case.1, i3 2, void %arrayidx144.case.2, i3 3, void %arrayidx144.case.3, i3 4, void %arrayidx144.case.4, i3 5, void %arrayidx144.case.5, i3 6, void %arrayidx144.case.6" [arith5.cpp:66]   --->   Operation 20 'switch' 'switch_ln66' <Predicate = (!icmp_ln66)> <Delay = 0.67>
ST_1 : Operation 21 [1/1] (0.42ns)   --->   "%store_ln66 = store i10 %add_ln66, i10 %i" [arith5.cpp:66]   --->   Operation 21 'store' 'store_ln66' <Predicate = (!icmp_ln66)> <Delay = 0.42>
ST_1 : Operation 22 [1/1] (0.00ns)   --->   "%br_ln66 = br void %for.inc" [arith5.cpp:66]   --->   Operation 22 'br' 'br_ln66' <Predicate = (!icmp_ln66)> <Delay = 0.00>

State 2 <SV = 1> <Delay = 3.65>
ST_2 : Operation 23 [1/1] ( I:3.65ns O:3.65ns )   --->   "%gmem0_addr_read = read i8 @_ssdm_op_Read.m_axi.i8.p1i8, i8 %gmem0_addr" [arith5.cpp:66]   --->   Operation 23 'read' 'gmem0_addr_read' <Predicate = true> <Delay = 3.65> <CoreInst = "m_axi">   --->   Core 119 'm_axi' <Latency = 3> <II = 1> <Delay = 1.00> <Adapter> <Opcode : 'readrequnaligned' 'writerequnaligned' 'read' 'write' 'readreq' 'writereq' 'writeresp'>
ST_2 : Operation 52 [1/1] (0.42ns)   --->   "%ret_ln0 = ret"   --->   Operation 52 'ret' 'ret_ln0' <Predicate = (icmp_ln66)> <Delay = 0.42>

State 3 <SV = 2> <Delay = 1.23>
ST_3 : Operation 24 [1/1] (0.00ns)   --->   "%zext_ln66_1 = zext i10 %i_2" [arith5.cpp:66]   --->   Operation 24 'zext' 'zext_ln66_1' <Predicate = true> <Delay = 0.00>
ST_3 : Operation 25 [1/1] (0.00ns)   --->   "%specpipeline_ln66 = specpipeline void @_ssdm_op_SpecPipeline, i32 4294967295, i32 0, i32 0, i32 0, i32 4294967295, void @empty_18" [arith5.cpp:66]   --->   Operation 25 'specpipeline' 'specpipeline_ln66' <Predicate = true> <Delay = 0.00>
ST_3 : Operation 26 [1/1] (0.00ns)   --->   "%speclooptripcount_ln66 = speclooptripcount void @_ssdm_op_SpecLoopTripCount, i64 0, i64 268435455, i64 134217727" [arith5.cpp:66]   --->   Operation 26 'speclooptripcount' 'speclooptripcount_ln66' <Predicate = true> <Delay = 0.00>
ST_3 : Operation 27 [1/1] (0.00ns)   --->   "%specloopname_ln66 = specloopname void @_ssdm_op_SpecLoopName, void @empty_23" [arith5.cpp:66]   --->   Operation 27 'specloopname' 'specloopname_ln66' <Predicate = true> <Delay = 0.00>
ST_3 : Operation 28 [1/1] (0.00ns)   --->   "%arith_encode_unsigned_char_const_int_unsigned_char_buf_addr = getelementptr i8 %arith_encode_unsigned_char_const_int_unsigned_char_buf, i64 0, i64 %zext_ln66_1" [arith5.cpp:66]   --->   Operation 28 'getelementptr' 'arith_encode_unsigned_char_const_int_unsigned_char_buf_addr' <Predicate = true> <Delay = 0.00>
ST_3 : Operation 29 [1/1] (0.00ns)   --->   "%arith_encode_unsigned_char_const_int_unsigned_char_buf_2_addr = getelementptr i8 %arith_encode_unsigned_char_const_int_unsigned_char_buf_2, i64 0, i64 %zext_ln66_1" [arith5.cpp:66]   --->   Operation 29 'getelementptr' 'arith_encode_unsigned_char_const_int_unsigned_char_buf_2_addr' <Predicate = true> <Delay = 0.00>
ST_3 : Operation 30 [1/1] (0.00ns)   --->   "%arith_encode_unsigned_char_const_int_unsigned_char_buf_3_addr = getelementptr i8 %arith_encode_unsigned_char_const_int_unsigned_char_buf_3, i64 0, i64 %zext_ln66_1" [arith5.cpp:66]   --->   Operation 30 'getelementptr' 'arith_encode_unsigned_char_const_int_unsigned_char_buf_3_addr' <Predicate = true> <Delay = 0.00>
ST_3 : Operation 31 [1/1] (0.00ns)   --->   "%arith_encode_unsigned_char_const_int_unsigned_char_buf_4_addr = getelementptr i8 %arith_encode_unsigned_char_const_int_unsigned_char_buf_4, i64 0, i64 %zext_ln66_1" [arith5.cpp:66]   --->   Operation 31 'getelementptr' 'arith_encode_unsigned_char_const_int_unsigned_char_buf_4_addr' <Predicate = true> <Delay = 0.00>
ST_3 : Operation 32 [1/1] (0.00ns)   --->   "%arith_encode_unsigned_char_const_int_unsigned_char_buf_5_addr = getelementptr i8 %arith_encode_unsigned_char_const_int_unsigned_char_buf_5, i64 0, i64 %zext_ln66_1" [arith5.cpp:66]   --->   Operation 32 'getelementptr' 'arith_encode_unsigned_char_const_int_unsigned_char_buf_5_addr' <Predicate = true> <Delay = 0.00>
ST_3 : Operation 33 [1/1] (0.00ns)   --->   "%arith_encode_unsigned_char_const_int_unsigned_char_buf_6_addr = getelementptr i8 %arith_encode_unsigned_char_const_int_unsigned_char_buf_6, i64 0, i64 %zext_ln66_1" [arith5.cpp:66]   --->   Operation 33 'getelementptr' 'arith_encode_unsigned_char_const_int_unsigned_char_buf_6_addr' <Predicate = true> <Delay = 0.00>
ST_3 : Operation 34 [1/1] (0.00ns)   --->   "%arith_encode_unsigned_char_const_int_unsigned_char_buf_7_addr = getelementptr i8 %arith_encode_unsigned_char_const_int_unsigned_char_buf_7, i64 0, i64 %zext_ln66_1" [arith5.cpp:66]   --->   Operation 34 'getelementptr' 'arith_encode_unsigned_char_const_int_unsigned_char_buf_7_addr' <Predicate = true> <Delay = 0.00>
ST_3 : Operation 35 [1/1] (0.00ns)   --->   "%arith_encode_unsigned_char_const_int_unsigned_char_buf_8_addr = getelementptr i8 %arith_encode_unsigned_char_const_int_unsigned_char_buf_8, i64 0, i64 %zext_ln66_1" [arith5.cpp:66]   --->   Operation 35 'getelementptr' 'arith_encode_unsigned_char_const_int_unsigned_char_buf_8_addr' <Predicate = true> <Delay = 0.00>
ST_3 : Operation 36 [1/1] ( I:1.23ns O:1.23ns )   --->   "%store_ln66 = store i8 %gmem0_addr_read, i10 %arith_encode_unsigned_char_const_int_unsigned_char_buf_7_addr" [arith5.cpp:66]   --->   Operation 36 'store' 'store_ln66' <Predicate = (tmp == 6)> <Delay = 1.23> <CoreInst = "RAM">   --->   Core 82 'RAM' <Latency = 1> <II = 1> <Delay = 1.23> <Storage> <Opcode : 'load' 'store'> <Ports = 2> <Width = 8> <Depth = 576> <RAM>
ST_3 : Operation 37 [1/1] (0.00ns)   --->   "%br_ln66 = br void %arrayidx144.exit" [arith5.cpp:66]   --->   Operation 37 'br' 'br_ln66' <Predicate = (tmp == 6)> <Delay = 0.00>
ST_3 : Operation 38 [1/1] ( I:1.23ns O:1.23ns )   --->   "%store_ln66 = store i8 %gmem0_addr_read, i10 %arith_encode_unsigned_char_const_int_unsigned_char_buf_6_addr" [arith5.cpp:66]   --->   Operation 38 'store' 'store_ln66' <Predicate = (tmp == 5)> <Delay = 1.23> <CoreInst = "RAM">   --->   Core 82 'RAM' <Latency = 1> <II = 1> <Delay = 1.23> <Storage> <Opcode : 'load' 'store'> <Ports = 2> <Width = 8> <Depth = 576> <RAM>
ST_3 : Operation 39 [1/1] (0.00ns)   --->   "%br_ln66 = br void %arrayidx144.exit" [arith5.cpp:66]   --->   Operation 39 'br' 'br_ln66' <Predicate = (tmp == 5)> <Delay = 0.00>
ST_3 : Operation 40 [1/1] ( I:1.23ns O:1.23ns )   --->   "%store_ln66 = store i8 %gmem0_addr_read, i10 %arith_encode_unsigned_char_const_int_unsigned_char_buf_5_addr" [arith5.cpp:66]   --->   Operation 40 'store' 'store_ln66' <Predicate = (tmp == 4)> <Delay = 1.23> <CoreInst = "RAM">   --->   Core 82 'RAM' <Latency = 1> <II = 1> <Delay = 1.23> <Storage> <Opcode : 'load' 'store'> <Ports = 2> <Width = 8> <Depth = 576> <RAM>
ST_3 : Operation 41 [1/1] (0.00ns)   --->   "%br_ln66 = br void %arrayidx144.exit" [arith5.cpp:66]   --->   Operation 41 'br' 'br_ln66' <Predicate = (tmp == 4)> <Delay = 0.00>
ST_3 : Operation 42 [1/1] ( I:1.23ns O:1.23ns )   --->   "%store_ln66 = store i8 %gmem0_addr_read, i10 %arith_encode_unsigned_char_const_int_unsigned_char_buf_4_addr" [arith5.cpp:66]   --->   Operation 42 'store' 'store_ln66' <Predicate = (tmp == 3)> <Delay = 1.23> <CoreInst = "RAM">   --->   Core 82 'RAM' <Latency = 1> <II = 1> <Delay = 1.23> <Storage> <Opcode : 'load' 'store'> <Ports = 2> <Width = 8> <Depth = 576> <RAM>
ST_3 : Operation 43 [1/1] (0.00ns)   --->   "%br_ln66 = br void %arrayidx144.exit" [arith5.cpp:66]   --->   Operation 43 'br' 'br_ln66' <Predicate = (tmp == 3)> <Delay = 0.00>
ST_3 : Operation 44 [1/1] ( I:1.23ns O:1.23ns )   --->   "%store_ln66 = store i8 %gmem0_addr_read, i10 %arith_encode_unsigned_char_const_int_unsigned_char_buf_3_addr" [arith5.cpp:66]   --->   Operation 44 'store' 'store_ln66' <Predicate = (tmp == 2)> <Delay = 1.23> <CoreInst = "RAM">   --->   Core 82 'RAM' <Latency = 1> <II = 1> <Delay = 1.23> <Storage> <Opcode : 'load' 'store'> <Ports = 2> <Width = 8> <Depth = 576> <RAM>
ST_3 : Operation 45 [1/1] (0.00ns)   --->   "%br_ln66 = br void %arrayidx144.exit" [arith5.cpp:66]   --->   Operation 45 'br' 'br_ln66' <Predicate = (tmp == 2)> <Delay = 0.00>
ST_3 : Operation 46 [1/1] ( I:1.23ns O:1.23ns )   --->   "%store_ln66 = store i8 %gmem0_addr_read, i10 %arith_encode_unsigned_char_const_int_unsigned_char_buf_2_addr" [arith5.cpp:66]   --->   Operation 46 'store' 'store_ln66' <Predicate = (tmp == 1)> <Delay = 1.23> <CoreInst = "RAM">   --->   Core 82 'RAM' <Latency = 1> <II = 1> <Delay = 1.23> <Storage> <Opcode : 'load' 'store'> <Ports = 2> <Width = 8> <Depth = 576> <RAM>
ST_3 : Operation 47 [1/1] (0.00ns)   --->   "%br_ln66 = br void %arrayidx144.exit" [arith5.cpp:66]   --->   Operation 47 'br' 'br_ln66' <Predicate = (tmp == 1)> <Delay = 0.00>
ST_3 : Operation 48 [1/1] ( I:1.23ns O:1.23ns )   --->   "%store_ln66 = store i8 %gmem0_addr_read, i10 %arith_encode_unsigned_char_const_int_unsigned_char_buf_addr" [arith5.cpp:66]   --->   Operation 48 'store' 'store_ln66' <Predicate = (tmp == 0)> <Delay = 1.23> <CoreInst = "RAM">   --->   Core 82 'RAM' <Latency = 1> <II = 1> <Delay = 1.23> <Storage> <Opcode : 'load' 'store'> <Ports = 2> <Width = 8> <Depth = 576> <RAM>
ST_3 : Operation 49 [1/1] (0.00ns)   --->   "%br_ln66 = br void %arrayidx144.exit" [arith5.cpp:66]   --->   Operation 49 'br' 'br_ln66' <Predicate = (tmp == 0)> <Delay = 0.00>
ST_3 : Operation 50 [1/1] ( I:1.23ns O:1.23ns )   --->   "%store_ln66 = store i8 %gmem0_addr_read, i10 %arith_encode_unsigned_char_const_int_unsigned_char_buf_8_addr" [arith5.cpp:66]   --->   Operation 50 'store' 'store_ln66' <Predicate = (tmp == 7)> <Delay = 1.23> <CoreInst = "RAM">   --->   Core 82 'RAM' <Latency = 1> <II = 1> <Delay = 1.23> <Storage> <Opcode : 'load' 'store'> <Ports = 2> <Width = 8> <Depth = 576> <RAM>
ST_3 : Operation 51 [1/1] (0.00ns)   --->   "%br_ln66 = br void %arrayidx144.exit" [arith5.cpp:66]   --->   Operation 51 'br' 'br_ln66' <Predicate = (tmp == 7)> <Delay = 0.00>


============================================================
+ Verbose Summary: Timing violations
============================================================
Target clock period: 5.000ns, clock uncertainty: 1.350ns.

 <State 1>: 1.860ns
The critical path consists of the following:
	'store' operation ('store_ln66', arith5.cpp:66) of constant 0 10 bit on local variable 'i', arith5.cpp:66 [18]  (0.427 ns)
	'load' operation 10 bit ('i', arith5.cpp:66) on local variable 'i', arith5.cpp:66 [21]  (0.000 ns)
	'icmp' operation 1 bit ('icmp_ln66', arith5.cpp:66) [24]  (1.006 ns)
	'store' operation ('store_ln66', arith5.cpp:66) of variable 'add_ln66', arith5.cpp:66 10 bit on local variable 'i', arith5.cpp:66 [68]  (0.427 ns)

 <State 2>: 3.650ns
The critical path consists of the following:
	bus read operation ('gmem0_addr_read', arith5.cpp:66) on port 'gmem0' (arith5.cpp:66) [33]  (3.650 ns)

 <State 3>: 1.237ns
The critical path consists of the following:
	'getelementptr' operation 10 bit ('arith_encode_unsigned_char_const_int_unsigned_char_buf_7_addr', arith5.cpp:66) [40]  (0.000 ns)
	'store' operation ('store_ln66', arith5.cpp:66) of variable 'gmem0_addr_read', arith5.cpp:66 8 bit on array 'arith_encode_unsigned_char_const_int_unsigned_char_buf_7' [44]  (1.237 ns)


============================================================
+ Verbose Summary: Binding
============================================================
N/A
* FSMD analyzer results:
  - Output states:
 - Input state : 
  - Chain level:
	State 1
	State 2
	State 3


============================================================
+ Verbose Summary: Datapath Resource usage 
============================================================
N/A
