

================================================================
== Vitis HLS Report for 'arith_encode_Pipeline_VITIS_LOOP_89_2'
================================================================
* Date:           Sat Aug  1 19:34:09 2026

* Version:        2025.2.1 (Build 6397637 on Mar 18 2026)
* Project:        work_k8_report
* Solution:       hls (Vitis Kernel Flow Target)
* Product family: zynquplus
* Target device:  xck26-sfvc784-2LV-c


================================================================
== Performance Estimates
================================================================
+ Timing: 
    * Summary: 
    +--------+---------+----------+------------+
    |  Clock |  Target | Estimated| Uncertainty|
    +--------+---------+----------+------------+
    |ap_clk  |  5.00 ns|  3.650 ns|     1.35 ns|
    +--------+---------+----------+------------+

+ Latency: 
    * Summary: 
    +---------+---------+----------+----------+-----+-----+-------------------+
    |  Latency (cycles) |  Latency (absolute) |  Interval |      Pipeline     |
    |   min   |   max   |    min   |    max   | min | max |        Type       |
    +---------+---------+----------+----------+-----+-----+-------------------+
    |        ?|        ?|         ?|         ?|    0|    0|  loop pipeline stp|
    +---------+---------+----------+----------+-----+-----+-------------------+

    + Detail: 
        * Instance: 
        N/A

        * Loop: 
        +-------------------+---------+---------+----------+-----------+-----------+------+----------+
        |                   |  Latency (cycles) | Iteration|  Initiation Interval  | Trip |          |
        |     Loop Name     |   min   |   max   |  Latency |  achieved |   target  | Count| Pipelined|
        +-------------------+---------+---------+----------+-----------+-----------+------+----------+
        |- VITIS_LOOP_89_2  |        ?|        ?|        71|          1|          1|     ?|       yes|
        +-------------------+---------+---------+----------+-----------+-----------+------+----------+

============================================================
+ Verbose Summary: Synthesis Manager
============================================================
InlineROM: 1
ExposeGlobal: 0
============================================================
+ Verbose Summary: CDFG Model
============================================================
IsTopModel: 0
ResetActiveHigh: 1
IsCombinational: 0
IsDatapathOnly: 0
HasWiredReturn: 1
HasMFsm: 2
HasVarLatency: 1
IsPipeline: 0
IsRtlPipelined: 0
IsInstanceOverlapped: 0
IsDontTouch: 0
HasImplIP: 0
IsGatedGlobalClock: 0

+ Individual pipeline summary: 
  * Pipeline-0: initiation interval (II) = 1, depth = 71


============================================================
+ Verbose Summary: Schedule
============================================================
* Number of FSM states : 71
* Pipeline : 1
  Pipeline-0 : II = 1, D = 71, States = { 1 2 3 4 5 6 7 8 9 10 11 12 13 14 15 16 17 18 19 20 21 22 23 24 25 26 27 28 29 30 31 32 33 34 35 36 37 38 39 40 41 42 43 44 45 46 47 48 49 50 51 52 53 54 55 56 57 58 59 60 61 62 63 64 65 66 67 68 69 70 71 }
* Dataflow Pipeline: 0

* FSM state transitions: 
1 --> 2 
2 --> 3 
3 --> 4 
4 --> 5 
5 --> 6 
6 --> 7 
7 --> 8 
8 --> 9 
9 --> 10 
10 --> 11 
11 --> 12 
12 --> 13 
13 --> 14 
14 --> 15 
15 --> 16 
16 --> 17 
17 --> 18 
18 --> 19 
19 --> 20 
20 --> 21 
21 --> 22 
22 --> 23 
23 --> 24 
24 --> 25 
25 --> 26 
26 --> 27 
27 --> 28 
28 --> 29 
29 --> 30 
30 --> 31 
31 --> 32 
32 --> 33 
33 --> 34 
34 --> 35 
35 --> 36 
36 --> 37 
37 --> 38 
38 --> 39 
39 --> 40 
40 --> 41 
41 --> 42 
42 --> 43 
43 --> 44 
44 --> 45 
45 --> 46 
46 --> 47 
47 --> 48 
48 --> 49 
49 --> 50 
50 --> 51 
51 --> 52 
52 --> 53 
53 --> 54 
54 --> 55 
55 --> 56 
56 --> 57 
57 --> 58 
58 --> 59 
59 --> 60 
60 --> 61 
61 --> 62 
62 --> 63 
63 --> 64 
64 --> 65 
65 --> 66 
66 --> 67 
67 --> 68 
68 --> 69 
69 --> 70 
70 --> 71 
71 --> 

* FSM state operations: 

State 1 <SV = 0> <Delay = 2.52>
ST_1 : Operation 74 [1/1] (0.00ns)   --->   "%i_1 = alloca i32 1" [arith5.cpp:89]   --->   Operation 74 'alloca' 'i_1' <Predicate = true> <Delay = 0.00>
ST_1 : Operation 75 [1/1] (0.00ns)   --->   "%out_r_read = read i64 @_ssdm_op_Read.ap_auto.i64, i64 %out_r"   --->   Operation 75 'read' 'out_r_read' <Predicate = true> <Delay = 0.00>
ST_1 : Operation 76 [1/1] (0.00ns)   --->   "%sext_ln89_read = read i32 @_ssdm_op_Read.ap_auto.i32, i32 %sext_ln89"   --->   Operation 76 'read' 'sext_ln89_read' <Predicate = true> <Delay = 0.00>
ST_1 : Operation 77 [1/1] (0.00ns)   --->   "%tmp = read i3 @_ssdm_op_Read.ap_auto.i3, i3 %empty"   --->   Operation 77 'read' 'tmp' <Predicate = true> <Delay = 0.00>
ST_1 : Operation 78 [1/1] (0.00ns)   --->   "%tmp_9_read = read i32 @_ssdm_op_Read.ap_auto.i32, i32 %tmp_9"   --->   Operation 78 'read' 'tmp_9_read' <Predicate = true> <Delay = 0.00>
ST_1 : Operation 79 [1/1] (0.00ns)   --->   "%sext_ln89_cast = sext i32 %sext_ln89_read"   --->   Operation 79 'sext' 'sext_ln89_cast' <Predicate = true> <Delay = 0.00>
ST_1 : Operation 80 [1/1] (0.00ns)   --->   "%specinterface_ln0 = specinterface void @_ssdm_op_SpecInterface, i128 %gmem1, void @empty_19, i32 0, i32 0, void @empty_18, i32 64, i32 0, void @empty_15, void @empty_16, void @empty_18, i32 16, i32 16, i32 16, i32 16, void @empty_18, void @empty_18, i32 4294967295, i32 0, i32 0, i32 16"   --->   Operation 80 'specinterface' 'specinterface_ln0' <Predicate = true> <Delay = 0.00>
ST_1 : Operation 81 [1/1] (0.42ns)   --->   "%store_ln89 = store i31 0, i31 %i_1" [arith5.cpp:89]   --->   Operation 81 'store' 'store_ln89' <Predicate = true> <Delay = 0.42>
ST_1 : Operation 82 [1/1] (0.00ns)   --->   "%br_ln0 = br void %for.inc81"   --->   Operation 82 'br' 'br_ln0' <Predicate = true> <Delay = 0.00>
ST_1 : Operation 83 [1/1] (0.00ns)   --->   "%i = load i31 %i_1" [arith5.cpp:89]   --->   Operation 83 'load' 'i' <Predicate = true> <Delay = 0.00>
ST_1 : Operation 84 [1/1] (0.00ns)   --->   "%specbitsmap_ln0 = specbitsmap void @_ssdm_op_SpecBitsMap, i128 %gmem1"   --->   Operation 84 'specbitsmap' 'specbitsmap_ln0' <Predicate = true> <Delay = 0.00>
ST_1 : Operation 85 [1/1] (0.00ns)   --->   "%zext_ln89_4 = zext i31 %i" [arith5.cpp:89]   --->   Operation 85 'zext' 'zext_ln89_4' <Predicate = true> <Delay = 0.00>
ST_1 : Operation 86 [1/1] (1.01ns)   --->   "%icmp_ln89 = icmp_slt  i32 %zext_ln89_4, i32 %tmp_9_read" [arith5.cpp:89]   --->   Operation 86 'icmp' 'icmp_ln89' <Predicate = true> <Delay = 1.01> <CoreInst = "Cmp">   --->   Core 9 'Cmp' <Latency = 0> <II = 1> <Delay = 1.01> <FuncUnit> <Opcode : 'seteq' 'setne' 'setle' 'setge' 'setlt' 'setgt'> <InPorts = 2> <OutPorts = 1>
ST_1 : Operation 87 [1/1] (1.00ns)   --->   "%add_ln89_2 = add i31 %i, i31 1" [arith5.cpp:89]   --->   Operation 87 'add' 'add_ln89_2' <Predicate = true> <Delay = 1.00> <CoreInst = "Adder">   --->   Core 1 'Adder' <Latency = 0> <II = 1> <Delay = 1.00> <FuncUnit> <Opcode : 'add' 'sub'> <InPorts = 2> <OutPorts = 1>
ST_1 : Operation 88 [1/1] (0.00ns)   --->   "%br_ln89 = br i1 %icmp_ln89, void %for.inc84.loopexit.exitStub, void %for.inc81.split" [arith5.cpp:89]   --->   Operation 88 'br' 'br_ln89' <Predicate = true> <Delay = 0.00>
ST_1 : Operation 89 [1/1] (0.00ns)   --->   "%zext_ln89_2 = zext i31 %i" [arith5.cpp:89]   --->   Operation 89 'zext' 'zext_ln89_2' <Predicate = (icmp_ln89)> <Delay = 0.00>
ST_1 : Operation 90 [1/1] (0.00ns)   --->   "%zext_ln89_3 = zext i31 %i" [arith5.cpp:89]   --->   Operation 90 'zext' 'zext_ln89_3' <Predicate = (icmp_ln89)> <Delay = 0.00>
ST_1 : Operation 91 [1/1] (0.00ns)   --->   "%arith_encode_unsigned_char_const_int_unsigned_char_cout_addr = getelementptr i8 %arith_encode_unsigned_char_const_int_unsigned_char_cout, i64 0, i64 %zext_ln89_2" [arith5.cpp:89]   --->   Operation 91 'getelementptr' 'arith_encode_unsigned_char_const_int_unsigned_char_cout_addr' <Predicate = (icmp_ln89 & tmp == 0)> <Delay = 0.00>
ST_1 : Operation 92 [1/1] (0.00ns)   --->   "%arith_encode_unsigned_char_const_int_unsigned_char_cout_9_addr = getelementptr i8 %arith_encode_unsigned_char_const_int_unsigned_char_cout_9, i64 0, i64 %zext_ln89_2" [arith5.cpp:89]   --->   Operation 92 'getelementptr' 'arith_encode_unsigned_char_const_int_unsigned_char_cout_9_addr' <Predicate = (icmp_ln89 & tmp == 1)> <Delay = 0.00>
ST_1 : Operation 93 [1/1] (0.00ns)   --->   "%arith_encode_unsigned_char_const_int_unsigned_char_cout_10_addr = getelementptr i8 %arith_encode_unsigned_char_const_int_unsigned_char_cout_10, i64 0, i64 %zext_ln89_2" [arith5.cpp:89]   --->   Operation 93 'getelementptr' 'arith_encode_unsigned_char_const_int_unsigned_char_cout_10_addr' <Predicate = (icmp_ln89 & tmp == 2)> <Delay = 0.00>
ST_1 : Operation 94 [1/1] (0.00ns)   --->   "%arith_encode_unsigned_char_const_int_unsigned_char_cout_11_addr = getelementptr i8 %arith_encode_unsigned_char_const_int_unsigned_char_cout_11, i64 0, i64 %zext_ln89_2" [arith5.cpp:89]   --->   Operation 94 'getelementptr' 'arith_encode_unsigned_char_const_int_unsigned_char_cout_11_addr' <Predicate = (icmp_ln89 & tmp == 3)> <Delay = 0.00>
ST_1 : Operation 95 [1/1] (0.00ns)   --->   "%arith_encode_unsigned_char_const_int_unsigned_char_cout_12_addr = getelementptr i8 %arith_encode_unsigned_char_const_int_unsigned_char_cout_12, i64 0, i64 %zext_ln89_2" [arith5.cpp:89]   --->   Operation 95 'getelementptr' 'arith_encode_unsigned_char_const_int_unsigned_char_cout_12_addr' <Predicate = (icmp_ln89 & tmp == 4)> <Delay = 0.00>
ST_1 : Operation 96 [1/1] (0.00ns)   --->   "%arith_encode_unsigned_char_const_int_unsigned_char_cout_13_addr = getelementptr i8 %arith_encode_unsigned_char_const_int_unsigned_char_cout_13, i64 0, i64 %zext_ln89_2" [arith5.cpp:89]   --->   Operation 96 'getelementptr' 'arith_encode_unsigned_char_const_int_unsigned_char_cout_13_addr' <Predicate = (icmp_ln89 & tmp == 5)> <Delay = 0.00>
ST_1 : Operation 97 [1/1] (0.00ns)   --->   "%arith_encode_unsigned_char_const_int_unsigned_char_cout_14_addr = getelementptr i8 %arith_encode_unsigned_char_const_int_unsigned_char_cout_14, i64 0, i64 %zext_ln89_2" [arith5.cpp:89]   --->   Operation 97 'getelementptr' 'arith_encode_unsigned_char_const_int_unsigned_char_cout_14_addr' <Predicate = (icmp_ln89 & tmp == 6)> <Delay = 0.00>
ST_1 : Operation 98 [1/1] (0.00ns)   --->   "%arith_encode_unsigned_char_const_int_unsigned_char_cout_15_addr = getelementptr i8 %arith_encode_unsigned_char_const_int_unsigned_char_cout_15, i64 0, i64 %zext_ln89_2" [arith5.cpp:89]   --->   Operation 98 'getelementptr' 'arith_encode_unsigned_char_const_int_unsigned_char_cout_15_addr' <Predicate = (icmp_ln89 & tmp == 7)> <Delay = 0.00>
ST_1 : Operation 99 [2/2] (1.23ns)   --->   "%arith_encode_unsigned_char_const_int_unsigned_char_cout_load = load i10 %arith_encode_unsigned_char_const_int_unsigned_char_cout_addr" [arith5.cpp:89]   --->   Operation 99 'load' 'arith_encode_unsigned_char_const_int_unsigned_char_cout_load' <Predicate = (icmp_ln89 & tmp == 0)> <Delay = 1.23> <CoreInst = "RAM">   --->   Core 82 'RAM' <Latency = 1> <II = 1> <Delay = 1.23> <Storage> <Opcode : 'load' 'store'> <Ports = 2> <Width = 8> <Depth = 576> <RAM>
ST_1 : Operation 100 [2/2] (1.23ns)   --->   "%arith_encode_unsigned_char_const_int_unsigned_char_cout_9_load = load i10 %arith_encode_unsigned_char_const_int_unsigned_char_cout_9_addr" [arith5.cpp:89]   --->   Operation 100 'load' 'arith_encode_unsigned_char_const_int_unsigned_char_cout_9_load' <Predicate = (icmp_ln89 & tmp == 1)> <Delay = 1.23> <CoreInst = "RAM">   --->   Core 82 'RAM' <Latency = 1> <II = 1> <Delay = 1.23> <Storage> <Opcode : 'load' 'store'> <Ports = 2> <Width = 8> <Depth = 576> <RAM>
ST_1 : Operation 101 [2/2] (1.23ns)   --->   "%arith_encode_unsigned_char_const_int_unsigned_char_cout_10_load = load i10 %arith_encode_unsigned_char_const_int_unsigned_char_cout_10_addr" [arith5.cpp:89]   --->   Operation 101 'load' 'arith_encode_unsigned_char_const_int_unsigned_char_cout_10_load' <Predicate = (icmp_ln89 & tmp == 2)> <Delay = 1.23> <CoreInst = "RAM">   --->   Core 82 'RAM' <Latency = 1> <II = 1> <Delay = 1.23> <Storage> <Opcode : 'load' 'store'> <Ports = 2> <Width = 8> <Depth = 576> <RAM>
ST_1 : Operation 102 [2/2] (1.23ns)   --->   "%arith_encode_unsigned_char_const_int_unsigned_char_cout_11_load = load i10 %arith_encode_unsigned_char_const_int_unsigned_char_cout_11_addr" [arith5.cpp:89]   --->   Operation 102 'load' 'arith_encode_unsigned_char_const_int_unsigned_char_cout_11_load' <Predicate = (icmp_ln89 & tmp == 3)> <Delay = 1.23> <CoreInst = "RAM">   --->   Core 82 'RAM' <Latency = 1> <II = 1> <Delay = 1.23> <Storage> <Opcode : 'load' 'store'> <Ports = 2> <Width = 8> <Depth = 576> <RAM>
ST_1 : Operation 103 [2/2] (1.23ns)   --->   "%arith_encode_unsigned_char_const_int_unsigned_char_cout_12_load = load i10 %arith_encode_unsigned_char_const_int_unsigned_char_cout_12_addr" [arith5.cpp:89]   --->   Operation 103 'load' 'arith_encode_unsigned_char_const_int_unsigned_char_cout_12_load' <Predicate = (icmp_ln89 & tmp == 4)> <Delay = 1.23> <CoreInst = "RAM">   --->   Core 82 'RAM' <Latency = 1> <II = 1> <Delay = 1.23> <Storage> <Opcode : 'load' 'store'> <Ports = 2> <Width = 8> <Depth = 576> <RAM>
ST_1 : Operation 104 [2/2] (1.23ns)   --->   "%arith_encode_unsigned_char_const_int_unsigned_char_cout_13_load = load i10 %arith_encode_unsigned_char_const_int_unsigned_char_cout_13_addr" [arith5.cpp:89]   --->   Operation 104 'load' 'arith_encode_unsigned_char_const_int_unsigned_char_cout_13_load' <Predicate = (icmp_ln89 & tmp == 5)> <Delay = 1.23> <CoreInst = "RAM">   --->   Core 82 'RAM' <Latency = 1> <II = 1> <Delay = 1.23> <Storage> <Opcode : 'load' 'store'> <Ports = 2> <Width = 8> <Depth = 576> <RAM>
ST_1 : Operation 105 [2/2] (1.23ns)   --->   "%arith_encode_unsigned_char_const_int_unsigned_char_cout_14_load = load i10 %arith_encode_unsigned_char_const_int_unsigned_char_cout_14_addr" [arith5.cpp:89]   --->   Operation 105 'load' 'arith_encode_unsigned_char_const_int_unsigned_char_cout_14_load' <Predicate = (icmp_ln89 & tmp == 6)> <Delay = 1.23> <CoreInst = "RAM">   --->   Core 82 'RAM' <Latency = 1> <II = 1> <Delay = 1.23> <Storage> <Opcode : 'load' 'store'> <Ports = 2> <Width = 8> <Depth = 576> <RAM>
ST_1 : Operation 106 [2/2] (1.23ns)   --->   "%arith_encode_unsigned_char_const_int_unsigned_char_cout_15_load = load i10 %arith_encode_unsigned_char_const_int_unsigned_char_cout_15_addr" [arith5.cpp:89]   --->   Operation 106 'load' 'arith_encode_unsigned_char_const_int_unsigned_char_cout_15_load' <Predicate = (icmp_ln89 & tmp == 7)> <Delay = 1.23> <CoreInst = "RAM">   --->   Core 82 'RAM' <Latency = 1> <II = 1> <Delay = 1.23> <Storage> <Opcode : 'load' 'store'> <Ports = 2> <Width = 8> <Depth = 576> <RAM>
ST_1 : Operation 107 [1/1] (1.01ns)   --->   "%add_ln89 = add i33 %zext_ln89_3, i33 %sext_ln89_cast" [arith5.cpp:89]   --->   Operation 107 'add' 'add_ln89' <Predicate = (icmp_ln89)> <Delay = 1.01> <CoreInst = "Adder">   --->   Core 1 'Adder' <Latency = 0> <II = 1> <Delay = 1.01> <FuncUnit> <Opcode : 'add' 'sub'> <InPorts = 2> <OutPorts = 1>
ST_1 : Operation 108 [1/1] (0.00ns)   --->   "%sext_ln89_1 = sext i33 %add_ln89" [arith5.cpp:89]   --->   Operation 108 'sext' 'sext_ln89_1' <Predicate = (icmp_ln89)> <Delay = 0.00>
ST_1 : Operation 109 [1/1] (1.08ns)   --->   "%add_ln89_1 = add i64 %sext_ln89_1, i64 %out_r_read" [arith5.cpp:89]   --->   Operation 109 'add' 'add_ln89_1' <Predicate = (icmp_ln89)> <Delay = 1.08> <CoreInst = "Adder">   --->   Core 1 'Adder' <Latency = 0> <II = 1> <Delay = 1.08> <FuncUnit> <Opcode : 'add' 'sub'> <InPorts = 2> <OutPorts = 1>
ST_1 : Operation 110 [1/1] (0.00ns)   --->   "%trunc_ln89 = trunc i64 %add_ln89_1" [arith5.cpp:89]   --->   Operation 110 'trunc' 'trunc_ln89' <Predicate = (icmp_ln89)> <Delay = 0.00>
ST_1 : Operation 111 [1/1] (0.00ns)   --->   "%trunc_ln89_1 = partselect i60 @_ssdm_op_PartSelect.i60.i64.i32.i32, i64 %add_ln89_1, i32 4, i32 63" [arith5.cpp:89]   --->   Operation 111 'partselect' 'trunc_ln89_1' <Predicate = (icmp_ln89)> <Delay = 0.00>
ST_1 : Operation 112 [1/1] (0.42ns)   --->   "%store_ln89 = store i31 %add_ln89_2, i31 %i_1" [arith5.cpp:89]   --->   Operation 112 'store' 'store_ln89' <Predicate = (icmp_ln89)> <Delay = 0.42>

State 2 <SV = 1> <Delay = 3.65>
ST_2 : Operation 113 [1/2] ( I:1.23ns O:1.23ns )   --->   "%arith_encode_unsigned_char_const_int_unsigned_char_cout_load = load i10 %arith_encode_unsigned_char_const_int_unsigned_char_cout_addr" [arith5.cpp:89]   --->   Operation 113 'load' 'arith_encode_unsigned_char_const_int_unsigned_char_cout_load' <Predicate = (tmp == 0)> <Delay = 1.23> <CoreInst = "RAM">   --->   Core 82 'RAM' <Latency = 1> <II = 1> <Delay = 1.23> <Storage> <Opcode : 'load' 'store'> <Ports = 2> <Width = 8> <Depth = 576> <RAM>
ST_2 : Operation 114 [1/2] ( I:1.23ns O:1.23ns )   --->   "%arith_encode_unsigned_char_const_int_unsigned_char_cout_9_load = load i10 %arith_encode_unsigned_char_const_int_unsigned_char_cout_9_addr" [arith5.cpp:89]   --->   Operation 114 'load' 'arith_encode_unsigned_char_const_int_unsigned_char_cout_9_load' <Predicate = (tmp == 1)> <Delay = 1.23> <CoreInst = "RAM">   --->   Core 82 'RAM' <Latency = 1> <II = 1> <Delay = 1.23> <Storage> <Opcode : 'load' 'store'> <Ports = 2> <Width = 8> <Depth = 576> <RAM>
ST_2 : Operation 115 [1/2] ( I:1.23ns O:1.23ns )   --->   "%arith_encode_unsigned_char_const_int_unsigned_char_cout_10_load = load i10 %arith_encode_unsigned_char_const_int_unsigned_char_cout_10_addr" [arith5.cpp:89]   --->   Operation 115 'load' 'arith_encode_unsigned_char_const_int_unsigned_char_cout_10_load' <Predicate = (tmp == 2)> <Delay = 1.23> <CoreInst = "RAM">   --->   Core 82 'RAM' <Latency = 1> <II = 1> <Delay = 1.23> <Storage> <Opcode : 'load' 'store'> <Ports = 2> <Width = 8> <Depth = 576> <RAM>
ST_2 : Operation 116 [1/2] ( I:1.23ns O:1.23ns )   --->   "%arith_encode_unsigned_char_const_int_unsigned_char_cout_11_load = load i10 %arith_encode_unsigned_char_const_int_unsigned_char_cout_11_addr" [arith5.cpp:89]   --->   Operation 116 'load' 'arith_encode_unsigned_char_const_int_unsigned_char_cout_11_load' <Predicate = (tmp == 3)> <Delay = 1.23> <CoreInst = "RAM">   --->   Core 82 'RAM' <Latency = 1> <II = 1> <Delay = 1.23> <Storage> <Opcode : 'load' 'store'> <Ports = 2> <Width = 8> <Depth = 576> <RAM>
ST_2 : Operation 117 [1/2] ( I:1.23ns O:1.23ns )   --->   "%arith_encode_unsigned_char_const_int_unsigned_char_cout_12_load = load i10 %arith_encode_unsigned_char_const_int_unsigned_char_cout_12_addr" [arith5.cpp:89]   --->   Operation 117 'load' 'arith_encode_unsigned_char_const_int_unsigned_char_cout_12_load' <Predicate = (tmp == 4)> <Delay = 1.23> <CoreInst = "RAM">   --->   Core 82 'RAM' <Latency = 1> <II = 1> <Delay = 1.23> <Storage> <Opcode : 'load' 'store'> <Ports = 2> <Width = 8> <Depth = 576> <RAM>
ST_2 : Operation 118 [1/2] ( I:1.23ns O:1.23ns )   --->   "%arith_encode_unsigned_char_const_int_unsigned_char_cout_13_load = load i10 %arith_encode_unsigned_char_const_int_unsigned_char_cout_13_addr" [arith5.cpp:89]   --->   Operation 118 'load' 'arith_encode_unsigned_char_const_int_unsigned_char_cout_13_load' <Predicate = (tmp == 5)> <Delay = 1.23> <CoreInst = "RAM">   --->   Core 82 'RAM' <Latency = 1> <II = 1> <Delay = 1.23> <Storage> <Opcode : 'load' 'store'> <Ports = 2> <Width = 8> <Depth = 576> <RAM>
ST_2 : Operation 119 [1/2] ( I:1.23ns O:1.23ns )   --->   "%arith_encode_unsigned_char_const_int_unsigned_char_cout_14_load = load i10 %arith_encode_unsigned_char_const_int_unsigned_char_cout_14_addr" [arith5.cpp:89]   --->   Operation 119 'load' 'arith_encode_unsigned_char_const_int_unsigned_char_cout_14_load' <Predicate = (tmp == 6)> <Delay = 1.23> <CoreInst = "RAM">   --->   Core 82 'RAM' <Latency = 1> <II = 1> <Delay = 1.23> <Storage> <Opcode : 'load' 'store'> <Ports = 2> <Width = 8> <Depth = 576> <RAM>
ST_2 : Operation 120 [1/2] ( I:1.23ns O:1.23ns )   --->   "%arith_encode_unsigned_char_const_int_unsigned_char_cout_15_load = load i10 %arith_encode_unsigned_char_const_int_unsigned_char_cout_15_addr" [arith5.cpp:89]   --->   Operation 120 'load' 'arith_encode_unsigned_char_const_int_unsigned_char_cout_15_load' <Predicate = (tmp == 7)> <Delay = 1.23> <CoreInst = "RAM">   --->   Core 82 'RAM' <Latency = 1> <II = 1> <Delay = 1.23> <Storage> <Opcode : 'load' 'store'> <Ports = 2> <Width = 8> <Depth = 576> <RAM>
ST_2 : Operation 121 [1/1] (0.72ns)   --->   "%tmp_s = sparsemux i8 @_ssdm_op_SparseMux.ap_auto.8i8.i8.i3, i3 0, i8 %arith_encode_unsigned_char_const_int_unsigned_char_cout_load, i3 1, i8 %arith_encode_unsigned_char_const_int_unsigned_char_cout_9_load, i3 2, i8 %arith_encode_unsigned_char_const_int_unsigned_char_cout_10_load, i3 3, i8 %arith_encode_unsigned_char_const_int_unsigned_char_cout_11_load, i3 4, i8 %arith_encode_unsigned_char_const_int_unsigned_char_cout_12_load, i3 5, i8 %arith_encode_unsigned_char_const_int_unsigned_char_cout_13_load, i3 6, i8 %arith_encode_unsigned_char_const_int_unsigned_char_cout_14_load, i3 7, i8 %arith_encode_unsigned_char_const_int_unsigned_char_cout_15_load, i8 0, i3 %tmp" [arith5.cpp:89]   --->   Operation 121 'sparsemux' 'tmp_s' <Predicate = true> <Delay = 0.72> <CoreInst = "BinarySparseMux_DontCare">   --->   Core 149 'BinarySparseMux_DontCare' <Latency = 0> <II = 1> <Delay = 0.72> <FuncUnit> <Opcode : 'sparsemux'> <InPorts = 2> <OutPorts = 1>
ST_2 : Operation 122 [1/1] (0.00ns)   --->   "%zext_ln89 = zext i8 %tmp_s" [arith5.cpp:89]   --->   Operation 122 'zext' 'zext_ln89' <Predicate = true> <Delay = 0.00>
ST_2 : Operation 123 [1/1] (0.00ns)   --->   "%zext_ln89_1 = zext i4 %trunc_ln89" [arith5.cpp:89]   --->   Operation 123 'zext' 'zext_ln89_1' <Predicate = true> <Delay = 0.00>
ST_2 : Operation 124 [1/1] (0.62ns)   --->   "%shl_ln89 = shl i16 1, i16 %zext_ln89_1" [arith5.cpp:89]   --->   Operation 124 'shl' 'shl_ln89' <Predicate = true> <Delay = 0.62> <CoreInst = "Shifter">   --->   Core 75 'Shifter' <Latency = 0> <II = 1> <Delay = 0.62> <FuncUnit> <Opcode : 'shl' 'lshr' 'ashr'> <InPorts = 2> <OutPorts = 1>
ST_2 : Operation 125 [1/1] (0.00ns)   --->   "%shl_ln89_1 = bitconcatenate i7 @_ssdm_op_BitConcatenate.i7.i4.i3, i4 %trunc_ln89, i3 0" [arith5.cpp:89]   --->   Operation 125 'bitconcatenate' 'shl_ln89_1' <Predicate = true> <Delay = 0.00>
ST_2 : Operation 126 [1/1] (0.00ns)   --->   "%zext_ln89_5 = zext i7 %shl_ln89_1" [arith5.cpp:89]   --->   Operation 126 'zext' 'zext_ln89_5' <Predicate = true> <Delay = 0.00>
ST_2 : Operation 127 [1/1] (0.74ns)   --->   "%shl_ln89_2 = shl i128 %zext_ln89, i128 %zext_ln89_5" [arith5.cpp:89]   --->   Operation 127 'shl' 'shl_ln89_2' <Predicate = true> <Delay = 0.74> <CoreInst = "Shifter">   --->   Core 75 'Shifter' <Latency = 0> <II = 1> <Delay = 0.74> <FuncUnit> <Opcode : 'shl' 'lshr' 'ashr'> <InPorts = 2> <OutPorts = 1>
ST_2 : Operation 128 [1/1] (0.00ns)   --->   "%sext_ln89_2 = sext i60 %trunc_ln89_1" [arith5.cpp:89]   --->   Operation 128 'sext' 'sext_ln89_2' <Predicate = true> <Delay = 0.00>
ST_2 : Operation 129 [1/1] (0.00ns)   --->   "%gmem1_addr = getelementptr i128 %gmem1, i64 %sext_ln89_2" [arith5.cpp:89]   --->   Operation 129 'getelementptr' 'gmem1_addr' <Predicate = true> <Delay = 0.00>
ST_2 : Operation 130 [1/1] ( I:3.65ns O:3.65ns )   --->   "%empty_49 = writereq i1 @_ssdm_op_WriteReq.m_axi.p1i128, i128 %gmem1_addr, i64 1" [arith5.cpp:89]   --->   Operation 130 'writereq' 'empty_49' <Predicate = true> <Delay = 3.65> <CoreInst = "m_axi">   --->   Core 119 'm_axi' <Latency = 9> <II = 1> <Delay = 1.00> <Adapter> <Opcode : 'readrequnaligned' 'writerequnaligned' 'read' 'write' 'readreq' 'writereq' 'writeresp'>

State 3 <SV = 2> <Delay = 3.65>
ST_3 : Operation 131 [1/1] ( I:3.65ns O:3.65ns )   --->   "%write_ln89 = write void @_ssdm_op_Write.m_axi.p1i128.i128, i128 %gmem1_addr, i128 %shl_ln89_2, i16 %shl_ln89" [arith5.cpp:89]   --->   Operation 131 'write' 'write_ln89' <Predicate = true> <Delay = 3.65> <CoreInst = "m_axi">   --->   Core 119 'm_axi' <Latency = 5> <II = 1> <Delay = 1.00> <Adapter> <Opcode : 'readrequnaligned' 'writerequnaligned' 'read' 'write' 'readreq' 'writereq' 'writeresp'>

State 4 <SV = 3> <Delay = 0.00>
ST_4 : Operation 132 [68/68] (3.65ns)   --->   "%empty_50 = writeresp i1 @_ssdm_op_WriteResp.m_axi.p1i128, i128 %gmem1_addr" [arith5.cpp:89]   --->   Operation 132 'writeresp' 'empty_50' <Predicate = true> <Delay = 3.65> <CoreInst = "m_axi">   --->   Core 119 'm_axi' <Latency = 3> <II = 1> <Delay = 1.00> <Adapter> <Opcode : 'readrequnaligned' 'writerequnaligned' 'read' 'write' 'readreq' 'writereq' 'writeresp'>

State 5 <SV = 4> <Delay = 0.00>
ST_5 : Operation 133 [67/68] (3.65ns)   --->   "%empty_50 = writeresp i1 @_ssdm_op_WriteResp.m_axi.p1i128, i128 %gmem1_addr" [arith5.cpp:89]   --->   Operation 133 'writeresp' 'empty_50' <Predicate = true> <Delay = 3.65> <CoreInst = "m_axi">   --->   Core 119 'm_axi' <Latency = 3> <II = 1> <Delay = 1.00> <Adapter> <Opcode : 'readrequnaligned' 'writerequnaligned' 'read' 'write' 'readreq' 'writereq' 'writeresp'>

State 6 <SV = 5> <Delay = 0.00>
ST_6 : Operation 134 [66/68] (3.65ns)   --->   "%empty_50 = writeresp i1 @_ssdm_op_WriteResp.m_axi.p1i128, i128 %gmem1_addr" [arith5.cpp:89]   --->   Operation 134 'writeresp' 'empty_50' <Predicate = true> <Delay = 3.65> <CoreInst = "m_axi">   --->   Core 119 'm_axi' <Latency = 3> <II = 1> <Delay = 1.00> <Adapter> <Opcode : 'readrequnaligned' 'writerequnaligned' 'read' 'write' 'readreq' 'writereq' 'writeresp'>

State 7 <SV = 6> <Delay = 0.00>
ST_7 : Operation 135 [65/68] (3.65ns)   --->   "%empty_50 = writeresp i1 @_ssdm_op_WriteResp.m_axi.p1i128, i128 %gmem1_addr" [arith5.cpp:89]   --->   Operation 135 'writeresp' 'empty_50' <Predicate = true> <Delay = 3.65> <CoreInst = "m_axi">   --->   Core 119 'm_axi' <Latency = 3> <II = 1> <Delay = 1.00> <Adapter> <Opcode : 'readrequnaligned' 'writerequnaligned' 'read' 'write' 'readreq' 'writereq' 'writeresp'>

State 8 <SV = 7> <Delay = 0.00>
ST_8 : Operation 136 [64/68] (3.65ns)   --->   "%empty_50 = writeresp i1 @_ssdm_op_WriteResp.m_axi.p1i128, i128 %gmem1_addr" [arith5.cpp:89]   --->   Operation 136 'writeresp' 'empty_50' <Predicate = true> <Delay = 3.65> <CoreInst = "m_axi">   --->   Core 119 'm_axi' <Latency = 3> <II = 1> <Delay = 1.00> <Adapter> <Opcode : 'readrequnaligned' 'writerequnaligned' 'read' 'write' 'readreq' 'writereq' 'writeresp'>

State 9 <SV = 8> <Delay = 0.00>
ST_9 : Operation 137 [63/68] (3.65ns)   --->   "%empty_50 = writeresp i1 @_ssdm_op_WriteResp.m_axi.p1i128, i128 %gmem1_addr" [arith5.cpp:89]   --->   Operation 137 'writeresp' 'empty_50' <Predicate = true> <Delay = 3.65> <CoreInst = "m_axi">   --->   Core 119 'm_axi' <Latency = 3> <II = 1> <Delay = 1.00> <Adapter> <Opcode : 'readrequnaligned' 'writerequnaligned' 'read' 'write' 'readreq' 'writereq' 'writeresp'>

State 10 <SV = 9> <Delay = 0.00>
ST_10 : Operation 138 [62/68] (3.65ns)   --->   "%empty_50 = writeresp i1 @_ssdm_op_WriteResp.m_axi.p1i128, i128 %gmem1_addr" [arith5.cpp:89]   --->   Operation 138 'writeresp' 'empty_50' <Predicate = true> <Delay = 3.65> <CoreInst = "m_axi">   --->   Core 119 'm_axi' <Latency = 3> <II = 1> <Delay = 1.00> <Adapter> <Opcode : 'readrequnaligned' 'writerequnaligned' 'read' 'write' 'readreq' 'writereq' 'writeresp'>

State 11 <SV = 10> <Delay = 0.00>
ST_11 : Operation 139 [61/68] (3.65ns)   --->   "%empty_50 = writeresp i1 @_ssdm_op_WriteResp.m_axi.p1i128, i128 %gmem1_addr" [arith5.cpp:89]   --->   Operation 139 'writeresp' 'empty_50' <Predicate = true> <Delay = 3.65> <CoreInst = "m_axi">   --->   Core 119 'm_axi' <Latency = 3> <II = 1> <Delay = 1.00> <Adapter> <Opcode : 'readrequnaligned' 'writerequnaligned' 'read' 'write' 'readreq' 'writereq' 'writeresp'>

State 12 <SV = 11> <Delay = 0.00>
ST_12 : Operation 140 [60/68] (3.65ns)   --->   "%empty_50 = writeresp i1 @_ssdm_op_WriteResp.m_axi.p1i128, i128 %gmem1_addr" [arith5.cpp:89]   --->   Operation 140 'writeresp' 'empty_50' <Predicate = true> <Delay = 3.65> <CoreInst = "m_axi">   --->   Core 119 'm_axi' <Latency = 3> <II = 1> <Delay = 1.00> <Adapter> <Opcode : 'readrequnaligned' 'writerequnaligned' 'read' 'write' 'readreq' 'writereq' 'writeresp'>

State 13 <SV = 12> <Delay = 0.00>
ST_13 : Operation 141 [59/68] (3.65ns)   --->   "%empty_50 = writeresp i1 @_ssdm_op_WriteResp.m_axi.p1i128, i128 %gmem1_addr" [arith5.cpp:89]   --->   Operation 141 'writeresp' 'empty_50' <Predicate = true> <Delay = 3.65> <CoreInst = "m_axi">   --->   Core 119 'm_axi' <Latency = 3> <II = 1> <Delay = 1.00> <Adapter> <Opcode : 'readrequnaligned' 'writerequnaligned' 'read' 'write' 'readreq' 'writereq' 'writeresp'>

State 14 <SV = 13> <Delay = 0.00>
ST_14 : Operation 142 [58/68] (3.65ns)   --->   "%empty_50 = writeresp i1 @_ssdm_op_WriteResp.m_axi.p1i128, i128 %gmem1_addr" [arith5.cpp:89]   --->   Operation 142 'writeresp' 'empty_50' <Predicate = true> <Delay = 3.65> <CoreInst = "m_axi">   --->   Core 119 'm_axi' <Latency = 3> <II = 1> <Delay = 1.00> <Adapter> <Opcode : 'readrequnaligned' 'writerequnaligned' 'read' 'write' 'readreq' 'writereq' 'writeresp'>

State 15 <SV = 14> <Delay = 0.00>
ST_15 : Operation 143 [57/68] (3.65ns)   --->   "%empty_50 = writeresp i1 @_ssdm_op_WriteResp.m_axi.p1i128, i128 %gmem1_addr" [arith5.cpp:89]   --->   Operation 143 'writeresp' 'empty_50' <Predicate = true> <Delay = 3.65> <CoreInst = "m_axi">   --->   Core 119 'm_axi' <Latency = 3> <II = 1> <Delay = 1.00> <Adapter> <Opcode : 'readrequnaligned' 'writerequnaligned' 'read' 'write' 'readreq' 'writereq' 'writeresp'>

State 16 <SV = 15> <Delay = 0.00>
ST_16 : Operation 144 [56/68] (3.65ns)   --->   "%empty_50 = writeresp i1 @_ssdm_op_WriteResp.m_axi.p1i128, i128 %gmem1_addr" [arith5.cpp:89]   --->   Operation 144 'writeresp' 'empty_50' <Predicate = true> <Delay = 3.65> <CoreInst = "m_axi">   --->   Core 119 'm_axi' <Latency = 3> <II = 1> <Delay = 1.00> <Adapter> <Opcode : 'readrequnaligned' 'writerequnaligned' 'read' 'write' 'readreq' 'writereq' 'writeresp'>

State 17 <SV = 16> <Delay = 0.00>
ST_17 : Operation 145 [55/68] (3.65ns)   --->   "%empty_50 = writeresp i1 @_ssdm_op_WriteResp.m_axi.p1i128, i128 %gmem1_addr" [arith5.cpp:89]   --->   Operation 145 'writeresp' 'empty_50' <Predicate = true> <Delay = 3.65> <CoreInst = "m_axi">   --->   Core 119 'm_axi' <Latency = 3> <II = 1> <Delay = 1.00> <Adapter> <Opcode : 'readrequnaligned' 'writerequnaligned' 'read' 'write' 'readreq' 'writereq' 'writeresp'>

State 18 <SV = 17> <Delay = 0.00>
ST_18 : Operation 146 [54/68] (3.65ns)   --->   "%empty_50 = writeresp i1 @_ssdm_op_WriteResp.m_axi.p1i128, i128 %gmem1_addr" [arith5.cpp:89]   --->   Operation 146 'writeresp' 'empty_50' <Predicate = true> <Delay = 3.65> <CoreInst = "m_axi">   --->   Core 119 'm_axi' <Latency = 3> <II = 1> <Delay = 1.00> <Adapter> <Opcode : 'readrequnaligned' 'writerequnaligned' 'read' 'write' 'readreq' 'writereq' 'writeresp'>

State 19 <SV = 18> <Delay = 0.00>
ST_19 : Operation 147 [53/68] (3.65ns)   --->   "%empty_50 = writeresp i1 @_ssdm_op_WriteResp.m_axi.p1i128, i128 %gmem1_addr" [arith5.cpp:89]   --->   Operation 147 'writeresp' 'empty_50' <Predicate = true> <Delay = 3.65> <CoreInst = "m_axi">   --->   Core 119 'm_axi' <Latency = 3> <II = 1> <Delay = 1.00> <Adapter> <Opcode : 'readrequnaligned' 'writerequnaligned' 'read' 'write' 'readreq' 'writereq' 'writeresp'>

State 20 <SV = 19> <Delay = 0.00>
ST_20 : Operation 148 [52/68] (3.65ns)   --->   "%empty_50 = writeresp i1 @_ssdm_op_WriteResp.m_axi.p1i128, i128 %gmem1_addr" [arith5.cpp:89]   --->   Operation 148 'writeresp' 'empty_50' <Predicate = true> <Delay = 3.65> <CoreInst = "m_axi">   --->   Core 119 'm_axi' <Latency = 3> <II = 1> <Delay = 1.00> <Adapter> <Opcode : 'readrequnaligned' 'writerequnaligned' 'read' 'write' 'readreq' 'writereq' 'writeresp'>

State 21 <SV = 20> <Delay = 0.00>
ST_21 : Operation 149 [51/68] (3.65ns)   --->   "%empty_50 = writeresp i1 @_ssdm_op_WriteResp.m_axi.p1i128, i128 %gmem1_addr" [arith5.cpp:89]   --->   Operation 149 'writeresp' 'empty_50' <Predicate = true> <Delay = 3.65> <CoreInst = "m_axi">   --->   Core 119 'm_axi' <Latency = 3> <II = 1> <Delay = 1.00> <Adapter> <Opcode : 'readrequnaligned' 'writerequnaligned' 'read' 'write' 'readreq' 'writereq' 'writeresp'>

State 22 <SV = 21> <Delay = 0.00>
ST_22 : Operation 150 [50/68] (3.65ns)   --->   "%empty_50 = writeresp i1 @_ssdm_op_WriteResp.m_axi.p1i128, i128 %gmem1_addr" [arith5.cpp:89]   --->   Operation 150 'writeresp' 'empty_50' <Predicate = true> <Delay = 3.65> <CoreInst = "m_axi">   --->   Core 119 'm_axi' <Latency = 3> <II = 1> <Delay = 1.00> <Adapter> <Opcode : 'readrequnaligned' 'writerequnaligned' 'read' 'write' 'readreq' 'writereq' 'writeresp'>

State 23 <SV = 22> <Delay = 0.00>
ST_23 : Operation 151 [49/68] (3.65ns)   --->   "%empty_50 = writeresp i1 @_ssdm_op_WriteResp.m_axi.p1i128, i128 %gmem1_addr" [arith5.cpp:89]   --->   Operation 151 'writeresp' 'empty_50' <Predicate = true> <Delay = 3.65> <CoreInst = "m_axi">   --->   Core 119 'm_axi' <Latency = 3> <II = 1> <Delay = 1.00> <Adapter> <Opcode : 'readrequnaligned' 'writerequnaligned' 'read' 'write' 'readreq' 'writereq' 'writeresp'>

State 24 <SV = 23> <Delay = 0.00>
ST_24 : Operation 152 [48/68] (3.65ns)   --->   "%empty_50 = writeresp i1 @_ssdm_op_WriteResp.m_axi.p1i128, i128 %gmem1_addr" [arith5.cpp:89]   --->   Operation 152 'writeresp' 'empty_50' <Predicate = true> <Delay = 3.65> <CoreInst = "m_axi">   --->   Core 119 'm_axi' <Latency = 3> <II = 1> <Delay = 1.00> <Adapter> <Opcode : 'readrequnaligned' 'writerequnaligned' 'read' 'write' 'readreq' 'writereq' 'writeresp'>

State 25 <SV = 24> <Delay = 0.00>
ST_25 : Operation 153 [47/68] (3.65ns)   --->   "%empty_50 = writeresp i1 @_ssdm_op_WriteResp.m_axi.p1i128, i128 %gmem1_addr" [arith5.cpp:89]   --->   Operation 153 'writeresp' 'empty_50' <Predicate = true> <Delay = 3.65> <CoreInst = "m_axi">   --->   Core 119 'm_axi' <Latency = 3> <II = 1> <Delay = 1.00> <Adapter> <Opcode : 'readrequnaligned' 'writerequnaligned' 'read' 'write' 'readreq' 'writereq' 'writeresp'>

State 26 <SV = 25> <Delay = 0.00>
ST_26 : Operation 154 [46/68] (3.65ns)   --->   "%empty_50 = writeresp i1 @_ssdm_op_WriteResp.m_axi.p1i128, i128 %gmem1_addr" [arith5.cpp:89]   --->   Operation 154 'writeresp' 'empty_50' <Predicate = true> <Delay = 3.65> <CoreInst = "m_axi">   --->   Core 119 'm_axi' <Latency = 3> <II = 1> <Delay = 1.00> <Adapter> <Opcode : 'readrequnaligned' 'writerequnaligned' 'read' 'write' 'readreq' 'writereq' 'writeresp'>

State 27 <SV = 26> <Delay = 0.00>
ST_27 : Operation 155 [45/68] (3.65ns)   --->   "%empty_50 = writeresp i1 @_ssdm_op_WriteResp.m_axi.p1i128, i128 %gmem1_addr" [arith5.cpp:89]   --->   Operation 155 'writeresp' 'empty_50' <Predicate = true> <Delay = 3.65> <CoreInst = "m_axi">   --->   Core 119 'm_axi' <Latency = 3> <II = 1> <Delay = 1.00> <Adapter> <Opcode : 'readrequnaligned' 'writerequnaligned' 'read' 'write' 'readreq' 'writereq' 'writeresp'>

State 28 <SV = 27> <Delay = 0.00>
ST_28 : Operation 156 [44/68] (3.65ns)   --->   "%empty_50 = writeresp i1 @_ssdm_op_WriteResp.m_axi.p1i128, i128 %gmem1_addr" [arith5.cpp:89]   --->   Operation 156 'writeresp' 'empty_50' <Predicate = true> <Delay = 3.65> <CoreInst = "m_axi">   --->   Core 119 'm_axi' <Latency = 3> <II = 1> <Delay = 1.00> <Adapter> <Opcode : 'readrequnaligned' 'writerequnaligned' 'read' 'write' 'readreq' 'writereq' 'writeresp'>

State 29 <SV = 28> <Delay = 0.00>
ST_29 : Operation 157 [43/68] (3.65ns)   --->   "%empty_50 = writeresp i1 @_ssdm_op_WriteResp.m_axi.p1i128, i128 %gmem1_addr" [arith5.cpp:89]   --->   Operation 157 'writeresp' 'empty_50' <Predicate = true> <Delay = 3.65> <CoreInst = "m_axi">   --->   Core 119 'm_axi' <Latency = 3> <II = 1> <Delay = 1.00> <Adapter> <Opcode : 'readrequnaligned' 'writerequnaligned' 'read' 'write' 'readreq' 'writereq' 'writeresp'>

State 30 <SV = 29> <Delay = 0.00>
ST_30 : Operation 158 [42/68] (3.65ns)   --->   "%empty_50 = writeresp i1 @_ssdm_op_WriteResp.m_axi.p1i128, i128 %gmem1_addr" [arith5.cpp:89]   --->   Operation 158 'writeresp' 'empty_50' <Predicate = true> <Delay = 3.65> <CoreInst = "m_axi">   --->   Core 119 'm_axi' <Latency = 3> <II = 1> <Delay = 1.00> <Adapter> <Opcode : 'readrequnaligned' 'writerequnaligned' 'read' 'write' 'readreq' 'writereq' 'writeresp'>

State 31 <SV = 30> <Delay = 0.00>
ST_31 : Operation 159 [41/68] (3.65ns)   --->   "%empty_50 = writeresp i1 @_ssdm_op_WriteResp.m_axi.p1i128, i128 %gmem1_addr" [arith5.cpp:89]   --->   Operation 159 'writeresp' 'empty_50' <Predicate = true> <Delay = 3.65> <CoreInst = "m_axi">   --->   Core 119 'm_axi' <Latency = 3> <II = 1> <Delay = 1.00> <Adapter> <Opcode : 'readrequnaligned' 'writerequnaligned' 'read' 'write' 'readreq' 'writereq' 'writeresp'>

State 32 <SV = 31> <Delay = 0.00>
ST_32 : Operation 160 [40/68] (3.65ns)   --->   "%empty_50 = writeresp i1 @_ssdm_op_WriteResp.m_axi.p1i128, i128 %gmem1_addr" [arith5.cpp:89]   --->   Operation 160 'writeresp' 'empty_50' <Predicate = true> <Delay = 3.65> <CoreInst = "m_axi">   --->   Core 119 'm_axi' <Latency = 3> <II = 1> <Delay = 1.00> <Adapter> <Opcode : 'readrequnaligned' 'writerequnaligned' 'read' 'write' 'readreq' 'writereq' 'writeresp'>

State 33 <SV = 32> <Delay = 0.00>
ST_33 : Operation 161 [39/68] (3.65ns)   --->   "%empty_50 = writeresp i1 @_ssdm_op_WriteResp.m_axi.p1i128, i128 %gmem1_addr" [arith5.cpp:89]   --->   Operation 161 'writeresp' 'empty_50' <Predicate = true> <Delay = 3.65> <CoreInst = "m_axi">   --->   Core 119 'm_axi' <Latency = 3> <II = 1> <Delay = 1.00> <Adapter> <Opcode : 'readrequnaligned' 'writerequnaligned' 'read' 'write' 'readreq' 'writereq' 'writeresp'>

State 34 <SV = 33> <Delay = 0.00>
ST_34 : Operation 162 [38/68] (3.65ns)   --->   "%empty_50 = writeresp i1 @_ssdm_op_WriteResp.m_axi.p1i128, i128 %gmem1_addr" [arith5.cpp:89]   --->   Operation 162 'writeresp' 'empty_50' <Predicate = true> <Delay = 3.65> <CoreInst = "m_axi">   --->   Core 119 'm_axi' <Latency = 3> <II = 1> <Delay = 1.00> <Adapter> <Opcode : 'readrequnaligned' 'writerequnaligned' 'read' 'write' 'readreq' 'writereq' 'writeresp'>

State 35 <SV = 34> <Delay = 0.00>
ST_35 : Operation 163 [37/68] (3.65ns)   --->   "%empty_50 = writeresp i1 @_ssdm_op_WriteResp.m_axi.p1i128, i128 %gmem1_addr" [arith5.cpp:89]   --->   Operation 163 'writeresp' 'empty_50' <Predicate = true> <Delay = 3.65> <CoreInst = "m_axi">   --->   Core 119 'm_axi' <Latency = 3> <II = 1> <Delay = 1.00> <Adapter> <Opcode : 'readrequnaligned' 'writerequnaligned' 'read' 'write' 'readreq' 'writereq' 'writeresp'>

State 36 <SV = 35> <Delay = 0.00>
ST_36 : Operation 164 [36/68] (3.65ns)   --->   "%empty_50 = writeresp i1 @_ssdm_op_WriteResp.m_axi.p1i128, i128 %gmem1_addr" [arith5.cpp:89]   --->   Operation 164 'writeresp' 'empty_50' <Predicate = true> <Delay = 3.65> <CoreInst = "m_axi">   --->   Core 119 'm_axi' <Latency = 3> <II = 1> <Delay = 1.00> <Adapter> <Opcode : 'readrequnaligned' 'writerequnaligned' 'read' 'write' 'readreq' 'writereq' 'writeresp'>

State 37 <SV = 36> <Delay = 0.00>
ST_37 : Operation 165 [35/68] (3.65ns)   --->   "%empty_50 = writeresp i1 @_ssdm_op_WriteResp.m_axi.p1i128, i128 %gmem1_addr" [arith5.cpp:89]   --->   Operation 165 'writeresp' 'empty_50' <Predicate = true> <Delay = 3.65> <CoreInst = "m_axi">   --->   Core 119 'm_axi' <Latency = 3> <II = 1> <Delay = 1.00> <Adapter> <Opcode : 'readrequnaligned' 'writerequnaligned' 'read' 'write' 'readreq' 'writereq' 'writeresp'>

State 38 <SV = 37> <Delay = 0.00>
ST_38 : Operation 166 [34/68] (3.65ns)   --->   "%empty_50 = writeresp i1 @_ssdm_op_WriteResp.m_axi.p1i128, i128 %gmem1_addr" [arith5.cpp:89]   --->   Operation 166 'writeresp' 'empty_50' <Predicate = true> <Delay = 3.65> <CoreInst = "m_axi">   --->   Core 119 'm_axi' <Latency = 3> <II = 1> <Delay = 1.00> <Adapter> <Opcode : 'readrequnaligned' 'writerequnaligned' 'read' 'write' 'readreq' 'writereq' 'writeresp'>

State 39 <SV = 38> <Delay = 0.00>
ST_39 : Operation 167 [33/68] (3.65ns)   --->   "%empty_50 = writeresp i1 @_ssdm_op_WriteResp.m_axi.p1i128, i128 %gmem1_addr" [arith5.cpp:89]   --->   Operation 167 'writeresp' 'empty_50' <Predicate = true> <Delay = 3.65> <CoreInst = "m_axi">   --->   Core 119 'm_axi' <Latency = 3> <II = 1> <Delay = 1.00> <Adapter> <Opcode : 'readrequnaligned' 'writerequnaligned' 'read' 'write' 'readreq' 'writereq' 'writeresp'>

State 40 <SV = 39> <Delay = 0.00>
ST_40 : Operation 168 [32/68] (3.65ns)   --->   "%empty_50 = writeresp i1 @_ssdm_op_WriteResp.m_axi.p1i128, i128 %gmem1_addr" [arith5.cpp:89]   --->   Operation 168 'writeresp' 'empty_50' <Predicate = true> <Delay = 3.65> <CoreInst = "m_axi">   --->   Core 119 'm_axi' <Latency = 3> <II = 1> <Delay = 1.00> <Adapter> <Opcode : 'readrequnaligned' 'writerequnaligned' 'read' 'write' 'readreq' 'writereq' 'writeresp'>

State 41 <SV = 40> <Delay = 0.00>
ST_41 : Operation 169 [31/68] (3.65ns)   --->   "%empty_50 = writeresp i1 @_ssdm_op_WriteResp.m_axi.p1i128, i128 %gmem1_addr" [arith5.cpp:89]   --->   Operation 169 'writeresp' 'empty_50' <Predicate = true> <Delay = 3.65> <CoreInst = "m_axi">   --->   Core 119 'm_axi' <Latency = 3> <II = 1> <Delay = 1.00> <Adapter> <Opcode : 'readrequnaligned' 'writerequnaligned' 'read' 'write' 'readreq' 'writereq' 'writeresp'>

State 42 <SV = 41> <Delay = 0.00>
ST_42 : Operation 170 [30/68] (3.65ns)   --->   "%empty_50 = writeresp i1 @_ssdm_op_WriteResp.m_axi.p1i128, i128 %gmem1_addr" [arith5.cpp:89]   --->   Operation 170 'writeresp' 'empty_50' <Predicate = true> <Delay = 3.65> <CoreInst = "m_axi">   --->   Core 119 'm_axi' <Latency = 3> <II = 1> <Delay = 1.00> <Adapter> <Opcode : 'readrequnaligned' 'writerequnaligned' 'read' 'write' 'readreq' 'writereq' 'writeresp'>

State 43 <SV = 42> <Delay = 0.00>
ST_43 : Operation 171 [29/68] (3.65ns)   --->   "%empty_50 = writeresp i1 @_ssdm_op_WriteResp.m_axi.p1i128, i128 %gmem1_addr" [arith5.cpp:89]   --->   Operation 171 'writeresp' 'empty_50' <Predicate = true> <Delay = 3.65> <CoreInst = "m_axi">   --->   Core 119 'm_axi' <Latency = 3> <II = 1> <Delay = 1.00> <Adapter> <Opcode : 'readrequnaligned' 'writerequnaligned' 'read' 'write' 'readreq' 'writereq' 'writeresp'>

State 44 <SV = 43> <Delay = 0.00>
ST_44 : Operation 172 [28/68] (3.65ns)   --->   "%empty_50 = writeresp i1 @_ssdm_op_WriteResp.m_axi.p1i128, i128 %gmem1_addr" [arith5.cpp:89]   --->   Operation 172 'writeresp' 'empty_50' <Predicate = true> <Delay = 3.65> <CoreInst = "m_axi">   --->   Core 119 'm_axi' <Latency = 3> <II = 1> <Delay = 1.00> <Adapter> <Opcode : 'readrequnaligned' 'writerequnaligned' 'read' 'write' 'readreq' 'writereq' 'writeresp'>

State 45 <SV = 44> <Delay = 0.00>
ST_45 : Operation 173 [27/68] (3.65ns)   --->   "%empty_50 = writeresp i1 @_ssdm_op_WriteResp.m_axi.p1i128, i128 %gmem1_addr" [arith5.cpp:89]   --->   Operation 173 'writeresp' 'empty_50' <Predicate = true> <Delay = 3.65> <CoreInst = "m_axi">   --->   Core 119 'm_axi' <Latency = 3> <II = 1> <Delay = 1.00> <Adapter> <Opcode : 'readrequnaligned' 'writerequnaligned' 'read' 'write' 'readreq' 'writereq' 'writeresp'>

State 46 <SV = 45> <Delay = 0.00>
ST_46 : Operation 174 [26/68] (3.65ns)   --->   "%empty_50 = writeresp i1 @_ssdm_op_WriteResp.m_axi.p1i128, i128 %gmem1_addr" [arith5.cpp:89]   --->   Operation 174 'writeresp' 'empty_50' <Predicate = true> <Delay = 3.65> <CoreInst = "m_axi">   --->   Core 119 'm_axi' <Latency = 3> <II = 1> <Delay = 1.00> <Adapter> <Opcode : 'readrequnaligned' 'writerequnaligned' 'read' 'write' 'readreq' 'writereq' 'writeresp'>

State 47 <SV = 46> <Delay = 0.00>
ST_47 : Operation 175 [25/68] (3.65ns)   --->   "%empty_50 = writeresp i1 @_ssdm_op_WriteResp.m_axi.p1i128, i128 %gmem1_addr" [arith5.cpp:89]   --->   Operation 175 'writeresp' 'empty_50' <Predicate = true> <Delay = 3.65> <CoreInst = "m_axi">   --->   Core 119 'm_axi' <Latency = 3> <II = 1> <Delay = 1.00> <Adapter> <Opcode : 'readrequnaligned' 'writerequnaligned' 'read' 'write' 'readreq' 'writereq' 'writeresp'>

State 48 <SV = 47> <Delay = 0.00>
ST_48 : Operation 176 [24/68] (3.65ns)   --->   "%empty_50 = writeresp i1 @_ssdm_op_WriteResp.m_axi.p1i128, i128 %gmem1_addr" [arith5.cpp:89]   --->   Operation 176 'writeresp' 'empty_50' <Predicate = true> <Delay = 3.65> <CoreInst = "m_axi">   --->   Core 119 'm_axi' <Latency = 3> <II = 1> <Delay = 1.00> <Adapter> <Opcode : 'readrequnaligned' 'writerequnaligned' 'read' 'write' 'readreq' 'writereq' 'writeresp'>

State 49 <SV = 48> <Delay = 0.00>
ST_49 : Operation 177 [23/68] (3.65ns)   --->   "%empty_50 = writeresp i1 @_ssdm_op_WriteResp.m_axi.p1i128, i128 %gmem1_addr" [arith5.cpp:89]   --->   Operation 177 'writeresp' 'empty_50' <Predicate = true> <Delay = 3.65> <CoreInst = "m_axi">   --->   Core 119 'm_axi' <Latency = 3> <II = 1> <Delay = 1.00> <Adapter> <Opcode : 'readrequnaligned' 'writerequnaligned' 'read' 'write' 'readreq' 'writereq' 'writeresp'>

State 50 <SV = 49> <Delay = 0.00>
ST_50 : Operation 178 [22/68] (3.65ns)   --->   "%empty_50 = writeresp i1 @_ssdm_op_WriteResp.m_axi.p1i128, i128 %gmem1_addr" [arith5.cpp:89]   --->   Operation 178 'writeresp' 'empty_50' <Predicate = true> <Delay = 3.65> <CoreInst = "m_axi">   --->   Core 119 'm_axi' <Latency = 3> <II = 1> <Delay = 1.00> <Adapter> <Opcode : 'readrequnaligned' 'writerequnaligned' 'read' 'write' 'readreq' 'writereq' 'writeresp'>

State 51 <SV = 50> <Delay = 0.00>
ST_51 : Operation 179 [21/68] (3.65ns)   --->   "%empty_50 = writeresp i1 @_ssdm_op_WriteResp.m_axi.p1i128, i128 %gmem1_addr" [arith5.cpp:89]   --->   Operation 179 'writeresp' 'empty_50' <Predicate = true> <Delay = 3.65> <CoreInst = "m_axi">   --->   Core 119 'm_axi' <Latency = 3> <II = 1> <Delay = 1.00> <Adapter> <Opcode : 'readrequnaligned' 'writerequnaligned' 'read' 'write' 'readreq' 'writereq' 'writeresp'>

State 52 <SV = 51> <Delay = 0.00>
ST_52 : Operation 180 [20/68] (3.65ns)   --->   "%empty_50 = writeresp i1 @_ssdm_op_WriteResp.m_axi.p1i128, i128 %gmem1_addr" [arith5.cpp:89]   --->   Operation 180 'writeresp' 'empty_50' <Predicate = true> <Delay = 3.65> <CoreInst = "m_axi">   --->   Core 119 'm_axi' <Latency = 3> <II = 1> <Delay = 1.00> <Adapter> <Opcode : 'readrequnaligned' 'writerequnaligned' 'read' 'write' 'readreq' 'writereq' 'writeresp'>

State 53 <SV = 52> <Delay = 0.00>
ST_53 : Operation 181 [19/68] (3.65ns)   --->   "%empty_50 = writeresp i1 @_ssdm_op_WriteResp.m_axi.p1i128, i128 %gmem1_addr" [arith5.cpp:89]   --->   Operation 181 'writeresp' 'empty_50' <Predicate = true> <Delay = 3.65> <CoreInst = "m_axi">   --->   Core 119 'm_axi' <Latency = 3> <II = 1> <Delay = 1.00> <Adapter> <Opcode : 'readrequnaligned' 'writerequnaligned' 'read' 'write' 'readreq' 'writereq' 'writeresp'>

State 54 <SV = 53> <Delay = 0.00>
ST_54 : Operation 182 [18/68] (3.65ns)   --->   "%empty_50 = writeresp i1 @_ssdm_op_WriteResp.m_axi.p1i128, i128 %gmem1_addr" [arith5.cpp:89]   --->   Operation 182 'writeresp' 'empty_50' <Predicate = true> <Delay = 3.65> <CoreInst = "m_axi">   --->   Core 119 'm_axi' <Latency = 3> <II = 1> <Delay = 1.00> <Adapter> <Opcode : 'readrequnaligned' 'writerequnaligned' 'read' 'write' 'readreq' 'writereq' 'writeresp'>

State 55 <SV = 54> <Delay = 0.00>
ST_55 : Operation 183 [17/68] (3.65ns)   --->   "%empty_50 = writeresp i1 @_ssdm_op_WriteResp.m_axi.p1i128, i128 %gmem1_addr" [arith5.cpp:89]   --->   Operation 183 'writeresp' 'empty_50' <Predicate = true> <Delay = 3.65> <CoreInst = "m_axi">   --->   Core 119 'm_axi' <Latency = 3> <II = 1> <Delay = 1.00> <Adapter> <Opcode : 'readrequnaligned' 'writerequnaligned' 'read' 'write' 'readreq' 'writereq' 'writeresp'>

State 56 <SV = 55> <Delay = 0.00>
ST_56 : Operation 184 [16/68] (3.65ns)   --->   "%empty_50 = writeresp i1 @_ssdm_op_WriteResp.m_axi.p1i128, i128 %gmem1_addr" [arith5.cpp:89]   --->   Operation 184 'writeresp' 'empty_50' <Predicate = true> <Delay = 3.65> <CoreInst = "m_axi">   --->   Core 119 'm_axi' <Latency = 3> <II = 1> <Delay = 1.00> <Adapter> <Opcode : 'readrequnaligned' 'writerequnaligned' 'read' 'write' 'readreq' 'writereq' 'writeresp'>

State 57 <SV = 56> <Delay = 0.00>
ST_57 : Operation 185 [15/68] (3.65ns)   --->   "%empty_50 = writeresp i1 @_ssdm_op_WriteResp.m_axi.p1i128, i128 %gmem1_addr" [arith5.cpp:89]   --->   Operation 185 'writeresp' 'empty_50' <Predicate = true> <Delay = 3.65> <CoreInst = "m_axi">   --->   Core 119 'm_axi' <Latency = 3> <II = 1> <Delay = 1.00> <Adapter> <Opcode : 'readrequnaligned' 'writerequnaligned' 'read' 'write' 'readreq' 'writereq' 'writeresp'>

State 58 <SV = 57> <Delay = 0.00>
ST_58 : Operation 186 [14/68] (3.65ns)   --->   "%empty_50 = writeresp i1 @_ssdm_op_WriteResp.m_axi.p1i128, i128 %gmem1_addr" [arith5.cpp:89]   --->   Operation 186 'writeresp' 'empty_50' <Predicate = true> <Delay = 3.65> <CoreInst = "m_axi">   --->   Core 119 'm_axi' <Latency = 3> <II = 1> <Delay = 1.00> <Adapter> <Opcode : 'readrequnaligned' 'writerequnaligned' 'read' 'write' 'readreq' 'writereq' 'writeresp'>

State 59 <SV = 58> <Delay = 0.00>
ST_59 : Operation 187 [13/68] (3.65ns)   --->   "%empty_50 = writeresp i1 @_ssdm_op_WriteResp.m_axi.p1i128, i128 %gmem1_addr" [arith5.cpp:89]   --->   Operation 187 'writeresp' 'empty_50' <Predicate = true> <Delay = 3.65> <CoreInst = "m_axi">   --->   Core 119 'm_axi' <Latency = 3> <II = 1> <Delay = 1.00> <Adapter> <Opcode : 'readrequnaligned' 'writerequnaligned' 'read' 'write' 'readreq' 'writereq' 'writeresp'>

State 60 <SV = 59> <Delay = 0.00>
ST_60 : Operation 188 [12/68] (3.65ns)   --->   "%empty_50 = writeresp i1 @_ssdm_op_WriteResp.m_axi.p1i128, i128 %gmem1_addr" [arith5.cpp:89]   --->   Operation 188 'writeresp' 'empty_50' <Predicate = true> <Delay = 3.65> <CoreInst = "m_axi">   --->   Core 119 'm_axi' <Latency = 3> <II = 1> <Delay = 1.00> <Adapter> <Opcode : 'readrequnaligned' 'writerequnaligned' 'read' 'write' 'readreq' 'writereq' 'writeresp'>

State 61 <SV = 60> <Delay = 0.00>
ST_61 : Operation 189 [11/68] (3.65ns)   --->   "%empty_50 = writeresp i1 @_ssdm_op_WriteResp.m_axi.p1i128, i128 %gmem1_addr" [arith5.cpp:89]   --->   Operation 189 'writeresp' 'empty_50' <Predicate = true> <Delay = 3.65> <CoreInst = "m_axi">   --->   Core 119 'm_axi' <Latency = 3> <II = 1> <Delay = 1.00> <Adapter> <Opcode : 'readrequnaligned' 'writerequnaligned' 'read' 'write' 'readreq' 'writereq' 'writeresp'>

State 62 <SV = 61> <Delay = 0.00>
ST_62 : Operation 190 [10/68] (3.65ns)   --->   "%empty_50 = writeresp i1 @_ssdm_op_WriteResp.m_axi.p1i128, i128 %gmem1_addr" [arith5.cpp:89]   --->   Operation 190 'writeresp' 'empty_50' <Predicate = true> <Delay = 3.65> <CoreInst = "m_axi">   --->   Core 119 'm_axi' <Latency = 3> <II = 1> <Delay = 1.00> <Adapter> <Opcode : 'readrequnaligned' 'writerequnaligned' 'read' 'write' 'readreq' 'writereq' 'writeresp'>

State 63 <SV = 62> <Delay = 0.00>
ST_63 : Operation 191 [9/68] (3.65ns)   --->   "%empty_50 = writeresp i1 @_ssdm_op_WriteResp.m_axi.p1i128, i128 %gmem1_addr" [arith5.cpp:89]   --->   Operation 191 'writeresp' 'empty_50' <Predicate = true> <Delay = 3.65> <CoreInst = "m_axi">   --->   Core 119 'm_axi' <Latency = 3> <II = 1> <Delay = 1.00> <Adapter> <Opcode : 'readrequnaligned' 'writerequnaligned' 'read' 'write' 'readreq' 'writereq' 'writeresp'>

State 64 <SV = 63> <Delay = 0.00>
ST_64 : Operation 192 [8/68] (3.65ns)   --->   "%empty_50 = writeresp i1 @_ssdm_op_WriteResp.m_axi.p1i128, i128 %gmem1_addr" [arith5.cpp:89]   --->   Operation 192 'writeresp' 'empty_50' <Predicate = true> <Delay = 3.65> <CoreInst = "m_axi">   --->   Core 119 'm_axi' <Latency = 3> <II = 1> <Delay = 1.00> <Adapter> <Opcode : 'readrequnaligned' 'writerequnaligned' 'read' 'write' 'readreq' 'writereq' 'writeresp'>

State 65 <SV = 64> <Delay = 0.00>
ST_65 : Operation 193 [7/68] (3.65ns)   --->   "%empty_50 = writeresp i1 @_ssdm_op_WriteResp.m_axi.p1i128, i128 %gmem1_addr" [arith5.cpp:89]   --->   Operation 193 'writeresp' 'empty_50' <Predicate = true> <Delay = 3.65> <CoreInst = "m_axi">   --->   Core 119 'm_axi' <Latency = 3> <II = 1> <Delay = 1.00> <Adapter> <Opcode : 'readrequnaligned' 'writerequnaligned' 'read' 'write' 'readreq' 'writereq' 'writeresp'>

State 66 <SV = 65> <Delay = 0.00>
ST_66 : Operation 194 [6/68] (3.65ns)   --->   "%empty_50 = writeresp i1 @_ssdm_op_WriteResp.m_axi.p1i128, i128 %gmem1_addr" [arith5.cpp:89]   --->   Operation 194 'writeresp' 'empty_50' <Predicate = true> <Delay = 3.65> <CoreInst = "m_axi">   --->   Core 119 'm_axi' <Latency = 3> <II = 1> <Delay = 1.00> <Adapter> <Opcode : 'readrequnaligned' 'writerequnaligned' 'read' 'write' 'readreq' 'writereq' 'writeresp'>

State 67 <SV = 66> <Delay = 0.00>
ST_67 : Operation 195 [5/68] (3.65ns)   --->   "%empty_50 = writeresp i1 @_ssdm_op_WriteResp.m_axi.p1i128, i128 %gmem1_addr" [arith5.cpp:89]   --->   Operation 195 'writeresp' 'empty_50' <Predicate = true> <Delay = 3.65> <CoreInst = "m_axi">   --->   Core 119 'm_axi' <Latency = 3> <II = 1> <Delay = 1.00> <Adapter> <Opcode : 'readrequnaligned' 'writerequnaligned' 'read' 'write' 'readreq' 'writereq' 'writeresp'>

State 68 <SV = 67> <Delay = 0.00>
ST_68 : Operation 196 [4/68] (3.65ns)   --->   "%empty_50 = writeresp i1 @_ssdm_op_WriteResp.m_axi.p1i128, i128 %gmem1_addr" [arith5.cpp:89]   --->   Operation 196 'writeresp' 'empty_50' <Predicate = true> <Delay = 3.65> <CoreInst = "m_axi">   --->   Core 119 'm_axi' <Latency = 3> <II = 1> <Delay = 1.00> <Adapter> <Opcode : 'readrequnaligned' 'writerequnaligned' 'read' 'write' 'readreq' 'writereq' 'writeresp'>

State 69 <SV = 68> <Delay = 0.00>
ST_69 : Operation 197 [3/68] (3.65ns)   --->   "%empty_50 = writeresp i1 @_ssdm_op_WriteResp.m_axi.p1i128, i128 %gmem1_addr" [arith5.cpp:89]   --->   Operation 197 'writeresp' 'empty_50' <Predicate = true> <Delay = 3.65> <CoreInst = "m_axi">   --->   Core 119 'm_axi' <Latency = 3> <II = 1> <Delay = 1.00> <Adapter> <Opcode : 'readrequnaligned' 'writerequnaligned' 'read' 'write' 'readreq' 'writereq' 'writeresp'>

State 70 <SV = 69> <Delay = 0.42>
ST_70 : Operation 198 [2/68] (3.65ns)   --->   "%empty_50 = writeresp i1 @_ssdm_op_WriteResp.m_axi.p1i128, i128 %gmem1_addr" [arith5.cpp:89]   --->   Operation 198 'writeresp' 'empty_50' <Predicate = true> <Delay = 3.65> <CoreInst = "m_axi">   --->   Core 119 'm_axi' <Latency = 3> <II = 1> <Delay = 1.00> <Adapter> <Opcode : 'readrequnaligned' 'writerequnaligned' 'read' 'write' 'readreq' 'writereq' 'writeresp'>
ST_70 : Operation 203 [1/1] (0.42ns)   --->   "%ret_ln0 = ret"   --->   Operation 203 'ret' 'ret_ln0' <Predicate = (!icmp_ln89)> <Delay = 0.42>

State 71 <SV = 70> <Delay = 3.65>
ST_71 : Operation 199 [1/1] (0.00ns)   --->   "%specpipeline_ln89 = specpipeline void @_ssdm_op_SpecPipeline, i32 4294967295, i32 0, i32 0, i32 0, i32 4294967295, void @empty_18" [arith5.cpp:89]   --->   Operation 199 'specpipeline' 'specpipeline_ln89' <Predicate = true> <Delay = 0.00>
ST_71 : Operation 200 [1/1] (0.00ns)   --->   "%specloopname_ln89 = specloopname void @_ssdm_op_SpecLoopName, void @empty" [arith5.cpp:89]   --->   Operation 200 'specloopname' 'specloopname_ln89' <Predicate = true> <Delay = 0.00>
ST_71 : Operation 201 [1/68] ( I:3.65ns O:3.65ns )   --->   "%empty_50 = writeresp i1 @_ssdm_op_WriteResp.m_axi.p1i128, i128 %gmem1_addr" [arith5.cpp:89]   --->   Operation 201 'writeresp' 'empty_50' <Predicate = true> <Delay = 3.65> <CoreInst = "m_axi">   --->   Core 119 'm_axi' <Latency = 3> <II = 1> <Delay = 1.00> <Adapter> <Opcode : 'readrequnaligned' 'writerequnaligned' 'read' 'write' 'readreq' 'writereq' 'writeresp'>
ST_71 : Operation 202 [1/1] (0.00ns)   --->   "%br_ln89 = br void %for.inc81" [arith5.cpp:89]   --->   Operation 202 'br' 'br_ln89' <Predicate = true> <Delay = 0.00>


============================================================
+ Verbose Summary: Timing violations
============================================================
Target clock period: 5.000ns, clock uncertainty: 1.350ns.

 <State 1>: 2.528ns
The critical path consists of the following:
	'store' operation ('store_ln89', arith5.cpp:89) of constant 0 31 bit on local variable 'i', arith5.cpp:89 [21]  (0.427 ns)
	'load' operation 31 bit ('i', arith5.cpp:89) on local variable 'i', arith5.cpp:89 [24]  (0.000 ns)
	'add' operation 33 bit ('add_ln89', arith5.cpp:89) [52]  (1.016 ns)
	'add' operation 64 bit ('add_ln89_1', arith5.cpp:89) [54]  (1.085 ns)

 <State 2>: 3.650ns
The critical path consists of the following:
	'getelementptr' operation 128 bit ('gmem1_addr', arith5.cpp:89) [64]  (0.000 ns)
	bus request operation ('empty_49', arith5.cpp:89) on port 'gmem1' (arith5.cpp:89) [65]  (3.650 ns)

 <State 3>: 3.650ns
The critical path consists of the following:
	bus write operation ('write_ln89', arith5.cpp:89) on port 'gmem1' (arith5.cpp:89) [66]  (3.650 ns)

 <State 4>: 0.000ns
The critical path consists of the following:

 <State 5>: 0.000ns
The critical path consists of the following:

 <State 6>: 0.000ns
The critical path consists of the following:

 <State 7>: 0.000ns
The critical path consists of the following:

 <State 8>: 0.000ns
The critical path consists of the following:

 <State 9>: 0.000ns
The critical path consists of the following:

 <State 10>: 0.000ns
The critical path consists of the following:

 <State 11>: 0.000ns
The critical path consists of the following:

 <State 12>: 0.000ns
The critical path consists of the following:

 <State 13>: 0.000ns
The critical path consists of the following:

 <State 14>: 0.000ns
The critical path consists of the following:

 <State 15>: 0.000ns
The critical path consists of the following:

 <State 16>: 0.000ns
The critical path consists of the following:

 <State 17>: 0.000ns
The critical path consists of the following:

 <State 18>: 0.000ns
The critical path consists of the following:

 <State 19>: 0.000ns
The critical path consists of the following:

 <State 20>: 0.000ns
The critical path consists of the following:

 <State 21>: 0.000ns
The critical path consists of the following:

 <State 22>: 0.000ns
The critical path consists of the following:

 <State 23>: 0.000ns
The critical path consists of the following:

 <State 24>: 0.000ns
The critical path consists of the following:

 <State 25>: 0.000ns
The critical path consists of the following:

 <State 26>: 0.000ns
The critical path consists of the following:

 <State 27>: 0.000ns
The critical path consists of the following:

 <State 28>: 0.000ns
The critical path consists of the following:

 <State 29>: 0.000ns
The critical path consists of the following:

 <State 30>: 0.000ns
The critical path consists of the following:

 <State 31>: 0.000ns
The critical path consists of the following:

 <State 32>: 0.000ns
The critical path consists of the following:

 <State 33>: 0.000ns
The critical path consists of the following:

 <State 34>: 0.000ns
The critical path consists of the following:

 <State 35>: 0.000ns
The critical path consists of the following:

 <State 36>: 0.000ns
The critical path consists of the following:

 <State 37>: 0.000ns
The critical path consists of the following:

 <State 38>: 0.000ns
The critical path consists of the following:

 <State 39>: 0.000ns
The critical path consists of the following:

 <State 40>: 0.000ns
The critical path consists of the following:

 <State 41>: 0.000ns
The critical path consists of the following:

 <State 42>: 0.000ns
The critical path consists of the following:

 <State 43>: 0.000ns
The critical path consists of the following:

 <State 44>: 0.000ns
The critical path consists of the following:

 <State 45>: 0.000ns
The critical path consists of the following:

 <State 46>: 0.000ns
The critical path consists of the following:

 <State 47>: 0.000ns
The critical path consists of the following:

 <State 48>: 0.000ns
The critical path consists of the following:

 <State 49>: 0.000ns
The critical path consists of the following:

 <State 50>: 0.000ns
The critical path consists of the following:

 <State 51>: 0.000ns
The critical path consists of the following:

 <State 52>: 0.000ns
The critical path consists of the following:

 <State 53>: 0.000ns
The critical path consists of the following:

 <State 54>: 0.000ns
The critical path consists of the following:

 <State 55>: 0.000ns
The critical path consists of the following:

 <State 56>: 0.000ns
The critical path consists of the following:

 <State 57>: 0.000ns
The critical path consists of the following:

 <State 58>: 0.000ns
The critical path consists of the following:

 <State 59>: 0.000ns
The critical path consists of the following:

 <State 60>: 0.000ns
The critical path consists of the following:

 <State 61>: 0.000ns
The critical path consists of the following:

 <State 62>: 0.000ns
The critical path consists of the following:

 <State 63>: 0.000ns
The critical path consists of the following:

 <State 64>: 0.000ns
The critical path consists of the following:

 <State 65>: 0.000ns
The critical path consists of the following:

 <State 66>: 0.000ns
The critical path consists of the following:

 <State 67>: 0.000ns
The critical path consists of the following:

 <State 68>: 0.000ns
The critical path consists of the following:

 <State 69>: 0.000ns
The critical path consists of the following:

 <State 70>: 0.427ns
The critical path consists of the following:

 <State 71>: 3.650ns
The critical path consists of the following:
	bus response operation ('empty_50', arith5.cpp:89) on port 'gmem1' (arith5.cpp:89) [67]  (3.650 ns)


============================================================
+ Verbose Summary: Binding
============================================================
N/A
* FSMD analyzer results:
  - Output states:
 - Input state : 
  - Chain level:
	State 1
	State 2
	State 3
	State 4
	State 5
	State 6
	State 7
	State 8
	State 9
	State 10
	State 11
	State 12
	State 13
	State 14
	State 15
	State 16
	State 17
	State 18
	State 19
	State 20
	State 21
	State 22
	State 23
	State 24
	State 25
	State 26
	State 27
	State 28
	State 29
	State 30
	State 31
	State 32
	State 33
	State 34
	State 35
	State 36
	State 37
	State 38
	State 39
	State 40
	State 41
	State 42
	State 43
	State 44
	State 45
	State 46
	State 47
	State 48
	State 49
	State 50
	State 51
	State 52
	State 53
	State 54
	State 55
	State 56
	State 57
	State 58
	State 59
	State 60
	State 61
	State 62
	State 63
	State 64
	State 65
	State 66
	State 67
	State 68
	State 69
	State 70
	State 71


============================================================
+ Verbose Summary: Datapath Resource usage 
============================================================
N/A
