

================================================================
== Vitis HLS Report for 'arith_encode_Pipeline_VITIS_LOOP_66_1'
================================================================
* Date:           Sat Aug  1 19:34:10 2026

* Version:        2025.2.1 (Build 6397637 on Mar 18 2026)
* Project:        work_k8_report
* Solution:       hls (Vitis Kernel Flow Target)
* Product family: zynquplus
* Target device:  xck26-sfvc784-2LV-c


================================================================
== Performance Estimates
================================================================
+ Timing: 
    * Summary: 
    +--------+---------+----------+------------+
    |  Clock |  Target | Estimated| Uncertainty|
    +--------+---------+----------+------------+
    |ap_clk  |  5.00 ns|  3.650 ns|     1.35 ns|
    +--------+---------+----------+------------+

+ Latency: 
    * Summary: 
    +---------+-----------+-----------+-----------+-----+-----+-------------------+
    |   Latency (cycles)  |   Latency (absolute)  |  Interval |      Pipeline     |
    |   min   |    max    |    min    |    max    | min | max |        Type       |
    +---------+-----------+-----------+-----------+-----+-----+-------------------+
    |        2|  268435458|  10.000 ns|  1.342 sec|    0|    0|  loop pipeline stp|
    +---------+-----------+-----------+-----------+-----+-----+-------------------+

    + Detail: 
        * Instance: 
        N/A

        * Loop: 
        +-------------------+---------+-----------+----------+-----------+-----------+---------------+----------+
        |                   |   Latency (cycles)  | Iteration|  Initiation Interval  |      Trip     |          |
        |     Loop Name     |   min   |    max    |  Latency |  achieved |   target  |     Count     | Pipelined|
        +-------------------+---------+-----------+----------+-----------+-----------+---------------+----------+
        |- VITIS_LOOP_66_1  |        0|  268435456|         3|          1|          1|  0 ~ 268435455|       yes|
        +-------------------+---------+-----------+----------+-----------+-----------+---------------+----------+



================================================================
== Utilization Estimates
================================================================
* Summary: 
+-----------------+---------+------+--------+--------+-----+
|       Name      | BRAM_18K|  DSP |   FF   |   LUT  | URAM|
+-----------------+---------+------+--------+--------+-----+
|DSP              |        -|     -|       -|       -|    -|
|Expression       |        -|     -|       0|      59|    -|
|FIFO             |        -|     -|       -|       -|    -|
|Instance         |        -|     -|       -|       -|    -|
|Memory           |        -|     -|       -|       -|    -|
|Multiplexer      |        -|     -|       0|      45|    -|
|Register         |        -|     -|      44|       -|    -|
+-----------------+---------+------+--------+--------+-----+
|Total            |        0|     0|      44|     104|    0|
+-----------------+---------+------+--------+--------+-----+
|Available        |      288|  1248|  234240|  117120|   64|
+-----------------+---------+------+--------+--------+-----+
|Utilization (%)  |        0|     0|      ~0|      ~0|    0|
+-----------------+---------+------+--------+--------+-----+

+ Detail: 
    * Instance: 
    N/A

    * DSP: 
    N/A

    * Memory: 
    N/A

    * FIFO: 
    N/A

    * Expression: 
    +---------------------------+----------+----+---+----+------------+------------+
    |       Variable Name       | Operation| DSP| FF| LUT| Bitwidth P0| Bitwidth P1|
    +---------------------------+----------+----+---+----+------------+------------+
    |add_ln66_fu_235_p2         |         +|   0|  0|  17|          10|           1|
    |ap_block_pp0_stage0_11001  |       and|   0|  0|   2|           1|           1|
    |icmp_ln66_fu_229_p2        |      icmp|   0|  0|  38|          31|          31|
    |ap_enable_pp0              |       xor|   0|  0|   2|           1|           2|
    +---------------------------+----------+----+---+----+------------+------------+
    |Total                      |          |   0|  0|  59|          43|          35|
    +---------------------------+----------+----+---+----+------------+------------+

    * Multiplexer: 
    +-------------------------+----+-----------+-----+-----------+
    |           Name          | LUT| Input Size| Bits| Total Bits|
    +-------------------------+----+-----------+-----+-----------+
    |ap_done_int              |   9|          2|    1|          2|
    |ap_enable_reg_pp0_iter1  |   9|          2|    1|          2|
    |ap_sig_allocacmp_i_2     |   9|          2|   10|         20|
    |gmem0_blk_n_R            |   9|          2|    1|          2|
    |i_fu_86                  |   9|          2|   10|         20|
    +-------------------------+----+-----------+-----+-----------+
    |Total                    |  45|         10|   23|         46|
    +-------------------------+----+-----------+-----+-----------+

    * Register: 
    +-------------------------------------------+----+----+-----+-----------+
    |                    Name                   | FF | LUT| Bits| Const Bits|
    +-------------------------------------------+----+----+-----+-----------+
    |ap_CS_fsm                                  |   1|   0|    1|          0|
    |ap_block_pp0_stage0_subdone_grp0_done_reg  |   1|   0|    1|          0|
    |ap_done_reg                                |   1|   0|    1|          0|
    |ap_enable_reg_pp0_iter1                    |   1|   0|    1|          0|
    |ap_enable_reg_pp0_iter2                    |   1|   0|    1|          0|
    |ap_loop_exit_ready_pp0_iter1_reg           |   1|   0|    1|          0|
    |gmem0_addr_read_reg_306                    |   8|   0|    8|          0|
    |i_2_reg_292                                |  10|   0|   10|          0|
    |i_2_reg_292_pp0_iter1_reg                  |  10|   0|   10|          0|
    |i_fu_86                                    |  10|   0|   10|          0|
    +-------------------------------------------+----+----+-----+-----------+
    |Total                                      |  44|   0|   44|          0|
    +-------------------------------------------+----+----+-----+-----------+



================================================================
== Interface
================================================================
* Summary: 
+-------------------------------------------------------------------+-----+-----+------------+----------------------------------------------------------+--------------+
|                             RTL Ports                             | Dir | Bits|  Protocol  |                       Source Object                      |    C Type    |
+-------------------------------------------------------------------+-----+-----+------------+----------------------------------------------------------+--------------+
|ap_clk                                                             |   in|    1|  ap_ctrl_hs|                     arith_encode_Pipeline_VITIS_LOOP_66_1|  return value|
|ap_rst                                                             |   in|    1|  ap_ctrl_hs|                     arith_encode_Pipeline_VITIS_LOOP_66_1|  return value|
|ap_start                                                           |   in|    1|  ap_ctrl_hs|                     arith_encode_Pipeline_VITIS_LOOP_66_1|  return value|
|ap_done                                                            |  out|    1|  ap_ctrl_hs|                     arith_encode_Pipeline_VITIS_LOOP_66_1|  return value|
|ap_idle                                                            |  out|    1|  ap_ctrl_hs|                     arith_encode_Pipeline_VITIS_LOOP_66_1|  return value|
|ap_ready                                                           |  out|    1|  ap_ctrl_hs|                     arith_encode_Pipeline_VITIS_LOOP_66_1|  return value|
|m_axi_gmem0_0_AWVALID                                              |  out|    1|       m_axi|                                                     gmem0|       pointer|
|m_axi_gmem0_0_AWREADY                                              |   in|    1|       m_axi|                                                     gmem0|       pointer|
|m_axi_gmem0_0_AWADDR                                               |  out|   64|       m_axi|                                                     gmem0|       pointer|
|m_axi_gmem0_0_AWID                                                 |  out|    1|       m_axi|                                                     gmem0|       pointer|
|m_axi_gmem0_0_AWLEN                                                |  out|   32|       m_axi|                                                     gmem0|       pointer|
|m_axi_gmem0_0_AWSIZE                                               |  out|    3|       m_axi|                                                     gmem0|       pointer|
|m_axi_gmem0_0_AWBURST                                              |  out|    2|       m_axi|                                                     gmem0|       pointer|
|m_axi_gmem0_0_AWLOCK                                               |  out|    2|       m_axi|                                                     gmem0|       pointer|
|m_axi_gmem0_0_AWCACHE                                              |  out|    4|       m_axi|                                                     gmem0|       pointer|
|m_axi_gmem0_0_AWPROT                                               |  out|    3|       m_axi|                                                     gmem0|       pointer|
|m_axi_gmem0_0_AWQOS                                                |  out|    4|       m_axi|                                                     gmem0|       pointer|
|m_axi_gmem0_0_AWREGION                                             |  out|    4|       m_axi|                                                     gmem0|       pointer|
|m_axi_gmem0_0_AWUSER                                               |  out|    1|       m_axi|                                                     gmem0|       pointer|
|m_axi_gmem0_0_WVALID                                               |  out|    1|       m_axi|                                                     gmem0|       pointer|
|m_axi_gmem0_0_WREADY                                               |   in|    1|       m_axi|                                                     gmem0|       pointer|
|m_axi_gmem0_0_WDATA                                                |  out|    8|       m_axi|                                                     gmem0|       pointer|
|m_axi_gmem0_0_WSTRB                                                |  out|    1|       m_axi|                                                     gmem0|       pointer|
|m_axi_gmem0_0_WLAST                                                |  out|    1|       m_axi|                                                     gmem0|       pointer|
|m_axi_gmem0_0_WID                                                  |  out|    1|       m_axi|                                                     gmem0|       pointer|
|m_axi_gmem0_0_WUSER                                                |  out|    1|       m_axi|                                                     gmem0|       pointer|
|m_axi_gmem0_0_ARVALID                                              |  out|    1|       m_axi|                                                     gmem0|       pointer|
|m_axi_gmem0_0_ARREADY                                              |   in|    1|       m_axi|                                                     gmem0|       pointer|
|m_axi_gmem0_0_ARADDR                                               |  out|   64|       m_axi|                                                     gmem0|       pointer|
|m_axi_gmem0_0_ARID                                                 |  out|    1|       m_axi|                                                     gmem0|       pointer|
|m_axi_gmem0_0_ARLEN                                                |  out|   32|       m_axi|                                                     gmem0|       pointer|
|m_axi_gmem0_0_ARSIZE                                               |  out|    3|       m_axi|                                                     gmem0|       pointer|
|m_axi_gmem0_0_ARBURST                                              |  out|    2|       m_axi|                                                     gmem0|       pointer|
|m_axi_gmem0_0_ARLOCK                                               |  out|    2|       m_axi|                                                     gmem0|       pointer|
|m_axi_gmem0_0_ARCACHE                                              |  out|    4|       m_axi|                                                     gmem0|       pointer|
|m_axi_gmem0_0_ARPROT                                               |  out|    3|       m_axi|                                                     gmem0|       pointer|
|m_axi_gmem0_0_ARQOS                                                |  out|    4|       m_axi|                                                     gmem0|       pointer|
|m_axi_gmem0_0_ARREGION                                             |  out|    4|       m_axi|                                                     gmem0|       pointer|
|m_axi_gmem0_0_ARUSER                                               |  out|    1|       m_axi|                                                     gmem0|       pointer|
|m_axi_gmem0_0_RVALID                                               |   in|    1|       m_axi|                                                     gmem0|       pointer|
|m_axi_gmem0_0_RREADY                                               |  out|    1|       m_axi|                                                     gmem0|       pointer|
|m_axi_gmem0_0_RDATA                                                |   in|    8|       m_axi|                                                     gmem0|       pointer|
|m_axi_gmem0_0_RLAST                                                |   in|    1|       m_axi|                                                     gmem0|       pointer|
|m_axi_gmem0_0_RID                                                  |   in|    1|       m_axi|                                                     gmem0|       pointer|
|m_axi_gmem0_0_RFIFONUM                                             |   in|   11|       m_axi|                                                     gmem0|       pointer|
|m_axi_gmem0_0_RUSER                                                |   in|    1|       m_axi|                                                     gmem0|       pointer|
|m_axi_gmem0_0_RRESP                                                |   in|    2|       m_axi|                                                     gmem0|       pointer|
|m_axi_gmem0_0_BVALID                                               |   in|    1|       m_axi|                                                     gmem0|       pointer|
|m_axi_gmem0_0_BREADY                                               |  out|    1|       m_axi|                                                     gmem0|       pointer|
|m_axi_gmem0_0_BRESP                                                |   in|    2|       m_axi|                                                     gmem0|       pointer|
|m_axi_gmem0_0_BID                                                  |   in|    1|       m_axi|                                                     gmem0|       pointer|
|m_axi_gmem0_0_BUSER                                                |   in|    1|       m_axi|                                                     gmem0|       pointer|
|smax                                                               |   in|   31|     ap_none|                                                      smax|        scalar|
|add_ln63                                                           |   in|   64|     ap_none|                                                  add_ln63|        scalar|
|empty                                                              |   in|    3|     ap_none|                                                     empty|        scalar|
|arith_encode_unsigned_char_const_int_unsigned_char_buf_address0    |  out|   10|   ap_memory|    arith_encode_unsigned_char_const_int_unsigned_char_buf|         array|
|arith_encode_unsigned_char_const_int_unsigned_char_buf_ce0         |  out|    1|   ap_memory|    arith_encode_unsigned_char_const_int_unsigned_char_buf|         array|
|arith_encode_unsigned_char_const_int_unsigned_char_buf_we0         |  out|    1|   ap_memory|    arith_encode_unsigned_char_const_int_unsigned_char_buf|         array|
|arith_encode_unsigned_char_const_int_unsigned_char_buf_d0          |  out|    8|   ap_memory|    arith_encode_unsigned_char_const_int_unsigned_char_buf|         array|
|arith_encode_unsigned_char_const_int_unsigned_char_buf_2_address0  |  out|   10|   ap_memory|  arith_encode_unsigned_char_const_int_unsigned_char_buf_2|         array|
|arith_encode_unsigned_char_const_int_unsigned_char_buf_2_ce0       |  out|    1|   ap_memory|  arith_encode_unsigned_char_const_int_unsigned_char_buf_2|         array|
|arith_encode_unsigned_char_const_int_unsigned_char_buf_2_we0       |  out|    1|   ap_memory|  arith_encode_unsigned_char_const_int_unsigned_char_buf_2|         array|
|arith_encode_unsigned_char_const_int_unsigned_char_buf_2_d0        |  out|    8|   ap_memory|  arith_encode_unsigned_char_const_int_unsigned_char_buf_2|         array|
|arith_encode_unsigned_char_const_int_unsigned_char_buf_3_address0  |  out|   10|   ap_memory|  arith_encode_unsigned_char_const_int_unsigned_char_buf_3|         array|
|arith_encode_unsigned_char_const_int_unsigned_char_buf_3_ce0       |  out|    1|   ap_memory|  arith_encode_unsigned_char_const_int_unsigned_char_buf_3|         array|
|arith_encode_unsigned_char_const_int_unsigned_char_buf_3_we0       |  out|    1|   ap_memory|  arith_encode_unsigned_char_const_int_unsigned_char_buf_3|         array|
|arith_encode_unsigned_char_const_int_unsigned_char_buf_3_d0        |  out|    8|   ap_memory|  arith_encode_unsigned_char_const_int_unsigned_char_buf_3|         array|
|arith_encode_unsigned_char_const_int_unsigned_char_buf_4_address0  |  out|   10|   ap_memory|  arith_encode_unsigned_char_const_int_unsigned_char_buf_4|         array|
|arith_encode_unsigned_char_const_int_unsigned_char_buf_4_ce0       |  out|    1|   ap_memory|  arith_encode_unsigned_char_const_int_unsigned_char_buf_4|         array|
|arith_encode_unsigned_char_const_int_unsigned_char_buf_4_we0       |  out|    1|   ap_memory|  arith_encode_unsigned_char_const_int_unsigned_char_buf_4|         array|
|arith_encode_unsigned_char_const_int_unsigned_char_buf_4_d0        |  out|    8|   ap_memory|  arith_encode_unsigned_char_const_int_unsigned_char_buf_4|         array|
|arith_encode_unsigned_char_const_int_unsigned_char_buf_5_address0  |  out|   10|   ap_memory|  arith_encode_unsigned_char_const_int_unsigned_char_buf_5|         array|
|arith_encode_unsigned_char_const_int_unsigned_char_buf_5_ce0       |  out|    1|   ap_memory|  arith_encode_unsigned_char_const_int_unsigned_char_buf_5|         array|
|arith_encode_unsigned_char_const_int_unsigned_char_buf_5_we0       |  out|    1|   ap_memory|  arith_encode_unsigned_char_const_int_unsigned_char_buf_5|         array|
|arith_encode_unsigned_char_const_int_unsigned_char_buf_5_d0        |  out|    8|   ap_memory|  arith_encode_unsigned_char_const_int_unsigned_char_buf_5|         array|
|arith_encode_unsigned_char_const_int_unsigned_char_buf_6_address0  |  out|   10|   ap_memory|  arith_encode_unsigned_char_const_int_unsigned_char_buf_6|         array|
|arith_encode_unsigned_char_const_int_unsigned_char_buf_6_ce0       |  out|    1|   ap_memory|  arith_encode_unsigned_char_const_int_unsigned_char_buf_6|         array|
|arith_encode_unsigned_char_const_int_unsigned_char_buf_6_we0       |  out|    1|   ap_memory|  arith_encode_unsigned_char_const_int_unsigned_char_buf_6|         array|
|arith_encode_unsigned_char_const_int_unsigned_char_buf_6_d0        |  out|    8|   ap_memory|  arith_encode_unsigned_char_const_int_unsigned_char_buf_6|         array|
|arith_encode_unsigned_char_const_int_unsigned_char_buf_7_address0  |  out|   10|   ap_memory|  arith_encode_unsigned_char_const_int_unsigned_char_buf_7|         array|
|arith_encode_unsigned_char_const_int_unsigned_char_buf_7_ce0       |  out|    1|   ap_memory|  arith_encode_unsigned_char_const_int_unsigned_char_buf_7|         array|
|arith_encode_unsigned_char_const_int_unsigned_char_buf_7_we0       |  out|    1|   ap_memory|  arith_encode_unsigned_char_const_int_unsigned_char_buf_7|         array|
|arith_encode_unsigned_char_const_int_unsigned_char_buf_7_d0        |  out|    8|   ap_memory|  arith_encode_unsigned_char_const_int_unsigned_char_buf_7|         array|
|arith_encode_unsigned_char_const_int_unsigned_char_buf_8_address0  |  out|   10|   ap_memory|  arith_encode_unsigned_char_const_int_unsigned_char_buf_8|         array|
|arith_encode_unsigned_char_const_int_unsigned_char_buf_8_ce0       |  out|    1|   ap_memory|  arith_encode_unsigned_char_const_int_unsigned_char_buf_8|         array|
|arith_encode_unsigned_char_const_int_unsigned_char_buf_8_we0       |  out|    1|   ap_memory|  arith_encode_unsigned_char_const_int_unsigned_char_buf_8|         array|
|arith_encode_unsigned_char_const_int_unsigned_char_buf_8_d0        |  out|    8|   ap_memory|  arith_encode_unsigned_char_const_int_unsigned_char_buf_8|         array|
+-------------------------------------------------------------------+-----+-----+------------+----------------------------------------------------------+--------------+

============================================================
+ Verbose Summary: Synthesis Manager
============================================================
InlineROM: 1
ExposeGlobal: 0
============================================================
+ Verbose Summary: CDFG Model
============================================================
IsTopModel: 0
ResetActiveHigh: 1
IsCombinational: 2
IsDatapathOnly: 2
HasWiredReturn: 1
HasMFsm: 2
HasVarLatency: 1
IsPipeline: 0
IsRtlPipelined: 0
IsInstanceOverlapped: 0
IsDontTouch: 0
HasImplIP: 0
IsGatedGlobalClock: 0

+ Individual pipeline summary: 
  * Pipeline-0: initiation interval (II) = 1, depth = 3


============================================================
+ Verbose Summary: Schedule
============================================================
* Number of FSM states : 3
* Pipeline : 1
  Pipeline-0 : II = 1, D = 3, States = { 1 2 3 }
* Dataflow Pipeline: 0

* FSM state transitions: 
1 --> 2 
2 --> 3 
3 --> 

* FSM state operations: 

State 1 <SV = 0> <Delay = 1.85>
ST_1 : Operation 6 [1/1] (0.00ns)   --->   "%i = alloca i32 1" [arith5.cpp:66]   --->   Operation 6 'alloca' 'i' <Predicate = true> <Delay = 0.00>
ST_1 : Operation 7 [1/1] (0.00ns)   --->   "%specinterface_ln0 = specinterface void @_ssdm_op_SpecInterface, i8 %gmem0, void @empty_19, i32 0, i32 0, void @empty_18, i32 64, i32 0, void @empty_5, void @empty_16, void @empty_18, i32 16, i32 16, i32 16, i32 16, void @empty_18, void @empty_18, i32 4294967295, i32 0, i32 0, i32 1"   --->   Operation 7 'specinterface' 'specinterface_ln0' <Predicate = true> <Delay = 0.00>
ST_1 : Operation 8 [1/1] (0.00ns)   --->   "%tmp = read i3 @_ssdm_op_Read.ap_auto.i3, i3 %empty"   --->   Operation 8 'read' 'tmp' <Predicate = true> <Delay = 0.00>
ST_1 : Operation 9 [1/1] (0.00ns)   --->   "%add_ln63_read = read i64 @_ssdm_op_Read.ap_auto.i64, i64 %add_ln63"   --->   Operation 9 'read' 'add_ln63_read' <Predicate = true> <Delay = 0.00>
ST_1 : Operation 10 [1/1] (0.00ns)   --->   "%smax_read = read i31 @_ssdm_op_Read.ap_auto.i31, i31 %smax"   --->   Operation 10 'read' 'smax_read' <Predicate = true> <Delay = 0.00>
ST_1 : Operation 11 [1/1] (0.42ns)   --->   "%store_ln66 = store i10 0, i10 %i" [arith5.cpp:66]   --->   Operation 11 'store' 'store_ln66' <Predicate = true> <Delay = 0.42>
ST_1 : Operation 12 [1/1] (0.00ns)   --->   "%br_ln0 = br void %for.inc"   --->   Operation 12 'br' 'br_ln0' <Predicate = true> <Delay = 0.00>
ST_1 : Operation 13 [1/1] (0.00ns)   --->   "%i_2 = load i10 %i" [arith5.cpp:66]   --->   Operation 13 'load' 'i_2' <Predicate = true> <Delay = 0.00>
ST_1 : Operation 14 [1/1] (0.00ns)   --->   "%specbitsmap_ln0 = specbitsmap void @_ssdm_op_SpecBitsMap, i8 %gmem0"   --->   Operation 14 'specbitsmap' 'specbitsmap_ln0' <Predicate = true> <Delay = 0.00>
ST_1 : Operation 15 [1/1] (0.00ns)   --->   "%zext_ln66 = zext i10 %i_2" [arith5.cpp:66]   --->   Operation 15 'zext' 'zext_ln66' <Predicate = true> <Delay = 0.00>
ST_1 : Operation 16 [1/1] (1.00ns)   --->   "%icmp_ln66 = icmp_eq  i31 %zext_ln66, i31 %smax_read" [arith5.cpp:66]   --->   Operation 16 'icmp' 'icmp_ln66' <Predicate = true> <Delay = 1.00> <CoreInst = "Cmp">   --->   Core 9 'Cmp' <Latency = 0> <II = 1> <Delay = 1.00> <FuncUnit> <Opcode : 'seteq' 'setne' 'setle' 'setge' 'setlt' 'setgt'> <InPorts = 2> <OutPorts = 1>
ST_1 : Operation 17 [1/1] (0.78ns)   --->   "%add_ln66 = add i10 %i_2, i10 1" [arith5.cpp:66]   --->   Operation 17 'add' 'add_ln66' <Predicate = true> <Delay = 0.78> <CoreInst = "Adder">   --->   Core 1 'Adder' <Latency = 0> <II = 1> <Delay = 0.78> <FuncUnit> <Opcode : 'add' 'sub'> <InPorts = 2> <OutPorts = 1>
ST_1 : Operation 18 [1/1] (0.00ns)   --->   "%br_ln66 = br i1 %icmp_ln66, void %for.inc.split, void %for.inc19.loopexit.exitStub" [arith5.cpp:66]   --->   Operation 18 'br' 'br_ln66' <Predicate = true> <Delay = 0.00>
ST_1 : Operation 19 [1/1] (0.00ns)   --->   "%gmem0_addr = getelementptr i8 %gmem0, i64 %add_ln63_read" [arith5.cpp:66]   --->   Operation 19 'getelementptr' 'gmem0_addr' <Predicate = (!icmp_ln66)> <Delay = 0.00>
ST_1 : Operation 20 [1/1] (0.67ns)   --->   "%switch_ln66 = switch i3 %tmp, void %arrayidx144.case.7, i3 0, void %arrayidx144.case.0, i3 1, void %arrayidx144.case.1, i3 2, void %arrayidx144.case.2, i3 3, void %arrayidx144.case.3, i3 4, void %arrayidx144.case.4, i3 5, void %arrayidx144.case.5, i3 6, void %arrayidx144.case.6" [arith5.cpp:66]   --->   Operation 20 'switch' 'switch_ln66' <Predicate = (!icmp_ln66)> <Delay = 0.67>
ST_1 : Operation 21 [1/1] (0.42ns)   --->   "%store_ln66 = store i10 %add_ln66, i10 %i" [arith5.cpp:66]   --->   Operation 21 'store' 'store_ln66' <Predicate = (!icmp_ln66)> <Delay = 0.42>
ST_1 : Operation 22 [1/1] (0.00ns)   --->   "%br_ln66 = br void %for.inc" [arith5.cpp:66]   --->   Operation 22 'br' 'br_ln66' <Predicate = (!icmp_ln66)> <Delay = 0.00>

State 2 <SV = 1> <Delay = 3.65>
ST_2 : Operation 23 [1/1] ( I:3.65ns O:3.65ns )   --->   "%gmem0_addr_read = read i8 @_ssdm_op_Read.m_axi.i8.p1i8, i64 %gmem0_addr" [arith5.cpp:66]   --->   Operation 23 'read' 'gmem0_addr_read' <Predicate = true> <Delay = 3.65> <CoreInst = "m_axi">   --->   Core 119 'm_axi' <Latency = 3> <II = 1> <Delay = 1.00> <Adapter> <Opcode : 'readrequnaligned' 'writerequnaligned' 'read' 'write' 'readreq' 'writereq' 'writeresp'>
ST_2 : Operation 52 [1/1] (0.42ns)   --->   "%ret_ln0 = ret"   --->   Operation 52 'ret' 'ret_ln0' <Predicate = (icmp_ln66)> <Delay = 0.42>

State 3 <SV = 2> <Delay = 1.23>
ST_3 : Operation 24 [1/1] (0.00ns)   --->   "%zext_ln66_1 = zext i10 %i_2" [arith5.cpp:66]   --->   Operation 24 'zext' 'zext_ln66_1' <Predicate = true> <Delay = 0.00>
ST_3 : Operation 25 [1/1] (0.00ns)   --->   "%specpipeline_ln66 = specpipeline void @_ssdm_op_SpecPipeline, i32 4294967295, i32 0, i32 0, i32 0, i32 4294967295, void @empty_18" [arith5.cpp:66]   --->   Operation 25 'specpipeline' 'specpipeline_ln66' <Predicate = true> <Delay = 0.00>
ST_3 : Operation 26 [1/1] (0.00ns)   --->   "%speclooptripcount_ln66 = speclooptripcount void @_ssdm_op_SpecLoopTripCount, i64 0, i64 268435455, i64 134217727" [arith5.cpp:66]   --->   Operation 26 'speclooptripcount' 'speclooptripcount_ln66' <Predicate = true> <Delay = 0.00>
ST_3 : Operation 27 [1/1] (0.00ns)   --->   "%specloopname_ln66 = specloopname void @_ssdm_op_SpecLoopName, void @empty_23" [arith5.cpp:66]   --->   Operation 27 'specloopname' 'specloopname_ln66' <Predicate = true> <Delay = 0.00>
ST_3 : Operation 28 [1/1] (0.00ns)   --->   "%arith_encode_unsigned_char_const_int_unsigned_char_buf_addr = getelementptr i8 %arith_encode_unsigned_char_const_int_unsigned_char_buf, i64 0, i64 %zext_ln66_1" [arith5.cpp:66]   --->   Operation 28 'getelementptr' 'arith_encode_unsigned_char_const_int_unsigned_char_buf_addr' <Predicate = true> <Delay = 0.00>
ST_3 : Operation 29 [1/1] (0.00ns)   --->   "%arith_encode_unsigned_char_const_int_unsigned_char_buf_2_addr = getelementptr i8 %arith_encode_unsigned_char_const_int_unsigned_char_buf_2, i64 0, i64 %zext_ln66_1" [arith5.cpp:66]   --->   Operation 29 'getelementptr' 'arith_encode_unsigned_char_const_int_unsigned_char_buf_2_addr' <Predicate = true> <Delay = 0.00>
ST_3 : Operation 30 [1/1] (0.00ns)   --->   "%arith_encode_unsigned_char_const_int_unsigned_char_buf_3_addr = getelementptr i8 %arith_encode_unsigned_char_const_int_unsigned_char_buf_3, i64 0, i64 %zext_ln66_1" [arith5.cpp:66]   --->   Operation 30 'getelementptr' 'arith_encode_unsigned_char_const_int_unsigned_char_buf_3_addr' <Predicate = true> <Delay = 0.00>
ST_3 : Operation 31 [1/1] (0.00ns)   --->   "%arith_encode_unsigned_char_const_int_unsigned_char_buf_4_addr = getelementptr i8 %arith_encode_unsigned_char_const_int_unsigned_char_buf_4, i64 0, i64 %zext_ln66_1" [arith5.cpp:66]   --->   Operation 31 'getelementptr' 'arith_encode_unsigned_char_const_int_unsigned_char_buf_4_addr' <Predicate = true> <Delay = 0.00>
ST_3 : Operation 32 [1/1] (0.00ns)   --->   "%arith_encode_unsigned_char_const_int_unsigned_char_buf_5_addr = getelementptr i8 %arith_encode_unsigned_char_const_int_unsigned_char_buf_5, i64 0, i64 %zext_ln66_1" [arith5.cpp:66]   --->   Operation 32 'getelementptr' 'arith_encode_unsigned_char_const_int_unsigned_char_buf_5_addr' <Predicate = true> <Delay = 0.00>
ST_3 : Operation 33 [1/1] (0.00ns)   --->   "%arith_encode_unsigned_char_const_int_unsigned_char_buf_6_addr = getelementptr i8 %arith_encode_unsigned_char_const_int_unsigned_char_buf_6, i64 0, i64 %zext_ln66_1" [arith5.cpp:66]   --->   Operation 33 'getelementptr' 'arith_encode_unsigned_char_const_int_unsigned_char_buf_6_addr' <Predicate = true> <Delay = 0.00>
ST_3 : Operation 34 [1/1] (0.00ns)   --->   "%arith_encode_unsigned_char_const_int_unsigned_char_buf_7_addr = getelementptr i8 %arith_encode_unsigned_char_const_int_unsigned_char_buf_7, i64 0, i64 %zext_ln66_1" [arith5.cpp:66]   --->   Operation 34 'getelementptr' 'arith_encode_unsigned_char_const_int_unsigned_char_buf_7_addr' <Predicate = true> <Delay = 0.00>
ST_3 : Operation 35 [1/1] (0.00ns)   --->   "%arith_encode_unsigned_char_const_int_unsigned_char_buf_8_addr = getelementptr i8 %arith_encode_unsigned_char_const_int_unsigned_char_buf_8, i64 0, i64 %zext_ln66_1" [arith5.cpp:66]   --->   Operation 35 'getelementptr' 'arith_encode_unsigned_char_const_int_unsigned_char_buf_8_addr' <Predicate = true> <Delay = 0.00>
ST_3 : Operation 36 [1/1] ( I:1.23ns O:1.23ns )   --->   "%store_ln66 = store i8 %gmem0_addr_read, i10 %arith_encode_unsigned_char_const_int_unsigned_char_buf_7_addr" [arith5.cpp:66]   --->   Operation 36 'store' 'store_ln66' <Predicate = (tmp == 6)> <Delay = 1.23> <CoreInst = "RAM">   --->   Core 82 'RAM' <Latency = 1> <II = 1> <Delay = 1.23> <Storage> <Opcode : 'load' 'store'> <Ports = 2> <Width = 8> <Depth = 576> <RAM>
ST_3 : Operation 37 [1/1] (0.00ns)   --->   "%br_ln66 = br void %arrayidx144.exit" [arith5.cpp:66]   --->   Operation 37 'br' 'br_ln66' <Predicate = (tmp == 6)> <Delay = 0.00>
ST_3 : Operation 38 [1/1] ( I:1.23ns O:1.23ns )   --->   "%store_ln66 = store i8 %gmem0_addr_read, i10 %arith_encode_unsigned_char_const_int_unsigned_char_buf_6_addr" [arith5.cpp:66]   --->   Operation 38 'store' 'store_ln66' <Predicate = (tmp == 5)> <Delay = 1.23> <CoreInst = "RAM">   --->   Core 82 'RAM' <Latency = 1> <II = 1> <Delay = 1.23> <Storage> <Opcode : 'load' 'store'> <Ports = 2> <Width = 8> <Depth = 576> <RAM>
ST_3 : Operation 39 [1/1] (0.00ns)   --->   "%br_ln66 = br void %arrayidx144.exit" [arith5.cpp:66]   --->   Operation 39 'br' 'br_ln66' <Predicate = (tmp == 5)> <Delay = 0.00>
ST_3 : Operation 40 [1/1] ( I:1.23ns O:1.23ns )   --->   "%store_ln66 = store i8 %gmem0_addr_read, i10 %arith_encode_unsigned_char_const_int_unsigned_char_buf_5_addr" [arith5.cpp:66]   --->   Operation 40 'store' 'store_ln66' <Predicate = (tmp == 4)> <Delay = 1.23> <CoreInst = "RAM">   --->   Core 82 'RAM' <Latency = 1> <II = 1> <Delay = 1.23> <Storage> <Opcode : 'load' 'store'> <Ports = 2> <Width = 8> <Depth = 576> <RAM>
ST_3 : Operation 41 [1/1] (0.00ns)   --->   "%br_ln66 = br void %arrayidx144.exit" [arith5.cpp:66]   --->   Operation 41 'br' 'br_ln66' <Predicate = (tmp == 4)> <Delay = 0.00>
ST_3 : Operation 42 [1/1] ( I:1.23ns O:1.23ns )   --->   "%store_ln66 = store i8 %gmem0_addr_read, i10 %arith_encode_unsigned_char_const_int_unsigned_char_buf_4_addr" [arith5.cpp:66]   --->   Operation 42 'store' 'store_ln66' <Predicate = (tmp == 3)> <Delay = 1.23> <CoreInst = "RAM">   --->   Core 82 'RAM' <Latency = 1> <II = 1> <Delay = 1.23> <Storage> <Opcode : 'load' 'store'> <Ports = 2> <Width = 8> <Depth = 576> <RAM>
ST_3 : Operation 43 [1/1] (0.00ns)   --->   "%br_ln66 = br void %arrayidx144.exit" [arith5.cpp:66]   --->   Operation 43 'br' 'br_ln66' <Predicate = (tmp == 3)> <Delay = 0.00>
ST_3 : Operation 44 [1/1] ( I:1.23ns O:1.23ns )   --->   "%store_ln66 = store i8 %gmem0_addr_read, i10 %arith_encode_unsigned_char_const_int_unsigned_char_buf_3_addr" [arith5.cpp:66]   --->   Operation 44 'store' 'store_ln66' <Predicate = (tmp == 2)> <Delay = 1.23> <CoreInst = "RAM">   --->   Core 82 'RAM' <Latency = 1> <II = 1> <Delay = 1.23> <Storage> <Opcode : 'load' 'store'> <Ports = 2> <Width = 8> <Depth = 576> <RAM>
ST_3 : Operation 45 [1/1] (0.00ns)   --->   "%br_ln66 = br void %arrayidx144.exit" [arith5.cpp:66]   --->   Operation 45 'br' 'br_ln66' <Predicate = (tmp == 2)> <Delay = 0.00>
ST_3 : Operation 46 [1/1] ( I:1.23ns O:1.23ns )   --->   "%store_ln66 = store i8 %gmem0_addr_read, i10 %arith_encode_unsigned_char_const_int_unsigned_char_buf_2_addr" [arith5.cpp:66]   --->   Operation 46 'store' 'store_ln66' <Predicate = (tmp == 1)> <Delay = 1.23> <CoreInst = "RAM">   --->   Core 82 'RAM' <Latency = 1> <II = 1> <Delay = 1.23> <Storage> <Opcode : 'load' 'store'> <Ports = 2> <Width = 8> <Depth = 576> <RAM>
ST_3 : Operation 47 [1/1] (0.00ns)   --->   "%br_ln66 = br void %arrayidx144.exit" [arith5.cpp:66]   --->   Operation 47 'br' 'br_ln66' <Predicate = (tmp == 1)> <Delay = 0.00>
ST_3 : Operation 48 [1/1] ( I:1.23ns O:1.23ns )   --->   "%store_ln66 = store i8 %gmem0_addr_read, i10 %arith_encode_unsigned_char_const_int_unsigned_char_buf_addr" [arith5.cpp:66]   --->   Operation 48 'store' 'store_ln66' <Predicate = (tmp == 0)> <Delay = 1.23> <CoreInst = "RAM">   --->   Core 82 'RAM' <Latency = 1> <II = 1> <Delay = 1.23> <Storage> <Opcode : 'load' 'store'> <Ports = 2> <Width = 8> <Depth = 576> <RAM>
ST_3 : Operation 49 [1/1] (0.00ns)   --->   "%br_ln66 = br void %arrayidx144.exit" [arith5.cpp:66]   --->   Operation 49 'br' 'br_ln66' <Predicate = (tmp == 0)> <Delay = 0.00>
ST_3 : Operation 50 [1/1] ( I:1.23ns O:1.23ns )   --->   "%store_ln66 = store i8 %gmem0_addr_read, i10 %arith_encode_unsigned_char_const_int_unsigned_char_buf_8_addr" [arith5.cpp:66]   --->   Operation 50 'store' 'store_ln66' <Predicate = (tmp == 7)> <Delay = 1.23> <CoreInst = "RAM">   --->   Core 82 'RAM' <Latency = 1> <II = 1> <Delay = 1.23> <Storage> <Opcode : 'load' 'store'> <Ports = 2> <Width = 8> <Depth = 576> <RAM>
ST_3 : Operation 51 [1/1] (0.00ns)   --->   "%br_ln66 = br void %arrayidx144.exit" [arith5.cpp:66]   --->   Operation 51 'br' 'br_ln66' <Predicate = (tmp == 7)> <Delay = 0.00>


============================================================
+ Verbose Summary: Binding
============================================================
STG Binding: 
---------------- STG Properties BEGIN ----------------
- Is combinational: 0
- Is one-state seq: 0
- Is datapath-only: 0
- Is pipelined: 0
- Is top level: 0
Port [ Return ] is wired: 1; IO mode=ap_ctrl_hs:ce=0
Port [ gmem0]:  wired=1; compound=1; hidden=0; nouse=0; global=0; static=0; extern=0; dir=0; type=4; pingpong=0; private_global=0; IO mode=m_axi:ce=0
Port [ smax]:  wired=1; compound=0; hidden=0; nouse=0; global=0; static=0; extern=0; dir=0; type=0; pingpong=0; private_global=0; IO mode=ap_none:ce=0
Port [ add_ln63]:  wired=1; compound=0; hidden=0; nouse=0; global=0; static=0; extern=0; dir=0; type=0; pingpong=0; private_global=0; IO mode=ap_none:ce=0
Port [ empty]:  wired=1; compound=0; hidden=0; nouse=0; global=0; static=0; extern=0; dir=0; type=0; pingpong=0; private_global=0; IO mode=ap_none:ce=0
Port [ arith_encode_unsigned_char_const_int_unsigned_char_buf]:  wired=1; compound=1; hidden=0; nouse=0; global=1; static=1; extern=0; dir=1; type=1; pingpong=0; private_global=0; MemPort=[03]; IO mode=ap_memory:ce=0
Port [ arith_encode_unsigned_char_const_int_unsigned_char_buf_2]:  wired=1; compound=1; hidden=0; nouse=0; global=1; static=1; extern=0; dir=1; type=1; pingpong=0; private_global=0; MemPort=[03]; IO mode=ap_memory:ce=0
Port [ arith_encode_unsigned_char_const_int_unsigned_char_buf_3]:  wired=1; compound=1; hidden=0; nouse=0; global=1; static=1; extern=0; dir=1; type=1; pingpong=0; private_global=0; MemPort=[03]; IO mode=ap_memory:ce=0
Port [ arith_encode_unsigned_char_const_int_unsigned_char_buf_4]:  wired=1; compound=1; hidden=0; nouse=0; global=1; static=1; extern=0; dir=1; type=1; pingpong=0; private_global=0; MemPort=[03]; IO mode=ap_memory:ce=0
Port [ arith_encode_unsigned_char_const_int_unsigned_char_buf_5]:  wired=1; compound=1; hidden=0; nouse=0; global=1; static=1; extern=0; dir=1; type=1; pingpong=0; private_global=0; MemPort=[03]; IO mode=ap_memory:ce=0
Port [ arith_encode_unsigned_char_const_int_unsigned_char_buf_6]:  wired=1; compound=1; hidden=0; nouse=0; global=1; static=1; extern=0; dir=1; type=1; pingpong=0; private_global=0; MemPort=[03]; IO mode=ap_memory:ce=0
Port [ arith_encode_unsigned_char_const_int_unsigned_char_buf_7]:  wired=1; compound=1; hidden=0; nouse=0; global=1; static=1; extern=0; dir=1; type=1; pingpong=0; private_global=0; MemPort=[03]; IO mode=ap_memory:ce=0
Port [ arith_encode_unsigned_char_const_int_unsigned_char_buf_8]:  wired=1; compound=1; hidden=0; nouse=0; global=1; static=1; extern=0; dir=1; type=1; pingpong=0; private_global=0; MemPort=[03]; IO mode=ap_memory:ce=0
---------------- STG Properties END ------------------

---------------- Datapath Model BEGIN ----------------

<LifeTime>
<method=bitvector/>
i                                                             (alloca           ) [ 0100]
specinterface_ln0                                             (specinterface    ) [ 0000]
tmp                                                           (read             ) [ 0111]
add_ln63_read                                                 (read             ) [ 0000]
smax_read                                                     (read             ) [ 0000]
store_ln66                                                    (store            ) [ 0000]
br_ln0                                                        (br               ) [ 0000]
i_2                                                           (load             ) [ 0111]
specbitsmap_ln0                                               (specbitsmap      ) [ 0000]
zext_ln66                                                     (zext             ) [ 0000]
icmp_ln66                                                     (icmp             ) [ 0110]
add_ln66                                                      (add              ) [ 0000]
br_ln66                                                       (br               ) [ 0000]
gmem0_addr                                                    (getelementptr    ) [ 0110]
switch_ln66                                                   (switch           ) [ 0000]
store_ln66                                                    (store            ) [ 0000]
br_ln66                                                       (br               ) [ 0000]
gmem0_addr_read                                               (read             ) [ 0101]
zext_ln66_1                                                   (zext             ) [ 0000]
specpipeline_ln66                                             (specpipeline     ) [ 0000]
speclooptripcount_ln66                                        (speclooptripcount) [ 0000]
specloopname_ln66                                             (specloopname     ) [ 0000]
arith_encode_unsigned_char_const_int_unsigned_char_buf_addr   (getelementptr    ) [ 0000]
arith_encode_unsigned_char_const_int_unsigned_char_buf_2_addr (getelementptr    ) [ 0000]
arith_encode_unsigned_char_const_int_unsigned_char_buf_3_addr (getelementptr    ) [ 0000]
arith_encode_unsigned_char_const_int_unsigned_char_buf_4_addr (getelementptr    ) [ 0000]
arith_encode_unsigned_char_const_int_unsigned_char_buf_5_addr (getelementptr    ) [ 0000]
arith_encode_unsigned_char_const_int_unsigned_char_buf_6_addr (getelementptr    ) [ 0000]
arith_encode_unsigned_char_const_int_unsigned_char_buf_7_addr (getelementptr    ) [ 0000]
arith_encode_unsigned_char_const_int_unsigned_char_buf_8_addr (getelementptr    ) [ 0000]
store_ln66                                                    (store            ) [ 0000]
br_ln66                                                       (br               ) [ 0000]
store_ln66                                                    (store            ) [ 0000]
br_ln66                                                       (br               ) [ 0000]
store_ln66                                                    (store            ) [ 0000]
br_ln66                                                       (br               ) [ 0000]
store_ln66                                                    (store            ) [ 0000]
br_ln66                                                       (br               ) [ 0000]
store_ln66                                                    (store            ) [ 0000]
br_ln66                                                       (br               ) [ 0000]
store_ln66                                                    (store            ) [ 0000]
br_ln66                                                       (br               ) [ 0000]
store_ln66                                                    (store            ) [ 0000]
br_ln66                                                       (br               ) [ 0000]
store_ln66                                                    (store            ) [ 0000]
br_ln66                                                       (br               ) [ 0000]
ret_ln0                                                       (ret              ) [ 0000]
</LifeTime>

<model>

<comp_list>
<comp id="0" class="1000" name="gmem0">
<pin_list>
<pin id="1" dir="1" index="0" bw="1" slack="0"/>
</pin_list>
<bind>
<StgValue><ssdm name="gmem0"/><MemPortTyVec>0 </MemPortTyVec>
</StgValue>
</bind>
</comp>

<comp id="2" class="1000" name="smax">
<pin_list>
<pin id="3" dir="1" index="0" bw="1" slack="0"/>
</pin_list>
<bind>
<StgValue><ssdm name="smax"/></StgValue>
</bind>
</comp>

<comp id="4" class="1000" name="add_ln63">
<pin_list>
<pin id="5" dir="1" index="0" bw="1" slack="0"/>
</pin_list>
<bind>
<StgValue><ssdm name="add_ln63"/></StgValue>
</bind>
</comp>

<comp id="6" class="1000" name="empty">
<pin_list>
<pin id="7" dir="1" index="0" bw="1" slack="0"/>
</pin_list>
<bind>
<StgValue><ssdm name="empty"/></StgValue>
</bind>
</comp>

<comp id="8" class="1000" name="arith_encode_unsigned_char_const_int_unsigned_char_buf">
<pin_list>
<pin id="9" dir="1" index="0" bw="1" slack="0"/>
</pin_list>
<bind>
<StgValue><ssdm name="arith_encode_unsigned_char_const_int_unsigned_char_buf"/><MemPortTyVec>0 3 </MemPortTyVec>
</StgValue>
</bind>
</comp>

<comp id="10" class="1000" name="arith_encode_unsigned_char_const_int_unsigned_char_buf_2">
<pin_list>
<pin id="11" dir="1" index="0" bw="1" slack="0"/>
</pin_list>
<bind>
<StgValue><ssdm name="arith_encode_unsigned_char_const_int_unsigned_char_buf_2"/><MemPortTyVec>0 3 </MemPortTyVec>
</StgValue>
</bind>
</comp>

<comp id="12" class="1000" name="arith_encode_unsigned_char_const_int_unsigned_char_buf_3">
<pin_list>
<pin id="13" dir="1" index="0" bw="1" slack="0"/>
</pin_list>
<bind>
<StgValue><ssdm name="arith_encode_unsigned_char_const_int_unsigned_char_buf_3"/><MemPortTyVec>0 3 </MemPortTyVec>
</StgValue>
</bind>
</comp>

<comp id="14" class="1000" name="arith_encode_unsigned_char_const_int_unsigned_char_buf_4">
<pin_list>
<pin id="15" dir="1" index="0" bw="1" slack="0"/>
</pin_list>
<bind>
<StgValue><ssdm name="arith_encode_unsigned_char_const_int_unsigned_char_buf_4"/><MemPortTyVec>0 3 </MemPortTyVec>
</StgValue>
</bind>
</comp>

<comp id="16" class="1000" name="arith_encode_unsigned_char_const_int_unsigned_char_buf_5">
<pin_list>
<pin id="17" dir="1" index="0" bw="1" slack="0"/>
</pin_list>
<bind>
<StgValue><ssdm name="arith_encode_unsigned_char_const_int_unsigned_char_buf_5"/><MemPortTyVec>0 3 </MemPortTyVec>
</StgValue>
</bind>
</comp>

<comp id="18" class="1000" name="arith_encode_unsigned_char_const_int_unsigned_char_buf_6">
<pin_list>
<pin id="19" dir="1" index="0" bw="1" slack="0"/>
</pin_list>
<bind>
<StgValue><ssdm name="arith_encode_unsigned_char_const_int_unsigned_char_buf_6"/><MemPortTyVec>0 3 </MemPortTyVec>
</StgValue>
</bind>
</comp>

<comp id="20" class="1000" name="arith_encode_unsigned_char_const_int_unsigned_char_buf_7">
<pin_list>
<pin id="21" dir="1" index="0" bw="1" slack="0"/>
</pin_list>
<bind>
<StgValue><ssdm name="arith_encode_unsigned_char_const_int_unsigned_char_buf_7"/><MemPortTyVec>0 3 </MemPortTyVec>
</StgValue>
</bind>
</comp>

<comp id="22" class="1000" name="arith_encode_unsigned_char_const_int_unsigned_char_buf_8">
<pin_list>
<pin id="23" dir="1" index="0" bw="1" slack="0"/>
</pin_list>
<bind>
<StgValue><ssdm name="arith_encode_unsigned_char_const_int_unsigned_char_buf_8"/><MemPortTyVec>0 3 </MemPortTyVec>
</StgValue>
</bind>
</comp>

<comp id="24" class="1001" name="const_24">
<pin_list>
<pin id="25" dir="1" index="0" bw="1" slack="0"/>
</pin_list>
<bind>
<StgValue><ssdm name=""/></StgValue>
</bind>
</comp>

<comp id="26" class="1001" name="const_26">
<pin_list>
<pin id="27" dir="1" index="0" bw="1" slack="2147483647"/>
</pin_list>
<bind>
<StgValue><ssdm name="_ssdm_op_SpecInterface"/></StgValue>
</bind>
</comp>

<comp id="28" class="1001" name="const_28">
<pin_list>
<pin id="29" dir="1" index="0" bw="1" slack="2147483647"/>
</pin_list>
<bind>
<StgValue><ssdm name="empty_19"/></StgValue>
</bind>
</comp>

<comp id="30" class="1001" name="const_30">
<pin_list>
<pin id="31" dir="1" index="0" bw="1" slack="2147483647"/>
</pin_list>
<bind>
<StgValue><ssdm name=""/></StgValue>
</bind>
</comp>

<comp id="32" class="1001" name="const_32">
<pin_list>
<pin id="33" dir="1" index="0" bw="1" slack="2147483647"/>
</pin_list>
<bind>
<StgValue><ssdm name="empty_18"/></StgValue>
</bind>
</comp>

<comp id="34" class="1001" name="const_34">
<pin_list>
<pin id="35" dir="1" index="0" bw="1" slack="2147483647"/>
</pin_list>
<bind>
<StgValue><ssdm name=""/></StgValue>
</bind>
</comp>

<comp id="36" class="1001" name="const_36">
<pin_list>
<pin id="37" dir="1" index="0" bw="1" slack="2147483647"/>
</pin_list>
<bind>
<StgValue><ssdm name="empty_5"/></StgValue>
</bind>
</comp>

<comp id="38" class="1001" name="const_38">
<pin_list>
<pin id="39" dir="1" index="0" bw="1" slack="2147483647"/>
</pin_list>
<bind>
<StgValue><ssdm name="empty_16"/></StgValue>
</bind>
</comp>

<comp id="40" class="1001" name="const_40">
<pin_list>
<pin id="41" dir="1" index="0" bw="1" slack="2147483647"/>
</pin_list>
<bind>
<StgValue><ssdm name=""/></StgValue>
</bind>
</comp>

<comp id="42" class="1001" name="const_42">
<pin_list>
<pin id="43" dir="1" index="0" bw="1" slack="2147483647"/>
</pin_list>
<bind>
<StgValue><ssdm name=""/></StgValue>
</bind>
</comp>

<comp id="44" class="1001" name="const_44">
<pin_list>
<pin id="45" dir="1" index="0" bw="1" slack="0"/>
</pin_list>
<bind>
<StgValue><ssdm name="_ssdm_op_Read.ap_auto.i3"/></StgValue>
</bind>
</comp>

<comp id="46" class="1001" name="const_46">
<pin_list>
<pin id="47" dir="1" index="0" bw="1" slack="0"/>
</pin_list>
<bind>
<StgValue><ssdm name="_ssdm_op_Read.ap_auto.i64"/></StgValue>
</bind>
</comp>

<comp id="48" class="1001" name="const_48">
<pin_list>
<pin id="49" dir="1" index="0" bw="1" slack="0"/>
</pin_list>
<bind>
<StgValue><ssdm name="_ssdm_op_Read.ap_auto.i31"/></StgValue>
</bind>
</comp>

<comp id="50" class="1001" name="const_50">
<pin_list>
<pin id="51" dir="1" index="0" bw="1" slack="0"/>
</pin_list>
<bind>
<StgValue><ssdm name=""/></StgValue>
</bind>
</comp>

<comp id="52" class="1001" name="const_52">
<pin_list>
<pin id="53" dir="1" index="0" bw="1" slack="2147483647"/>
</pin_list>
<bind>
<StgValue><ssdm name="_ssdm_op_SpecBitsMap"/></StgValue>
</bind>
</comp>

<comp id="54" class="1001" name="const_54">
<pin_list>
<pin id="55" dir="1" index="0" bw="1" slack="0"/>
</pin_list>
<bind>
<StgValue><ssdm name=""/></StgValue>
</bind>
</comp>

<comp id="56" class="1001" name="const_56">
<pin_list>
<pin id="57" dir="1" index="0" bw="1" slack="0"/>
</pin_list>
<bind>
<StgValue><ssdm name=""/></StgValue>
</bind>
</comp>

<comp id="58" class="1001" name="const_58">
<pin_list>
<pin id="59" dir="1" index="0" bw="1" slack="0"/>
</pin_list>
<bind>
<StgValue><ssdm name=""/></StgValue>
</bind>
</comp>

<comp id="60" class="1001" name="const_60">
<pin_list>
<pin id="61" dir="1" index="0" bw="1" slack="0"/>
</pin_list>
<bind>
<StgValue><ssdm name=""/></StgValue>
</bind>
</comp>

<comp id="62" class="1001" name="const_62">
<pin_list>
<pin id="63" dir="1" index="0" bw="1" slack="0"/>
</pin_list>
<bind>
<StgValue><ssdm name=""/></StgValue>
</bind>
</comp>

<comp id="64" class="1001" name="const_64">
<pin_list>
<pin id="65" dir="1" index="0" bw="1" slack="0"/>
</pin_list>
<bind>
<StgValue><ssdm name=""/></StgValue>
</bind>
</comp>

<comp id="66" class="1001" name="const_66">
<pin_list>
<pin id="67" dir="1" index="0" bw="1" slack="0"/>
</pin_list>
<bind>
<StgValue><ssdm name=""/></StgValue>
</bind>
</comp>

<comp id="68" class="1001" name="const_68">
<pin_list>
<pin id="69" dir="1" index="0" bw="1" slack="0"/>
</pin_list>
<bind>
<StgValue><ssdm name=""/></StgValue>
</bind>
</comp>

<comp id="70" class="1001" name="const_70">
<pin_list>
<pin id="71" dir="1" index="0" bw="1" slack="0"/>
</pin_list>
<bind>
<StgValue><ssdm name="_ssdm_op_Read.m_axi.i8.p1i8"/></StgValue>
</bind>
</comp>

<comp id="72" class="1001" name="const_72">
<pin_list>
<pin id="73" dir="1" index="0" bw="1" slack="2147483647"/>
</pin_list>
<bind>
<StgValue><ssdm name="_ssdm_op_SpecPipeline"/></StgValue>
</bind>
</comp>

<comp id="74" class="1001" name="const_74">
<pin_list>
<pin id="75" dir="1" index="0" bw="1" slack="2147483647"/>
</pin_list>
<bind>
<StgValue><ssdm name="_ssdm_op_SpecLoopTripCount"/></StgValue>
</bind>
</comp>

<comp id="76" class="1001" name="const_76">
<pin_list>
<pin id="77" dir="1" index="0" bw="1" slack="0"/>
</pin_list>
<bind>
<StgValue><ssdm name=""/></StgValue>
</bind>
</comp>

<comp id="78" class="1001" name="const_78">
<pin_list>
<pin id="79" dir="1" index="0" bw="1" slack="2147483647"/>
</pin_list>
<bind>
<StgValue><ssdm name=""/></StgValue>
</bind>
</comp>

<comp id="80" class="1001" name="const_80">
<pin_list>
<pin id="81" dir="1" index="0" bw="1" slack="2147483647"/>
</pin_list>
<bind>
<StgValue><ssdm name=""/></StgValue>
</bind>
</comp>

<comp id="82" class="1001" name="const_82">
<pin_list>
<pin id="83" dir="1" index="0" bw="1" slack="2147483647"/>
</pin_list>
<bind>
<StgValue><ssdm name="_ssdm_op_SpecLoopName"/></StgValue>
</bind>
</comp>

<comp id="84" class="1001" name="const_84">
<pin_list>
<pin id="85" dir="1" index="0" bw="1" slack="2147483647"/>
</pin_list>
<bind>
<StgValue><ssdm name="empty_23"/></StgValue>
</bind>
</comp>

<comp id="86" class="1004" name="i_fu_86">
<pin_list>
<pin id="87" dir="0" index="0" bw="1" slack="0"/>
<pin id="88" dir="1" index="1" bw="10" slack="0"/>
</pin_list>
<bind>
<opcode="alloca(26) " fcode="alloca"/>
<opset="i/1 "/>
</bind>
</comp>

<comp id="90" class="1004" name="tmp_read_fu_90">
<pin_list>
<pin id="91" dir="0" index="0" bw="3" slack="0"/>
<pin id="92" dir="0" index="1" bw="3" slack="0"/>
<pin id="93" dir="1" index="2" bw="3" slack="0"/>
</pin_list>
<bind>
<opcode="read(1150) " fcode="read"/>
<opset="tmp/1 "/>
</bind>
</comp>

<comp id="96" class="1004" name="add_ln63_read_read_fu_96">
<pin_list>
<pin id="97" dir="0" index="0" bw="64" slack="0"/>
<pin id="98" dir="0" index="1" bw="64" slack="0"/>
<pin id="99" dir="1" index="2" bw="64" slack="0"/>
</pin_list>
<bind>
<opcode="read(1150) " fcode="read"/>
<opset="add_ln63_read/1 "/>
</bind>
</comp>

<comp id="102" class="1004" name="smax_read_read_fu_102">
<pin_list>
<pin id="103" dir="0" index="0" bw="31" slack="0"/>
<pin id="104" dir="0" index="1" bw="31" slack="0"/>
<pin id="105" dir="1" index="2" bw="31" slack="0"/>
</pin_list>
<bind>
<opcode="read(1150) " fcode="read"/>
<opset="smax_read/1 "/>
</bind>
</comp>

<comp id="108" class="1004" name="arith_encode_unsigned_char_const_int_unsigned_char_buf_addr_gep_fu_108">
<pin_list>
<pin id="109" dir="0" index="0" bw="8" slack="0"/>
<pin id="110" dir="0" index="1" bw="1" slack="0"/>
<pin id="111" dir="0" index="2" bw="10" slack="0"/>
<pin id="112" dir="1" index="3" bw="10" slack="0"/>
</pin_list>
<bind>
<opcode="getelementptr(29) " fcode="getelementptr"/>
<opset="arith_encode_unsigned_char_const_int_unsigned_char_buf_addr/3 "/>
</bind>
</comp>

<comp id="115" class="1004" name="arith_encode_unsigned_char_const_int_unsigned_char_buf_2_addr_gep_fu_115">
<pin_list>
<pin id="116" dir="0" index="0" bw="8" slack="0"/>
<pin id="117" dir="0" index="1" bw="1" slack="0"/>
<pin id="118" dir="0" index="2" bw="10" slack="0"/>
<pin id="119" dir="1" index="3" bw="10" slack="0"/>
</pin_list>
<bind>
<opcode="getelementptr(29) " fcode="getelementptr"/>
<opset="arith_encode_unsigned_char_const_int_unsigned_char_buf_2_addr/3 "/>
</bind>
</comp>

<comp id="122" class="1004" name="arith_encode_unsigned_char_const_int_unsigned_char_buf_3_addr_gep_fu_122">
<pin_list>
<pin id="123" dir="0" index="0" bw="8" slack="0"/>
<pin id="124" dir="0" index="1" bw="1" slack="0"/>
<pin id="125" dir="0" index="2" bw="10" slack="0"/>
<pin id="126" dir="1" index="3" bw="10" slack="0"/>
</pin_list>
<bind>
<opcode="getelementptr(29) " fcode="getelementptr"/>
<opset="arith_encode_unsigned_char_const_int_unsigned_char_buf_3_addr/3 "/>
</bind>
</comp>

<comp id="129" class="1004" name="arith_encode_unsigned_char_const_int_unsigned_char_buf_4_addr_gep_fu_129">
<pin_list>
<pin id="130" dir="0" index="0" bw="8" slack="0"/>
<pin id="131" dir="0" index="1" bw="1" slack="0"/>
<pin id="132" dir="0" index="2" bw="10" slack="0"/>
<pin id="133" dir="1" index="3" bw="10" slack="0"/>
</pin_list>
<bind>
<opcode="getelementptr(29) " fcode="getelementptr"/>
<opset="arith_encode_unsigned_char_const_int_unsigned_char_buf_4_addr/3 "/>
</bind>
</comp>

<comp id="136" class="1004" name="arith_encode_unsigned_char_const_int_unsigned_char_buf_5_addr_gep_fu_136">
<pin_list>
<pin id="137" dir="0" index="0" bw="8" slack="0"/>
<pin id="138" dir="0" index="1" bw="1" slack="0"/>
<pin id="139" dir="0" index="2" bw="10" slack="0"/>
<pin id="140" dir="1" index="3" bw="10" slack="0"/>
</pin_list>
<bind>
<opcode="getelementptr(29) " fcode="getelementptr"/>
<opset="arith_encode_unsigned_char_const_int_unsigned_char_buf_5_addr/3 "/>
</bind>
</comp>

<comp id="143" class="1004" name="arith_encode_unsigned_char_const_int_unsigned_char_buf_6_addr_gep_fu_143">
<pin_list>
<pin id="144" dir="0" index="0" bw="8" slack="0"/>
<pin id="145" dir="0" index="1" bw="1" slack="0"/>
<pin id="146" dir="0" index="2" bw="10" slack="0"/>
<pin id="147" dir="1" index="3" bw="10" slack="0"/>
</pin_list>
<bind>
<opcode="getelementptr(29) " fcode="getelementptr"/>
<opset="arith_encode_unsigned_char_const_int_unsigned_char_buf_6_addr/3 "/>
</bind>
</comp>

<comp id="150" class="1004" name="arith_encode_unsigned_char_const_int_unsigned_char_buf_7_addr_gep_fu_150">
<pin_list>
<pin id="151" dir="0" index="0" bw="8" slack="0"/>
<pin id="152" dir="0" index="1" bw="1" slack="0"/>
<pin id="153" dir="0" index="2" bw="10" slack="0"/>
<pin id="154" dir="1" index="3" bw="10" slack="0"/>
</pin_list>
<bind>
<opcode="getelementptr(29) " fcode="getelementptr"/>
<opset="arith_encode_unsigned_char_const_int_unsigned_char_buf_7_addr/3 "/>
</bind>
</comp>

<comp id="157" class="1004" name="arith_encode_unsigned_char_const_int_unsigned_char_buf_8_addr_gep_fu_157">
<pin_list>
<pin id="158" dir="0" index="0" bw="8" slack="0"/>
<pin id="159" dir="0" index="1" bw="1" slack="0"/>
<pin id="160" dir="0" index="2" bw="10" slack="0"/>
<pin id="161" dir="1" index="3" bw="10" slack="0"/>
</pin_list>
<bind>
<opcode="getelementptr(29) " fcode="getelementptr"/>
<opset="arith_encode_unsigned_char_const_int_unsigned_char_buf_8_addr/3 "/>
</bind>
</comp>

<comp id="164" class="1004" name="store_ln66_access_fu_164">
<pin_list>
<pin id="165" dir="0" index="0" bw="10" slack="0"/>
<pin id="166" dir="0" index="1" bw="8" slack="1"/>
<pin id="167" dir="0" index="2" bw="0" slack="2147483647"/>
<pin id="168" dir="1" index="3" bw="8" slack="2147483647"/>
</pin_list>
<bind>
<opcode="store(28) " fcode="store"/>
<opset="store_ln66/3 "/>
</bind>
</comp>

<comp id="170" class="1004" name="store_ln66_access_fu_170">
<pin_list>
<pin id="171" dir="0" index="0" bw="10" slack="0"/>
<pin id="172" dir="0" index="1" bw="8" slack="1"/>
<pin id="173" dir="0" index="2" bw="0" slack="2147483647"/>
<pin id="174" dir="1" index="3" bw="8" slack="2147483647"/>
</pin_list>
<bind>
<opcode="store(28) " fcode="store"/>
<opset="store_ln66/3 "/>
</bind>
</comp>

<comp id="176" class="1004" name="store_ln66_access_fu_176">
<pin_list>
<pin id="177" dir="0" index="0" bw="10" slack="0"/>
<pin id="178" dir="0" index="1" bw="8" slack="1"/>
<pin id="179" dir="0" index="2" bw="0" slack="2147483647"/>
<pin id="180" dir="1" index="3" bw="8" slack="2147483647"/>
</pin_list>
<bind>
<opcode="store(28) " fcode="store"/>
<opset="store_ln66/3 "/>
</bind>
</comp>

<comp id="182" class="1004" name="store_ln66_access_fu_182">
<pin_list>
<pin id="183" dir="0" index="0" bw="10" slack="0"/>
<pin id="184" dir="0" index="1" bw="8" slack="1"/>
<pin id="185" dir="0" index="2" bw="0" slack="2147483647"/>
<pin id="186" dir="1" index="3" bw="8" slack="2147483647"/>
</pin_list>
<bind>
<opcode="store(28) " fcode="store"/>
<opset="store_ln66/3 "/>
</bind>
</comp>

<comp id="188" class="1004" name="store_ln66_access_fu_188">
<pin_list>
<pin id="189" dir="0" index="0" bw="10" slack="0"/>
<pin id="190" dir="0" index="1" bw="8" slack="1"/>
<pin id="191" dir="0" index="2" bw="0" slack="2147483647"/>
<pin id="192" dir="1" index="3" bw="8" slack="2147483647"/>
</pin_list>
<bind>
<opcode="store(28) " fcode="store"/>
<opset="store_ln66/3 "/>
</bind>
</comp>

<comp id="194" class="1004" name="store_ln66_access_fu_194">
<pin_list>
<pin id="195" dir="0" index="0" bw="10" slack="0"/>
<pin id="196" dir="0" index="1" bw="8" slack="1"/>
<pin id="197" dir="0" index="2" bw="0" slack="2147483647"/>
<pin id="198" dir="1" index="3" bw="8" slack="2147483647"/>
</pin_list>
<bind>
<opcode="store(28) " fcode="store"/>
<opset="store_ln66/3 "/>
</bind>
</comp>

<comp id="200" class="1004" name="store_ln66_access_fu_200">
<pin_list>
<pin id="201" dir="0" index="0" bw="10" slack="0"/>
<pin id="202" dir="0" index="1" bw="8" slack="1"/>
<pin id="203" dir="0" index="2" bw="0" slack="2147483647"/>
<pin id="204" dir="1" index="3" bw="8" slack="2147483647"/>
</pin_list>
<bind>
<opcode="store(28) " fcode="store"/>
<opset="store_ln66/3 "/>
</bind>
</comp>

<comp id="206" class="1004" name="store_ln66_access_fu_206">
<pin_list>
<pin id="207" dir="0" index="0" bw="10" slack="0"/>
<pin id="208" dir="0" index="1" bw="8" slack="1"/>
<pin id="209" dir="0" index="2" bw="0" slack="2147483647"/>
<pin id="210" dir="1" index="3" bw="8" slack="2147483647"/>
</pin_list>
<bind>
<opcode="store(28) " fcode="store"/>
<opset="store_ln66/3 "/>
</bind>
</comp>

<comp id="212" class="1004" name="gmem0_addr_read_read_fu_212">
<pin_list>
<pin id="213" dir="0" index="0" bw="8" slack="0"/>
<pin id="214" dir="0" index="1" bw="8" slack="1"/>
<pin id="215" dir="1" index="2" bw="8" slack="1"/>
</pin_list>
<bind>
<opcode="read(1150) " fcode="read"/>
<opset="gmem0_addr_read/2 "/>
</bind>
</comp>

<comp id="217" class="1004" name="store_ln66_store_fu_217">
<pin_list>
<pin id="218" dir="0" index="0" bw="1" slack="0"/>
<pin id="219" dir="0" index="1" bw="10" slack="0"/>
<pin id="220" dir="1" index="2" bw="0" slack="2147483647"/>
</pin_list>
<bind>
<opcode="store(28) " fcode="store"/>
<opset="store_ln66/1 "/>
</bind>
</comp>

<comp id="222" class="1004" name="i_2_load_fu_222">
<pin_list>
<pin id="223" dir="0" index="0" bw="10" slack="0"/>
<pin id="224" dir="1" index="1" bw="10" slack="0"/>
</pin_list>
<bind>
<opcode="load(27) " fcode="load"/>
<opset="i_2/1 "/>
</bind>
</comp>

<comp id="225" class="1004" name="zext_ln66_fu_225">
<pin_list>
<pin id="226" dir="0" index="0" bw="10" slack="0"/>
<pin id="227" dir="1" index="1" bw="31" slack="0"/>
</pin_list>
<bind>
<opcode="zext(34) " fcode="zext"/>
<opset="zext_ln66/1 "/>
</bind>
</comp>

<comp id="229" class="1004" name="icmp_ln66_fu_229">
<pin_list>
<pin id="230" dir="0" index="0" bw="31" slack="0"/>
<pin id="231" dir="0" index="1" bw="31" slack="0"/>
<pin id="232" dir="1" index="2" bw="1" slack="1"/>
</pin_list>
<bind>
<opcode="icmp(45) " fcode="icmp"/>
<opset="icmp_ln66/1 "/>
</bind>
</comp>

<comp id="235" class="1004" name="add_ln66_fu_235">
<pin_list>
<pin id="236" dir="0" index="0" bw="10" slack="0"/>
<pin id="237" dir="0" index="1" bw="1" slack="0"/>
<pin id="238" dir="1" index="2" bw="10" slack="0"/>
</pin_list>
<bind>
<opcode="add(8) " fcode="add"/>
<opset="add_ln66/1 "/>
</bind>
</comp>

<comp id="241" class="1004" name="gmem0_addr_fu_241">
<pin_list>
<pin id="242" dir="0" index="0" bw="64" slack="0"/>
<pin id="243" dir="0" index="1" bw="64" slack="0"/>
<pin id="244" dir="1" index="2" bw="64" slack="1"/>
</pin_list>
<bind>
<opcode="getelementptr(29) " fcode="getelementptr"/>
<opset="gmem0_addr/1 "/>
</bind>
</comp>

<comp id="247" class="1004" name="switch_ln66_fu_247">
<pin_list>
<pin id="248" dir="0" index="0" bw="3" slack="0"/>
<pin id="249" dir="0" index="1" bw="1" slack="0"/>
<pin id="250" dir="0" index="2" bw="1" slack="0"/>
<pin id="251" dir="0" index="3" bw="3" slack="0"/>
<pin id="252" dir="0" index="4" bw="3" slack="0"/>
<pin id="253" dir="0" index="5" bw="3" slack="0"/>
<pin id="254" dir="0" index="6" bw="3" slack="0"/>
<pin id="255" dir="0" index="7" bw="2" slack="0"/>
<pin id="256" dir="1" index="8" bw="0" slack="2147483647"/>
</pin_list>
<bind>
<opcode="switch(3) " fcode="switch"/>
<opset="switch_ln66/1 "/>
</bind>
</comp>

<comp id="265" class="1004" name="store_ln66_store_fu_265">
<pin_list>
<pin id="266" dir="0" index="0" bw="10" slack="0"/>
<pin id="267" dir="0" index="1" bw="10" slack="0"/>
<pin id="268" dir="1" index="2" bw="0" slack="2147483647"/>
</pin_list>
<bind>
<opcode="store(28) " fcode="store"/>
<opset="store_ln66/1 "/>
</bind>
</comp>

<comp id="270" class="1004" name="zext_ln66_1_fu_270">
<pin_list>
<pin id="271" dir="0" index="0" bw="10" slack="2"/>
<pin id="272" dir="1" index="1" bw="64" slack="0"/>
</pin_list>
<bind>
<opcode="zext(34) " fcode="zext"/>
<opset="zext_ln66_1/3 "/>
</bind>
</comp>

<comp id="281" class="1005" name="i_reg_281">
<pin_list>
<pin id="282" dir="0" index="0" bw="10" slack="0"/>
<pin id="283" dir="1" index="1" bw="10" slack="0"/>
</pin_list>
<bind>
<opset="i "/>
</bind>
</comp>

<comp id="288" class="1005" name="tmp_reg_288">
<pin_list>
<pin id="289" dir="0" index="0" bw="3" slack="2"/>
<pin id="290" dir="1" index="1" bw="3" slack="2147483647"/>
</pin_list>
<bind>
<opset="tmp "/>
</bind>
</comp>

<comp id="292" class="1005" name="i_2_reg_292">
<pin_list>
<pin id="293" dir="0" index="0" bw="10" slack="2"/>
<pin id="294" dir="1" index="1" bw="10" slack="2"/>
</pin_list>
<bind>
<opset="i_2 "/>
</bind>
</comp>

<comp id="297" class="1005" name="icmp_ln66_reg_297">
<pin_list>
<pin id="298" dir="0" index="0" bw="1" slack="1"/>
<pin id="299" dir="1" index="1" bw="1" slack="2147483647"/>
</pin_list>
<bind>
<opset="icmp_ln66 "/>
</bind>
</comp>

<comp id="301" class="1005" name="gmem0_addr_reg_301">
<pin_list>
<pin id="302" dir="0" index="0" bw="8" slack="1"/>
<pin id="303" dir="1" index="1" bw="8" slack="1"/>
</pin_list>
<bind>
<opset="gmem0_addr "/>
</bind>
</comp>

<comp id="306" class="1005" name="gmem0_addr_read_reg_306">
<pin_list>
<pin id="307" dir="0" index="0" bw="8" slack="1"/>
<pin id="308" dir="1" index="1" bw="8" slack="1"/>
</pin_list>
<bind>
<opset="gmem0_addr_read "/>
</bind>
</comp>

</comp_list>

<net_list>
<net id="89"><net_src comp="24" pin="0"/><net_sink comp="86" pin=0"/></net>

<net id="94"><net_src comp="44" pin="0"/><net_sink comp="90" pin=0"/></net>

<net id="95"><net_src comp="6" pin="0"/><net_sink comp="90" pin=1"/></net>

<net id="100"><net_src comp="46" pin="0"/><net_sink comp="96" pin=0"/></net>

<net id="101"><net_src comp="4" pin="0"/><net_sink comp="96" pin=1"/></net>

<net id="106"><net_src comp="48" pin="0"/><net_sink comp="102" pin=0"/></net>

<net id="107"><net_src comp="2" pin="0"/><net_sink comp="102" pin=1"/></net>

<net id="113"><net_src comp="8" pin="0"/><net_sink comp="108" pin=0"/></net>

<net id="114"><net_src comp="76" pin="0"/><net_sink comp="108" pin=1"/></net>

<net id="120"><net_src comp="10" pin="0"/><net_sink comp="115" pin=0"/></net>

<net id="121"><net_src comp="76" pin="0"/><net_sink comp="115" pin=1"/></net>

<net id="127"><net_src comp="12" pin="0"/><net_sink comp="122" pin=0"/></net>

<net id="128"><net_src comp="76" pin="0"/><net_sink comp="122" pin=1"/></net>

<net id="134"><net_src comp="14" pin="0"/><net_sink comp="129" pin=0"/></net>

<net id="135"><net_src comp="76" pin="0"/><net_sink comp="129" pin=1"/></net>

<net id="141"><net_src comp="16" pin="0"/><net_sink comp="136" pin=0"/></net>

<net id="142"><net_src comp="76" pin="0"/><net_sink comp="136" pin=1"/></net>

<net id="148"><net_src comp="18" pin="0"/><net_sink comp="143" pin=0"/></net>

<net id="149"><net_src comp="76" pin="0"/><net_sink comp="143" pin=1"/></net>

<net id="155"><net_src comp="20" pin="0"/><net_sink comp="150" pin=0"/></net>

<net id="156"><net_src comp="76" pin="0"/><net_sink comp="150" pin=1"/></net>

<net id="162"><net_src comp="22" pin="0"/><net_sink comp="157" pin=0"/></net>

<net id="163"><net_src comp="76" pin="0"/><net_sink comp="157" pin=1"/></net>

<net id="169"><net_src comp="150" pin="3"/><net_sink comp="164" pin=0"/></net>

<net id="175"><net_src comp="143" pin="3"/><net_sink comp="170" pin=0"/></net>

<net id="181"><net_src comp="136" pin="3"/><net_sink comp="176" pin=0"/></net>

<net id="187"><net_src comp="129" pin="3"/><net_sink comp="182" pin=0"/></net>

<net id="193"><net_src comp="122" pin="3"/><net_sink comp="188" pin=0"/></net>

<net id="199"><net_src comp="115" pin="3"/><net_sink comp="194" pin=0"/></net>

<net id="205"><net_src comp="108" pin="3"/><net_sink comp="200" pin=0"/></net>

<net id="211"><net_src comp="157" pin="3"/><net_sink comp="206" pin=0"/></net>

<net id="216"><net_src comp="70" pin="0"/><net_sink comp="212" pin=0"/></net>

<net id="221"><net_src comp="50" pin="0"/><net_sink comp="217" pin=0"/></net>

<net id="228"><net_src comp="222" pin="1"/><net_sink comp="225" pin=0"/></net>

<net id="233"><net_src comp="225" pin="1"/><net_sink comp="229" pin=0"/></net>

<net id="234"><net_src comp="102" pin="2"/><net_sink comp="229" pin=1"/></net>

<net id="239"><net_src comp="222" pin="1"/><net_sink comp="235" pin=0"/></net>

<net id="240"><net_src comp="54" pin="0"/><net_sink comp="235" pin=1"/></net>

<net id="245"><net_src comp="0" pin="0"/><net_sink comp="241" pin=0"/></net>

<net id="246"><net_src comp="96" pin="2"/><net_sink comp="241" pin=1"/></net>

<net id="257"><net_src comp="90" pin="2"/><net_sink comp="247" pin=0"/></net>

<net id="258"><net_src comp="56" pin="0"/><net_sink comp="247" pin=1"/></net>

<net id="259"><net_src comp="58" pin="0"/><net_sink comp="247" pin=2"/></net>

<net id="260"><net_src comp="60" pin="0"/><net_sink comp="247" pin=3"/></net>

<net id="261"><net_src comp="62" pin="0"/><net_sink comp="247" pin=4"/></net>

<net id="262"><net_src comp="64" pin="0"/><net_sink comp="247" pin=5"/></net>

<net id="263"><net_src comp="66" pin="0"/><net_sink comp="247" pin=6"/></net>

<net id="264"><net_src comp="68" pin="0"/><net_sink comp="247" pin=7"/></net>

<net id="269"><net_src comp="235" pin="2"/><net_sink comp="265" pin=0"/></net>

<net id="273"><net_src comp="270" pin="1"/><net_sink comp="108" pin=2"/></net>

<net id="274"><net_src comp="270" pin="1"/><net_sink comp="115" pin=2"/></net>

<net id="275"><net_src comp="270" pin="1"/><net_sink comp="122" pin=2"/></net>

<net id="276"><net_src comp="270" pin="1"/><net_sink comp="129" pin=2"/></net>

<net id="277"><net_src comp="270" pin="1"/><net_sink comp="136" pin=2"/></net>

<net id="278"><net_src comp="270" pin="1"/><net_sink comp="143" pin=2"/></net>

<net id="279"><net_src comp="270" pin="1"/><net_sink comp="150" pin=2"/></net>

<net id="280"><net_src comp="270" pin="1"/><net_sink comp="157" pin=2"/></net>

<net id="284"><net_src comp="86" pin="1"/><net_sink comp="281" pin=0"/></net>

<net id="285"><net_src comp="281" pin="1"/><net_sink comp="217" pin=1"/></net>

<net id="286"><net_src comp="281" pin="1"/><net_sink comp="222" pin=0"/></net>

<net id="287"><net_src comp="281" pin="1"/><net_sink comp="265" pin=1"/></net>

<net id="291"><net_src comp="90" pin="2"/><net_sink comp="288" pin=0"/></net>

<net id="295"><net_src comp="222" pin="1"/><net_sink comp="292" pin=0"/></net>

<net id="296"><net_src comp="292" pin="1"/><net_sink comp="270" pin=0"/></net>

<net id="300"><net_src comp="229" pin="2"/><net_sink comp="297" pin=0"/></net>

<net id="304"><net_src comp="241" pin="2"/><net_sink comp="301" pin=0"/></net>

<net id="305"><net_src comp="301" pin="1"/><net_sink comp="212" pin=1"/></net>

<net id="309"><net_src comp="212" pin="2"/><net_sink comp="306" pin=0"/></net>

<net id="310"><net_src comp="306" pin="1"/><net_sink comp="164" pin=1"/></net>

<net id="311"><net_src comp="306" pin="1"/><net_sink comp="170" pin=1"/></net>

<net id="312"><net_src comp="306" pin="1"/><net_sink comp="176" pin=1"/></net>

<net id="313"><net_src comp="306" pin="1"/><net_sink comp="182" pin=1"/></net>

<net id="314"><net_src comp="306" pin="1"/><net_sink comp="188" pin=1"/></net>

<net id="315"><net_src comp="306" pin="1"/><net_sink comp="194" pin=1"/></net>

<net id="316"><net_src comp="306" pin="1"/><net_sink comp="200" pin=1"/></net>

<net id="317"><net_src comp="306" pin="1"/><net_sink comp="206" pin=1"/></net>

</net_list>

</model> 
---------------- Datapath Model END ------------------

* FSMD analyzer results:
  - Output states:
	Port: gmem0 | {}
	Port: arith_encode_unsigned_char_const_int_unsigned_char_buf | {3 }
	Port: arith_encode_unsigned_char_const_int_unsigned_char_buf_2 | {3 }
	Port: arith_encode_unsigned_char_const_int_unsigned_char_buf_3 | {3 }
	Port: arith_encode_unsigned_char_const_int_unsigned_char_buf_4 | {3 }
	Port: arith_encode_unsigned_char_const_int_unsigned_char_buf_5 | {3 }
	Port: arith_encode_unsigned_char_const_int_unsigned_char_buf_6 | {3 }
	Port: arith_encode_unsigned_char_const_int_unsigned_char_buf_7 | {3 }
	Port: arith_encode_unsigned_char_const_int_unsigned_char_buf_8 | {3 }
 - Input state : 
	Port: arith_encode_Pipeline_VITIS_LOOP_66_1 : gmem0 | {2 }
	Port: arith_encode_Pipeline_VITIS_LOOP_66_1 : smax | {1 }
	Port: arith_encode_Pipeline_VITIS_LOOP_66_1 : add_ln63 | {1 }
	Port: arith_encode_Pipeline_VITIS_LOOP_66_1 : empty | {1 }
	Port: arith_encode_Pipeline_VITIS_LOOP_66_1 : arith_encode_unsigned_char_const_int_unsigned_char_buf | {}
	Port: arith_encode_Pipeline_VITIS_LOOP_66_1 : arith_encode_unsigned_char_const_int_unsigned_char_buf_2 | {}
	Port: arith_encode_Pipeline_VITIS_LOOP_66_1 : arith_encode_unsigned_char_const_int_unsigned_char_buf_3 | {}
	Port: arith_encode_Pipeline_VITIS_LOOP_66_1 : arith_encode_unsigned_char_const_int_unsigned_char_buf_4 | {}
	Port: arith_encode_Pipeline_VITIS_LOOP_66_1 : arith_encode_unsigned_char_const_int_unsigned_char_buf_5 | {}
	Port: arith_encode_Pipeline_VITIS_LOOP_66_1 : arith_encode_unsigned_char_const_int_unsigned_char_buf_6 | {}
	Port: arith_encode_Pipeline_VITIS_LOOP_66_1 : arith_encode_unsigned_char_const_int_unsigned_char_buf_7 | {}
	Port: arith_encode_Pipeline_VITIS_LOOP_66_1 : arith_encode_unsigned_char_const_int_unsigned_char_buf_8 | {}
  - Chain level:
	State 1
		store_ln66 : 1
		i_2 : 1
		zext_ln66 : 2
		icmp_ln66 : 3
		add_ln66 : 2
		br_ln66 : 4
		store_ln66 : 3
	State 2
	State 3
		arith_encode_unsigned_char_const_int_unsigned_char_buf_addr : 1
		arith_encode_unsigned_char_const_int_unsigned_char_buf_2_addr : 1
		arith_encode_unsigned_char_const_int_unsigned_char_buf_3_addr : 1
		arith_encode_unsigned_char_const_int_unsigned_char_buf_4_addr : 1
		arith_encode_unsigned_char_const_int_unsigned_char_buf_5_addr : 1
		arith_encode_unsigned_char_const_int_unsigned_char_buf_6_addr : 1
		arith_encode_unsigned_char_const_int_unsigned_char_buf_7_addr : 1
		arith_encode_unsigned_char_const_int_unsigned_char_buf_8_addr : 1
		store_ln66 : 2
		store_ln66 : 2
		store_ln66 : 2
		store_ln66 : 2
		store_ln66 : 2
		store_ln66 : 2
		store_ln66 : 2
		store_ln66 : 2


============================================================
+ Verbose Summary: Datapath Resource usage 
============================================================

* Functional unit list:
|----------|-----------------------------|---------|---------|
| Operation|       Functional Unit       |    FF   |   LUT   |
|----------|-----------------------------|---------|---------|
|   icmp   |       icmp_ln66_fu_229      |    0    |    38   |
|----------|-----------------------------|---------|---------|
|    add   |       add_ln66_fu_235       |    0    |    17   |
|----------|-----------------------------|---------|---------|
|          |        tmp_read_fu_90       |    0    |    0    |
|   read   |   add_ln63_read_read_fu_96  |    0    |    0    |
|          |    smax_read_read_fu_102    |    0    |    0    |
|          | gmem0_addr_read_read_fu_212 |    0    |    0    |
|----------|-----------------------------|---------|---------|
|   zext   |       zext_ln66_fu_225      |    0    |    0    |
|          |      zext_ln66_1_fu_270     |    0    |    0    |
|----------|-----------------------------|---------|---------|
|  switch  |      switch_ln66_fu_247     |    0    |    0    |
|----------|-----------------------------|---------|---------|
|   Total  |                             |    0    |    55   |
|----------|-----------------------------|---------|---------|

Memories:
N/A

* Register list:
+-----------------------+--------+
|                       |   FF   |
+-----------------------+--------+
|gmem0_addr_read_reg_306|    8   |
|   gmem0_addr_reg_301  |    8   |
|      i_2_reg_292      |   10   |
|       i_reg_281       |   10   |
|   icmp_ln66_reg_297   |    1   |
|      tmp_reg_288      |    3   |
+-----------------------+--------+
|         Total         |   40   |
+-----------------------+--------+

* Multiplexer (MUX) list: 
|--------|------|------|------|--------|
|  Comp  |  Pin | Size |  BW  | S x BW |
|--------|------|------|------|--------|
|  Total |      |      |      |    0   |
|--------|------|------|------|--------|



* Summary:
+-----------+--------+--------+
|           |   FF   |   LUT  |
+-----------+--------+--------+
|  Function |    0   |   55   |
|   Memory  |    -   |    -   |
|Multiplexer|    -   |    -   |
|  Register |   40   |    -   |
+-----------+--------+--------+
|   Total   |   40   |   55   |
+-----------+--------+--------+
