directive:1:1: warning: HLS pragma dump _XLX_SEP_ PragmaIsValid=1_XLX_SEP_ PragmaType=top_XLX_SEP_ PragmaContext=directive_XLX_SEP_ PragmaFunction=arith_encode_XLX_SEP_ PragmaOptions=name=arith_encode_XLX_SEP_ [-Wdump-hls-pragmas]
#pragma HLSDIRECTIVE TOP name=arith_encode
^
arith5.cpp:41:1: warning: HLS pragma dump _XLX_SEP_ PragmaIsValid=1_XLX_SEP_ PragmaType=interface_XLX_SEP_ PragmaContext=hls_XLX_SEP_ PragmaFunction=arith_encode_XLX_SEP_ PragmaOptions=m_axi port=in offset=slave bundle=gmem0_XLX_SEP_ [-Wdump-hls-pragmas]
#pragma HLS INTERFACE m_axi port=in offset=slave bundle=gmem0
^
arith5.cpp:44:1: warning: HLS pragma dump _XLX_SEP_ PragmaIsValid=1_XLX_SEP_ PragmaType=interface_XLX_SEP_ PragmaContext=hls_XLX_SEP_ PragmaFunction=arith_encode_XLX_SEP_ PragmaOptions=m_axi port=out offset=slave bundle=gmem1_XLX_SEP_ [-Wdump-hls-pragmas]
#pragma HLS INTERFACE m_axi port=out offset=slave bundle=gmem1
^
arith5.cpp:50:1: warning: HLS pragma dump _XLX_SEP_ PragmaIsValid=1_XLX_SEP_ PragmaType=array_partition_XLX_SEP_ PragmaContext=hls_XLX_SEP_ PragmaFunction=arith_encode_XLX_SEP_ PragmaOptions=variable=buf dim=1 complete_XLX_SEP_ [-Wdump-hls-pragmas]
#pragma HLS ARRAY_PARTITION variable=buf dim=1 complete
^
arith5.cpp:54:1: warning: HLS pragma dump _XLX_SEP_ PragmaIsValid=1_XLX_SEP_ PragmaType=array_partition_XLX_SEP_ PragmaContext=hls_XLX_SEP_ PragmaFunction=arith_encode_XLX_SEP_ PragmaOptions=variable=cout dim=1 complete_XLX_SEP_ [-Wdump-hls-pragmas]
#pragma HLS ARRAY_PARTITION variable=cout dim=1 complete
^
arith5.cpp:58:1: warning: HLS pragma dump _XLX_SEP_ PragmaIsValid=1_XLX_SEP_ PragmaType=array_partition_XLX_SEP_ PragmaContext=hls_XLX_SEP_ PragmaFunction=arith_encode_XLX_SEP_ PragmaOptions=variable=clen dim=1 complete_XLX_SEP_ [-Wdump-hls-pragmas]
#pragma HLS ARRAY_PARTITION variable=clen dim=1 complete
^
arith5.cpp:74:1: warning: HLS pragma dump _XLX_SEP_ PragmaIsValid=1_XLX_SEP_ PragmaType=unroll_XLX_SEP_ PragmaContext=hls_XLX_SEP_ PragmaFunction=arith_encode_XLX_SEP_ PragmaOptions=_XLX_SEP_ [-Wdump-hls-pragmas]
#pragma HLS UNROLL
^
7 warnings generated.
