

================================================================
== Vitis HLS Report for 'arith_encode_Pipeline_Header'
================================================================
* Date:           Sat Aug  1 19:34:09 2026

* Version:        2025.2.1 (Build 6397637 on Mar 18 2026)
* Project:        work_k8_report
* Solution:       hls (Vitis Kernel Flow Target)
* Product family: zynquplus
* Target device:  xck26-sfvc784-2LV-c


================================================================
== Performance Estimates
================================================================
+ Timing: 
    * Summary: 
    +--------+---------+----------+------------+
    |  Clock |  Target | Estimated| Uncertainty|
    +--------+---------+----------+------------+
    |ap_clk  |  5.00 ns|  1.224 ns|     1.35 ns|
    +--------+---------+----------+------------+

+ Latency: 
    * Summary: 
    +---------+---------+-----------+-----------+-----+-----+-------------------+
    |  Latency (cycles) |   Latency (absolute)  |  Interval |      Pipeline     |
    |   min   |   max   |    min    |    max    | min | max |        Type       |
    +---------+---------+-----------+-----------+-----+-----+-------------------+
    |       10|       10|  50.000 ns|  50.000 ns|    0|    0|  loop pipeline stp|
    +---------+---------+-----------+-----------+-----+-----+-------------------+

    + Detail: 
        * Instance: 
        N/A

        * Loop: 
        +----------+---------+---------+----------+-----------+-----------+------+----------+
        |          |  Latency (cycles) | Iteration|  Initiation Interval  | Trip |          |
        | Loop Name|   min   |   max   |  Latency |  achieved |   target  | Count| Pipelined|
        +----------+---------+---------+----------+-----------+-----------+------+----------+
        |- Header  |        8|        8|         1|          1|          1|     8|       yes|
        +----------+---------+---------+----------+-----------+-----------+------+----------+

============================================================
+ Verbose Summary: Synthesis Manager
============================================================
InlineROM: 1
ExposeGlobal: 0
============================================================
+ Verbose Summary: CDFG Model
============================================================
IsTopModel: 0
ResetActiveHigh: 1
IsCombinational: 0
IsDatapathOnly: 0
HasWiredReturn: 1
HasMFsm: 2
HasVarLatency: 1
IsPipeline: 0
IsRtlPipelined: 0
IsInstanceOverlapped: 0
IsDontTouch: 0
HasImplIP: 0
IsGatedGlobalClock: 0

+ Individual pipeline summary: 
  * Pipeline-0: initiation interval (II) = 1, depth = 2


============================================================
+ Verbose Summary: Schedule
============================================================
* Number of FSM states : 2
* Pipeline : 1
  Pipeline-0 : II = 1, D = 2, States = { 1 2 }
* Dataflow Pipeline: 0

* FSM state transitions: 
1 --> 2 
2 --> 

* FSM state operations: 

State 1 <SV = 0> <Delay = 0.42>
ST_1 : Operation 4 [1/1] (0.00ns)   --->   "%shiftreg = alloca i32 1"   --->   Operation 4 'alloca' 'shiftreg' <Predicate = true> <Delay = 0.00>
ST_1 : Operation 5 [1/1] (0.00ns)   --->   "%c = alloca i32 1" [arith5.cpp:83]   --->   Operation 5 'alloca' 'c' <Predicate = true> <Delay = 0.00>
ST_1 : Operation 6 [1/1] (0.00ns)   --->   "%tmp_8 = read i16 @_ssdm_op_Read.ap_auto.i16, i16 %empty"   --->   Operation 6 'read' 'tmp_8' <Predicate = true> <Delay = 0.00>
ST_1 : Operation 7 [1/1] (0.00ns)   --->   "%tmp_9 = read i16 @_ssdm_op_Read.ap_auto.i16, i16 %empty_43"   --->   Operation 7 'read' 'tmp_9' <Predicate = true> <Delay = 0.00>
ST_1 : Operation 8 [1/1] (0.00ns)   --->   "%tmp_10 = read i16 @_ssdm_op_Read.ap_auto.i16, i16 %empty_42"   --->   Operation 8 'read' 'tmp_10' <Predicate = true> <Delay = 0.00>
ST_1 : Operation 9 [1/1] (0.00ns)   --->   "%tmp_11 = read i16 @_ssdm_op_Read.ap_auto.i16, i16 %empty_41"   --->   Operation 9 'read' 'tmp_11' <Predicate = true> <Delay = 0.00>
ST_1 : Operation 10 [1/1] (0.00ns)   --->   "%tmp_12 = read i16 @_ssdm_op_Read.ap_auto.i16, i16 %empty_40"   --->   Operation 10 'read' 'tmp_12' <Predicate = true> <Delay = 0.00>
ST_1 : Operation 11 [1/1] (0.00ns)   --->   "%tmp_13 = read i16 @_ssdm_op_Read.ap_auto.i16, i16 %empty_39"   --->   Operation 11 'read' 'tmp_13' <Predicate = true> <Delay = 0.00>
ST_1 : Operation 12 [1/1] (0.00ns)   --->   "%tmp_14 = read i16 @_ssdm_op_Read.ap_auto.i16, i16 %empty_38"   --->   Operation 12 'read' 'tmp_14' <Predicate = true> <Delay = 0.00>
ST_1 : Operation 13 [1/1] (0.00ns)   --->   "%tmp_15 = read i16 @_ssdm_op_Read.ap_auto.i16, i16 %empty_37"   --->   Operation 13 'read' 'tmp_15' <Predicate = true> <Delay = 0.00>
ST_1 : Operation 14 [1/1] (0.42ns)   --->   "%store_ln83 = store i4 0, i4 %c" [arith5.cpp:83]   --->   Operation 14 'store' 'store_ln83' <Predicate = true> <Delay = 0.42>
ST_1 : Operation 15 [1/1] (0.42ns)   --->   "%store_ln0 = store i128 0, i128 %shiftreg"   --->   Operation 15 'store' 'store_ln0' <Predicate = true> <Delay = 0.42>
ST_1 : Operation 16 [1/1] (0.00ns)   --->   "%br_ln0 = br void %for.inc59"   --->   Operation 16 'br' 'br_ln0' <Predicate = true> <Delay = 0.00>

State 2 <SV = 1> <Delay = 1.22>
ST_2 : Operation 17 [1/1] (0.00ns)   --->   "%c_1 = load i4 %c" [arith5.cpp:83]   --->   Operation 17 'load' 'c_1' <Predicate = true> <Delay = 0.00>
ST_2 : Operation 18 [1/1] (0.79ns)   --->   "%icmp_ln83 = icmp_eq  i4 %c_1, i4 8" [arith5.cpp:83]   --->   Operation 18 'icmp' 'icmp_ln83' <Predicate = true> <Delay = 0.79> <CoreInst = "Cmp">   --->   Core 9 'Cmp' <Latency = 0> <II = 1> <Delay = 0.79> <FuncUnit> <Opcode : 'seteq' 'setne' 'setle' 'setge' 'setlt' 'setgt'> <InPorts = 2> <OutPorts = 1>
ST_2 : Operation 19 [1/1] (0.79ns)   --->   "%add_ln83 = add i4 %c_1, i4 1" [arith5.cpp:83]   --->   Operation 19 'add' 'add_ln83' <Predicate = true> <Delay = 0.79> <CoreInst = "Adder">   --->   Core 1 'Adder' <Latency = 0> <II = 1> <Delay = 0.79> <FuncUnit> <Opcode : 'add' 'sub'> <InPorts = 2> <OutPorts = 1>
ST_2 : Operation 20 [1/1] (0.00ns)   --->   "%br_ln83 = br i1 %icmp_ln83, void %for.inc59.split, void %Concat.exitStub" [arith5.cpp:83]   --->   Operation 20 'br' 'br_ln83' <Predicate = true> <Delay = 0.00>
ST_2 : Operation 21 [1/1] (0.00ns)   --->   "%shiftreg_load_1 = load i128 %shiftreg" [arith5.cpp:83]   --->   Operation 21 'load' 'shiftreg_load_1' <Predicate = (!icmp_ln83)> <Delay = 0.00>
ST_2 : Operation 22 [1/1] (0.00ns)   --->   "%trunc_ln83 = trunc i4 %c_1" [arith5.cpp:83]   --->   Operation 22 'trunc' 'trunc_ln83' <Predicate = (!icmp_ln83)> <Delay = 0.00>
ST_2 : Operation 23 [1/1] (0.00ns)   --->   "%specpipeline_ln83 = specpipeline void @_ssdm_op_SpecPipeline, i32 4294967295, i32 0, i32 0, i32 0, i32 4294967295, void @empty_18" [arith5.cpp:83]   --->   Operation 23 'specpipeline' 'specpipeline_ln83' <Predicate = (!icmp_ln83)> <Delay = 0.00>
ST_2 : Operation 24 [1/1] (0.00ns)   --->   "%speclooptripcount_ln83 = speclooptripcount void @_ssdm_op_SpecLoopTripCount, i64 8, i64 8, i64 8" [arith5.cpp:83]   --->   Operation 24 'speclooptripcount' 'speclooptripcount_ln83' <Predicate = (!icmp_ln83)> <Delay = 0.00>
ST_2 : Operation 25 [1/1] (0.00ns)   --->   "%specloopname_ln83 = specloopname void @_ssdm_op_SpecLoopName, void @empty_13" [arith5.cpp:83]   --->   Operation 25 'specloopname' 'specloopname_ln83' <Predicate = (!icmp_ln83)> <Delay = 0.00>
ST_2 : Operation 26 [1/1] (0.72ns)   --->   "%tmp = sparsemux i16 @_ssdm_op_SparseMux.ap_auto.8i16.i16.i3, i3 0, i16 %tmp_15, i3 1, i16 %tmp_14, i3 2, i16 %tmp_13, i3 3, i16 %tmp_12, i3 4, i16 %tmp_11, i3 5, i16 %tmp_10, i3 6, i16 %tmp_9, i3 7, i16 %tmp_8, i16 0, i3 %trunc_ln83" [arith5.cpp:84]   --->   Operation 26 'sparsemux' 'tmp' <Predicate = (!icmp_ln83)> <Delay = 0.72> <CoreInst = "BinarySparseMux_DontCare">   --->   Core 149 'BinarySparseMux_DontCare' <Latency = 0> <II = 1> <Delay = 0.72> <FuncUnit> <Opcode : 'sparsemux'> <InPorts = 2> <OutPorts = 1>
ST_2 : Operation 27 [1/1] (0.00ns)   --->   "%lshr_ln = partselect i112 @_ssdm_op_PartSelect.i112.i128.i32.i32, i128 %shiftreg_load_1, i32 16, i32 127" [arith5.cpp:83]   --->   Operation 27 'partselect' 'lshr_ln' <Predicate = (!icmp_ln83)> <Delay = 0.00>
ST_2 : Operation 28 [1/1] (0.00ns)   --->   "%or_ln = bitconcatenate i128 @_ssdm_op_BitConcatenate.i128.i16.i112, i16 %tmp, i112 %lshr_ln" [arith5.cpp:83]   --->   Operation 28 'bitconcatenate' 'or_ln' <Predicate = (!icmp_ln83)> <Delay = 0.00>
ST_2 : Operation 29 [1/1] (0.42ns)   --->   "%store_ln83 = store i4 %add_ln83, i4 %c" [arith5.cpp:83]   --->   Operation 29 'store' 'store_ln83' <Predicate = (!icmp_ln83)> <Delay = 0.42>
ST_2 : Operation 30 [1/1] (0.42ns)   --->   "%store_ln83 = store i128 %or_ln, i128 %shiftreg" [arith5.cpp:83]   --->   Operation 30 'store' 'store_ln83' <Predicate = (!icmp_ln83)> <Delay = 0.42>
ST_2 : Operation 31 [1/1] (0.00ns)   --->   "%br_ln83 = br void %for.inc59" [arith5.cpp:83]   --->   Operation 31 'br' 'br_ln83' <Predicate = (!icmp_ln83)> <Delay = 0.00>
ST_2 : Operation 32 [1/1] (0.00ns)   --->   "%shiftreg_load = load i128 %shiftreg"   --->   Operation 32 'load' 'shiftreg_load' <Predicate = (icmp_ln83)> <Delay = 0.00>
ST_2 : Operation 33 [1/1] (0.00ns)   --->   "%write_ln0 = write void @_ssdm_op_Write.ap_auto.i128P0A, i128 %shiftreg_out, i128 %shiftreg_load"   --->   Operation 33 'write' 'write_ln0' <Predicate = (icmp_ln83)> <Delay = 0.00>
ST_2 : Operation 34 [1/1] (0.42ns)   --->   "%ret_ln0 = ret"   --->   Operation 34 'ret' 'ret_ln0' <Predicate = (icmp_ln83)> <Delay = 0.42>


============================================================
+ Verbose Summary: Binding
============================================================
STG Binding: 
---------------- STG Properties BEGIN ----------------
- Is combinational: 0
- Is one-state seq: 0
- Is datapath-only: 0
- Is pipelined: 0
- Is top level: 0
Port [ Return ] is wired: 1; IO mode=ap_ctrl_hs:ce=0
Port [ empty_37]:  wired=1; compound=0; hidden=0; nouse=0; global=0; static=0; extern=0; dir=0; type=0; pingpong=0; private_global=0; IO mode=ap_none:ce=0
Port [ empty_38]:  wired=1; compound=0; hidden=0; nouse=0; global=0; static=0; extern=0; dir=0; type=0; pingpong=0; private_global=0; IO mode=ap_none:ce=0
Port [ empty_39]:  wired=1; compound=0; hidden=0; nouse=0; global=0; static=0; extern=0; dir=0; type=0; pingpong=0; private_global=0; IO mode=ap_none:ce=0
Port [ empty_40]:  wired=1; compound=0; hidden=0; nouse=0; global=0; static=0; extern=0; dir=0; type=0; pingpong=0; private_global=0; IO mode=ap_none:ce=0
Port [ empty_41]:  wired=1; compound=0; hidden=0; nouse=0; global=0; static=0; extern=0; dir=0; type=0; pingpong=0; private_global=0; IO mode=ap_none:ce=0
Port [ empty_42]:  wired=1; compound=0; hidden=0; nouse=0; global=0; static=0; extern=0; dir=0; type=0; pingpong=0; private_global=0; IO mode=ap_none:ce=0
Port [ empty_43]:  wired=1; compound=0; hidden=0; nouse=0; global=0; static=0; extern=0; dir=0; type=0; pingpong=0; private_global=0; IO mode=ap_none:ce=0
Port [ empty]:  wired=1; compound=0; hidden=0; nouse=0; global=0; static=0; extern=0; dir=0; type=0; pingpong=0; private_global=0; IO mode=ap_none:ce=0
Port [ shiftreg_out]:  wired=1; compound=0; hidden=0; nouse=0; global=0; static=0; extern=0; dir=1; type=0; pingpong=0; private_global=0; IO mode=ap_vld:ce=0
---------------- STG Properties END ------------------

---------------- Datapath Model BEGIN ----------------

<LifeTime>
<method=bitvector/>
shiftreg               (alloca           ) [ 011]
c                      (alloca           ) [ 011]
tmp_8                  (read             ) [ 011]
tmp_9                  (read             ) [ 011]
tmp_10                 (read             ) [ 011]
tmp_11                 (read             ) [ 011]
tmp_12                 (read             ) [ 011]
tmp_13                 (read             ) [ 011]
tmp_14                 (read             ) [ 011]
tmp_15                 (read             ) [ 011]
store_ln83             (store            ) [ 000]
store_ln0              (store            ) [ 000]
br_ln0                 (br               ) [ 000]
c_1                    (load             ) [ 000]
icmp_ln83              (icmp             ) [ 011]
add_ln83               (add              ) [ 000]
br_ln83                (br               ) [ 000]
shiftreg_load_1        (load             ) [ 000]
trunc_ln83             (trunc            ) [ 000]
specpipeline_ln83      (specpipeline     ) [ 000]
speclooptripcount_ln83 (speclooptripcount) [ 000]
specloopname_ln83      (specloopname     ) [ 000]
tmp                    (sparsemux        ) [ 000]
lshr_ln                (partselect       ) [ 000]
or_ln                  (bitconcatenate   ) [ 000]
store_ln83             (store            ) [ 000]
store_ln83             (store            ) [ 000]
br_ln83                (br               ) [ 000]
shiftreg_load          (load             ) [ 000]
write_ln0              (write            ) [ 000]
ret_ln0                (ret              ) [ 000]
</LifeTime>

<model>

<comp_list>
<comp id="0" class="1000" name="empty_37">
<pin_list>
<pin id="1" dir="1" index="0" bw="1" slack="0"/>
</pin_list>
<bind>
<StgValue><ssdm name="empty_37"/></StgValue>
</bind>
</comp>

<comp id="2" class="1000" name="empty_38">
<pin_list>
<pin id="3" dir="1" index="0" bw="1" slack="0"/>
</pin_list>
<bind>
<StgValue><ssdm name="empty_38"/></StgValue>
</bind>
</comp>

<comp id="4" class="1000" name="empty_39">
<pin_list>
<pin id="5" dir="1" index="0" bw="1" slack="0"/>
</pin_list>
<bind>
<StgValue><ssdm name="empty_39"/></StgValue>
</bind>
</comp>

<comp id="6" class="1000" name="empty_40">
<pin_list>
<pin id="7" dir="1" index="0" bw="1" slack="0"/>
</pin_list>
<bind>
<StgValue><ssdm name="empty_40"/></StgValue>
</bind>
</comp>

<comp id="8" class="1000" name="empty_41">
<pin_list>
<pin id="9" dir="1" index="0" bw="1" slack="0"/>
</pin_list>
<bind>
<StgValue><ssdm name="empty_41"/></StgValue>
</bind>
</comp>

<comp id="10" class="1000" name="empty_42">
<pin_list>
<pin id="11" dir="1" index="0" bw="1" slack="0"/>
</pin_list>
<bind>
<StgValue><ssdm name="empty_42"/></StgValue>
</bind>
</comp>

<comp id="12" class="1000" name="empty_43">
<pin_list>
<pin id="13" dir="1" index="0" bw="1" slack="0"/>
</pin_list>
<bind>
<StgValue><ssdm name="empty_43"/></StgValue>
</bind>
</comp>

<comp id="14" class="1000" name="empty">
<pin_list>
<pin id="15" dir="1" index="0" bw="1" slack="0"/>
</pin_list>
<bind>
<StgValue><ssdm name="empty"/></StgValue>
</bind>
</comp>

<comp id="16" class="1000" name="shiftreg_out">
<pin_list>
<pin id="17" dir="1" index="0" bw="1" slack="0"/>
</pin_list>
<bind>
<StgValue><ssdm name="shiftreg_out"/></StgValue>
</bind>
</comp>

<comp id="18" class="1001" name="const_18">
<pin_list>
<pin id="19" dir="1" index="0" bw="1" slack="0"/>
</pin_list>
<bind>
<StgValue><ssdm name=""/></StgValue>
</bind>
</comp>

<comp id="20" class="1001" name="const_20">
<pin_list>
<pin id="21" dir="1" index="0" bw="1" slack="0"/>
</pin_list>
<bind>
<StgValue><ssdm name="_ssdm_op_Read.ap_auto.i16"/></StgValue>
</bind>
</comp>

<comp id="22" class="1001" name="const_22">
<pin_list>
<pin id="23" dir="1" index="0" bw="1" slack="0"/>
</pin_list>
<bind>
<StgValue><ssdm name=""/></StgValue>
</bind>
</comp>

<comp id="24" class="1001" name="const_24">
<pin_list>
<pin id="25" dir="1" index="0" bw="1" slack="0"/>
</pin_list>
<bind>
<StgValue><ssdm name=""/></StgValue>
</bind>
</comp>

<comp id="26" class="1001" name="const_26">
<pin_list>
<pin id="27" dir="1" index="0" bw="1" slack="0"/>
</pin_list>
<bind>
<StgValue><ssdm name=""/></StgValue>
</bind>
</comp>

<comp id="28" class="1001" name="const_28">
<pin_list>
<pin id="29" dir="1" index="0" bw="1" slack="0"/>
</pin_list>
<bind>
<StgValue><ssdm name=""/></StgValue>
</bind>
</comp>

<comp id="30" class="1001" name="const_30">
<pin_list>
<pin id="31" dir="1" index="0" bw="1" slack="2147483647"/>
</pin_list>
<bind>
<StgValue><ssdm name="_ssdm_op_SpecPipeline"/></StgValue>
</bind>
</comp>

<comp id="32" class="1001" name="const_32">
<pin_list>
<pin id="33" dir="1" index="0" bw="1" slack="2147483647"/>
</pin_list>
<bind>
<StgValue><ssdm name=""/></StgValue>
</bind>
</comp>

<comp id="34" class="1001" name="const_34">
<pin_list>
<pin id="35" dir="1" index="0" bw="1" slack="2147483647"/>
</pin_list>
<bind>
<StgValue><ssdm name=""/></StgValue>
</bind>
</comp>

<comp id="36" class="1001" name="const_36">
<pin_list>
<pin id="37" dir="1" index="0" bw="1" slack="2147483647"/>
</pin_list>
<bind>
<StgValue><ssdm name="empty_18"/></StgValue>
</bind>
</comp>

<comp id="38" class="1001" name="const_38">
<pin_list>
<pin id="39" dir="1" index="0" bw="1" slack="2147483647"/>
</pin_list>
<bind>
<StgValue><ssdm name="_ssdm_op_SpecLoopTripCount"/></StgValue>
</bind>
</comp>

<comp id="40" class="1001" name="const_40">
<pin_list>
<pin id="41" dir="1" index="0" bw="1" slack="2147483647"/>
</pin_list>
<bind>
<StgValue><ssdm name=""/></StgValue>
</bind>
</comp>

<comp id="42" class="1001" name="const_42">
<pin_list>
<pin id="43" dir="1" index="0" bw="1" slack="2147483647"/>
</pin_list>
<bind>
<StgValue><ssdm name="_ssdm_op_SpecLoopName"/></StgValue>
</bind>
</comp>

<comp id="44" class="1001" name="const_44">
<pin_list>
<pin id="45" dir="1" index="0" bw="1" slack="2147483647"/>
</pin_list>
<bind>
<StgValue><ssdm name="empty_13"/></StgValue>
</bind>
</comp>

<comp id="46" class="1001" name="const_46">
<pin_list>
<pin id="47" dir="1" index="0" bw="1" slack="0"/>
</pin_list>
<bind>
<StgValue><ssdm name="_ssdm_op_SparseMux.ap_auto.8i16.i16.i3"/></StgValue>
</bind>
</comp>

<comp id="48" class="1001" name="const_48">
<pin_list>
<pin id="49" dir="1" index="0" bw="1" slack="0"/>
</pin_list>
<bind>
<StgValue><ssdm name=""/></StgValue>
</bind>
</comp>

<comp id="50" class="1001" name="const_50">
<pin_list>
<pin id="51" dir="1" index="0" bw="1" slack="0"/>
</pin_list>
<bind>
<StgValue><ssdm name=""/></StgValue>
</bind>
</comp>

<comp id="52" class="1001" name="const_52">
<pin_list>
<pin id="53" dir="1" index="0" bw="1" slack="0"/>
</pin_list>
<bind>
<StgValue><ssdm name=""/></StgValue>
</bind>
</comp>

<comp id="54" class="1001" name="const_54">
<pin_list>
<pin id="55" dir="1" index="0" bw="1" slack="0"/>
</pin_list>
<bind>
<StgValue><ssdm name=""/></StgValue>
</bind>
</comp>

<comp id="56" class="1001" name="const_56">
<pin_list>
<pin id="57" dir="1" index="0" bw="1" slack="0"/>
</pin_list>
<bind>
<StgValue><ssdm name=""/></StgValue>
</bind>
</comp>

<comp id="58" class="1001" name="const_58">
<pin_list>
<pin id="59" dir="1" index="0" bw="1" slack="0"/>
</pin_list>
<bind>
<StgValue><ssdm name=""/></StgValue>
</bind>
</comp>

<comp id="60" class="1001" name="const_60">
<pin_list>
<pin id="61" dir="1" index="0" bw="1" slack="0"/>
</pin_list>
<bind>
<StgValue><ssdm name=""/></StgValue>
</bind>
</comp>

<comp id="62" class="1001" name="const_62">
<pin_list>
<pin id="63" dir="1" index="0" bw="1" slack="0"/>
</pin_list>
<bind>
<StgValue><ssdm name=""/></StgValue>
</bind>
</comp>

<comp id="64" class="1001" name="const_64">
<pin_list>
<pin id="65" dir="1" index="0" bw="1" slack="0"/>
</pin_list>
<bind>
<StgValue><ssdm name=""/></StgValue>
</bind>
</comp>

<comp id="66" class="1001" name="const_66">
<pin_list>
<pin id="67" dir="1" index="0" bw="1" slack="0"/>
</pin_list>
<bind>
<StgValue><ssdm name="_ssdm_op_PartSelect.i112.i128.i32.i32"/></StgValue>
</bind>
</comp>

<comp id="68" class="1001" name="const_68">
<pin_list>
<pin id="69" dir="1" index="0" bw="1" slack="0"/>
</pin_list>
<bind>
<StgValue><ssdm name=""/></StgValue>
</bind>
</comp>

<comp id="70" class="1001" name="const_70">
<pin_list>
<pin id="71" dir="1" index="0" bw="1" slack="0"/>
</pin_list>
<bind>
<StgValue><ssdm name=""/></StgValue>
</bind>
</comp>

<comp id="72" class="1001" name="const_72">
<pin_list>
<pin id="73" dir="1" index="0" bw="1" slack="0"/>
</pin_list>
<bind>
<StgValue><ssdm name="_ssdm_op_BitConcatenate.i128.i16.i112"/></StgValue>
</bind>
</comp>

<comp id="74" class="1001" name="const_74">
<pin_list>
<pin id="75" dir="1" index="0" bw="1" slack="0"/>
</pin_list>
<bind>
<StgValue><ssdm name="_ssdm_op_Write.ap_auto.i128P0A"/></StgValue>
</bind>
</comp>

<comp id="76" class="1004" name="shiftreg_fu_76">
<pin_list>
<pin id="77" dir="0" index="0" bw="1" slack="0"/>
<pin id="78" dir="1" index="1" bw="128" slack="0"/>
</pin_list>
<bind>
<opcode="alloca(26) " fcode="alloca"/>
<opset="shiftreg/1 "/>
</bind>
</comp>

<comp id="80" class="1004" name="c_fu_80">
<pin_list>
<pin id="81" dir="0" index="0" bw="1" slack="0"/>
<pin id="82" dir="1" index="1" bw="4" slack="0"/>
</pin_list>
<bind>
<opcode="alloca(26) " fcode="alloca"/>
<opset="c/1 "/>
</bind>
</comp>

<comp id="84" class="1004" name="tmp_8_read_fu_84">
<pin_list>
<pin id="85" dir="0" index="0" bw="16" slack="0"/>
<pin id="86" dir="0" index="1" bw="16" slack="0"/>
<pin id="87" dir="1" index="2" bw="16" slack="1"/>
</pin_list>
<bind>
<opcode="read(1150) " fcode="read"/>
<opset="tmp_8/1 "/>
</bind>
</comp>

<comp id="90" class="1004" name="tmp_9_read_fu_90">
<pin_list>
<pin id="91" dir="0" index="0" bw="16" slack="0"/>
<pin id="92" dir="0" index="1" bw="16" slack="0"/>
<pin id="93" dir="1" index="2" bw="16" slack="1"/>
</pin_list>
<bind>
<opcode="read(1150) " fcode="read"/>
<opset="tmp_9/1 "/>
</bind>
</comp>

<comp id="96" class="1004" name="tmp_10_read_fu_96">
<pin_list>
<pin id="97" dir="0" index="0" bw="16" slack="0"/>
<pin id="98" dir="0" index="1" bw="16" slack="0"/>
<pin id="99" dir="1" index="2" bw="16" slack="1"/>
</pin_list>
<bind>
<opcode="read(1150) " fcode="read"/>
<opset="tmp_10/1 "/>
</bind>
</comp>

<comp id="102" class="1004" name="tmp_11_read_fu_102">
<pin_list>
<pin id="103" dir="0" index="0" bw="16" slack="0"/>
<pin id="104" dir="0" index="1" bw="16" slack="0"/>
<pin id="105" dir="1" index="2" bw="16" slack="1"/>
</pin_list>
<bind>
<opcode="read(1150) " fcode="read"/>
<opset="tmp_11/1 "/>
</bind>
</comp>

<comp id="108" class="1004" name="tmp_12_read_fu_108">
<pin_list>
<pin id="109" dir="0" index="0" bw="16" slack="0"/>
<pin id="110" dir="0" index="1" bw="16" slack="0"/>
<pin id="111" dir="1" index="2" bw="16" slack="1"/>
</pin_list>
<bind>
<opcode="read(1150) " fcode="read"/>
<opset="tmp_12/1 "/>
</bind>
</comp>

<comp id="114" class="1004" name="tmp_13_read_fu_114">
<pin_list>
<pin id="115" dir="0" index="0" bw="16" slack="0"/>
<pin id="116" dir="0" index="1" bw="16" slack="0"/>
<pin id="117" dir="1" index="2" bw="16" slack="1"/>
</pin_list>
<bind>
<opcode="read(1150) " fcode="read"/>
<opset="tmp_13/1 "/>
</bind>
</comp>

<comp id="120" class="1004" name="tmp_14_read_fu_120">
<pin_list>
<pin id="121" dir="0" index="0" bw="16" slack="0"/>
<pin id="122" dir="0" index="1" bw="16" slack="0"/>
<pin id="123" dir="1" index="2" bw="16" slack="1"/>
</pin_list>
<bind>
<opcode="read(1150) " fcode="read"/>
<opset="tmp_14/1 "/>
</bind>
</comp>

<comp id="126" class="1004" name="tmp_15_read_fu_126">
<pin_list>
<pin id="127" dir="0" index="0" bw="16" slack="0"/>
<pin id="128" dir="0" index="1" bw="16" slack="0"/>
<pin id="129" dir="1" index="2" bw="16" slack="1"/>
</pin_list>
<bind>
<opcode="read(1150) " fcode="read"/>
<opset="tmp_15/1 "/>
</bind>
</comp>

<comp id="132" class="1004" name="write_ln0_write_fu_132">
<pin_list>
<pin id="133" dir="0" index="0" bw="0" slack="0"/>
<pin id="134" dir="0" index="1" bw="128" slack="0"/>
<pin id="135" dir="0" index="2" bw="128" slack="0"/>
<pin id="136" dir="1" index="3" bw="0" slack="2147483647"/>
</pin_list>
<bind>
<opcode="write(1151) " fcode="write"/>
<opset="write_ln0/2 "/>
</bind>
</comp>

<comp id="139" class="1004" name="store_ln83_store_fu_139">
<pin_list>
<pin id="140" dir="0" index="0" bw="1" slack="0"/>
<pin id="141" dir="0" index="1" bw="4" slack="0"/>
<pin id="142" dir="1" index="2" bw="0" slack="2147483647"/>
</pin_list>
<bind>
<opcode="store(28) " fcode="store"/>
<opset="store_ln83/1 "/>
</bind>
</comp>

<comp id="144" class="1004" name="store_ln0_store_fu_144">
<pin_list>
<pin id="145" dir="0" index="0" bw="1" slack="0"/>
<pin id="146" dir="0" index="1" bw="128" slack="0"/>
<pin id="147" dir="1" index="2" bw="0" slack="2147483647"/>
</pin_list>
<bind>
<opcode="store(28) " fcode="store"/>
<opset="store_ln0/1 "/>
</bind>
</comp>

<comp id="149" class="1004" name="c_1_load_fu_149">
<pin_list>
<pin id="150" dir="0" index="0" bw="4" slack="1"/>
<pin id="151" dir="1" index="1" bw="4" slack="0"/>
</pin_list>
<bind>
<opcode="load(27) " fcode="load"/>
<opset="c_1/2 "/>
</bind>
</comp>

<comp id="152" class="1004" name="icmp_ln83_fu_152">
<pin_list>
<pin id="153" dir="0" index="0" bw="4" slack="0"/>
<pin id="154" dir="0" index="1" bw="4" slack="0"/>
<pin id="155" dir="1" index="2" bw="1" slack="2147483647"/>
</pin_list>
<bind>
<opcode="icmp(45) " fcode="icmp"/>
<opset="icmp_ln83/2 "/>
</bind>
</comp>

<comp id="158" class="1004" name="add_ln83_fu_158">
<pin_list>
<pin id="159" dir="0" index="0" bw="4" slack="0"/>
<pin id="160" dir="0" index="1" bw="1" slack="0"/>
<pin id="161" dir="1" index="2" bw="4" slack="0"/>
</pin_list>
<bind>
<opcode="add(8) " fcode="add"/>
<opset="add_ln83/2 "/>
</bind>
</comp>

<comp id="164" class="1004" name="shiftreg_load_1_load_fu_164">
<pin_list>
<pin id="165" dir="0" index="0" bw="128" slack="1"/>
<pin id="166" dir="1" index="1" bw="128" slack="0"/>
</pin_list>
<bind>
<opcode="load(27) " fcode="load"/>
<opset="shiftreg_load_1/2 "/>
</bind>
</comp>

<comp id="167" class="1004" name="trunc_ln83_fu_167">
<pin_list>
<pin id="168" dir="0" index="0" bw="4" slack="0"/>
<pin id="169" dir="1" index="1" bw="3" slack="0"/>
</pin_list>
<bind>
<opcode="trunc(33) " fcode="trunc"/>
<opset="trunc_ln83/2 "/>
</bind>
</comp>

<comp id="171" class="1004" name="tmp_fu_171">
<pin_list>
<pin id="172" dir="0" index="0" bw="16" slack="0"/>
<pin id="173" dir="0" index="1" bw="3" slack="0"/>
<pin id="174" dir="0" index="2" bw="16" slack="1"/>
<pin id="175" dir="0" index="3" bw="3" slack="0"/>
<pin id="176" dir="0" index="4" bw="16" slack="1"/>
<pin id="177" dir="0" index="5" bw="3" slack="0"/>
<pin id="178" dir="0" index="6" bw="16" slack="1"/>
<pin id="179" dir="0" index="7" bw="3" slack="0"/>
<pin id="180" dir="0" index="8" bw="16" slack="1"/>
<pin id="181" dir="0" index="9" bw="3" slack="0"/>
<pin id="182" dir="0" index="10" bw="16" slack="1"/>
<pin id="183" dir="0" index="11" bw="3" slack="0"/>
<pin id="184" dir="0" index="12" bw="16" slack="1"/>
<pin id="185" dir="0" index="13" bw="3" slack="0"/>
<pin id="186" dir="0" index="14" bw="16" slack="1"/>
<pin id="187" dir="0" index="15" bw="3" slack="0"/>
<pin id="188" dir="0" index="16" bw="16" slack="1"/>
<pin id="189" dir="0" index="17" bw="16" slack="0"/>
<pin id="190" dir="0" index="18" bw="3" slack="0"/>
<pin id="191" dir="1" index="19" bw="16" slack="0"/>
</pin_list>
<bind>
<opcode="sparsemux(1197) " fcode="sparsemux"/>
<opset="tmp/2 "/>
</bind>
</comp>

<comp id="203" class="1004" name="lshr_ln_fu_203">
<pin_list>
<pin id="204" dir="0" index="0" bw="112" slack="0"/>
<pin id="205" dir="0" index="1" bw="128" slack="0"/>
<pin id="206" dir="0" index="2" bw="6" slack="0"/>
<pin id="207" dir="0" index="3" bw="8" slack="0"/>
<pin id="208" dir="1" index="4" bw="112" slack="0"/>
</pin_list>
<bind>
<opcode="partselect(1002) " fcode="partselect"/>
<opset="lshr_ln/2 "/>
</bind>
</comp>

<comp id="213" class="1004" name="or_ln_fu_213">
<pin_list>
<pin id="214" dir="0" index="0" bw="128" slack="0"/>
<pin id="215" dir="0" index="1" bw="16" slack="0"/>
<pin id="216" dir="0" index="2" bw="112" slack="0"/>
<pin id="217" dir="1" index="3" bw="128" slack="0"/>
</pin_list>
<bind>
<opcode="bitconcatenate(1004) " fcode="bitconcatenate"/>
<opset="or_ln/2 "/>
</bind>
</comp>

<comp id="221" class="1004" name="store_ln83_store_fu_221">
<pin_list>
<pin id="222" dir="0" index="0" bw="4" slack="0"/>
<pin id="223" dir="0" index="1" bw="4" slack="1"/>
<pin id="224" dir="1" index="2" bw="0" slack="2147483647"/>
</pin_list>
<bind>
<opcode="store(28) " fcode="store"/>
<opset="store_ln83/2 "/>
</bind>
</comp>

<comp id="226" class="1004" name="store_ln83_store_fu_226">
<pin_list>
<pin id="227" dir="0" index="0" bw="128" slack="0"/>
<pin id="228" dir="0" index="1" bw="128" slack="1"/>
<pin id="229" dir="1" index="2" bw="0" slack="2147483647"/>
</pin_list>
<bind>
<opcode="store(28) " fcode="store"/>
<opset="store_ln83/2 "/>
</bind>
</comp>

<comp id="231" class="1004" name="shiftreg_load_load_fu_231">
<pin_list>
<pin id="232" dir="0" index="0" bw="128" slack="1"/>
<pin id="233" dir="1" index="1" bw="128" slack="0"/>
</pin_list>
<bind>
<opcode="load(27) " fcode="load"/>
<opset="shiftreg_load/2 "/>
</bind>
</comp>

<comp id="235" class="1005" name="shiftreg_reg_235">
<pin_list>
<pin id="236" dir="0" index="0" bw="128" slack="0"/>
<pin id="237" dir="1" index="1" bw="128" slack="0"/>
</pin_list>
<bind>
<opset="shiftreg "/>
</bind>
</comp>

<comp id="243" class="1005" name="c_reg_243">
<pin_list>
<pin id="244" dir="0" index="0" bw="4" slack="0"/>
<pin id="245" dir="1" index="1" bw="4" slack="0"/>
</pin_list>
<bind>
<opset="c "/>
</bind>
</comp>

<comp id="250" class="1005" name="tmp_8_reg_250">
<pin_list>
<pin id="251" dir="0" index="0" bw="16" slack="1"/>
<pin id="252" dir="1" index="1" bw="16" slack="1"/>
</pin_list>
<bind>
<opset="tmp_8 "/>
</bind>
</comp>

<comp id="255" class="1005" name="tmp_9_reg_255">
<pin_list>
<pin id="256" dir="0" index="0" bw="16" slack="1"/>
<pin id="257" dir="1" index="1" bw="16" slack="1"/>
</pin_list>
<bind>
<opset="tmp_9 "/>
</bind>
</comp>

<comp id="260" class="1005" name="tmp_10_reg_260">
<pin_list>
<pin id="261" dir="0" index="0" bw="16" slack="1"/>
<pin id="262" dir="1" index="1" bw="16" slack="1"/>
</pin_list>
<bind>
<opset="tmp_10 "/>
</bind>
</comp>

<comp id="265" class="1005" name="tmp_11_reg_265">
<pin_list>
<pin id="266" dir="0" index="0" bw="16" slack="1"/>
<pin id="267" dir="1" index="1" bw="16" slack="1"/>
</pin_list>
<bind>
<opset="tmp_11 "/>
</bind>
</comp>

<comp id="270" class="1005" name="tmp_12_reg_270">
<pin_list>
<pin id="271" dir="0" index="0" bw="16" slack="1"/>
<pin id="272" dir="1" index="1" bw="16" slack="1"/>
</pin_list>
<bind>
<opset="tmp_12 "/>
</bind>
</comp>

<comp id="275" class="1005" name="tmp_13_reg_275">
<pin_list>
<pin id="276" dir="0" index="0" bw="16" slack="1"/>
<pin id="277" dir="1" index="1" bw="16" slack="1"/>
</pin_list>
<bind>
<opset="tmp_13 "/>
</bind>
</comp>

<comp id="280" class="1005" name="tmp_14_reg_280">
<pin_list>
<pin id="281" dir="0" index="0" bw="16" slack="1"/>
<pin id="282" dir="1" index="1" bw="16" slack="1"/>
</pin_list>
<bind>
<opset="tmp_14 "/>
</bind>
</comp>

<comp id="285" class="1005" name="tmp_15_reg_285">
<pin_list>
<pin id="286" dir="0" index="0" bw="16" slack="1"/>
<pin id="287" dir="1" index="1" bw="16" slack="1"/>
</pin_list>
<bind>
<opset="tmp_15 "/>
</bind>
</comp>

</comp_list>

<net_list>
<net id="79"><net_src comp="18" pin="0"/><net_sink comp="76" pin=0"/></net>

<net id="83"><net_src comp="18" pin="0"/><net_sink comp="80" pin=0"/></net>

<net id="88"><net_src comp="20" pin="0"/><net_sink comp="84" pin=0"/></net>

<net id="89"><net_src comp="14" pin="0"/><net_sink comp="84" pin=1"/></net>

<net id="94"><net_src comp="20" pin="0"/><net_sink comp="90" pin=0"/></net>

<net id="95"><net_src comp="12" pin="0"/><net_sink comp="90" pin=1"/></net>

<net id="100"><net_src comp="20" pin="0"/><net_sink comp="96" pin=0"/></net>

<net id="101"><net_src comp="10" pin="0"/><net_sink comp="96" pin=1"/></net>

<net id="106"><net_src comp="20" pin="0"/><net_sink comp="102" pin=0"/></net>

<net id="107"><net_src comp="8" pin="0"/><net_sink comp="102" pin=1"/></net>

<net id="112"><net_src comp="20" pin="0"/><net_sink comp="108" pin=0"/></net>

<net id="113"><net_src comp="6" pin="0"/><net_sink comp="108" pin=1"/></net>

<net id="118"><net_src comp="20" pin="0"/><net_sink comp="114" pin=0"/></net>

<net id="119"><net_src comp="4" pin="0"/><net_sink comp="114" pin=1"/></net>

<net id="124"><net_src comp="20" pin="0"/><net_sink comp="120" pin=0"/></net>

<net id="125"><net_src comp="2" pin="0"/><net_sink comp="120" pin=1"/></net>

<net id="130"><net_src comp="20" pin="0"/><net_sink comp="126" pin=0"/></net>

<net id="131"><net_src comp="0" pin="0"/><net_sink comp="126" pin=1"/></net>

<net id="137"><net_src comp="74" pin="0"/><net_sink comp="132" pin=0"/></net>

<net id="138"><net_src comp="16" pin="0"/><net_sink comp="132" pin=1"/></net>

<net id="143"><net_src comp="22" pin="0"/><net_sink comp="139" pin=0"/></net>

<net id="148"><net_src comp="24" pin="0"/><net_sink comp="144" pin=0"/></net>

<net id="156"><net_src comp="149" pin="1"/><net_sink comp="152" pin=0"/></net>

<net id="157"><net_src comp="26" pin="0"/><net_sink comp="152" pin=1"/></net>

<net id="162"><net_src comp="149" pin="1"/><net_sink comp="158" pin=0"/></net>

<net id="163"><net_src comp="28" pin="0"/><net_sink comp="158" pin=1"/></net>

<net id="170"><net_src comp="149" pin="1"/><net_sink comp="167" pin=0"/></net>

<net id="192"><net_src comp="46" pin="0"/><net_sink comp="171" pin=0"/></net>

<net id="193"><net_src comp="48" pin="0"/><net_sink comp="171" pin=1"/></net>

<net id="194"><net_src comp="50" pin="0"/><net_sink comp="171" pin=3"/></net>

<net id="195"><net_src comp="52" pin="0"/><net_sink comp="171" pin=5"/></net>

<net id="196"><net_src comp="54" pin="0"/><net_sink comp="171" pin=7"/></net>

<net id="197"><net_src comp="56" pin="0"/><net_sink comp="171" pin=9"/></net>

<net id="198"><net_src comp="58" pin="0"/><net_sink comp="171" pin=11"/></net>

<net id="199"><net_src comp="60" pin="0"/><net_sink comp="171" pin=13"/></net>

<net id="200"><net_src comp="62" pin="0"/><net_sink comp="171" pin=15"/></net>

<net id="201"><net_src comp="64" pin="0"/><net_sink comp="171" pin=17"/></net>

<net id="202"><net_src comp="167" pin="1"/><net_sink comp="171" pin=18"/></net>

<net id="209"><net_src comp="66" pin="0"/><net_sink comp="203" pin=0"/></net>

<net id="210"><net_src comp="164" pin="1"/><net_sink comp="203" pin=1"/></net>

<net id="211"><net_src comp="68" pin="0"/><net_sink comp="203" pin=2"/></net>

<net id="212"><net_src comp="70" pin="0"/><net_sink comp="203" pin=3"/></net>

<net id="218"><net_src comp="72" pin="0"/><net_sink comp="213" pin=0"/></net>

<net id="219"><net_src comp="171" pin="19"/><net_sink comp="213" pin=1"/></net>

<net id="220"><net_src comp="203" pin="4"/><net_sink comp="213" pin=2"/></net>

<net id="225"><net_src comp="158" pin="2"/><net_sink comp="221" pin=0"/></net>

<net id="230"><net_src comp="213" pin="3"/><net_sink comp="226" pin=0"/></net>

<net id="234"><net_src comp="231" pin="1"/><net_sink comp="132" pin=2"/></net>

<net id="238"><net_src comp="76" pin="1"/><net_sink comp="235" pin=0"/></net>

<net id="239"><net_src comp="235" pin="1"/><net_sink comp="144" pin=1"/></net>

<net id="240"><net_src comp="235" pin="1"/><net_sink comp="164" pin=0"/></net>

<net id="241"><net_src comp="235" pin="1"/><net_sink comp="226" pin=1"/></net>

<net id="242"><net_src comp="235" pin="1"/><net_sink comp="231" pin=0"/></net>

<net id="246"><net_src comp="80" pin="1"/><net_sink comp="243" pin=0"/></net>

<net id="247"><net_src comp="243" pin="1"/><net_sink comp="139" pin=1"/></net>

<net id="248"><net_src comp="243" pin="1"/><net_sink comp="149" pin=0"/></net>

<net id="249"><net_src comp="243" pin="1"/><net_sink comp="221" pin=1"/></net>

<net id="253"><net_src comp="84" pin="2"/><net_sink comp="250" pin=0"/></net>

<net id="254"><net_src comp="250" pin="1"/><net_sink comp="171" pin=16"/></net>

<net id="258"><net_src comp="90" pin="2"/><net_sink comp="255" pin=0"/></net>

<net id="259"><net_src comp="255" pin="1"/><net_sink comp="171" pin=14"/></net>

<net id="263"><net_src comp="96" pin="2"/><net_sink comp="260" pin=0"/></net>

<net id="264"><net_src comp="260" pin="1"/><net_sink comp="171" pin=12"/></net>

<net id="268"><net_src comp="102" pin="2"/><net_sink comp="265" pin=0"/></net>

<net id="269"><net_src comp="265" pin="1"/><net_sink comp="171" pin=10"/></net>

<net id="273"><net_src comp="108" pin="2"/><net_sink comp="270" pin=0"/></net>

<net id="274"><net_src comp="270" pin="1"/><net_sink comp="171" pin=8"/></net>

<net id="278"><net_src comp="114" pin="2"/><net_sink comp="275" pin=0"/></net>

<net id="279"><net_src comp="275" pin="1"/><net_sink comp="171" pin=6"/></net>

<net id="283"><net_src comp="120" pin="2"/><net_sink comp="280" pin=0"/></net>

<net id="284"><net_src comp="280" pin="1"/><net_sink comp="171" pin=4"/></net>

<net id="288"><net_src comp="126" pin="2"/><net_sink comp="285" pin=0"/></net>

<net id="289"><net_src comp="285" pin="1"/><net_sink comp="171" pin=2"/></net>

</net_list>

</model> 
---------------- Datapath Model END ------------------

* FSMD analyzer results:
  - Output states:
	Port: shiftreg_out | {2 }
 - Input state : 
	Port: arith_encode_Pipeline_Header : empty_37 | {1 }
	Port: arith_encode_Pipeline_Header : empty_38 | {1 }
	Port: arith_encode_Pipeline_Header : empty_39 | {1 }
	Port: arith_encode_Pipeline_Header : empty_40 | {1 }
	Port: arith_encode_Pipeline_Header : empty_41 | {1 }
	Port: arith_encode_Pipeline_Header : empty_42 | {1 }
	Port: arith_encode_Pipeline_Header : empty_43 | {1 }
	Port: arith_encode_Pipeline_Header : empty | {1 }
  - Chain level:
	State 1
		store_ln83 : 1
		store_ln0 : 1
	State 2
		icmp_ln83 : 1
		add_ln83 : 1
		br_ln83 : 2
		trunc_ln83 : 1
		tmp : 2
		lshr_ln : 1
		or_ln : 3
		store_ln83 : 2
		store_ln83 : 4
		write_ln0 : 1


============================================================
+ Verbose Summary: Datapath Resource usage 
============================================================

* Functional unit list:
|----------|------------------------|---------|---------|
| Operation|     Functional Unit    |    FF   |   LUT   |
|----------|------------------------|---------|---------|
| sparsemux|       tmp_fu_171       |    0    |    43   |
|----------|------------------------|---------|---------|
|   icmp   |    icmp_ln83_fu_152    |    0    |    12   |
|----------|------------------------|---------|---------|
|    add   |     add_ln83_fu_158    |    0    |    12   |
|----------|------------------------|---------|---------|
|          |    tmp_8_read_fu_84    |    0    |    0    |
|          |    tmp_9_read_fu_90    |    0    |    0    |
|          |    tmp_10_read_fu_96   |    0    |    0    |
|   read   |   tmp_11_read_fu_102   |    0    |    0    |
|          |   tmp_12_read_fu_108   |    0    |    0    |
|          |   tmp_13_read_fu_114   |    0    |    0    |
|          |   tmp_14_read_fu_120   |    0    |    0    |
|          |   tmp_15_read_fu_126   |    0    |    0    |
|----------|------------------------|---------|---------|
|   write  | write_ln0_write_fu_132 |    0    |    0    |
|----------|------------------------|---------|---------|
|   trunc  |    trunc_ln83_fu_167   |    0    |    0    |
|----------|------------------------|---------|---------|
|partselect|     lshr_ln_fu_203     |    0    |    0    |
|----------|------------------------|---------|---------|
|bitconcatenate|      or_ln_fu_213      |    0    |    0    |
|----------|------------------------|---------|---------|
|   Total  |                        |    0    |    67   |
|----------|------------------------|---------|---------|

Memories:
N/A

* Register list:
+----------------+--------+
|                |   FF   |
+----------------+--------+
|    c_reg_243   |    4   |
|shiftreg_reg_235|   128  |
| tmp_10_reg_260 |   16   |
| tmp_11_reg_265 |   16   |
| tmp_12_reg_270 |   16   |
| tmp_13_reg_275 |   16   |
| tmp_14_reg_280 |   16   |
| tmp_15_reg_285 |   16   |
|  tmp_8_reg_250 |   16   |
|  tmp_9_reg_255 |   16   |
+----------------+--------+
|      Total     |   260  |
+----------------+--------+

* Multiplexer (MUX) list: 
|--------|------|------|------|--------|
|  Comp  |  Pin | Size |  BW  | S x BW |
|--------|------|------|------|--------|
|  Total |      |      |      |    0   |
|--------|------|------|------|--------|



* Summary:
+-----------+--------+--------+
|           |   FF   |   LUT  |
+-----------+--------+--------+
|  Function |    0   |   67   |
|   Memory  |    -   |    -   |
|Multiplexer|    -   |    -   |
|  Register |   260  |    -   |
+-----------+--------+--------+
|   Total   |   260  |   67   |
+-----------+--------+--------+
