

================================================================
== Vitis HLS Report for 'encode_bit_Pipeline_VITIS_LOOP_50_1'
================================================================
* Date:           Sat Aug  1 19:34:09 2026

* Version:        2025.2.1 (Build 6397637 on Mar 18 2026)
* Project:        work_k8_report
* Solution:       hls (Vitis Kernel Flow Target)
* Product family: zynquplus
* Target device:  xck26-sfvc784-2LV-c


================================================================
== Performance Estimates
================================================================
+ Timing: 
    * Summary: 
    +--------+---------+----------+------------+
    |  Clock |  Target | Estimated| Uncertainty|
    +--------+---------+----------+------------+
    |ap_clk  |  5.00 ns|  3.269 ns|     1.35 ns|
    +--------+---------+----------+------------+

+ Latency: 
    * Summary: 
    +---------+---------+----------+----------+-----+-----+-------------------+
    |  Latency (cycles) |  Latency (absolute) |  Interval |      Pipeline     |
    |   min   |   max   |    min   |    max   | min | max |        Type       |
    +---------+---------+----------+----------+-----+-----+-------------------+
    |        ?|        ?|         ?|         ?|    0|    0|  loop pipeline stp|
    +---------+---------+----------+----------+-----+-----+-------------------+

    + Detail: 
        * Instance: 
        N/A

        * Loop: 
        +-------------------+---------+---------+----------+-----------+-----------+------+----------+
        |                   |  Latency (cycles) | Iteration|  Initiation Interval  | Trip |          |
        |     Loop Name     |   min   |   max   |  Latency |  achieved |   target  | Count| Pipelined|
        +-------------------+---------+---------+----------+-----------+-----------+------+----------+
        |- VITIS_LOOP_50_1  |        ?|        ?|         2|          1|          1|     ?|       yes|
        +-------------------+---------+---------+----------+-----------+-----------+------+----------+

============================================================
+ Verbose Summary: Synthesis Manager
============================================================
InlineROM: 1
ExposeGlobal: 0
============================================================
+ Verbose Summary: CDFG Model
============================================================
IsTopModel: 0
ResetActiveHigh: 1
IsCombinational: 0
IsDatapathOnly: 0
HasWiredReturn: 1
HasMFsm: 2
HasVarLatency: 1
IsPipeline: 0
IsRtlPipelined: 0
IsInstanceOverlapped: 0
IsDontTouch: 0
HasImplIP: 0
IsGatedGlobalClock: 0

+ Individual pipeline summary: 
  * Pipeline-0: initiation interval (II) = 1, depth = 2


============================================================
+ Verbose Summary: Schedule
============================================================
* Number of FSM states : 2
* Pipeline : 1
  Pipeline-0 : II = 1, D = 2, States = { 1 2 }
* Dataflow Pipeline: 0

* FSM state transitions: 
1 --> 2 
2 --> 

* FSM state operations: 

State 1 <SV = 0> <Delay = 1.87>
ST_1 : Operation 5 [1/1] (0.00ns)   --->   "%empty = alloca i32 1"   --->   Operation 5 'alloca' 'empty' <Predicate = true> <Delay = 0.00>
ST_1 : Operation 6 [1/1] (0.00ns)   --->   "%pending_0_read = read i32 @_ssdm_op_Read.ap_auto.i32, i32 %pending_0"   --->   Operation 6 'read' 'pending_0_read' <Predicate = true> <Delay = 0.00>
ST_1 : Operation 7 [1/1] (0.00ns)   --->   "%ob_2_ph_read = read i32 @_ssdm_op_Read.ap_auto.i32, i32 %ob_2_ph"   --->   Operation 7 'read' 'ob_2_ph_read' <Predicate = true> <Delay = 0.00>
ST_1 : Operation 8 [1/1] (0.00ns)   --->   "%nb_2_ph_read = read i32 @_ssdm_op_Read.ap_auto.i32, i32 %nb_2_ph"   --->   Operation 8 'read' 'nb_2_ph_read' <Predicate = true> <Delay = 0.00>
ST_1 : Operation 9 [1/1] (0.00ns)   --->   "%oi_2_ph_read = read i32 @_ssdm_op_Read.ap_auto.i32, i32 %oi_2_ph"   --->   Operation 9 'read' 'oi_2_ph_read' <Predicate = true> <Delay = 0.00>
ST_1 : Operation 10 [1/1] (0.42ns)   --->   "%store_ln0 = store i32 %oi_2_ph_read, i32 %oi_2_out"   --->   Operation 10 'store' 'store_ln0' <Predicate = true> <Delay = 0.42>
ST_1 : Operation 11 [1/1] (0.47ns)   --->   "%store_ln0 = store i32 %nb_2_ph_read, i32 %nb_2_out"   --->   Operation 11 'store' 'store_ln0' <Predicate = true> <Delay = 0.47>
ST_1 : Operation 12 [1/1] (0.47ns)   --->   "%store_ln0 = store i32 %ob_2_ph_read, i32 %ob_2_out"   --->   Operation 12 'store' 'store_ln0' <Predicate = true> <Delay = 0.47>
ST_1 : Operation 13 [1/1] (0.42ns)   --->   "%store_ln0 = store i32 %pending_0_read, i32 %empty"   --->   Operation 13 'store' 'store_ln0' <Predicate = true> <Delay = 0.42>
ST_1 : Operation 14 [1/1] (0.00ns)   --->   "%br_ln0 = br void %while.cond"   --->   Operation 14 'br' 'br_ln0' <Predicate = true> <Delay = 0.00>
ST_1 : Operation 15 [1/1] (0.00ns)   --->   "%p_load = load i32 %empty" [./arith3.h:50]   --->   Operation 15 'load' 'p_load' <Predicate = true> <Delay = 0.00>
ST_1 : Operation 16 [1/1] (1.01ns)   --->   "%icmp_ln50 = icmp_eq  i32 %p_load, i32 0" [./arith3.h:50]   --->   Operation 16 'icmp' 'icmp_ln50' <Predicate = true> <Delay = 1.01> <CoreInst = "Cmp">   --->   Core 9 'Cmp' <Latency = 0> <II = 1> <Delay = 1.01> <FuncUnit> <Opcode : 'seteq' 'setne' 'setle' 'setge' 'setlt' 'setgt'> <InPorts = 2> <OutPorts = 1>
ST_1 : Operation 17 [1/1] (0.00ns)   --->   "%br_ln50 = br i1 %icmp_ln50, void %while.body, void %for.inc.loopexit5.exitStub" [./arith3.h:50]   --->   Operation 17 'br' 'br_ln50' <Predicate = true> <Delay = 0.00>
ST_1 : Operation 18 [1/1] (1.01ns)   --->   "%add_ln50 = add i32 %p_load, i32 4294967295" [./arith3.h:50]   --->   Operation 18 'add' 'add_ln50' <Predicate = (!icmp_ln50)> <Delay = 1.01> <CoreInst = "Adder">   --->   Core 1 'Adder' <Latency = 0> <II = 1> <Delay = 1.01> <FuncUnit> <Opcode : 'add' 'sub'> <InPorts = 2> <OutPorts = 1>
ST_1 : Operation 19 [1/1] (0.42ns)   --->   "%store_ln50 = store i32 %add_ln50, i32 %empty" [./arith3.h:50]   --->   Operation 19 'store' 'store_ln50' <Predicate = (!icmp_ln50)> <Delay = 0.42>
ST_1 : Operation 20 [1/1] (0.00ns)   --->   "%br_ln50 = br void %while.cond" [./arith3.h:50]   --->   Operation 20 'br' 'br_ln50' <Predicate = (!icmp_ln50)> <Delay = 0.00>
ST_1 : Operation 44 [1/1] (0.42ns)   --->   "%ret_ln0 = ret"   --->   Operation 44 'ret' 'ret_ln0' <Predicate = (icmp_ln50)> <Delay = 0.42>

State 2 <SV = 1> <Delay = 3.26>
ST_2 : Operation 21 [1/1] (0.00ns)   --->   "%ob_2_out_load = load i32 %ob_2_out" [./arith3.h:33->./arith3.h:50]   --->   Operation 21 'load' 'ob_2_out_load' <Predicate = true> <Delay = 0.00>
ST_2 : Operation 22 [1/1] (0.00ns)   --->   "%nb_2_out_load = load i32 %nb_2_out" [./arith3.h:33->./arith3.h:50]   --->   Operation 22 'load' 'nb_2_out_load' <Predicate = true> <Delay = 0.00>
ST_2 : Operation 23 [1/1] (0.00ns)   --->   "%specpipeline_ln32 = specpipeline void @_ssdm_op_SpecPipeline, i32 4294967295, i32 0, i32 0, i32 0, i32 4294967295, void @empty_18" [./arith3.h:32->./arith3.h:50]   --->   Operation 23 'specpipeline' 'specpipeline_ln32' <Predicate = true> <Delay = 0.00>
ST_2 : Operation 24 [1/1] (0.00ns)   --->   "%specloopname_ln50 = specloopname void @_ssdm_op_SpecLoopName, void @empty_0" [./arith3.h:50]   --->   Operation 24 'specloopname' 'specloopname_ln50' <Predicate = true> <Delay = 0.00>
ST_2 : Operation 25 [1/1] (0.00ns)   --->   "%trunc_ln33 = trunc i32 %ob_2_out_load" [./arith3.h:33->./arith3.h:50]   --->   Operation 25 'trunc' 'trunc_ln33' <Predicate = true> <Delay = 0.00>
ST_2 : Operation 26 [1/1] (0.00ns)   --->   "%trunc_ln33_1 = trunc i32 %ob_2_out_load" [./arith3.h:33->./arith3.h:50]   --->   Operation 26 'trunc' 'trunc_ln33_1' <Predicate = true> <Delay = 0.00>
ST_2 : Operation 27 [1/1] (0.00ns)   --->   "%or_ln33_2 = bitconcatenate i32 @_ssdm_op_BitConcatenate.i32.i31.i1, i31 %trunc_ln33, i1 1" [./arith3.h:33->./arith3.h:50]   --->   Operation 27 'bitconcatenate' 'or_ln33_2' <Predicate = true> <Delay = 0.00>
ST_2 : Operation 28 [1/1] (1.01ns)   --->   "%add_ln33 = add i32 %nb_2_out_load, i32 1" [./arith3.h:33->./arith3.h:50]   --->   Operation 28 'add' 'add_ln33' <Predicate = true> <Delay = 1.01> <CoreInst = "Adder">   --->   Core 1 'Adder' <Latency = 0> <II = 1> <Delay = 1.01> <FuncUnit> <Opcode : 'add' 'sub'> <InPorts = 2> <OutPorts = 1>
ST_2 : Operation 29 [1/1] (1.01ns)   --->   "%icmp_ln34 = icmp_eq  i32 %add_ln33, i32 8" [./arith3.h:34->./arith3.h:50]   --->   Operation 29 'icmp' 'icmp_ln34' <Predicate = true> <Delay = 1.01> <CoreInst = "Cmp">   --->   Core 9 'Cmp' <Latency = 0> <II = 1> <Delay = 1.01> <FuncUnit> <Opcode : 'seteq' 'setne' 'setle' 'setge' 'setlt' 'setgt'> <InPorts = 2> <OutPorts = 1>
ST_2 : Operation 30 [1/1] (0.00ns)   --->   "%br_ln34 = br i1 %icmp_ln34, void %while.body._ZL7put_bitiRjRiPhS0_.exit10_crit_edge, void %if.then.i9" [./arith3.h:34->./arith3.h:50]   --->   Operation 30 'br' 'br_ln34' <Predicate = true> <Delay = 0.00>
ST_2 : Operation 31 [1/1] (0.47ns)   --->   "%store_ln33 = store i32 %add_ln33, i32 %nb_2_out" [./arith3.h:33->./arith3.h:50]   --->   Operation 31 'store' 'store_ln33' <Predicate = (!icmp_ln34)> <Delay = 0.47>
ST_2 : Operation 32 [1/1] (0.47ns)   --->   "%store_ln33 = store i32 %or_ln33_2, i32 %ob_2_out" [./arith3.h:33->./arith3.h:50]   --->   Operation 32 'store' 'store_ln33' <Predicate = (!icmp_ln34)> <Delay = 0.47>
ST_2 : Operation 33 [1/1] (0.00ns)   --->   "%br_ln34 = br void %_ZL7put_bitiRjRiPhS0_.exit10" [./arith3.h:34->./arith3.h:50]   --->   Operation 33 'br' 'br_ln34' <Predicate = (!icmp_ln34)> <Delay = 0.00>
ST_2 : Operation 34 [1/1] (0.00ns)   --->   "%oi_2_out_load = load i32 %oi_2_out" [./arith3.h:34->./arith3.h:50]   --->   Operation 34 'load' 'oi_2_out_load' <Predicate = (icmp_ln34)> <Delay = 0.00>
ST_2 : Operation 35 [1/1] (0.00ns)   --->   "%or_ln34_3 = bitconcatenate i8 @_ssdm_op_BitConcatenate.i8.i7.i1, i7 %trunc_ln33_1, i1 1" [./arith3.h:34->./arith3.h:50]   --->   Operation 35 'bitconcatenate' 'or_ln34_3' <Predicate = (icmp_ln34)> <Delay = 0.00>
ST_2 : Operation 36 [1/1] (1.01ns)   --->   "%add_ln34 = add i32 %oi_2_out_load, i32 1" [./arith3.h:34->./arith3.h:50]   --->   Operation 36 'add' 'add_ln34' <Predicate = (icmp_ln34)> <Delay = 1.01> <CoreInst = "Adder">   --->   Core 1 'Adder' <Latency = 0> <II = 1> <Delay = 1.01> <FuncUnit> <Opcode : 'add' 'sub'> <InPorts = 2> <OutPorts = 1>
ST_2 : Operation 37 [1/1] (0.00ns)   --->   "%zext_ln34 = zext i32 %oi_2_out_load" [./arith3.h:34->./arith3.h:50]   --->   Operation 37 'zext' 'zext_ln34' <Predicate = (icmp_ln34)> <Delay = 0.00>
ST_2 : Operation 38 [1/1] (0.00ns)   --->   "%out_addr = getelementptr i8 %out_r, i64 0, i64 %zext_ln34" [./arith3.h:34->./arith3.h:50]   --->   Operation 38 'getelementptr' 'out_addr' <Predicate = (icmp_ln34)> <Delay = 0.00>
ST_2 : Operation 39 [1/1] ( I:1.23ns O:1.23ns )   --->   "%store_ln34 = store i8 %or_ln34_3, i10 %out_addr" [./arith3.h:34->./arith3.h:50]   --->   Operation 39 'store' 'store_ln34' <Predicate = (icmp_ln34)> <Delay = 1.23> <CoreInst = "RAM">   --->   Core 82 'RAM' <Latency = 1> <II = 1> <Delay = 1.23> <Storage> <Opcode : 'load' 'store'> <Ports = 2> <Width = 8> <Depth = 576> <RAM>
ST_2 : Operation 40 [1/1] (0.42ns)   --->   "%store_ln34 = store i32 %add_ln34, i32 %oi_2_out" [./arith3.h:34->./arith3.h:50]   --->   Operation 40 'store' 'store_ln34' <Predicate = (icmp_ln34)> <Delay = 0.42>
ST_2 : Operation 41 [1/1] (0.47ns)   --->   "%store_ln0 = store i32 0, i32 %nb_2_out"   --->   Operation 41 'store' 'store_ln0' <Predicate = (icmp_ln34)> <Delay = 0.47>
ST_2 : Operation 42 [1/1] (0.47ns)   --->   "%store_ln0 = store i32 0, i32 %ob_2_out"   --->   Operation 42 'store' 'store_ln0' <Predicate = (icmp_ln34)> <Delay = 0.47>
ST_2 : Operation 43 [1/1] (0.00ns)   --->   "%br_ln34 = br void %_ZL7put_bitiRjRiPhS0_.exit10" [./arith3.h:34->./arith3.h:50]   --->   Operation 43 'br' 'br_ln34' <Predicate = (icmp_ln34)> <Delay = 0.00>


============================================================
+ Verbose Summary: Binding
============================================================
STG Binding: 
---------------- STG Properties BEGIN ----------------
- Is combinational: 0
- Is one-state seq: 0
- Is datapath-only: 0
- Is pipelined: 0
- Is top level: 0
Port [ Return ] is wired: 1; IO mode=ap_ctrl_hs:ce=0
Port [ oi_2_ph]:  wired=1; compound=0; hidden=0; nouse=0; global=0; static=0; extern=0; dir=0; type=0; pingpong=0; private_global=0; IO mode=ap_none:ce=0
Port [ nb_2_ph]:  wired=1; compound=0; hidden=0; nouse=0; global=0; static=0; extern=0; dir=0; type=0; pingpong=0; private_global=0; IO mode=ap_none:ce=0
Port [ ob_2_ph]:  wired=1; compound=0; hidden=0; nouse=0; global=0; static=0; extern=0; dir=0; type=0; pingpong=0; private_global=0; IO mode=ap_none:ce=0
Port [ pending_0]:  wired=1; compound=0; hidden=0; nouse=0; global=0; static=0; extern=0; dir=0; type=0; pingpong=0; private_global=0; IO mode=ap_none:ce=0
Port [ out_r]:  wired=1; compound=1; hidden=0; nouse=0; global=0; static=0; extern=0; dir=1; type=1; pingpong=0; private_global=0; MemPort=[03]; IO mode=ap_memory:ce=0
Port [ oi_2_out]:  wired=1; compound=0; hidden=0; nouse=0; global=0; static=0; extern=0; dir=2; type=0; pingpong=0; private_global=0; IO mode=ap_ovld:ce=0
Port [ nb_2_out]:  wired=1; compound=0; hidden=0; nouse=0; global=0; static=0; extern=0; dir=2; type=0; pingpong=0; private_global=0; IO mode=ap_ovld:ce=0
Port [ ob_2_out]:  wired=1; compound=0; hidden=0; nouse=0; global=0; static=0; extern=0; dir=2; type=0; pingpong=0; private_global=0; IO mode=ap_ovld:ce=0
---------------- STG Properties END ------------------

---------------- Datapath Model BEGIN ----------------

<LifeTime>
<method=bitvector/>
empty             (alloca        ) [ 010]
pending_0_read    (read          ) [ 000]
ob_2_ph_read      (read          ) [ 000]
nb_2_ph_read      (read          ) [ 000]
oi_2_ph_read      (read          ) [ 000]
store_ln0         (store         ) [ 000]
store_ln0         (store         ) [ 000]
store_ln0         (store         ) [ 000]
store_ln0         (store         ) [ 000]
br_ln0            (br            ) [ 000]
p_load            (load          ) [ 000]
icmp_ln50         (icmp          ) [ 010]
br_ln50           (br            ) [ 000]
add_ln50          (add           ) [ 000]
store_ln50        (store         ) [ 000]
br_ln50           (br            ) [ 000]
ob_2_out_load     (load          ) [ 000]
nb_2_out_load     (load          ) [ 000]
specpipeline_ln32 (specpipeline  ) [ 000]
specloopname_ln50 (specloopname  ) [ 000]
trunc_ln33        (trunc         ) [ 000]
trunc_ln33_1      (trunc         ) [ 000]
or_ln33_2         (bitconcatenate) [ 000]
add_ln33          (add           ) [ 000]
icmp_ln34         (icmp          ) [ 011]
br_ln34           (br            ) [ 000]
store_ln33        (store         ) [ 000]
store_ln33        (store         ) [ 000]
br_ln34           (br            ) [ 000]
oi_2_out_load     (load          ) [ 000]
or_ln34_3         (bitconcatenate) [ 000]
add_ln34          (add           ) [ 000]
zext_ln34         (zext          ) [ 000]
out_addr          (getelementptr ) [ 000]
store_ln34        (store         ) [ 000]
store_ln34        (store         ) [ 000]
store_ln0         (store         ) [ 000]
store_ln0         (store         ) [ 000]
br_ln34           (br            ) [ 000]
ret_ln0           (ret           ) [ 000]
</LifeTime>

<model>

<comp_list>
<comp id="0" class="1000" name="oi_2_ph">
<pin_list>
<pin id="1" dir="1" index="0" bw="1" slack="0"/>
</pin_list>
<bind>
<StgValue><ssdm name="oi_2_ph"/></StgValue>
</bind>
</comp>

<comp id="2" class="1000" name="nb_2_ph">
<pin_list>
<pin id="3" dir="1" index="0" bw="1" slack="0"/>
</pin_list>
<bind>
<StgValue><ssdm name="nb_2_ph"/></StgValue>
</bind>
</comp>

<comp id="4" class="1000" name="ob_2_ph">
<pin_list>
<pin id="5" dir="1" index="0" bw="1" slack="0"/>
</pin_list>
<bind>
<StgValue><ssdm name="ob_2_ph"/></StgValue>
</bind>
</comp>

<comp id="6" class="1000" name="pending_0">
<pin_list>
<pin id="7" dir="1" index="0" bw="1" slack="0"/>
</pin_list>
<bind>
<StgValue><ssdm name="pending_0"/></StgValue>
</bind>
</comp>

<comp id="8" class="1000" name="out_r">
<pin_list>
<pin id="9" dir="1" index="0" bw="1" slack="0"/>
</pin_list>
<bind>
<StgValue><ssdm name="out_r"/><MemPortTyVec>0 3 </MemPortTyVec>
</StgValue>
</bind>
</comp>

<comp id="10" class="1000" name="oi_2_out">
<pin_list>
<pin id="11" dir="1" index="0" bw="1" slack="0"/>
</pin_list>
<bind>
<StgValue><ssdm name="oi_2_out"/></StgValue>
</bind>
</comp>

<comp id="12" class="1000" name="nb_2_out">
<pin_list>
<pin id="13" dir="1" index="0" bw="1" slack="0"/>
</pin_list>
<bind>
<StgValue><ssdm name="nb_2_out"/></StgValue>
</bind>
</comp>

<comp id="14" class="1000" name="ob_2_out">
<pin_list>
<pin id="15" dir="1" index="0" bw="1" slack="0"/>
</pin_list>
<bind>
<StgValue><ssdm name="ob_2_out"/></StgValue>
</bind>
</comp>

<comp id="16" class="1001" name="const_16">
<pin_list>
<pin id="17" dir="1" index="0" bw="1" slack="0"/>
</pin_list>
<bind>
<StgValue><ssdm name=""/></StgValue>
</bind>
</comp>

<comp id="18" class="1001" name="const_18">
<pin_list>
<pin id="19" dir="1" index="0" bw="1" slack="0"/>
</pin_list>
<bind>
<StgValue><ssdm name="_ssdm_op_Read.ap_auto.i32"/></StgValue>
</bind>
</comp>

<comp id="20" class="1001" name="const_20">
<pin_list>
<pin id="21" dir="1" index="0" bw="1" slack="0"/>
</pin_list>
<bind>
<StgValue><ssdm name=""/></StgValue>
</bind>
</comp>

<comp id="22" class="1001" name="const_22">
<pin_list>
<pin id="23" dir="1" index="0" bw="1" slack="0"/>
</pin_list>
<bind>
<StgValue><ssdm name=""/></StgValue>
</bind>
</comp>

<comp id="24" class="1001" name="const_24">
<pin_list>
<pin id="25" dir="1" index="0" bw="1" slack="2147483647"/>
</pin_list>
<bind>
<StgValue><ssdm name="_ssdm_op_SpecPipeline"/></StgValue>
</bind>
</comp>

<comp id="26" class="1001" name="const_26">
<pin_list>
<pin id="27" dir="1" index="0" bw="1" slack="2147483647"/>
</pin_list>
<bind>
<StgValue><ssdm name="empty_18"/></StgValue>
</bind>
</comp>

<comp id="28" class="1001" name="const_28">
<pin_list>
<pin id="29" dir="1" index="0" bw="1" slack="2147483647"/>
</pin_list>
<bind>
<StgValue><ssdm name="_ssdm_op_SpecLoopName"/></StgValue>
</bind>
</comp>

<comp id="30" class="1001" name="const_30">
<pin_list>
<pin id="31" dir="1" index="0" bw="1" slack="2147483647"/>
</pin_list>
<bind>
<StgValue><ssdm name="empty_0"/></StgValue>
</bind>
</comp>

<comp id="32" class="1001" name="const_32">
<pin_list>
<pin id="33" dir="1" index="0" bw="1" slack="0"/>
</pin_list>
<bind>
<StgValue><ssdm name="_ssdm_op_BitConcatenate.i32.i31.i1"/></StgValue>
</bind>
</comp>

<comp id="34" class="1001" name="const_34">
<pin_list>
<pin id="35" dir="1" index="0" bw="1" slack="0"/>
</pin_list>
<bind>
<StgValue><ssdm name=""/></StgValue>
</bind>
</comp>

<comp id="36" class="1001" name="const_36">
<pin_list>
<pin id="37" dir="1" index="0" bw="1" slack="0"/>
</pin_list>
<bind>
<StgValue><ssdm name=""/></StgValue>
</bind>
</comp>

<comp id="38" class="1001" name="const_38">
<pin_list>
<pin id="39" dir="1" index="0" bw="1" slack="0"/>
</pin_list>
<bind>
<StgValue><ssdm name="_ssdm_op_BitConcatenate.i8.i7.i1"/></StgValue>
</bind>
</comp>

<comp id="40" class="1001" name="const_40">
<pin_list>
<pin id="41" dir="1" index="0" bw="1" slack="0"/>
</pin_list>
<bind>
<StgValue><ssdm name=""/></StgValue>
</bind>
</comp>

<comp id="42" class="1004" name="empty_fu_42">
<pin_list>
<pin id="43" dir="0" index="0" bw="1" slack="0"/>
<pin id="44" dir="1" index="1" bw="32" slack="0"/>
</pin_list>
<bind>
<opcode="alloca(26) " fcode="alloca"/>
<opset="empty/1 "/>
</bind>
</comp>

<comp id="46" class="1004" name="pending_0_read_read_fu_46">
<pin_list>
<pin id="47" dir="0" index="0" bw="32" slack="0"/>
<pin id="48" dir="0" index="1" bw="32" slack="0"/>
<pin id="49" dir="1" index="2" bw="32" slack="0"/>
</pin_list>
<bind>
<opcode="read(1150) " fcode="read"/>
<opset="pending_0_read/1 "/>
</bind>
</comp>

<comp id="52" class="1004" name="ob_2_ph_read_read_fu_52">
<pin_list>
<pin id="53" dir="0" index="0" bw="32" slack="0"/>
<pin id="54" dir="0" index="1" bw="32" slack="0"/>
<pin id="55" dir="1" index="2" bw="32" slack="0"/>
</pin_list>
<bind>
<opcode="read(1150) " fcode="read"/>
<opset="ob_2_ph_read/1 "/>
</bind>
</comp>

<comp id="58" class="1004" name="nb_2_ph_read_read_fu_58">
<pin_list>
<pin id="59" dir="0" index="0" bw="32" slack="0"/>
<pin id="60" dir="0" index="1" bw="32" slack="0"/>
<pin id="61" dir="1" index="2" bw="32" slack="0"/>
</pin_list>
<bind>
<opcode="read(1150) " fcode="read"/>
<opset="nb_2_ph_read/1 "/>
</bind>
</comp>

<comp id="64" class="1004" name="oi_2_ph_read_read_fu_64">
<pin_list>
<pin id="65" dir="0" index="0" bw="32" slack="0"/>
<pin id="66" dir="0" index="1" bw="32" slack="0"/>
<pin id="67" dir="1" index="2" bw="32" slack="0"/>
</pin_list>
<bind>
<opcode="read(1150) " fcode="read"/>
<opset="oi_2_ph_read/1 "/>
</bind>
</comp>

<comp id="70" class="1004" name="out_addr_gep_fu_70">
<pin_list>
<pin id="71" dir="0" index="0" bw="8" slack="0"/>
<pin id="72" dir="0" index="1" bw="1" slack="0"/>
<pin id="73" dir="0" index="2" bw="32" slack="0"/>
<pin id="74" dir="1" index="3" bw="10" slack="0"/>
</pin_list>
<bind>
<opcode="getelementptr(29) " fcode="getelementptr"/>
<opset="out_addr/2 "/>
</bind>
</comp>

<comp id="77" class="1004" name="store_ln34_access_fu_77">
<pin_list>
<pin id="78" dir="0" index="0" bw="10" slack="0"/>
<pin id="79" dir="0" index="1" bw="8" slack="0"/>
<pin id="80" dir="0" index="2" bw="0" slack="2147483647"/>
<pin id="81" dir="1" index="3" bw="8" slack="2147483647"/>
</pin_list>
<bind>
<opcode="store(28) " fcode="store"/>
<opset="store_ln34/2 "/>
</bind>
</comp>

<comp id="83" class="1004" name="store_ln0_store_fu_83">
<pin_list>
<pin id="84" dir="0" index="0" bw="32" slack="0"/>
<pin id="85" dir="0" index="1" bw="32" slack="0"/>
<pin id="86" dir="1" index="2" bw="0" slack="2147483647"/>
</pin_list>
<bind>
<opcode="store(28) " fcode="store"/>
<opset="store_ln0/1 "/>
</bind>
</comp>

<comp id="89" class="1004" name="store_ln0_store_fu_89">
<pin_list>
<pin id="90" dir="0" index="0" bw="32" slack="0"/>
<pin id="91" dir="0" index="1" bw="32" slack="0"/>
<pin id="92" dir="1" index="2" bw="0" slack="2147483647"/>
</pin_list>
<bind>
<opcode="store(28) " fcode="store"/>
<opset="store_ln0/1 "/>
</bind>
</comp>

<comp id="95" class="1004" name="store_ln0_store_fu_95">
<pin_list>
<pin id="96" dir="0" index="0" bw="32" slack="0"/>
<pin id="97" dir="0" index="1" bw="32" slack="0"/>
<pin id="98" dir="1" index="2" bw="0" slack="2147483647"/>
</pin_list>
<bind>
<opcode="store(28) " fcode="store"/>
<opset="store_ln0/1 "/>
</bind>
</comp>

<comp id="101" class="1004" name="store_ln0_store_fu_101">
<pin_list>
<pin id="102" dir="0" index="0" bw="32" slack="0"/>
<pin id="103" dir="0" index="1" bw="32" slack="0"/>
<pin id="104" dir="1" index="2" bw="0" slack="2147483647"/>
</pin_list>
<bind>
<opcode="store(28) " fcode="store"/>
<opset="store_ln0/1 "/>
</bind>
</comp>

<comp id="106" class="1004" name="p_load_load_fu_106">
<pin_list>
<pin id="107" dir="0" index="0" bw="32" slack="0"/>
<pin id="108" dir="1" index="1" bw="32" slack="0"/>
</pin_list>
<bind>
<opcode="load(27) " fcode="load"/>
<opset="p_load/1 "/>
</bind>
</comp>

<comp id="109" class="1004" name="icmp_ln50_fu_109">
<pin_list>
<pin id="110" dir="0" index="0" bw="32" slack="0"/>
<pin id="111" dir="0" index="1" bw="1" slack="0"/>
<pin id="112" dir="1" index="2" bw="1" slack="2147483647"/>
</pin_list>
<bind>
<opcode="icmp(45) " fcode="icmp"/>
<opset="icmp_ln50/1 "/>
</bind>
</comp>

<comp id="115" class="1004" name="add_ln50_fu_115">
<pin_list>
<pin id="116" dir="0" index="0" bw="32" slack="0"/>
<pin id="117" dir="0" index="1" bw="1" slack="0"/>
<pin id="118" dir="1" index="2" bw="32" slack="0"/>
</pin_list>
<bind>
<opcode="add(8) " fcode="add"/>
<opset="add_ln50/1 "/>
</bind>
</comp>

<comp id="121" class="1004" name="store_ln50_store_fu_121">
<pin_list>
<pin id="122" dir="0" index="0" bw="32" slack="0"/>
<pin id="123" dir="0" index="1" bw="32" slack="0"/>
<pin id="124" dir="1" index="2" bw="0" slack="2147483647"/>
</pin_list>
<bind>
<opcode="store(28) " fcode="store"/>
<opset="store_ln50/1 "/>
</bind>
</comp>

<comp id="126" class="1004" name="ob_2_out_load_load_fu_126">
<pin_list>
<pin id="127" dir="0" index="0" bw="32" slack="0"/>
<pin id="128" dir="1" index="1" bw="32" slack="0"/>
</pin_list>
<bind>
<opcode="load(27) " fcode="load"/>
<opset="ob_2_out_load/2 "/>
</bind>
</comp>

<comp id="130" class="1004" name="nb_2_out_load_load_fu_130">
<pin_list>
<pin id="131" dir="0" index="0" bw="32" slack="0"/>
<pin id="132" dir="1" index="1" bw="32" slack="0"/>
</pin_list>
<bind>
<opcode="load(27) " fcode="load"/>
<opset="nb_2_out_load/2 "/>
</bind>
</comp>

<comp id="134" class="1004" name="trunc_ln33_fu_134">
<pin_list>
<pin id="135" dir="0" index="0" bw="32" slack="0"/>
<pin id="136" dir="1" index="1" bw="31" slack="0"/>
</pin_list>
<bind>
<opcode="trunc(33) " fcode="trunc"/>
<opset="trunc_ln33/2 "/>
</bind>
</comp>

<comp id="138" class="1004" name="trunc_ln33_1_fu_138">
<pin_list>
<pin id="139" dir="0" index="0" bw="32" slack="0"/>
<pin id="140" dir="1" index="1" bw="7" slack="0"/>
</pin_list>
<bind>
<opcode="trunc(33) " fcode="trunc"/>
<opset="trunc_ln33_1/2 "/>
</bind>
</comp>

<comp id="142" class="1004" name="or_ln33_2_fu_142">
<pin_list>
<pin id="143" dir="0" index="0" bw="32" slack="0"/>
<pin id="144" dir="0" index="1" bw="31" slack="0"/>
<pin id="145" dir="0" index="2" bw="1" slack="0"/>
<pin id="146" dir="1" index="3" bw="32" slack="0"/>
</pin_list>
<bind>
<opcode="bitconcatenate(1004) " fcode="bitconcatenate"/>
<opset="or_ln33_2/2 "/>
</bind>
</comp>

<comp id="150" class="1004" name="add_ln33_fu_150">
<pin_list>
<pin id="151" dir="0" index="0" bw="32" slack="0"/>
<pin id="152" dir="0" index="1" bw="1" slack="0"/>
<pin id="153" dir="1" index="2" bw="32" slack="0"/>
</pin_list>
<bind>
<opcode="add(8) " fcode="add"/>
<opset="add_ln33/2 "/>
</bind>
</comp>

<comp id="156" class="1004" name="icmp_ln34_fu_156">
<pin_list>
<pin id="157" dir="0" index="0" bw="32" slack="0"/>
<pin id="158" dir="0" index="1" bw="5" slack="0"/>
<pin id="159" dir="1" index="2" bw="1" slack="2147483647"/>
</pin_list>
<bind>
<opcode="icmp(45) " fcode="icmp"/>
<opset="icmp_ln34/2 "/>
</bind>
</comp>

<comp id="162" class="1004" name="store_ln33_store_fu_162">
<pin_list>
<pin id="163" dir="0" index="0" bw="32" slack="0"/>
<pin id="164" dir="0" index="1" bw="32" slack="0"/>
<pin id="165" dir="1" index="2" bw="0" slack="2147483647"/>
</pin_list>
<bind>
<opcode="store(28) " fcode="store"/>
<opset="store_ln33/2 "/>
</bind>
</comp>

<comp id="168" class="1004" name="store_ln33_store_fu_168">
<pin_list>
<pin id="169" dir="0" index="0" bw="32" slack="0"/>
<pin id="170" dir="0" index="1" bw="32" slack="0"/>
<pin id="171" dir="1" index="2" bw="0" slack="2147483647"/>
</pin_list>
<bind>
<opcode="store(28) " fcode="store"/>
<opset="store_ln33/2 "/>
</bind>
</comp>

<comp id="174" class="1004" name="oi_2_out_load_load_fu_174">
<pin_list>
<pin id="175" dir="0" index="0" bw="32" slack="0"/>
<pin id="176" dir="1" index="1" bw="32" slack="0"/>
</pin_list>
<bind>
<opcode="load(27) " fcode="load"/>
<opset="oi_2_out_load/2 "/>
</bind>
</comp>

<comp id="178" class="1004" name="or_ln34_3_fu_178">
<pin_list>
<pin id="179" dir="0" index="0" bw="8" slack="0"/>
<pin id="180" dir="0" index="1" bw="7" slack="0"/>
<pin id="181" dir="0" index="2" bw="1" slack="0"/>
<pin id="182" dir="1" index="3" bw="8" slack="0"/>
</pin_list>
<bind>
<opcode="bitconcatenate(1004) " fcode="bitconcatenate"/>
<opset="or_ln34_3/2 "/>
</bind>
</comp>

<comp id="187" class="1004" name="add_ln34_fu_187">
<pin_list>
<pin id="188" dir="0" index="0" bw="32" slack="0"/>
<pin id="189" dir="0" index="1" bw="1" slack="0"/>
<pin id="190" dir="1" index="2" bw="32" slack="0"/>
</pin_list>
<bind>
<opcode="add(8) " fcode="add"/>
<opset="add_ln34/2 "/>
</bind>
</comp>

<comp id="193" class="1004" name="zext_ln34_fu_193">
<pin_list>
<pin id="194" dir="0" index="0" bw="32" slack="0"/>
<pin id="195" dir="1" index="1" bw="64" slack="0"/>
</pin_list>
<bind>
<opcode="zext(34) " fcode="zext"/>
<opset="zext_ln34/2 "/>
</bind>
</comp>

<comp id="198" class="1004" name="store_ln34_store_fu_198">
<pin_list>
<pin id="199" dir="0" index="0" bw="32" slack="0"/>
<pin id="200" dir="0" index="1" bw="32" slack="0"/>
<pin id="201" dir="1" index="2" bw="0" slack="2147483647"/>
</pin_list>
<bind>
<opcode="store(28) " fcode="store"/>
<opset="store_ln34/2 "/>
</bind>
</comp>

<comp id="204" class="1004" name="store_ln0_store_fu_204">
<pin_list>
<pin id="205" dir="0" index="0" bw="1" slack="0"/>
<pin id="206" dir="0" index="1" bw="32" slack="0"/>
<pin id="207" dir="1" index="2" bw="0" slack="2147483647"/>
</pin_list>
<bind>
<opcode="store(28) " fcode="store"/>
<opset="store_ln0/2 "/>
</bind>
</comp>

<comp id="210" class="1004" name="store_ln0_store_fu_210">
<pin_list>
<pin id="211" dir="0" index="0" bw="1" slack="0"/>
<pin id="212" dir="0" index="1" bw="32" slack="0"/>
<pin id="213" dir="1" index="2" bw="0" slack="2147483647"/>
</pin_list>
<bind>
<opcode="store(28) " fcode="store"/>
<opset="store_ln0/2 "/>
</bind>
</comp>

<comp id="216" class="1005" name="empty_reg_216">
<pin_list>
<pin id="217" dir="0" index="0" bw="32" slack="0"/>
<pin id="218" dir="1" index="1" bw="32" slack="0"/>
</pin_list>
<bind>
<opset="empty "/>
</bind>
</comp>

</comp_list>

<net_list>
<net id="45"><net_src comp="16" pin="0"/><net_sink comp="42" pin=0"/></net>

<net id="50"><net_src comp="18" pin="0"/><net_sink comp="46" pin=0"/></net>

<net id="51"><net_src comp="6" pin="0"/><net_sink comp="46" pin=1"/></net>

<net id="56"><net_src comp="18" pin="0"/><net_sink comp="52" pin=0"/></net>

<net id="57"><net_src comp="4" pin="0"/><net_sink comp="52" pin=1"/></net>

<net id="62"><net_src comp="18" pin="0"/><net_sink comp="58" pin=0"/></net>

<net id="63"><net_src comp="2" pin="0"/><net_sink comp="58" pin=1"/></net>

<net id="68"><net_src comp="18" pin="0"/><net_sink comp="64" pin=0"/></net>

<net id="69"><net_src comp="0" pin="0"/><net_sink comp="64" pin=1"/></net>

<net id="75"><net_src comp="8" pin="0"/><net_sink comp="70" pin=0"/></net>

<net id="76"><net_src comp="40" pin="0"/><net_sink comp="70" pin=1"/></net>

<net id="82"><net_src comp="70" pin="3"/><net_sink comp="77" pin=0"/></net>

<net id="87"><net_src comp="64" pin="2"/><net_sink comp="83" pin=0"/></net>

<net id="88"><net_src comp="10" pin="0"/><net_sink comp="83" pin=1"/></net>

<net id="93"><net_src comp="58" pin="2"/><net_sink comp="89" pin=0"/></net>

<net id="94"><net_src comp="12" pin="0"/><net_sink comp="89" pin=1"/></net>

<net id="99"><net_src comp="52" pin="2"/><net_sink comp="95" pin=0"/></net>

<net id="100"><net_src comp="14" pin="0"/><net_sink comp="95" pin=1"/></net>

<net id="105"><net_src comp="46" pin="2"/><net_sink comp="101" pin=0"/></net>

<net id="113"><net_src comp="106" pin="1"/><net_sink comp="109" pin=0"/></net>

<net id="114"><net_src comp="20" pin="0"/><net_sink comp="109" pin=1"/></net>

<net id="119"><net_src comp="106" pin="1"/><net_sink comp="115" pin=0"/></net>

<net id="120"><net_src comp="22" pin="0"/><net_sink comp="115" pin=1"/></net>

<net id="125"><net_src comp="115" pin="2"/><net_sink comp="121" pin=0"/></net>

<net id="129"><net_src comp="14" pin="0"/><net_sink comp="126" pin=0"/></net>

<net id="133"><net_src comp="12" pin="0"/><net_sink comp="130" pin=0"/></net>

<net id="137"><net_src comp="126" pin="1"/><net_sink comp="134" pin=0"/></net>

<net id="141"><net_src comp="126" pin="1"/><net_sink comp="138" pin=0"/></net>

<net id="147"><net_src comp="32" pin="0"/><net_sink comp="142" pin=0"/></net>

<net id="148"><net_src comp="134" pin="1"/><net_sink comp="142" pin=1"/></net>

<net id="149"><net_src comp="34" pin="0"/><net_sink comp="142" pin=2"/></net>

<net id="154"><net_src comp="130" pin="1"/><net_sink comp="150" pin=0"/></net>

<net id="155"><net_src comp="16" pin="0"/><net_sink comp="150" pin=1"/></net>

<net id="160"><net_src comp="150" pin="2"/><net_sink comp="156" pin=0"/></net>

<net id="161"><net_src comp="36" pin="0"/><net_sink comp="156" pin=1"/></net>

<net id="166"><net_src comp="150" pin="2"/><net_sink comp="162" pin=0"/></net>

<net id="167"><net_src comp="12" pin="0"/><net_sink comp="162" pin=1"/></net>

<net id="172"><net_src comp="142" pin="3"/><net_sink comp="168" pin=0"/></net>

<net id="173"><net_src comp="14" pin="0"/><net_sink comp="168" pin=1"/></net>

<net id="177"><net_src comp="10" pin="0"/><net_sink comp="174" pin=0"/></net>

<net id="183"><net_src comp="38" pin="0"/><net_sink comp="178" pin=0"/></net>

<net id="184"><net_src comp="138" pin="1"/><net_sink comp="178" pin=1"/></net>

<net id="185"><net_src comp="34" pin="0"/><net_sink comp="178" pin=2"/></net>

<net id="186"><net_src comp="178" pin="3"/><net_sink comp="77" pin=1"/></net>

<net id="191"><net_src comp="174" pin="1"/><net_sink comp="187" pin=0"/></net>

<net id="192"><net_src comp="16" pin="0"/><net_sink comp="187" pin=1"/></net>

<net id="196"><net_src comp="174" pin="1"/><net_sink comp="193" pin=0"/></net>

<net id="197"><net_src comp="193" pin="1"/><net_sink comp="70" pin=2"/></net>

<net id="202"><net_src comp="187" pin="2"/><net_sink comp="198" pin=0"/></net>

<net id="203"><net_src comp="10" pin="0"/><net_sink comp="198" pin=1"/></net>

<net id="208"><net_src comp="20" pin="0"/><net_sink comp="204" pin=0"/></net>

<net id="209"><net_src comp="12" pin="0"/><net_sink comp="204" pin=1"/></net>

<net id="214"><net_src comp="20" pin="0"/><net_sink comp="210" pin=0"/></net>

<net id="215"><net_src comp="14" pin="0"/><net_sink comp="210" pin=1"/></net>

<net id="219"><net_src comp="42" pin="1"/><net_sink comp="216" pin=0"/></net>

<net id="220"><net_src comp="216" pin="1"/><net_sink comp="101" pin=1"/></net>

<net id="221"><net_src comp="216" pin="1"/><net_sink comp="106" pin=0"/></net>

<net id="222"><net_src comp="216" pin="1"/><net_sink comp="121" pin=1"/></net>

</net_list>

</model> 
---------------- Datapath Model END ------------------

* FSMD analyzer results:
  - Output states:
	Port: out_r | {2 }
	Port: oi_2_out | {1 2 }
	Port: nb_2_out | {1 2 }
	Port: ob_2_out | {1 2 }
 - Input state : 
	Port: encode_bit_Pipeline_VITIS_LOOP_50_1 : oi_2_ph | {1 }
	Port: encode_bit_Pipeline_VITIS_LOOP_50_1 : nb_2_ph | {1 }
	Port: encode_bit_Pipeline_VITIS_LOOP_50_1 : ob_2_ph | {1 }
	Port: encode_bit_Pipeline_VITIS_LOOP_50_1 : pending_0 | {1 }
	Port: encode_bit_Pipeline_VITIS_LOOP_50_1 : oi_2_out | {2 }
	Port: encode_bit_Pipeline_VITIS_LOOP_50_1 : nb_2_out | {2 }
	Port: encode_bit_Pipeline_VITIS_LOOP_50_1 : ob_2_out | {2 }
  - Chain level:
	State 1
		p_load : 1
		icmp_ln50 : 2
		br_ln50 : 3
		add_ln50 : 2
		store_ln50 : 3
	State 2
		trunc_ln33 : 1
		trunc_ln33_1 : 1
		or_ln33_2 : 2
		add_ln33 : 1
		icmp_ln34 : 2
		br_ln34 : 3
		store_ln33 : 2
		store_ln33 : 3
		or_ln34_3 : 2
		add_ln34 : 1
		zext_ln34 : 1
		out_addr : 2
		store_ln34 : 3
		store_ln34 : 2


============================================================
+ Verbose Summary: Datapath Resource usage 
============================================================

* Functional unit list:
|----------|---------------------------|---------|---------|
| Operation|      Functional Unit      |    FF   |   LUT   |
|----------|---------------------------|---------|---------|
|          |      add_ln50_fu_115      |    0    |    39   |
|    add   |      add_ln33_fu_150      |    0    |    39   |
|          |      add_ln34_fu_187      |    0    |    39   |
|----------|---------------------------|---------|---------|
|   icmp   |      icmp_ln50_fu_109     |    0    |    39   |
|          |      icmp_ln34_fu_156     |    0    |    39   |
|----------|---------------------------|---------|---------|
|          | pending_0_read_read_fu_46 |    0    |    0    |
|   read   |  ob_2_ph_read_read_fu_52  |    0    |    0    |
|          |  nb_2_ph_read_read_fu_58  |    0    |    0    |
|          |  oi_2_ph_read_read_fu_64  |    0    |    0    |
|----------|---------------------------|---------|---------|
|   trunc  |     trunc_ln33_fu_134     |    0    |    0    |
|          |    trunc_ln33_1_fu_138    |    0    |    0    |
|----------|---------------------------|---------|---------|
|bitconcatenate|      or_ln33_2_fu_142     |    0    |    0    |
|          |      or_ln34_3_fu_178     |    0    |    0    |
|----------|---------------------------|---------|---------|
|   zext   |      zext_ln34_fu_193     |    0    |    0    |
|----------|---------------------------|---------|---------|
|   Total  |                           |    0    |   195   |
|----------|---------------------------|---------|---------|

Memories:
N/A

* Register list:
+-------------+--------+
|             |   FF   |
+-------------+--------+
|empty_reg_216|   32   |
+-------------+--------+
|    Total    |   32   |
+-------------+--------+

* Multiplexer (MUX) list: 
|--------|------|------|------|--------|
|  Comp  |  Pin | Size |  BW  | S x BW |
|--------|------|------|------|--------|
|  Total |      |      |      |    0   |
|--------|------|------|------|--------|



* Summary:
+-----------+--------+--------+
|           |   FF   |   LUT  |
+-----------+--------+--------+
|  Function |    0   |   195  |
|   Memory  |    -   |    -   |
|Multiplexer|    -   |    -   |
|  Register |   32   |    -   |
+-----------+--------+--------+
|   Total   |   32   |   195  |
+-----------+--------+--------+
