

================================================================
== Vitis HLS Report for 'encode_bit_1'
================================================================
* Date:           Sat Aug  1 19:34:09 2026

* Version:        2025.2.1 (Build 6397637 on Mar 18 2026)
* Project:        work_k8_report
* Solution:       hls (Vitis Kernel Flow Target)
* Product family: zynquplus
* Target device:  xck26-sfvc784-2LV-c


================================================================
== Performance Estimates
================================================================
+ Timing: 
    * Summary: 
    +--------+---------+----------+------------+
    |  Clock |  Target | Estimated| Uncertainty|
    +--------+---------+----------+------------+
    |ap_clk  |  5.00 ns|  3.420 ns|     1.35 ns|
    +--------+---------+----------+------------+

+ Latency: 
    * Summary: 
    +---------+---------+----------+----------+-----+-----+---------+
    |  Latency (cycles) |  Latency (absolute) |  Interval | Pipeline|
    |   min   |   max   |    min   |    max   | min | max |   Type  |
    +---------+---------+----------+----------+-----+-----+---------+
    |        ?|        ?|         ?|         ?|    ?|    ?|       no|
    +---------+---------+----------+----------+-----+-----+---------+

    + Detail: 
        * Instance: 
        N/A

        * Loop: 
        +----------+---------+---------+----------+-----------+-----------+--------+----------+
        |          |  Latency (cycles) | Iteration|  Initiation Interval  |  Trip  |          |
        | Loop Name|   min   |   max   |  Latency |  achieved |   target  |  Count | Pipelined|
        +----------+---------+---------+----------+-----------+-----------+--------+----------+
        |- Renorm  |        ?|        ?|         ?|          -|          -|  0 ~ 32|        no|
        +----------+---------+---------+----------+-----------+-----------+--------+----------+

============================================================
+ Verbose Summary: Synthesis Manager
============================================================
InlineROM: 1
ExposeGlobal: 0
============================================================
+ Verbose Summary: CDFG Model
============================================================
IsTopModel: 0
ResetActiveHigh: 1
IsCombinational: 0
IsDatapathOnly: 0
HasWiredReturn: 1
HasMFsm: 0
HasVarLatency: 1
IsPipeline: 0
IsRtlPipelined: 0
IsInstanceOverlapped: 0
IsDontTouch: 0
HasImplIP: 0
IsGatedGlobalClock: 0


============================================================
+ Verbose Summary: Schedule
============================================================
* Number of FSM states : 7
* Pipeline : 0
* Dataflow Pipeline: 0

* FSM state transitions: 
1 --> 2 
2 --> 3 
3 --> 4 
4 --> 5 6 7 
5 --> 6 
6 --> 4 
7 --> 6 

* FSM state operations: 

State 1 <SV = 0> <Delay = 0.73>
ST_1 : Operation 8 [1/1] (0.00ns)   --->   "%r = alloca i32 1" [./arith3.h:47]   --->   Operation 8 'alloca' 'r' <Predicate = true> <Delay = 0.00>
ST_1 : Operation 9 [1/1] (0.00ns)   --->   "%pending_0 = alloca i32 1"   --->   Operation 9 'alloca' 'pending_0' <Predicate = true> <Delay = 0.00>
ST_1 : Operation 10 [1/1] (0.00ns)   --->   "%phi_ln64_1 = alloca i32 1" [./arith3.h:38]   --->   Operation 10 'alloca' 'phi_ln64_1' <Predicate = true> <Delay = 0.00>
ST_1 : Operation 11 [1/1] (0.00ns)   --->   "%phi_ln64 = alloca i32 1" [./arith3.h:38]   --->   Operation 11 'alloca' 'phi_ln64' <Predicate = true> <Delay = 0.00>
ST_1 : Operation 12 [1/1] (0.00ns)   --->   "%oi_0 = alloca i32 1"   --->   Operation 12 'alloca' 'oi_0' <Predicate = true> <Delay = 0.00>
ST_1 : Operation 13 [1/1] (0.00ns)   --->   "%ob_0 = alloca i32 1"   --->   Operation 13 'alloca' 'ob_0' <Predicate = true> <Delay = 0.00>
ST_1 : Operation 14 [1/1] (0.00ns)   --->   "%nb_0 = alloca i32 1"   --->   Operation 14 'alloca' 'nb_0' <Predicate = true> <Delay = 0.00>
ST_1 : Operation 15 [1/1] (0.00ns)   --->   "%oi_read_1 = read i32 @_ssdm_op_Read.ap_auto.i32, i32 %oi_read"   --->   Operation 15 'read' 'oi_read_1' <Predicate = true> <Delay = 0.00>
ST_1 : Operation 16 [1/1] (0.00ns)   --->   "%nb_read_1 = read i32 @_ssdm_op_Read.ap_auto.i32, i32 %nb_read"   --->   Operation 16 'read' 'nb_read_1' <Predicate = true> <Delay = 0.00>
ST_1 : Operation 17 [1/1] (0.00ns)   --->   "%ob_read_1 = read i32 @_ssdm_op_Read.ap_auto.i32, i32 %ob_read"   --->   Operation 17 'read' 'ob_read_1' <Predicate = true> <Delay = 0.00>
ST_1 : Operation 18 [1/1] (0.00ns)   --->   "%pending_read_1 = read i32 @_ssdm_op_Read.ap_auto.i32, i32 %pending_read"   --->   Operation 18 'read' 'pending_read_1' <Predicate = true> <Delay = 0.00>
ST_1 : Operation 19 [1/1] (0.00ns)   --->   "%high_read_1 = read i32 @_ssdm_op_Read.ap_auto.i32, i32 %high_read"   --->   Operation 19 'read' 'high_read_1' <Predicate = true> <Delay = 0.00>
ST_1 : Operation 20 [1/1] (0.00ns)   --->   "%low_read_1 = read i32 @_ssdm_op_Read.ap_auto.i32, i32 %low_read"   --->   Operation 20 'read' 'low_read_1' <Predicate = true> <Delay = 0.00>
ST_1 : Operation 21 [1/1] (0.00ns) (grouped into TernaryAdder)   --->   "%add_ln41 = add i32 %high_read_1, i32 1" [./arith3.h:41]   --->   Operation 21 'add' 'add_ln41' <Predicate = true> <Delay = 0.00> <CoreInst = "TAddSub">   --->   Core 10 'TAddSub' <Latency = 0> <II = 1> <Delay = 0.36> <IPBlock> <Opcode : 'add' 'sub'> <InPorts = 3> <OutPorts = 1> <Sync> <CReg>
ST_1 : Operation 22 [1/1] (0.73ns) (root node of TernaryAdder)   --->   "%range = sub i32 %add_ln41, i32 %low_read_1" [./arith3.h:41]   --->   Operation 22 'sub' 'range' <Predicate = true> <Delay = 0.73> <CoreInst = "TAddSub">   --->   Core 10 'TAddSub' <Latency = 0> <II = 1> <Delay = 0.36> <IPBlock> <Opcode : 'add' 'sub'> <InPorts = 3> <OutPorts = 1> <Sync> <CReg>
ST_1 : Operation 23 [1/1] (0.00ns)   --->   "%store_ln0 = store i32 %nb_read_1, i32 %nb_0"   --->   Operation 23 'store' 'store_ln0' <Predicate = true> <Delay = 0.00>
ST_1 : Operation 24 [1/1] (0.00ns)   --->   "%store_ln0 = store i32 %ob_read_1, i32 %ob_0"   --->   Operation 24 'store' 'store_ln0' <Predicate = true> <Delay = 0.00>
ST_1 : Operation 25 [1/1] (0.00ns)   --->   "%store_ln0 = store i32 %oi_read_1, i32 %oi_0"   --->   Operation 25 'store' 'store_ln0' <Predicate = true> <Delay = 0.00>
ST_1 : Operation 26 [1/1] (0.47ns)   --->   "%store_ln0 = store i32 %pending_read_1, i32 %pending_0"   --->   Operation 26 'store' 'store_ln0' <Predicate = true> <Delay = 0.47>
ST_1 : Operation 27 [1/1] (0.42ns)   --->   "%store_ln47 = store i6 0, i6 %r" [./arith3.h:47]   --->   Operation 27 'store' 'store_ln47' <Predicate = true> <Delay = 0.42>

State 2 <SV = 1> <Delay = 3.42>
ST_2 : Operation 28 [1/1] (0.00ns)   --->   "%prob_read_1 = read i32 @_ssdm_op_Read.ap_auto.i32, i32 %prob_read"   --->   Operation 28 'read' 'prob_read_1' <Predicate = true> <Delay = 0.00>
ST_2 : Operation 29 [1/1] (3.42ns)   --->   "%mul_ln42 = mul i32 %range, i32 %prob_read_1" [./arith3.h:42]   --->   Operation 29 'mul' 'mul_ln42' <Predicate = true> <Delay = 3.42> <CoreInst = "Multiplier">   --->   Core 3 'Multiplier' <Latency = 0> <II = 1> <Delay = 3.42> <FuncUnit> <Opcode : 'mul'> <InPorts = 2> <OutPorts = 1>
ST_2 : Operation 30 [1/1] (0.00ns)   --->   "%split = partselect i20 @_ssdm_op_PartSelect.i20.i32.i32.i32, i32 %mul_ln42, i32 12, i32 31" [./arith3.h:42]   --->   Operation 30 'partselect' 'split' <Predicate = true> <Delay = 0.00>

State 3 <SV = 2> <Delay = 2.90>
ST_3 : Operation 31 [1/1] (0.00ns)   --->   "%bit_read = read i1 @_ssdm_op_Read.ap_auto.i1, i1 %bit_r"   --->   Operation 31 'read' 'bit_read' <Predicate = true> <Delay = 0.00>
ST_3 : Operation 32 [1/1] (0.00ns)   --->   "%zext_ln42 = zext i20 %split" [./arith3.h:42]   --->   Operation 32 'zext' 'zext_ln42' <Predicate = true> <Delay = 0.00>
ST_3 : Operation 33 [1/1] (1.01ns)   --->   "%add_ln43 = add i32 %zext_ln42, i32 %low_read_1" [./arith3.h:43]   --->   Operation 33 'add' 'add_ln43' <Predicate = true> <Delay = 1.01> <CoreInst = "Adder">   --->   Core 1 'Adder' <Latency = 0> <II = 1> <Delay = 1.01> <FuncUnit> <Opcode : 'add' 'sub'> <InPorts = 2> <OutPorts = 1>
ST_3 : Operation 34 [1/1] (1.01ns)   --->   "%add_ln43_1 = add i32 %add_ln43, i32 4294967295" [./arith3.h:43]   --->   Operation 34 'add' 'add_ln43_1' <Predicate = true> <Delay = 1.01> <CoreInst = "Adder">   --->   Core 1 'Adder' <Latency = 0> <II = 1> <Delay = 1.01> <FuncUnit> <Opcode : 'add' 'sub'> <InPorts = 2> <OutPorts = 1>
ST_3 : Operation 35 [1/1] (0.44ns)   --->   "%select_ln43 = select i1 %bit_read, i32 %add_ln43, i32 %low_read_1" [./arith3.h:43]   --->   Operation 35 'select' 'select_ln43' <Predicate = true> <Delay = 0.44> <CoreInst = "Sel">   --->   Core 73 'Sel' <Latency = 0> <II = 1> <Delay = 0.44> <FuncUnit> <Opcode : 'select'> <InPorts = 3> <OutPorts = 1>
ST_3 : Operation 36 [1/1] (0.44ns)   --->   "%select_ln43_1 = select i1 %bit_read, i32 %high_read_1, i32 %add_ln43_1" [./arith3.h:43]   --->   Operation 36 'select' 'select_ln43_1' <Predicate = true> <Delay = 0.44> <CoreInst = "Sel">   --->   Core 73 'Sel' <Latency = 0> <II = 1> <Delay = 0.44> <FuncUnit> <Opcode : 'select'> <InPorts = 3> <OutPorts = 1>
ST_3 : Operation 37 [1/1] (0.42ns)   --->   "%store_ln38 = store i32 %select_ln43, i32 %phi_ln64" [./arith3.h:38]   --->   Operation 37 'store' 'store_ln38' <Predicate = true> <Delay = 0.42>
ST_3 : Operation 38 [1/1] (0.42ns)   --->   "%store_ln38 = store i32 %select_ln43_1, i32 %phi_ln64_1" [./arith3.h:38]   --->   Operation 38 'store' 'store_ln38' <Predicate = true> <Delay = 0.42>
ST_3 : Operation 39 [1/1] (0.00ns)   --->   "%br_ln47 = br void %for.body" [./arith3.h:47]   --->   Operation 39 'br' 'br_ln47' <Predicate = true> <Delay = 0.00>

State 4 <SV = 3> <Delay = 3.26>
ST_4 : Operation 40 [1/1] (0.00ns)   --->   "%r_1 = load i6 %r" [./arith3.h:47]   --->   Operation 40 'load' 'r_1' <Predicate = true> <Delay = 0.00>
ST_4 : Operation 41 [1/1] (0.00ns)   --->   "%oi_0_load = load i32 %oi_0" [./arith3.h:34->./arith3.h:49]   --->   Operation 41 'load' 'oi_0_load' <Predicate = true> <Delay = 0.00>
ST_4 : Operation 42 [1/1] (0.00ns)   --->   "%tmp = bitselect i1 @_ssdm_op_BitSelect.i1.i6.i32, i6 %r_1, i32 5" [./arith3.h:47]   --->   Operation 42 'bitselect' 'tmp' <Predicate = true> <Delay = 0.00>
ST_4 : Operation 43 [1/1] (0.78ns)   --->   "%r_2 = add i6 %r_1, i6 1" [./arith3.h:47]   --->   Operation 43 'add' 'r_2' <Predicate = true> <Delay = 0.78> <CoreInst = "Adder">   --->   Core 1 'Adder' <Latency = 0> <II = 1> <Delay = 0.78> <FuncUnit> <Opcode : 'add' 'sub'> <InPorts = 2> <OutPorts = 1>
ST_4 : Operation 44 [1/1] (0.00ns)   --->   "%br_ln47 = br i1 %tmp, void %for.body.split, void %for.end" [./arith3.h:47]   --->   Operation 44 'br' 'br_ln47' <Predicate = true> <Delay = 0.00>
ST_4 : Operation 45 [1/1] (0.00ns)   --->   "%phi_ln64_1_load = load i32 %phi_ln64_1" [./arith3.h:47]   --->   Operation 45 'load' 'phi_ln64_1_load' <Predicate = (!tmp)> <Delay = 0.00>
ST_4 : Operation 46 [1/1] (0.00ns)   --->   "%phi_ln64_load = load i32 %phi_ln64" [./arith3.h:47]   --->   Operation 46 'load' 'phi_ln64_load' <Predicate = (!tmp)> <Delay = 0.00>
ST_4 : Operation 47 [1/1] (0.00ns)   --->   "%trunc_ln47 = trunc i32 %phi_ln64_1_load" [./arith3.h:47]   --->   Operation 47 'trunc' 'trunc_ln47' <Predicate = (!tmp)> <Delay = 0.00>
ST_4 : Operation 48 [1/1] (0.00ns)   --->   "%trunc_ln47_1 = trunc i32 %phi_ln64_load" [./arith3.h:47]   --->   Operation 48 'trunc' 'trunc_ln47_1' <Predicate = (!tmp)> <Delay = 0.00>
ST_4 : Operation 49 [1/1] (0.00ns)   --->   "%speclooptripcount_ln47 = speclooptripcount void @_ssdm_op_SpecLoopTripCount, i64 0, i64 32, i64 16" [./arith3.h:47]   --->   Operation 49 'speclooptripcount' 'speclooptripcount_ln47' <Predicate = (!tmp)> <Delay = 0.00>
ST_4 : Operation 50 [1/1] (0.00ns)   --->   "%specloopname_ln47 = specloopname void @_ssdm_op_SpecLoopName, void @empty_20" [./arith3.h:47]   --->   Operation 50 'specloopname' 'specloopname_ln47' <Predicate = (!tmp)> <Delay = 0.00>
ST_4 : Operation 51 [1/1] (0.00ns)   --->   "%tmp_2 = partselect i17 @_ssdm_op_PartSelect.i17.i32.i32.i32, i32 %phi_ln64_1_load, i32 15, i32 31" [./arith3.h:48]   --->   Operation 51 'partselect' 'tmp_2' <Predicate = (!tmp)> <Delay = 0.00>
ST_4 : Operation 52 [1/1] (0.86ns)   --->   "%icmp_ln48 = icmp_eq  i17 %tmp_2, i17 0" [./arith3.h:48]   --->   Operation 52 'icmp' 'icmp_ln48' <Predicate = (!tmp)> <Delay = 0.86> <CoreInst = "Cmp">   --->   Core 9 'Cmp' <Latency = 0> <II = 1> <Delay = 0.86> <FuncUnit> <Opcode : 'seteq' 'setne' 'setle' 'setge' 'setlt' 'setgt'> <InPorts = 2> <OutPorts = 1>
ST_4 : Operation 53 [1/1] (0.00ns)   --->   "%br_ln48 = br i1 %icmp_ln48, void %if.else8, void %VITIS_LOOP_50_1" [./arith3.h:48]   --->   Operation 53 'br' 'br_ln48' <Predicate = (!tmp)> <Delay = 0.00>
ST_4 : Operation 54 [1/1] (0.00ns)   --->   "%tmp_3 = partselect i17 @_ssdm_op_PartSelect.i17.i32.i32.i32, i32 %phi_ln64_load, i32 15, i32 31" [./arith3.h:51]   --->   Operation 54 'partselect' 'tmp_3' <Predicate = (!tmp & !icmp_ln48)> <Delay = 0.00>
ST_4 : Operation 55 [1/1] (0.86ns)   --->   "%icmp_ln51 = icmp_eq  i17 %tmp_3, i17 0" [./arith3.h:51]   --->   Operation 55 'icmp' 'icmp_ln51' <Predicate = (!tmp & !icmp_ln48)> <Delay = 0.86> <CoreInst = "Cmp">   --->   Core 9 'Cmp' <Latency = 0> <II = 1> <Delay = 0.86> <FuncUnit> <Opcode : 'seteq' 'setne' 'setle' 'setge' 'setlt' 'setgt'> <InPorts = 2> <OutPorts = 1>
ST_4 : Operation 56 [1/1] (0.00ns)   --->   "%br_ln51 = br i1 %icmp_ln51, void %VITIS_LOOP_53_2, void %if.else18" [./arith3.h:51]   --->   Operation 56 'br' 'br_ln51' <Predicate = (!tmp & !icmp_ln48)> <Delay = 0.00>
ST_4 : Operation 57 [1/1] (0.00ns)   --->   "%ob_0_load = load i32 %ob_0" [./arith3.h:33->./arith3.h:52]   --->   Operation 57 'load' 'ob_0_load' <Predicate = (!tmp & !icmp_ln48 & !icmp_ln51)> <Delay = 0.00>
ST_4 : Operation 58 [1/1] (0.00ns)   --->   "%nb_0_load_1 = load i32 %nb_0" [./arith3.h:33->./arith3.h:52]   --->   Operation 58 'load' 'nb_0_load_1' <Predicate = (!tmp & !icmp_ln48 & !icmp_ln51)> <Delay = 0.00>
ST_4 : Operation 59 [1/1] (0.00ns)   --->   "%trunc_ln33_3 = trunc i32 %ob_0_load" [./arith3.h:33->./arith3.h:52]   --->   Operation 59 'trunc' 'trunc_ln33_3' <Predicate = (!tmp & !icmp_ln48 & !icmp_ln51)> <Delay = 0.00>
ST_4 : Operation 60 [1/1] (0.00ns)   --->   "%trunc_ln33_4 = trunc i32 %ob_0_load" [./arith3.h:33->./arith3.h:52]   --->   Operation 60 'trunc' 'trunc_ln33_4' <Predicate = (!tmp & !icmp_ln48 & !icmp_ln51)> <Delay = 0.00>
ST_4 : Operation 61 [1/1] (0.00ns)   --->   "%or_ln = bitconcatenate i32 @_ssdm_op_BitConcatenate.i32.i31.i1, i31 %trunc_ln33_3, i1 1" [./arith3.h:33->./arith3.h:52]   --->   Operation 61 'bitconcatenate' 'or_ln' <Predicate = (!tmp & !icmp_ln48 & !icmp_ln51)> <Delay = 0.00>
ST_4 : Operation 62 [1/1] (1.01ns)   --->   "%add_ln33_1 = add i32 %nb_0_load_1, i32 1" [./arith3.h:33->./arith3.h:52]   --->   Operation 62 'add' 'add_ln33_1' <Predicate = (!tmp & !icmp_ln48 & !icmp_ln51)> <Delay = 1.01> <CoreInst = "Adder">   --->   Core 1 'Adder' <Latency = 0> <II = 1> <Delay = 1.01> <FuncUnit> <Opcode : 'add' 'sub'> <InPorts = 2> <OutPorts = 1>
ST_4 : Operation 63 [1/1] (1.01ns)   --->   "%icmp_ln34_2 = icmp_eq  i32 %add_ln33_1, i32 8" [./arith3.h:34->./arith3.h:52]   --->   Operation 63 'icmp' 'icmp_ln34_2' <Predicate = (!tmp & !icmp_ln48 & !icmp_ln51)> <Delay = 1.01> <CoreInst = "Cmp">   --->   Core 9 'Cmp' <Latency = 0> <II = 1> <Delay = 1.01> <FuncUnit> <Opcode : 'seteq' 'setne' 'setle' 'setge' 'setlt' 'setgt'> <InPorts = 2> <OutPorts = 1>
ST_4 : Operation 64 [1/1] (0.42ns)   --->   "%br_ln34 = br i1 %icmp_ln34_2, void %while.cond11.preheader, void %if.then.i18" [./arith3.h:34->./arith3.h:52]   --->   Operation 64 'br' 'br_ln34' <Predicate = (!tmp & !icmp_ln48 & !icmp_ln51)> <Delay = 0.42>
ST_4 : Operation 65 [1/1] (0.00ns)   --->   "%or_ln1 = bitconcatenate i8 @_ssdm_op_BitConcatenate.i8.i7.i1, i7 %trunc_ln33_4, i1 1" [./arith3.h:34->./arith3.h:52]   --->   Operation 65 'bitconcatenate' 'or_ln1' <Predicate = (!tmp & !icmp_ln48 & !icmp_ln51 & icmp_ln34_2)> <Delay = 0.00>
ST_4 : Operation 66 [1/1] (1.01ns)   --->   "%add_ln34_1 = add i32 %oi_0_load, i32 1" [./arith3.h:34->./arith3.h:52]   --->   Operation 66 'add' 'add_ln34_1' <Predicate = (!tmp & !icmp_ln48 & !icmp_ln51 & icmp_ln34_2)> <Delay = 1.01> <CoreInst = "Adder">   --->   Core 1 'Adder' <Latency = 0> <II = 1> <Delay = 1.01> <FuncUnit> <Opcode : 'add' 'sub'> <InPorts = 2> <OutPorts = 1>
ST_4 : Operation 67 [1/1] (0.00ns)   --->   "%zext_ln34_4 = zext i32 %oi_0_load" [./arith3.h:34->./arith3.h:52]   --->   Operation 67 'zext' 'zext_ln34_4' <Predicate = (!tmp & !icmp_ln48 & !icmp_ln51 & icmp_ln34_2)> <Delay = 0.00>
ST_4 : Operation 68 [1/1] (0.00ns)   --->   "%out_addr_3 = getelementptr i8 %out_r, i64 0, i64 %zext_ln34_4" [./arith3.h:34->./arith3.h:52]   --->   Operation 68 'getelementptr' 'out_addr_3' <Predicate = (!tmp & !icmp_ln48 & !icmp_ln51 & icmp_ln34_2)> <Delay = 0.00>
ST_4 : Operation 69 [1/1] ( I:1.23ns O:1.23ns )   --->   "%store_ln34 = store i8 %or_ln1, i10 %out_addr_3" [./arith3.h:34->./arith3.h:52]   --->   Operation 69 'store' 'store_ln34' <Predicate = (!tmp & !icmp_ln48 & !icmp_ln51 & icmp_ln34_2)> <Delay = 1.23> <CoreInst = "RAM">   --->   Core 82 'RAM' <Latency = 1> <II = 1> <Delay = 1.23> <Storage> <Opcode : 'load' 'store'> <Ports = 2> <Width = 8> <Depth = 576> <RAM>
ST_4 : Operation 70 [1/1] (0.42ns)   --->   "%br_ln34 = br void %while.cond11.preheader" [./arith3.h:34->./arith3.h:52]   --->   Operation 70 'br' 'br_ln34' <Predicate = (!tmp & !icmp_ln48 & !icmp_ln51 & icmp_ln34_2)> <Delay = 0.42>
ST_4 : Operation 71 [1/1] (0.00ns)   --->   "%phi_ln64_1_load_1 = load i32 %phi_ln64_1" [./arith3.h:55]   --->   Operation 71 'load' 'phi_ln64_1_load_1' <Predicate = (!tmp & !icmp_ln48 & icmp_ln51)> <Delay = 0.00>
ST_4 : Operation 72 [1/1] (0.00ns)   --->   "%tmp_4 = partselect i18 @_ssdm_op_PartSelect.i18.i32.i32.i32, i32 %phi_ln64_load, i32 14, i32 31" [./arith3.h:55]   --->   Operation 72 'partselect' 'tmp_4' <Predicate = (!tmp & !icmp_ln48 & icmp_ln51)> <Delay = 0.00>
ST_4 : Operation 73 [1/1] (0.87ns)   --->   "%icmp_ln55 = icmp_ne  i18 %tmp_4, i18 0" [./arith3.h:55]   --->   Operation 73 'icmp' 'icmp_ln55' <Predicate = (!tmp & !icmp_ln48 & icmp_ln51)> <Delay = 0.87> <CoreInst = "Cmp">   --->   Core 9 'Cmp' <Latency = 0> <II = 1> <Delay = 0.87> <FuncUnit> <Opcode : 'seteq' 'setne' 'setle' 'setge' 'setlt' 'setgt'> <InPorts = 2> <OutPorts = 1>
ST_4 : Operation 74 [1/1] (1.01ns)   --->   "%icmp_ln55_1 = icmp_ult  i32 %phi_ln64_1_load_1, i32 49152" [./arith3.h:55]   --->   Operation 74 'icmp' 'icmp_ln55_1' <Predicate = (!tmp & !icmp_ln48 & icmp_ln51)> <Delay = 1.01> <CoreInst = "Cmp">   --->   Core 9 'Cmp' <Latency = 0> <II = 1> <Delay = 1.01> <FuncUnit> <Opcode : 'seteq' 'setne' 'setle' 'setge' 'setlt' 'setgt'> <InPorts = 2> <OutPorts = 1>
ST_4 : Operation 75 [1/1] (0.28ns)   --->   "%and_ln55 = and i1 %icmp_ln55, i1 %icmp_ln55_1" [./arith3.h:55]   --->   Operation 75 'and' 'and_ln55' <Predicate = (!tmp & !icmp_ln48 & icmp_ln51)> <Delay = 0.28> <CoreInst = "LogicGate">   --->   Core 74 'LogicGate' <Latency = 0> <II = 1> <Delay = 0.28> <FuncUnit> <Opcode : 'and' 'or' 'xor'> <InPorts = 2> <OutPorts = 1>
ST_4 : Operation 76 [1/1] (0.00ns)   --->   "%br_ln55 = br i1 %and_ln55, void %for.end, void %if.end25" [./arith3.h:55]   --->   Operation 76 'br' 'br_ln55' <Predicate = (!tmp & !icmp_ln48 & icmp_ln51)> <Delay = 0.00>
ST_4 : Operation 77 [1/1] (0.00ns)   --->   "%pending_0_load = load i32 %pending_0" [./arith3.h:56]   --->   Operation 77 'load' 'pending_0_load' <Predicate = (!tmp & !icmp_ln48 & icmp_ln51 & and_ln55)> <Delay = 0.00>
ST_4 : Operation 78 [1/1] (1.01ns)   --->   "%add_ln56 = add i32 %pending_0_load, i32 1" [./arith3.h:56]   --->   Operation 78 'add' 'add_ln56' <Predicate = (!tmp & !icmp_ln48 & icmp_ln51 & and_ln55)> <Delay = 1.01> <CoreInst = "Adder">   --->   Core 1 'Adder' <Latency = 0> <II = 1> <Delay = 1.01> <FuncUnit> <Opcode : 'add' 'sub'> <InPorts = 2> <OutPorts = 1>
ST_4 : Operation 79 [1/1] (0.00ns)   --->   "%bit_sel2 = bitselect i1 @_ssdm_op_BitSelect.i1.i32.i32, i32 %phi_ln64_load, i32 14" [./arith3.h:56]   --->   Operation 79 'bitselect' 'bit_sel2' <Predicate = (!tmp & !icmp_ln48 & icmp_ln51 & and_ln55)> <Delay = 0.00>
ST_4 : Operation 80 [1/1] (0.28ns)   --->   "%xor_ln56_2 = xor i1 %bit_sel2, i1 1" [./arith3.h:56]   --->   Operation 80 'xor' 'xor_ln56_2' <Predicate = (!tmp & !icmp_ln48 & icmp_ln51 & and_ln55)> <Delay = 0.28> <CoreInst = "LogicGate">   --->   Core 74 'LogicGate' <Latency = 0> <II = 1> <Delay = 0.28> <FuncUnit> <Opcode : 'and' 'or' 'xor'> <InPorts = 2> <OutPorts = 1>
ST_4 : Operation 81 [1/1] (0.00ns)   --->   "%trunc_ln56 = trunc i32 %phi_ln64_load" [./arith3.h:56]   --->   Operation 81 'trunc' 'trunc_ln56' <Predicate = (!tmp & !icmp_ln48 & icmp_ln51 & and_ln55)> <Delay = 0.00>
ST_4 : Operation 82 [1/1] (0.00ns)   --->   "%xor_ln = bitconcatenate i15 @_ssdm_op_BitConcatenate.i15.i1.i14, i1 %xor_ln56_2, i14 %trunc_ln56" [./arith3.h:56]   --->   Operation 82 'bitconcatenate' 'xor_ln' <Predicate = (!tmp & !icmp_ln48 & icmp_ln51 & and_ln55)> <Delay = 0.00>
ST_4 : Operation 83 [1/1] (0.00ns)   --->   "%bit_sel = bitselect i1 @_ssdm_op_BitSelect.i1.i32.i32, i32 %phi_ln64_1_load_1, i32 14" [./arith3.h:56]   --->   Operation 83 'bitselect' 'bit_sel' <Predicate = (!tmp & !icmp_ln48 & icmp_ln51 & and_ln55)> <Delay = 0.00>
ST_4 : Operation 84 [1/1] (0.28ns)   --->   "%xor_ln56 = xor i1 %bit_sel, i1 1" [./arith3.h:56]   --->   Operation 84 'xor' 'xor_ln56' <Predicate = (!tmp & !icmp_ln48 & icmp_ln51 & and_ln55)> <Delay = 0.28> <CoreInst = "LogicGate">   --->   Core 74 'LogicGate' <Latency = 0> <II = 1> <Delay = 0.28> <FuncUnit> <Opcode : 'and' 'or' 'xor'> <InPorts = 2> <OutPorts = 1>
ST_4 : Operation 85 [1/1] (0.00ns)   --->   "%trunc_ln56_1 = trunc i32 %phi_ln64_1_load_1" [./arith3.h:56]   --->   Operation 85 'trunc' 'trunc_ln56_1' <Predicate = (!tmp & !icmp_ln48 & icmp_ln51 & and_ln55)> <Delay = 0.00>
ST_4 : Operation 86 [1/1] (0.00ns)   --->   "%xor_ln56_1 = bitconcatenate i15 @_ssdm_op_BitConcatenate.i15.i1.i14, i1 %xor_ln56, i14 %trunc_ln56_1" [./arith3.h:56]   --->   Operation 86 'bitconcatenate' 'xor_ln56_1' <Predicate = (!tmp & !icmp_ln48 & icmp_ln51 & and_ln55)> <Delay = 0.00>
ST_4 : Operation 87 [1/1] (0.47ns)   --->   "%store_ln56 = store i32 %add_ln56, i32 %pending_0" [./arith3.h:56]   --->   Operation 87 'store' 'store_ln56' <Predicate = (!tmp & !icmp_ln48 & icmp_ln51 & and_ln55)> <Delay = 0.47>
ST_4 : Operation 88 [1/1] (0.42ns)   --->   "%br_ln0 = br void %for.inc"   --->   Operation 88 'br' 'br_ln0' <Predicate = (!tmp & !icmp_ln48 & icmp_ln51 & and_ln55)> <Delay = 0.42>
ST_4 : Operation 89 [1/1] (0.00ns)   --->   "%ob_0_load_1 = load i32 %ob_0" [./arith3.h:33->./arith3.h:49]   --->   Operation 89 'load' 'ob_0_load_1' <Predicate = (!tmp & icmp_ln48)> <Delay = 0.00>
ST_4 : Operation 90 [1/1] (0.00ns)   --->   "%nb_0_load = load i32 %nb_0" [./arith3.h:33->./arith3.h:49]   --->   Operation 90 'load' 'nb_0_load' <Predicate = (!tmp & icmp_ln48)> <Delay = 0.00>
ST_4 : Operation 91 [1/1] (0.00ns)   --->   "%trunc_ln33 = trunc i32 %ob_0_load_1" [./arith3.h:33->./arith3.h:49]   --->   Operation 91 'trunc' 'trunc_ln33' <Predicate = (!tmp & icmp_ln48)> <Delay = 0.00>
ST_4 : Operation 92 [1/1] (0.00ns)   --->   "%shl_ln33 = shl i32 %ob_0_load_1, i32 1" [./arith3.h:33->./arith3.h:49]   --->   Operation 92 'shl' 'shl_ln33' <Predicate = (!tmp & icmp_ln48)> <Delay = 0.00>
ST_4 : Operation 93 [1/1] (1.01ns)   --->   "%add_ln33 = add i32 %nb_0_load, i32 1" [./arith3.h:33->./arith3.h:49]   --->   Operation 93 'add' 'add_ln33' <Predicate = (!tmp & icmp_ln48)> <Delay = 1.01> <CoreInst = "Adder">   --->   Core 1 'Adder' <Latency = 0> <II = 1> <Delay = 1.01> <FuncUnit> <Opcode : 'add' 'sub'> <InPorts = 2> <OutPorts = 1>
ST_4 : Operation 94 [1/1] (1.01ns)   --->   "%icmp_ln34 = icmp_eq  i32 %add_ln33, i32 8" [./arith3.h:34->./arith3.h:49]   --->   Operation 94 'icmp' 'icmp_ln34' <Predicate = (!tmp & icmp_ln48)> <Delay = 1.01> <CoreInst = "Cmp">   --->   Core 9 'Cmp' <Latency = 0> <II = 1> <Delay = 1.01> <FuncUnit> <Opcode : 'seteq' 'setne' 'setle' 'setge' 'setlt' 'setgt'> <InPorts = 2> <OutPorts = 1>
ST_4 : Operation 95 [1/1] (0.42ns)   --->   "%br_ln34 = br i1 %icmp_ln34, void %while.cond.preheader, void %if.then.i" [./arith3.h:34->./arith3.h:49]   --->   Operation 95 'br' 'br_ln34' <Predicate = (!tmp & icmp_ln48)> <Delay = 0.42>
ST_4 : Operation 96 [1/1] (0.00ns)   --->   "%trunc_ln1 = bitconcatenate i8 @_ssdm_op_BitConcatenate.i8.i7.i1, i7 %trunc_ln33, i1 0" [./arith3.h:34->./arith3.h:49]   --->   Operation 96 'bitconcatenate' 'trunc_ln1' <Predicate = (!tmp & icmp_ln48 & icmp_ln34)> <Delay = 0.00>
ST_4 : Operation 97 [1/1] (1.01ns)   --->   "%add_ln34 = add i32 %oi_0_load, i32 1" [./arith3.h:34->./arith3.h:49]   --->   Operation 97 'add' 'add_ln34' <Predicate = (!tmp & icmp_ln48 & icmp_ln34)> <Delay = 1.01> <CoreInst = "Adder">   --->   Core 1 'Adder' <Latency = 0> <II = 1> <Delay = 1.01> <FuncUnit> <Opcode : 'add' 'sub'> <InPorts = 2> <OutPorts = 1>
ST_4 : Operation 98 [1/1] (0.00ns)   --->   "%zext_ln34 = zext i32 %oi_0_load" [./arith3.h:34->./arith3.h:49]   --->   Operation 98 'zext' 'zext_ln34' <Predicate = (!tmp & icmp_ln48 & icmp_ln34)> <Delay = 0.00>
ST_4 : Operation 99 [1/1] (0.00ns)   --->   "%out_addr = getelementptr i8 %out_r, i64 0, i64 %zext_ln34" [./arith3.h:34->./arith3.h:49]   --->   Operation 99 'getelementptr' 'out_addr' <Predicate = (!tmp & icmp_ln48 & icmp_ln34)> <Delay = 0.00>
ST_4 : Operation 100 [1/1] ( I:1.23ns O:1.23ns )   --->   "%store_ln34 = store i8 %trunc_ln1, i10 %out_addr" [./arith3.h:34->./arith3.h:49]   --->   Operation 100 'store' 'store_ln34' <Predicate = (!tmp & icmp_ln48 & icmp_ln34)> <Delay = 1.23> <CoreInst = "RAM">   --->   Core 82 'RAM' <Latency = 1> <II = 1> <Delay = 1.23> <Storage> <Opcode : 'load' 'store'> <Ports = 2> <Width = 8> <Depth = 576> <RAM>
ST_4 : Operation 101 [1/1] (0.42ns)   --->   "%br_ln34 = br void %while.cond.preheader" [./arith3.h:34->./arith3.h:49]   --->   Operation 101 'br' 'br_ln34' <Predicate = (!tmp & icmp_ln48 & icmp_ln34)> <Delay = 0.42>
ST_4 : Operation 102 [1/1] (0.00ns)   --->   "%pending_0_load_4 = load i32 %pending_0" [./arith3.h:64]   --->   Operation 102 'load' 'pending_0_load_4' <Predicate = (!icmp_ln48 & icmp_ln51 & !and_ln55) | (tmp)> <Delay = 0.00>
ST_4 : Operation 103 [1/1] (0.00ns)   --->   "%phi_ln64_1_load_2 = load i32 %phi_ln64_1" [./arith3.h:64]   --->   Operation 103 'load' 'phi_ln64_1_load_2' <Predicate = (!icmp_ln48 & icmp_ln51 & !and_ln55) | (tmp)> <Delay = 0.00>
ST_4 : Operation 104 [1/1] (0.00ns)   --->   "%phi_ln64_load_1 = load i32 %phi_ln64" [./arith3.h:64]   --->   Operation 104 'load' 'phi_ln64_load_1' <Predicate = (!icmp_ln48 & icmp_ln51 & !and_ln55) | (tmp)> <Delay = 0.00>
ST_4 : Operation 105 [1/1] (0.00ns)   --->   "%ob_0_load_2 = load i32 %ob_0" [./arith3.h:64]   --->   Operation 105 'load' 'ob_0_load_2' <Predicate = (!icmp_ln48 & icmp_ln51 & !and_ln55) | (tmp)> <Delay = 0.00>
ST_4 : Operation 106 [1/1] (0.00ns)   --->   "%nb_0_load_2 = load i32 %nb_0" [./arith3.h:64]   --->   Operation 106 'load' 'nb_0_load_2' <Predicate = (!icmp_ln48 & icmp_ln51 & !and_ln55) | (tmp)> <Delay = 0.00>
ST_4 : Operation 107 [1/1] (0.00ns)   --->   "%lshr_ln = partselect i27 @_ssdm_op_PartSelect.i27.i32.i32.i32, i32 %prob_read_1, i32 5, i32 31" [./arith3.h:63]   --->   Operation 107 'partselect' 'lshr_ln' <Predicate = (!icmp_ln48 & icmp_ln51 & !and_ln55 & bit_read) | (tmp & bit_read)> <Delay = 0.00>
ST_4 : Operation 108 [1/1] (0.00ns)   --->   "%zext_ln63 = zext i27 %lshr_ln" [./arith3.h:63]   --->   Operation 108 'zext' 'zext_ln63' <Predicate = (!icmp_ln48 & icmp_ln51 & !and_ln55 & bit_read) | (tmp & bit_read)> <Delay = 0.00>
ST_4 : Operation 109 [1/1] (1.01ns)   --->   "%sub_ln63 = sub i32 %prob_read_1, i32 %zext_ln63" [./arith3.h:63]   --->   Operation 109 'sub' 'sub_ln63' <Predicate = (!icmp_ln48 & icmp_ln51 & !and_ln55 & bit_read) | (tmp & bit_read)> <Delay = 1.01> <CoreInst = "Adder">   --->   Core 1 'Adder' <Latency = 0> <II = 1> <Delay = 1.01> <FuncUnit> <Opcode : 'add' 'sub'> <InPorts = 2> <OutPorts = 1>
ST_4 : Operation 110 [1/1] (1.01ns)   --->   "%sub_ln62 = sub i32 4096, i32 %prob_read_1" [./arith3.h:62]   --->   Operation 110 'sub' 'sub_ln62' <Predicate = (!icmp_ln48 & icmp_ln51 & !and_ln55 & !bit_read) | (tmp & !bit_read)> <Delay = 1.01> <CoreInst = "Adder">   --->   Core 1 'Adder' <Latency = 0> <II = 1> <Delay = 1.01> <FuncUnit> <Opcode : 'add' 'sub'> <InPorts = 2> <OutPorts = 1>
ST_4 : Operation 111 [1/1] (0.00ns)   --->   "%lshr_ln1 = partselect i27 @_ssdm_op_PartSelect.i27.i32.i32.i32, i32 %sub_ln62, i32 5, i32 31" [./arith3.h:62]   --->   Operation 111 'partselect' 'lshr_ln1' <Predicate = (!icmp_ln48 & icmp_ln51 & !and_ln55 & !bit_read) | (tmp & !bit_read)> <Delay = 0.00>
ST_4 : Operation 112 [1/1] (0.00ns)   --->   "%zext_ln62 = zext i27 %lshr_ln1" [./arith3.h:62]   --->   Operation 112 'zext' 'zext_ln62' <Predicate = (!icmp_ln48 & icmp_ln51 & !and_ln55 & !bit_read) | (tmp & !bit_read)> <Delay = 0.00>
ST_4 : Operation 113 [1/1] (1.01ns)   --->   "%add_ln62 = add i32 %zext_ln62, i32 %prob_read_1" [./arith3.h:62]   --->   Operation 113 'add' 'add_ln62' <Predicate = (!icmp_ln48 & icmp_ln51 & !and_ln55 & !bit_read) | (tmp & !bit_read)> <Delay = 1.01> <CoreInst = "Adder">   --->   Core 1 'Adder' <Latency = 0> <II = 1> <Delay = 1.01> <FuncUnit> <Opcode : 'add' 'sub'> <InPorts = 2> <OutPorts = 1>
ST_4 : Operation 114 [1/1] (0.44ns)   --->   "%select_ln62 = select i1 %bit_read, i32 %sub_ln63, i32 %add_ln62" [./arith3.h:62]   --->   Operation 114 'select' 'select_ln62' <Predicate = (!icmp_ln48 & icmp_ln51 & !and_ln55) | (tmp)> <Delay = 0.44> <CoreInst = "Sel">   --->   Core 73 'Sel' <Latency = 0> <II = 1> <Delay = 0.44> <FuncUnit> <Opcode : 'select'> <InPorts = 3> <OutPorts = 1>
ST_4 : Operation 115 [1/1] (0.00ns)   --->   "%mrv_s = insertvalue i224 <undef>, i32 %pending_0_load_4" [./arith3.h:64]   --->   Operation 115 'insertvalue' 'mrv_s' <Predicate = (!icmp_ln48 & icmp_ln51 & !and_ln55) | (tmp)> <Delay = 0.00>
ST_4 : Operation 116 [1/1] (0.00ns)   --->   "%mrv_1 = insertvalue i224 %mrv_s, i32 %ob_0_load_2" [./arith3.h:64]   --->   Operation 116 'insertvalue' 'mrv_1' <Predicate = (!icmp_ln48 & icmp_ln51 & !and_ln55) | (tmp)> <Delay = 0.00>
ST_4 : Operation 117 [1/1] (0.00ns)   --->   "%mrv_2 = insertvalue i224 %mrv_1, i32 %nb_0_load_2" [./arith3.h:64]   --->   Operation 117 'insertvalue' 'mrv_2' <Predicate = (!icmp_ln48 & icmp_ln51 & !and_ln55) | (tmp)> <Delay = 0.00>
ST_4 : Operation 118 [1/1] (0.00ns)   --->   "%mrv_3 = insertvalue i224 %mrv_2, i32 %oi_0_load" [./arith3.h:64]   --->   Operation 118 'insertvalue' 'mrv_3' <Predicate = (!icmp_ln48 & icmp_ln51 & !and_ln55) | (tmp)> <Delay = 0.00>
ST_4 : Operation 119 [1/1] (0.00ns)   --->   "%mrv_4 = insertvalue i224 %mrv_3, i32 %phi_ln64_load_1" [./arith3.h:64]   --->   Operation 119 'insertvalue' 'mrv_4' <Predicate = (!icmp_ln48 & icmp_ln51 & !and_ln55) | (tmp)> <Delay = 0.00>
ST_4 : Operation 120 [1/1] (0.00ns)   --->   "%mrv_5 = insertvalue i224 %mrv_4, i32 %phi_ln64_1_load_2" [./arith3.h:64]   --->   Operation 120 'insertvalue' 'mrv_5' <Predicate = (!icmp_ln48 & icmp_ln51 & !and_ln55) | (tmp)> <Delay = 0.00>
ST_4 : Operation 121 [1/1] (0.00ns)   --->   "%mrv_6 = insertvalue i224 %mrv_5, i32 %select_ln62" [./arith3.h:64]   --->   Operation 121 'insertvalue' 'mrv_6' <Predicate = (!icmp_ln48 & icmp_ln51 & !and_ln55) | (tmp)> <Delay = 0.00>
ST_4 : Operation 122 [1/1] (0.00ns)   --->   "%ret_ln64 = ret i224 %mrv_6" [./arith3.h:64]   --->   Operation 122 'ret' 'ret_ln64' <Predicate = (!icmp_ln48 & icmp_ln51 & !and_ln55) | (tmp)> <Delay = 0.00>

State 5 <SV = 4> <Delay = 1.87>
ST_5 : Operation 123 [1/1] (0.00ns)   --->   "%oi_5_ph = phi i32 %oi_0_load, void %VITIS_LOOP_53_2, i32 %add_ln34_1, void %if.then.i18" [./arith3.h:34->./arith3.h:49]   --->   Operation 123 'phi' 'oi_5_ph' <Predicate = true> <Delay = 0.00>
ST_5 : Operation 124 [1/1] (0.00ns)   --->   "%nb_5_ph = phi i32 %add_ln33_1, void %VITIS_LOOP_53_2, i32 0, void %if.then.i18" [./arith3.h:33->./arith3.h:52]   --->   Operation 124 'phi' 'nb_5_ph' <Predicate = true> <Delay = 0.00>
ST_5 : Operation 125 [1/1] (0.00ns)   --->   "%ob_5_ph = phi i32 %or_ln, void %VITIS_LOOP_53_2, i32 0, void %if.then.i18" [./arith3.h:33->./arith3.h:52]   --->   Operation 125 'phi' 'ob_5_ph' <Predicate = true> <Delay = 0.00>
ST_5 : Operation 126 [1/1] (0.00ns)   --->   "%pending_0_load44 = load i32 %pending_0"   --->   Operation 126 'load' 'pending_0_load44' <Predicate = true> <Delay = 0.00>
ST_5 : Operation 127 [2/2] (1.87ns)   --->   "%call_ln34 = call void @encode_bit.1_Pipeline_VITIS_LOOP_53_2, i32 %oi_5_ph, i32 %nb_5_ph, i32 %ob_5_ph, i32 %pending_0_load44, i8 %out_r, i32 %oi_0, i32 %nb_0, i32 %ob_0" [./arith3.h:34->./arith3.h:49]   --->   Operation 127 'call' 'call_ln34' <Predicate = true> <Delay = 1.87> <CoreType = "Generic">   --->   Generic Core

State 6 <SV = 5> <Delay = 1.87>
ST_6 : Operation 128 [1/2] (1.87ns)   --->   "%call_ln34 = call void @encode_bit.1_Pipeline_VITIS_LOOP_53_2, i32 %oi_5_ph, i32 %nb_5_ph, i32 %ob_5_ph, i32 %pending_0_load44, i8 %out_r, i32 %oi_0, i32 %nb_0, i32 %ob_0" [./arith3.h:34->./arith3.h:49]   --->   Operation 128 'call' 'call_ln34' <Predicate = (!icmp_ln48 & !icmp_ln51)> <Delay = 1.87> <CoreType = "Generic">   --->   Generic Core
ST_6 : Operation 129 [1/1] (0.47ns)   --->   "%store_ln0 = store i32 0, i32 %pending_0"   --->   Operation 129 'store' 'store_ln0' <Predicate = (!icmp_ln48 & !icmp_ln51)> <Delay = 0.47>
ST_6 : Operation 130 [1/1] (0.42ns)   --->   "%br_ln0 = br void %for.inc"   --->   Operation 130 'br' 'br_ln0' <Predicate = (!icmp_ln48 & !icmp_ln51)> <Delay = 0.42>
ST_6 : Operation 131 [1/2] (1.87ns)   --->   "%call_ln34 = call void @encode_bit.1_Pipeline_VITIS_LOOP_50_1, i32 %oi_2_ph, i32 %nb_2_ph, i32 %ob_2_ph, i32 %pending_0_load_3, i8 %out_r, i32 %oi_0, i32 %nb_0, i32 %ob_0" [./arith3.h:34->./arith3.h:49]   --->   Operation 131 'call' 'call_ln34' <Predicate = (icmp_ln48)> <Delay = 1.87> <CoreType = "Generic">   --->   Generic Core
ST_6 : Operation 132 [1/1] (0.47ns)   --->   "%store_ln0 = store i32 0, i32 %pending_0"   --->   Operation 132 'store' 'store_ln0' <Predicate = (icmp_ln48)> <Delay = 0.47>
ST_6 : Operation 133 [1/1] (0.42ns)   --->   "%br_ln0 = br void %for.inc"   --->   Operation 133 'br' 'br_ln0' <Predicate = (icmp_ln48)> <Delay = 0.42>
ST_6 : Operation 134 [1/1] (0.00ns)   --->   "%empty = phi i15 %xor_ln56_1, void %if.end25, i15 %trunc_ln47, void %while.cond11.preheader, i15 %trunc_ln47, void %while.cond.preheader" [./arith3.h:56]   --->   Operation 134 'phi' 'empty' <Predicate = true> <Delay = 0.00>
ST_6 : Operation 135 [1/1] (0.00ns)   --->   "%empty_45 = phi i15 %xor_ln, void %if.end25, i15 %trunc_ln47_1, void %while.cond11.preheader, i15 %trunc_ln47_1, void %while.cond.preheader" [./arith3.h:56]   --->   Operation 135 'phi' 'empty_45' <Predicate = true> <Delay = 0.00>
ST_6 : Operation 136 [1/1] (0.00ns)   --->   "%shl_ln1 = bitconcatenate i16 @_ssdm_op_BitConcatenate.i16.i15.i1, i15 %empty_45, i1 0" [./arith3.h:58]   --->   Operation 136 'bitconcatenate' 'shl_ln1' <Predicate = true> <Delay = 0.00>
ST_6 : Operation 137 [1/1] (0.00ns)   --->   "%zext_ln59 = zext i16 %shl_ln1" [./arith3.h:59]   --->   Operation 137 'zext' 'zext_ln59' <Predicate = true> <Delay = 0.00>
ST_6 : Operation 138 [1/1] (0.00ns)   --->   "%or_ln2 = bitconcatenate i16 @_ssdm_op_BitConcatenate.i16.i15.i1, i15 %empty, i1 1" [./arith3.h:59]   --->   Operation 138 'bitconcatenate' 'or_ln2' <Predicate = true> <Delay = 0.00>
ST_6 : Operation 139 [1/1] (0.00ns)   --->   "%zext_ln47 = zext i16 %or_ln2" [./arith3.h:47]   --->   Operation 139 'zext' 'zext_ln47' <Predicate = true> <Delay = 0.00>
ST_6 : Operation 140 [1/1] (0.42ns)   --->   "%store_ln38 = store i32 %zext_ln59, i32 %phi_ln64" [./arith3.h:38]   --->   Operation 140 'store' 'store_ln38' <Predicate = true> <Delay = 0.42>
ST_6 : Operation 141 [1/1] (0.42ns)   --->   "%store_ln38 = store i32 %zext_ln47, i32 %phi_ln64_1" [./arith3.h:38]   --->   Operation 141 'store' 'store_ln38' <Predicate = true> <Delay = 0.42>
ST_6 : Operation 142 [1/1] (0.42ns)   --->   "%store_ln47 = store i6 %r_2, i6 %r" [./arith3.h:47]   --->   Operation 142 'store' 'store_ln47' <Predicate = true> <Delay = 0.42>
ST_6 : Operation 143 [1/1] (0.00ns)   --->   "%br_ln47 = br void %for.body" [./arith3.h:47]   --->   Operation 143 'br' 'br_ln47' <Predicate = true> <Delay = 0.00>

State 7 <SV = 4> <Delay = 1.87>
ST_7 : Operation 144 [1/1] (0.00ns)   --->   "%oi_2_ph = phi i32 %oi_0_load, void %VITIS_LOOP_50_1, i32 %add_ln34, void %if.then.i" [./arith3.h:34->./arith3.h:49]   --->   Operation 144 'phi' 'oi_2_ph' <Predicate = true> <Delay = 0.00>
ST_7 : Operation 145 [1/1] (0.00ns)   --->   "%nb_2_ph = phi i32 %add_ln33, void %VITIS_LOOP_50_1, i32 0, void %if.then.i" [./arith3.h:33->./arith3.h:49]   --->   Operation 145 'phi' 'nb_2_ph' <Predicate = true> <Delay = 0.00>
ST_7 : Operation 146 [1/1] (0.00ns)   --->   "%ob_2_ph = phi i32 %shl_ln33, void %VITIS_LOOP_50_1, i32 0, void %if.then.i" [./arith3.h:33->./arith3.h:49]   --->   Operation 146 'phi' 'ob_2_ph' <Predicate = true> <Delay = 0.00>
ST_7 : Operation 147 [1/1] (0.00ns)   --->   "%pending_0_load_3 = load i32 %pending_0"   --->   Operation 147 'load' 'pending_0_load_3' <Predicate = true> <Delay = 0.00>
ST_7 : Operation 148 [2/2] (1.87ns)   --->   "%call_ln34 = call void @encode_bit.1_Pipeline_VITIS_LOOP_50_1, i32 %oi_2_ph, i32 %nb_2_ph, i32 %ob_2_ph, i32 %pending_0_load_3, i8 %out_r, i32 %oi_0, i32 %nb_0, i32 %ob_0" [./arith3.h:34->./arith3.h:49]   --->   Operation 148 'call' 'call_ln34' <Predicate = true> <Delay = 1.87> <CoreType = "Generic">   --->   Generic Core


============================================================
+ Verbose Summary: Timing violations
============================================================
Target clock period: 5.000ns, clock uncertainty: 1.350ns.

 <State 1>: 0.731ns
The critical path consists of the following:
	wire read operation ('high') on port 'high_read' [23]  (0.000 ns)
	'add' operation 32 bit ('add_ln41', ./arith3.h:41) [25]  (0.000 ns)
	'sub' operation 32 bit ('range', ./arith3.h:41) [26]  (0.731 ns)

 <State 2>: 3.420ns
The critical path consists of the following:
	wire read operation ('prob') on port 'prob_read' [18]  (0.000 ns)
	'mul' operation 32 bit ('mul_ln42', ./arith3.h:42) [27]  (3.420 ns)

 <State 3>: 2.908ns
The critical path consists of the following:
	'add' operation 32 bit ('add_ln43', ./arith3.h:43) [30]  (1.016 ns)
	'add' operation 32 bit ('add_ln43_1', ./arith3.h:43) [31]  (1.016 ns)
	'select' operation 32 bit ('high', ./arith3.h:43) [33]  (0.449 ns)
	'store' operation ('store_ln38', ./arith3.h:38) of variable 'high', ./arith3.h:43 32 bit on local variable 'high', ./arith3.h:38 [38]  (0.427 ns)

 <State 4>: 3.269ns
The critical path consists of the following:
	'load' operation 32 bit ('nb_0_load_1', ./arith3.h:33->./arith3.h:52) on local variable 'nb_0' [64]  (0.000 ns)
	'add' operation 32 bit ('add_ln33_1', ./arith3.h:33->./arith3.h:52) [68]  (1.016 ns)
	'icmp' operation 1 bit ('icmp_ln34_2', ./arith3.h:34->./arith3.h:52) [69]  (1.016 ns)
	'store' operation ('store_ln34', ./arith3.h:34->./arith3.h:52) of variable 'or_ln1', ./arith3.h:34->./arith3.h:52 8 bit on array 'out_r' [76]  (1.237 ns)

 <State 5>: 1.870ns
The critical path consists of the following:
	'phi' operation 32 bit ('oi_5_ph', ./arith3.h:34->./arith3.h:49) with incoming values : ('oi_0_load', ./arith3.h:34->./arith3.h:49) ('add_ln34_1', ./arith3.h:34->./arith3.h:52) [79]  (0.000 ns)
	'call' operation ('call_ln34', ./arith3.h:34->./arith3.h:49) to 'encode_bit.1_Pipeline_VITIS_LOOP_53_2' [83]  (1.870 ns)

 <State 6>: 1.870ns
The critical path consists of the following:
	'call' operation ('call_ln34', ./arith3.h:34->./arith3.h:49) to 'encode_bit.1_Pipeline_VITIS_LOOP_53_2' [83]  (1.870 ns)

 <State 7>: 1.870ns
The critical path consists of the following:
	'phi' operation 32 bit ('oi_2_ph', ./arith3.h:34->./arith3.h:49) with incoming values : ('oi_0_load', ./arith3.h:34->./arith3.h:49) ('add_ln34', ./arith3.h:34->./arith3.h:49) [122]  (0.000 ns)
	'call' operation ('call_ln34', ./arith3.h:34->./arith3.h:49) to 'encode_bit.1_Pipeline_VITIS_LOOP_50_1' [126]  (1.870 ns)


============================================================
+ Verbose Summary: Binding
============================================================
N/A
* FSMD analyzer results:
  - Output states:
 - Input state : 
  - Chain level:
	State 1
	State 2
	State 3
	State 4
	State 5
	State 6
	State 7


============================================================
+ Verbose Summary: Datapath Resource usage 
============================================================
N/A
