

================================================================
== Vitis HLS Report for 'encode_bit_1_Pipeline_VITIS_LOOP_53_2'
================================================================
* Date:           Sat Aug  1 19:34:09 2026

* Version:        2025.2.1 (Build 6397637 on Mar 18 2026)
* Project:        work_k8_report
* Solution:       hls (Vitis Kernel Flow Target)
* Product family: zynquplus
* Target device:  xck26-sfvc784-2LV-c


================================================================
== Performance Estimates
================================================================
+ Timing: 
    * Summary: 
    +--------+---------+----------+------------+
    |  Clock |  Target | Estimated| Uncertainty|
    +--------+---------+----------+------------+
    |ap_clk  |  5.00 ns|  3.269 ns|     1.35 ns|
    +--------+---------+----------+------------+

+ Latency: 
    * Summary: 
    +---------+---------+----------+----------+-----+-----+-------------------+
    |  Latency (cycles) |  Latency (absolute) |  Interval |      Pipeline     |
    |   min   |   max   |    min   |    max   | min | max |        Type       |
    +---------+---------+----------+----------+-----+-----+-------------------+
    |        ?|        ?|         ?|         ?|    0|    0|  loop pipeline stp|
    +---------+---------+----------+----------+-----+-----+-------------------+

    + Detail: 
        * Instance: 
        N/A

        * Loop: 
        +-------------------+---------+---------+----------+-----------+-----------+------+----------+
        |                   |  Latency (cycles) | Iteration|  Initiation Interval  | Trip |          |
        |     Loop Name     |   min   |   max   |  Latency |  achieved |   target  | Count| Pipelined|
        +-------------------+---------+---------+----------+-----------+-----------+------+----------+
        |- VITIS_LOOP_53_2  |        ?|        ?|         2|          1|          1|     ?|       yes|
        +-------------------+---------+---------+----------+-----------+-----------+------+----------+

============================================================
+ Verbose Summary: Synthesis Manager
============================================================
InlineROM: 1
ExposeGlobal: 0
============================================================
+ Verbose Summary: CDFG Model
============================================================
IsTopModel: 0
ResetActiveHigh: 1
IsCombinational: 0
IsDatapathOnly: 0
HasWiredReturn: 1
HasMFsm: 2
HasVarLatency: 1
IsPipeline: 0
IsRtlPipelined: 0
IsInstanceOverlapped: 0
IsDontTouch: 0
HasImplIP: 0
IsGatedGlobalClock: 0

+ Individual pipeline summary: 
  * Pipeline-0: initiation interval (II) = 1, depth = 2


============================================================
+ Verbose Summary: Schedule
============================================================
* Number of FSM states : 2
* Pipeline : 1
  Pipeline-0 : II = 1, D = 2, States = { 1 2 }
* Dataflow Pipeline: 0

* FSM state transitions: 
1 --> 2 
2 --> 

* FSM state operations: 

State 1 <SV = 0> <Delay = 1.87>
ST_1 : Operation 5 [1/1] (0.00ns)   --->   "%empty = alloca i32 1"   --->   Operation 5 'alloca' 'empty' <Predicate = true> <Delay = 0.00>
ST_1 : Operation 6 [1/1] (0.00ns)   --->   "%pending_0_read = read i32 @_ssdm_op_Read.ap_auto.i32, i32 %pending_0"   --->   Operation 6 'read' 'pending_0_read' <Predicate = true> <Delay = 0.00>
ST_1 : Operation 7 [1/1] (0.00ns)   --->   "%ob_5_ph_read = read i32 @_ssdm_op_Read.ap_auto.i32, i32 %ob_5_ph"   --->   Operation 7 'read' 'ob_5_ph_read' <Predicate = true> <Delay = 0.00>
ST_1 : Operation 8 [1/1] (0.00ns)   --->   "%nb_5_ph_read = read i32 @_ssdm_op_Read.ap_auto.i32, i32 %nb_5_ph"   --->   Operation 8 'read' 'nb_5_ph_read' <Predicate = true> <Delay = 0.00>
ST_1 : Operation 9 [1/1] (0.00ns)   --->   "%oi_5_ph_read = read i32 @_ssdm_op_Read.ap_auto.i32, i32 %oi_5_ph"   --->   Operation 9 'read' 'oi_5_ph_read' <Predicate = true> <Delay = 0.00>
ST_1 : Operation 10 [1/1] (0.42ns)   --->   "%store_ln0 = store i32 %oi_5_ph_read, i32 %oi_5_out"   --->   Operation 10 'store' 'store_ln0' <Predicate = true> <Delay = 0.42>
ST_1 : Operation 11 [1/1] (0.47ns)   --->   "%store_ln0 = store i32 %nb_5_ph_read, i32 %nb_5_out"   --->   Operation 11 'store' 'store_ln0' <Predicate = true> <Delay = 0.47>
ST_1 : Operation 12 [1/1] (0.47ns)   --->   "%store_ln0 = store i32 %ob_5_ph_read, i32 %ob_5_out"   --->   Operation 12 'store' 'store_ln0' <Predicate = true> <Delay = 0.47>
ST_1 : Operation 13 [1/1] (0.42ns)   --->   "%store_ln0 = store i32 %pending_0_read, i32 %empty"   --->   Operation 13 'store' 'store_ln0' <Predicate = true> <Delay = 0.42>
ST_1 : Operation 14 [1/1] (0.00ns)   --->   "%br_ln0 = br void %while.cond11"   --->   Operation 14 'br' 'br_ln0' <Predicate = true> <Delay = 0.00>
ST_1 : Operation 15 [1/1] (0.00ns)   --->   "%p_load = load i32 %empty" [./arith3.h:53]   --->   Operation 15 'load' 'p_load' <Predicate = true> <Delay = 0.00>
ST_1 : Operation 16 [1/1] (1.01ns)   --->   "%icmp_ln53 = icmp_eq  i32 %p_load, i32 0" [./arith3.h:53]   --->   Operation 16 'icmp' 'icmp_ln53' <Predicate = true> <Delay = 1.01> <CoreInst = "Cmp">   --->   Core 9 'Cmp' <Latency = 0> <II = 1> <Delay = 1.01> <FuncUnit> <Opcode : 'seteq' 'setne' 'setle' 'setge' 'setlt' 'setgt'> <InPorts = 2> <OutPorts = 1>
ST_1 : Operation 17 [1/1] (0.00ns)   --->   "%br_ln53 = br i1 %icmp_ln53, void %while.body13, void %for.inc.loopexit.exitStub" [./arith3.h:53]   --->   Operation 17 'br' 'br_ln53' <Predicate = true> <Delay = 0.00>
ST_1 : Operation 18 [1/1] (1.01ns)   --->   "%add_ln53 = add i32 %p_load, i32 4294967295" [./arith3.h:53]   --->   Operation 18 'add' 'add_ln53' <Predicate = (!icmp_ln53)> <Delay = 1.01> <CoreInst = "Adder">   --->   Core 1 'Adder' <Latency = 0> <II = 1> <Delay = 1.01> <FuncUnit> <Opcode : 'add' 'sub'> <InPorts = 2> <OutPorts = 1>
ST_1 : Operation 19 [1/1] (0.42ns)   --->   "%store_ln53 = store i32 %add_ln53, i32 %empty" [./arith3.h:53]   --->   Operation 19 'store' 'store_ln53' <Predicate = (!icmp_ln53)> <Delay = 0.42>
ST_1 : Operation 20 [1/1] (0.00ns)   --->   "%br_ln53 = br void %while.cond11" [./arith3.h:53]   --->   Operation 20 'br' 'br_ln53' <Predicate = (!icmp_ln53)> <Delay = 0.00>
ST_1 : Operation 43 [1/1] (0.42ns)   --->   "%ret_ln0 = ret"   --->   Operation 43 'ret' 'ret_ln0' <Predicate = (icmp_ln53)> <Delay = 0.42>

State 2 <SV = 1> <Delay = 3.26>
ST_2 : Operation 21 [1/1] (0.00ns)   --->   "%ob_5_out_load = load i32 %ob_5_out" [./arith3.h:33->./arith3.h:53]   --->   Operation 21 'load' 'ob_5_out_load' <Predicate = true> <Delay = 0.00>
ST_2 : Operation 22 [1/1] (0.00ns)   --->   "%nb_5_out_load = load i32 %nb_5_out" [./arith3.h:33->./arith3.h:53]   --->   Operation 22 'load' 'nb_5_out_load' <Predicate = true> <Delay = 0.00>
ST_2 : Operation 23 [1/1] (0.00ns)   --->   "%specpipeline_ln32 = specpipeline void @_ssdm_op_SpecPipeline, i32 4294967295, i32 0, i32 0, i32 0, i32 4294967295, void @empty_18" [./arith3.h:32->./arith3.h:53]   --->   Operation 23 'specpipeline' 'specpipeline_ln32' <Predicate = true> <Delay = 0.00>
ST_2 : Operation 24 [1/1] (0.00ns)   --->   "%specloopname_ln53 = specloopname void @_ssdm_op_SpecLoopName, void @empty_1" [./arith3.h:53]   --->   Operation 24 'specloopname' 'specloopname_ln53' <Predicate = true> <Delay = 0.00>
ST_2 : Operation 25 [1/1] (0.00ns)   --->   "%trunc_ln33 = trunc i32 %ob_5_out_load" [./arith3.h:33->./arith3.h:53]   --->   Operation 25 'trunc' 'trunc_ln33' <Predicate = true> <Delay = 0.00>
ST_2 : Operation 26 [1/1] (0.00ns)   --->   "%shl_ln33 = shl i32 %ob_5_out_load, i32 1" [./arith3.h:33->./arith3.h:53]   --->   Operation 26 'shl' 'shl_ln33' <Predicate = true> <Delay = 0.00>
ST_2 : Operation 27 [1/1] (1.01ns)   --->   "%add_ln33 = add i32 %nb_5_out_load, i32 1" [./arith3.h:33->./arith3.h:53]   --->   Operation 27 'add' 'add_ln33' <Predicate = true> <Delay = 1.01> <CoreInst = "Adder">   --->   Core 1 'Adder' <Latency = 0> <II = 1> <Delay = 1.01> <FuncUnit> <Opcode : 'add' 'sub'> <InPorts = 2> <OutPorts = 1>
ST_2 : Operation 28 [1/1] (1.01ns)   --->   "%icmp_ln34 = icmp_eq  i32 %add_ln33, i32 8" [./arith3.h:34->./arith3.h:53]   --->   Operation 28 'icmp' 'icmp_ln34' <Predicate = true> <Delay = 1.01> <CoreInst = "Cmp">   --->   Core 9 'Cmp' <Latency = 0> <II = 1> <Delay = 1.01> <FuncUnit> <Opcode : 'seteq' 'setne' 'setle' 'setge' 'setlt' 'setgt'> <InPorts = 2> <OutPorts = 1>
ST_2 : Operation 29 [1/1] (0.00ns)   --->   "%br_ln34 = br i1 %icmp_ln34, void %while.body13._ZL7put_bitiRjRiPhS0_.exit28_crit_edge, void %if.then.i27" [./arith3.h:34->./arith3.h:53]   --->   Operation 29 'br' 'br_ln34' <Predicate = true> <Delay = 0.00>
ST_2 : Operation 30 [1/1] (0.47ns)   --->   "%store_ln33 = store i32 %add_ln33, i32 %nb_5_out" [./arith3.h:33->./arith3.h:53]   --->   Operation 30 'store' 'store_ln33' <Predicate = (!icmp_ln34)> <Delay = 0.47>
ST_2 : Operation 31 [1/1] (0.47ns)   --->   "%store_ln33 = store i32 %shl_ln33, i32 %ob_5_out" [./arith3.h:33->./arith3.h:53]   --->   Operation 31 'store' 'store_ln33' <Predicate = (!icmp_ln34)> <Delay = 0.47>
ST_2 : Operation 32 [1/1] (0.00ns)   --->   "%br_ln34 = br void %_ZL7put_bitiRjRiPhS0_.exit28" [./arith3.h:34->./arith3.h:53]   --->   Operation 32 'br' 'br_ln34' <Predicate = (!icmp_ln34)> <Delay = 0.00>
ST_2 : Operation 33 [1/1] (0.00ns)   --->   "%oi_5_out_load = load i32 %oi_5_out" [./arith3.h:34->./arith3.h:53]   --->   Operation 33 'load' 'oi_5_out_load' <Predicate = (icmp_ln34)> <Delay = 0.00>
ST_2 : Operation 34 [1/1] (0.00ns)   --->   "%trunc_ln34_1 = bitconcatenate i8 @_ssdm_op_BitConcatenate.i8.i7.i1, i7 %trunc_ln33, i1 0" [./arith3.h:34->./arith3.h:53]   --->   Operation 34 'bitconcatenate' 'trunc_ln34_1' <Predicate = (icmp_ln34)> <Delay = 0.00>
ST_2 : Operation 35 [1/1] (1.01ns)   --->   "%add_ln34 = add i32 %oi_5_out_load, i32 1" [./arith3.h:34->./arith3.h:53]   --->   Operation 35 'add' 'add_ln34' <Predicate = (icmp_ln34)> <Delay = 1.01> <CoreInst = "Adder">   --->   Core 1 'Adder' <Latency = 0> <II = 1> <Delay = 1.01> <FuncUnit> <Opcode : 'add' 'sub'> <InPorts = 2> <OutPorts = 1>
ST_2 : Operation 36 [1/1] (0.00ns)   --->   "%zext_ln34 = zext i32 %oi_5_out_load" [./arith3.h:34->./arith3.h:53]   --->   Operation 36 'zext' 'zext_ln34' <Predicate = (icmp_ln34)> <Delay = 0.00>
ST_2 : Operation 37 [1/1] (0.00ns)   --->   "%out_addr = getelementptr i8 %out_r, i64 0, i64 %zext_ln34" [./arith3.h:34->./arith3.h:53]   --->   Operation 37 'getelementptr' 'out_addr' <Predicate = (icmp_ln34)> <Delay = 0.00>
ST_2 : Operation 38 [1/1] ( I:1.23ns O:1.23ns )   --->   "%store_ln34 = store i8 %trunc_ln34_1, i10 %out_addr" [./arith3.h:34->./arith3.h:53]   --->   Operation 38 'store' 'store_ln34' <Predicate = (icmp_ln34)> <Delay = 1.23> <CoreInst = "RAM">   --->   Core 82 'RAM' <Latency = 1> <II = 1> <Delay = 1.23> <Storage> <Opcode : 'load' 'store'> <Ports = 2> <Width = 8> <Depth = 576> <RAM>
ST_2 : Operation 39 [1/1] (0.42ns)   --->   "%store_ln34 = store i32 %add_ln34, i32 %oi_5_out" [./arith3.h:34->./arith3.h:53]   --->   Operation 39 'store' 'store_ln34' <Predicate = (icmp_ln34)> <Delay = 0.42>
ST_2 : Operation 40 [1/1] (0.47ns)   --->   "%store_ln0 = store i32 0, i32 %nb_5_out"   --->   Operation 40 'store' 'store_ln0' <Predicate = (icmp_ln34)> <Delay = 0.47>
ST_2 : Operation 41 [1/1] (0.47ns)   --->   "%store_ln0 = store i32 0, i32 %ob_5_out"   --->   Operation 41 'store' 'store_ln0' <Predicate = (icmp_ln34)> <Delay = 0.47>
ST_2 : Operation 42 [1/1] (0.00ns)   --->   "%br_ln34 = br void %_ZL7put_bitiRjRiPhS0_.exit28" [./arith3.h:34->./arith3.h:53]   --->   Operation 42 'br' 'br_ln34' <Predicate = (icmp_ln34)> <Delay = 0.00>


============================================================
+ Verbose Summary: Timing violations
============================================================
Target clock period: 5.000ns, clock uncertainty: 1.350ns.

 <State 1>: 1.870ns
The critical path consists of the following:
	'store' operation ('store_ln0') of variable 'pending_0_read' 32 bit on local variable 'empty' [17]  (0.427 ns)
	'load' operation 32 bit ('p_load', ./arith3.h:53) on local variable 'empty' [20]  (0.000 ns)
	'add' operation 32 bit ('add_ln53', ./arith3.h:53) [49]  (1.016 ns)
	'store' operation ('store_ln53', ./arith3.h:53) of variable 'add_ln53', ./arith3.h:53 32 bit on local variable 'empty' [50]  (0.427 ns)

 <State 2>: 3.269ns
The critical path consists of the following:
	'load' operation 32 bit ('nb_5_out_load', ./arith3.h:33->./arith3.h:53) on local variable 'nb_5_out' [25]  (0.000 ns)
	'add' operation 32 bit ('add_ln33', ./arith3.h:33->./arith3.h:53) [30]  (1.016 ns)
	'icmp' operation 1 bit ('icmp_ln34', ./arith3.h:34->./arith3.h:53) [31]  (1.016 ns)
	'store' operation ('store_ln34', ./arith3.h:34->./arith3.h:53) of variable 'trunc_ln34_1', ./arith3.h:34->./arith3.h:53 8 bit on array 'out_r' [43]  (1.237 ns)


============================================================
+ Verbose Summary: Binding
============================================================
N/A
* FSMD analyzer results:
  - Output states:
 - Input state : 
  - Chain level:
	State 1
	State 2


============================================================
+ Verbose Summary: Datapath Resource usage 
============================================================
N/A
