

================================================================
== Vitis HLS Report for 'encode_chunk'
================================================================
* Date:           Sat Aug  1 19:34:09 2026

* Version:        2025.2.1 (Build 6397637 on Mar 18 2026)
* Project:        work_k8_report
* Solution:       hls (Vitis Kernel Flow Target)
* Product family: zynquplus
* Target device:  xck26-sfvc784-2LV-c


================================================================
== Performance Estimates
================================================================
+ Timing: 
    * Summary: 
    +--------+---------+----------+------------+
    |  Clock |  Target | Estimated| Uncertainty|
    +--------+---------+----------+------------+
    |ap_clk  |  5.00 ns|  3.497 ns|     1.35 ns|
    +--------+---------+----------+------------+

+ Latency: 
    * Summary: 
    +---------+---------+----------+----------+-----+-----+---------+
    |  Latency (cycles) |  Latency (absolute) |  Interval | Pipeline|
    |   min   |   max   |    min   |    max   | min | max |   Type  |
    +---------+---------+----------+----------+-----+-----+---------+
    |        ?|        ?|         ?|         ?|    ?|    ?|       no|
    +---------+---------+----------+----------+-----+-----+---------+

    + Detail: 
        * Instance: 
        N/A

        * Loop: 
        +--------------------+---------+---------+----------+-----------+-----------+------+----------+
        |                    |  Latency (cycles) | Iteration|  Initiation Interval  | Trip |          |
        |      Loop Name     |   min   |   max   |  Latency |  achieved |   target  | Count| Pipelined|
        +--------------------+---------+---------+----------+-----------+-----------+------+----------+
        |- VITIS_LOOP_21_2   |        ?|        ?|         ?|          -|          -|     ?|        no|
        | + VITIS_LOOP_24_3  |        ?|        ?|         ?|          -|          -|     8|        no|
        +--------------------+---------+---------+----------+-----------+-----------+------+----------+

============================================================
+ Verbose Summary: Synthesis Manager
============================================================
InlineROM: 1
ExposeGlobal: 0
============================================================
+ Verbose Summary: CDFG Model
============================================================
IsTopModel: 0
ResetActiveHigh: 1
IsCombinational: 0
IsDatapathOnly: 0
HasWiredReturn: 1
HasMFsm: 0
HasVarLatency: 1
IsPipeline: 0
IsRtlPipelined: 0
IsInstanceOverlapped: 0
IsDontTouch: 0
HasImplIP: 0
IsGatedGlobalClock: 0


============================================================
+ Verbose Summary: Schedule
============================================================
* Number of FSM states : 19
* Pipeline : 0
* Dataflow Pipeline: 0

* FSM state transitions: 
1 --> 2 
2 --> 3 
3 --> 4 
4 --> 5 11 
5 --> 6 
6 --> 7 3 
7 --> 8 
8 --> 9 
9 --> 10 
10 --> 6 
11 --> 12 
12 --> 13 17 
13 --> 14 
14 --> 15 
15 --> 16 
16 --> 
17 --> 18 
18 --> 19 
19 --> 16 

* FSM state operations: 

State 1 <SV = 0> <Delay = 0.47>
ST_1 : Operation 20 [1/1] (0.00ns)   --->   "%k = alloca i32 1" [arith5.cpp:21]   --->   Operation 20 'alloca' 'k' <Predicate = true> <Delay = 0.00>
ST_1 : Operation 21 [1/1] (0.00ns)   --->   "%flag_prob_0 = alloca i32 1"   --->   Operation 21 'alloca' 'flag_prob_0' <Predicate = true> <Delay = 0.00>
ST_1 : Operation 22 [1/1] (0.00ns)   --->   "%ob_8_0 = alloca i32 1"   --->   Operation 22 'alloca' 'ob_8_0' <Predicate = true> <Delay = 0.00>
ST_1 : Operation 23 [1/1] (0.00ns)   --->   "%nb_6_0 = alloca i32 1"   --->   Operation 23 'alloca' 'nb_6_0' <Predicate = true> <Delay = 0.00>
ST_1 : Operation 24 [1/1] (0.00ns)   --->   "%oi_0 = alloca i32 1"   --->   Operation 24 'alloca' 'oi_0' <Predicate = true> <Delay = 0.00>
ST_1 : Operation 25 [1/1] (0.00ns)   --->   "%low_0 = alloca i32 1"   --->   Operation 25 'alloca' 'low_0' <Predicate = true> <Delay = 0.00>
ST_1 : Operation 26 [1/1] (0.00ns)   --->   "%high_0 = alloca i32 1"   --->   Operation 26 'alloca' 'high_0' <Predicate = true> <Delay = 0.00>
ST_1 : Operation 27 [1/1] (0.00ns)   --->   "%pending_0 = alloca i32 1"   --->   Operation 27 'alloca' 'pending_0' <Predicate = true> <Delay = 0.00>
ST_1 : Operation 28 [1/1] (0.00ns)   --->   "%ob_8_4_loc = alloca i64 1"   --->   Operation 28 'alloca' 'ob_8_4_loc' <Predicate = true> <Delay = 0.00>
ST_1 : Operation 29 [1/1] (0.00ns)   --->   "%nb_6_4_loc = alloca i64 1"   --->   Operation 29 'alloca' 'nb_6_4_loc' <Predicate = true> <Delay = 0.00>
ST_1 : Operation 30 [1/1] (0.00ns)   --->   "%oi_453_loc = alloca i64 1"   --->   Operation 30 'alloca' 'oi_453_loc' <Predicate = true> <Delay = 0.00>
ST_1 : Operation 31 [1/1] (0.00ns)   --->   "%ob_8_2_loc = alloca i64 1"   --->   Operation 31 'alloca' 'ob_8_2_loc' <Predicate = true> <Delay = 0.00>
ST_1 : Operation 32 [1/1] (0.00ns)   --->   "%nb_6_2_loc = alloca i64 1"   --->   Operation 32 'alloca' 'nb_6_2_loc' <Predicate = true> <Delay = 0.00>
ST_1 : Operation 33 [1/1] (0.00ns)   --->   "%oi_251_loc = alloca i64 1"   --->   Operation 33 'alloca' 'oi_251_loc' <Predicate = true> <Delay = 0.00>
ST_1 : Operation 34 [1/1] (0.00ns)   --->   "%tree = alloca i64 1" [arith5.cpp:16]   --->   Operation 34 'alloca' 'tree' <Predicate = true> <Delay = 0.00> <CoreInst = "RAM">   --->   Core 82 'RAM' <Latency = 1> <II = 1> <Delay = 1.23> <Storage> <Opcode : 'load' 'store'> <Ports = 2> <Width = 32> <Depth = 256> <RAM>
ST_1 : Operation 35 [2/2] (0.00ns)   --->   "%call_ln0 = call void @encode_chunk_Pipeline_VITIS_LOOP_17_1, i32 %tree"   --->   Operation 35 'call' 'call_ln0' <Predicate = true> <Delay = 0.00> <CoreType = "Generic">   --->   Generic Core
ST_1 : Operation 36 [1/1] (0.47ns)   --->   "%store_ln0 = store i32 0, i32 %pending_0"   --->   Operation 36 'store' 'store_ln0' <Predicate = true> <Delay = 0.47>
ST_1 : Operation 37 [1/1] (0.47ns)   --->   "%store_ln0 = store i32 65535, i32 %high_0"   --->   Operation 37 'store' 'store_ln0' <Predicate = true> <Delay = 0.47>
ST_1 : Operation 38 [1/1] (0.47ns)   --->   "%store_ln0 = store i32 0, i32 %low_0"   --->   Operation 38 'store' 'store_ln0' <Predicate = true> <Delay = 0.47>
ST_1 : Operation 39 [1/1] (0.47ns)   --->   "%store_ln0 = store i32 0, i32 %oi_0"   --->   Operation 39 'store' 'store_ln0' <Predicate = true> <Delay = 0.47>
ST_1 : Operation 40 [1/1] (0.47ns)   --->   "%store_ln0 = store i32 0, i32 %nb_6_0"   --->   Operation 40 'store' 'store_ln0' <Predicate = true> <Delay = 0.47>
ST_1 : Operation 41 [1/1] (0.47ns)   --->   "%store_ln0 = store i32 0, i32 %ob_8_0"   --->   Operation 41 'store' 'store_ln0' <Predicate = true> <Delay = 0.47>
ST_1 : Operation 42 [1/1] (0.42ns)   --->   "%store_ln0 = store i32 2048, i32 %flag_prob_0"   --->   Operation 42 'store' 'store_ln0' <Predicate = true> <Delay = 0.42>
ST_1 : Operation 43 [1/1] (0.42ns)   --->   "%store_ln21 = store i31 0, i31 %k" [arith5.cpp:21]   --->   Operation 43 'store' 'store_ln21' <Predicate = true> <Delay = 0.42>

State 2 <SV = 1> <Delay = 1.63>
ST_2 : Operation 44 [1/1] (0.00ns)   --->   "%n_read = read i32 @_ssdm_op_Read.ap_auto.i32, i32 %n"   --->   Operation 44 'read' 'n_read' <Predicate = true> <Delay = 0.00>
ST_2 : Operation 45 [1/2] (1.63ns)   --->   "%call_ln0 = call void @encode_chunk_Pipeline_VITIS_LOOP_17_1, i32 %tree"   --->   Operation 45 'call' 'call_ln0' <Predicate = true> <Delay = 1.63> <CoreType = "Generic">   --->   Generic Core
ST_2 : Operation 46 [1/1] (0.00ns)   --->   "%br_ln21 = br void %VITIS_LOOP_24_3" [arith5.cpp:21]   --->   Operation 46 'br' 'br_ln21' <Predicate = true> <Delay = 0.00>

State 3 <SV = 2> <Delay = 1.01>
ST_3 : Operation 47 [1/1] (0.00ns)   --->   "%k_1 = load i31 %k" [arith5.cpp:21]   --->   Operation 47 'load' 'k_1' <Predicate = true> <Delay = 0.00>
ST_3 : Operation 48 [1/1] (0.00ns)   --->   "%zext_ln21_1 = zext i31 %k_1" [arith5.cpp:21]   --->   Operation 48 'zext' 'zext_ln21_1' <Predicate = true> <Delay = 0.00>
ST_3 : Operation 49 [1/1] (1.01ns)   --->   "%icmp_ln21 = icmp_slt  i32 %zext_ln21_1, i32 %n_read" [arith5.cpp:21]   --->   Operation 49 'icmp' 'icmp_ln21' <Predicate = true> <Delay = 1.01> <CoreInst = "Cmp">   --->   Core 9 'Cmp' <Latency = 0> <II = 1> <Delay = 1.01> <FuncUnit> <Opcode : 'seteq' 'setne' 'setle' 'setge' 'setlt' 'setgt'> <InPorts = 2> <OutPorts = 1>

State 4 <SV = 3> <Delay = 3.42>
ST_4 : Operation 50 [1/1] (1.00ns)   --->   "%add_ln21 = add i31 %k_1, i31 1" [arith5.cpp:21]   --->   Operation 50 'add' 'add_ln21' <Predicate = true> <Delay = 1.00> <CoreInst = "Adder">   --->   Core 1 'Adder' <Latency = 0> <II = 1> <Delay = 1.00> <FuncUnit> <Opcode : 'add' 'sub'> <InPorts = 2> <OutPorts = 1>
ST_4 : Operation 51 [1/1] (0.00ns)   --->   "%br_ln21 = br i1 %icmp_ln21, void %for.end17, void %VITIS_LOOP_24_3.split" [arith5.cpp:21]   --->   Operation 51 'br' 'br_ln21' <Predicate = true> <Delay = 0.00>
ST_4 : Operation 52 [1/1] (0.00ns)   --->   "%flag_prob_0_load_1 = load i32 %flag_prob_0" [arith5.cpp:22]   --->   Operation 52 'load' 'flag_prob_0_load_1' <Predicate = (icmp_ln21)> <Delay = 0.00>
ST_4 : Operation 53 [1/1] (0.00ns)   --->   "%ob_8_0_load_1 = load i32 %ob_8_0" [arith5.cpp:22]   --->   Operation 53 'load' 'ob_8_0_load_1' <Predicate = (icmp_ln21)> <Delay = 0.00>
ST_4 : Operation 54 [1/1] (0.00ns)   --->   "%nb_6_0_load_1 = load i32 %nb_6_0" [arith5.cpp:22]   --->   Operation 54 'load' 'nb_6_0_load_1' <Predicate = (icmp_ln21)> <Delay = 0.00>
ST_4 : Operation 55 [1/1] (0.00ns)   --->   "%oi_0_load_1 = load i32 %oi_0" [arith5.cpp:22]   --->   Operation 55 'load' 'oi_0_load_1' <Predicate = (icmp_ln21)> <Delay = 0.00>
ST_4 : Operation 56 [1/1] (0.00ns)   --->   "%low_0_load_1 = load i32 %low_0" [arith5.cpp:22]   --->   Operation 56 'load' 'low_0_load_1' <Predicate = (icmp_ln21)> <Delay = 0.00>
ST_4 : Operation 57 [1/1] (0.00ns)   --->   "%high_0_load_1 = load i32 %high_0" [arith5.cpp:22]   --->   Operation 57 'load' 'high_0_load_1' <Predicate = (icmp_ln21)> <Delay = 0.00>
ST_4 : Operation 58 [1/1] (0.00ns)   --->   "%pending_0_load_1 = load i32 %pending_0" [arith5.cpp:22]   --->   Operation 58 'load' 'pending_0_load_1' <Predicate = (icmp_ln21)> <Delay = 0.00>
ST_4 : Operation 59 [1/1] (0.00ns)   --->   "%zext_ln21 = zext i31 %k_1" [arith5.cpp:21]   --->   Operation 59 'zext' 'zext_ln21' <Predicate = (icmp_ln21)> <Delay = 0.00>
ST_4 : Operation 60 [2/2] (3.42ns)   --->   "%call_ret1 = call i224 @encode_bit, i32 %low_0_load_1, i32 %low_0_load_1, i32 %high_0_load_1, i32 %high_0_load_1, i32 %pending_0_load_1, i32 %ob_8_0_load_1, i32 %nb_6_0_load_1, i8 %out_r, i32 %oi_0_load_1, i32 %flag_prob_0_load_1, i1 1" [arith5.cpp:22]   --->   Operation 60 'call' 'call_ret1' <Predicate = (icmp_ln21)> <Delay = 3.42> <CoreType = "Generic">   --->   Generic Core
ST_4 : Operation 61 [1/1] (0.00ns)   --->   "%in_addr = getelementptr i8 %in_r, i64 0, i64 %zext_ln21" [arith5.cpp:23]   --->   Operation 61 'getelementptr' 'in_addr' <Predicate = (icmp_ln21)> <Delay = 0.00>
ST_4 : Operation 62 [2/2] (1.23ns)   --->   "%b = load i10 %in_addr" [arith5.cpp:23]   --->   Operation 62 'load' 'b' <Predicate = (icmp_ln21)> <Delay = 1.23> <CoreInst = "RAM">   --->   Core 82 'RAM' <Latency = 1> <II = 1> <Delay = 1.23> <Storage> <Opcode : 'load' 'store'> <Ports = 2> <Width = 8> <Depth = 576> <RAM>
ST_4 : Operation 63 [1/1] (0.00ns)   --->   "%flag_prob_0_load = load i32 %flag_prob_0" [arith5.cpp:30]   --->   Operation 63 'load' 'flag_prob_0_load' <Predicate = (!icmp_ln21)> <Delay = 0.00>
ST_4 : Operation 64 [1/1] (0.00ns)   --->   "%ob_8_0_load = load i32 %ob_8_0" [arith5.cpp:30]   --->   Operation 64 'load' 'ob_8_0_load' <Predicate = (!icmp_ln21)> <Delay = 0.00>
ST_4 : Operation 65 [1/1] (0.00ns)   --->   "%nb_6_0_load = load i32 %nb_6_0" [arith5.cpp:30]   --->   Operation 65 'load' 'nb_6_0_load' <Predicate = (!icmp_ln21)> <Delay = 0.00>
ST_4 : Operation 66 [1/1] (0.00ns)   --->   "%oi_0_load = load i32 %oi_0" [arith5.cpp:30]   --->   Operation 66 'load' 'oi_0_load' <Predicate = (!icmp_ln21)> <Delay = 0.00>
ST_4 : Operation 67 [1/1] (0.00ns)   --->   "%low_0_load = load i32 %low_0" [arith5.cpp:30]   --->   Operation 67 'load' 'low_0_load' <Predicate = (!icmp_ln21)> <Delay = 0.00>
ST_4 : Operation 68 [1/1] (0.00ns)   --->   "%high_0_load = load i32 %high_0" [arith5.cpp:30]   --->   Operation 68 'load' 'high_0_load' <Predicate = (!icmp_ln21)> <Delay = 0.00>
ST_4 : Operation 69 [1/1] (0.00ns)   --->   "%pending_0_load = load i32 %pending_0" [arith5.cpp:30]   --->   Operation 69 'load' 'pending_0_load' <Predicate = (!icmp_ln21)> <Delay = 0.00>
ST_4 : Operation 70 [2/2] (3.42ns)   --->   "%call_ret2 = call i224 @encode_bit, i32 %low_0_load, i32 %low_0_load, i32 %high_0_load, i32 %high_0_load, i32 %pending_0_load, i32 %ob_8_0_load, i32 %nb_6_0_load, i8 %out_r, i32 %oi_0_load, i32 %flag_prob_0_load, i1 0" [arith5.cpp:30]   --->   Operation 70 'call' 'call_ret2' <Predicate = (!icmp_ln21)> <Delay = 3.42> <CoreType = "Generic">   --->   Generic Core

State 5 <SV = 4> <Delay = 2.95>
ST_5 : Operation 71 [1/1] (0.00ns)   --->   "%specloopname_ln21 = specloopname void @_ssdm_op_SpecLoopName, void @empty_3" [arith5.cpp:21]   --->   Operation 71 'specloopname' 'specloopname_ln21' <Predicate = true> <Delay = 0.00>
ST_5 : Operation 72 [1/2] (2.48ns)   --->   "%call_ret1 = call i224 @encode_bit, i32 %low_0_load_1, i32 %low_0_load_1, i32 %high_0_load_1, i32 %high_0_load_1, i32 %pending_0_load_1, i32 %ob_8_0_load_1, i32 %nb_6_0_load_1, i8 %out_r, i32 %oi_0_load_1, i32 %flag_prob_0_load_1, i1 1" [arith5.cpp:22]   --->   Operation 72 'call' 'call_ret1' <Predicate = true> <Delay = 2.48> <CoreType = "Generic">   --->   Generic Core
ST_5 : Operation 73 [1/1] (0.00ns)   --->   "%oi = extractvalue i224 %call_ret1" [arith5.cpp:22]   --->   Operation 73 'extractvalue' 'oi' <Predicate = true> <Delay = 0.00>
ST_5 : Operation 74 [1/1] (0.00ns)   --->   "%nb_1 = extractvalue i224 %call_ret1" [arith5.cpp:22]   --->   Operation 74 'extractvalue' 'nb_1' <Predicate = true> <Delay = 0.00>
ST_5 : Operation 75 [1/1] (0.00ns)   --->   "%ob = extractvalue i224 %call_ret1" [arith5.cpp:22]   --->   Operation 75 'extractvalue' 'ob' <Predicate = true> <Delay = 0.00>
ST_5 : Operation 76 [1/1] (0.00ns)   --->   "%pending = extractvalue i224 %call_ret1" [arith5.cpp:22]   --->   Operation 76 'extractvalue' 'pending' <Predicate = true> <Delay = 0.00>
ST_5 : Operation 77 [1/1] (0.00ns)   --->   "%low = extractvalue i224 %call_ret1" [arith5.cpp:22]   --->   Operation 77 'extractvalue' 'low' <Predicate = true> <Delay = 0.00>
ST_5 : Operation 78 [1/1] (0.00ns)   --->   "%high = extractvalue i224 %call_ret1" [arith5.cpp:22]   --->   Operation 78 'extractvalue' 'high' <Predicate = true> <Delay = 0.00>
ST_5 : Operation 79 [1/1] (0.00ns)   --->   "%flag_prob = extractvalue i224 %call_ret1" [arith5.cpp:22]   --->   Operation 79 'extractvalue' 'flag_prob' <Predicate = true> <Delay = 0.00>
ST_5 : Operation 80 [1/2] ( I:1.23ns O:1.23ns )   --->   "%b = load i10 %in_addr" [arith5.cpp:23]   --->   Operation 80 'load' 'b' <Predicate = true> <Delay = 1.23> <CoreInst = "RAM">   --->   Core 82 'RAM' <Latency = 1> <II = 1> <Delay = 1.23> <Storage> <Opcode : 'load' 'store'> <Ports = 2> <Width = 8> <Depth = 576> <RAM>
ST_5 : Operation 81 [1/1] (0.47ns)   --->   "%store_ln22 = store i32 %pending, i32 %pending_0" [arith5.cpp:22]   --->   Operation 81 'store' 'store_ln22' <Predicate = true> <Delay = 0.47>
ST_5 : Operation 82 [1/1] (0.47ns)   --->   "%store_ln22 = store i32 %high, i32 %high_0" [arith5.cpp:22]   --->   Operation 82 'store' 'store_ln22' <Predicate = true> <Delay = 0.47>
ST_5 : Operation 83 [1/1] (0.47ns)   --->   "%store_ln22 = store i32 %low, i32 %low_0" [arith5.cpp:22]   --->   Operation 83 'store' 'store_ln22' <Predicate = true> <Delay = 0.47>
ST_5 : Operation 84 [1/1] (0.47ns)   --->   "%store_ln22 = store i32 %oi, i32 %oi_0" [arith5.cpp:22]   --->   Operation 84 'store' 'store_ln22' <Predicate = true> <Delay = 0.47>
ST_5 : Operation 85 [1/1] (0.47ns)   --->   "%store_ln22 = store i32 %nb_1, i32 %nb_6_0" [arith5.cpp:22]   --->   Operation 85 'store' 'store_ln22' <Predicate = true> <Delay = 0.47>
ST_5 : Operation 86 [1/1] (0.47ns)   --->   "%store_ln22 = store i32 %ob, i32 %ob_8_0" [arith5.cpp:22]   --->   Operation 86 'store' 'store_ln22' <Predicate = true> <Delay = 0.47>
ST_5 : Operation 87 [1/1] (0.42ns)   --->   "%br_ln24 = br void %for.inc13" [arith5.cpp:24]   --->   Operation 87 'br' 'br_ln24' <Predicate = true> <Delay = 0.42>

State 6 <SV = 5> <Delay = 1.23>
ST_6 : Operation 88 [1/1] (0.00ns)   --->   "%j = phi i4 7, void %VITIS_LOOP_24_3.split, i4 %j_1, void %for.inc13.split"   --->   Operation 88 'phi' 'j' <Predicate = true> <Delay = 0.00>
ST_6 : Operation 89 [1/1] (0.00ns)   --->   "%ctx = phi i8 1, void %VITIS_LOOP_24_3.split, i8 %ctx_1, void %for.inc13.split"   --->   Operation 89 'phi' 'ctx' <Predicate = true> <Delay = 0.00>
ST_6 : Operation 90 [1/1] (0.00ns)   --->   "%tmp_1 = bitselect i1 @_ssdm_op_BitSelect.i1.i4.i32, i4 %j, i32 3" [arith5.cpp:24]   --->   Operation 90 'bitselect' 'tmp_1' <Predicate = true> <Delay = 0.00>
ST_6 : Operation 91 [1/1] (0.00ns)   --->   "%br_ln24 = br i1 %tmp_1, void %for.inc13.split, void %for.inc15" [arith5.cpp:24]   --->   Operation 91 'br' 'br_ln24' <Predicate = true> <Delay = 0.00>
ST_6 : Operation 92 [1/1] (0.00ns)   --->   "%zext_ln23 = zext i4 %j" [arith5.cpp:23]   --->   Operation 92 'zext' 'zext_ln23' <Predicate = (!tmp_1)> <Delay = 0.00>
ST_6 : Operation 93 [1/1] (0.74ns)   --->   "%lshr_ln25 = lshr i8 %b, i8 %zext_ln23" [arith5.cpp:25]   --->   Operation 93 'lshr' 'lshr_ln25' <Predicate = (!tmp_1)> <Delay = 0.74> <CoreInst = "Shifter">   --->   Core 75 'Shifter' <Latency = 0> <II = 1> <Delay = 0.74> <FuncUnit> <Opcode : 'shl' 'lshr' 'ashr'> <InPorts = 2> <OutPorts = 1>
ST_6 : Operation 94 [1/1] (0.00ns)   --->   "%bit = trunc i8 %lshr_ln25" [arith5.cpp:25]   --->   Operation 94 'trunc' 'bit' <Predicate = (!tmp_1)> <Delay = 0.00>
ST_6 : Operation 95 [1/1] (0.00ns)   --->   "%zext_ln26 = zext i8 %ctx" [arith5.cpp:26]   --->   Operation 95 'zext' 'zext_ln26' <Predicate = (!tmp_1)> <Delay = 0.00>
ST_6 : Operation 96 [1/1] (0.00ns)   --->   "%tree_addr = getelementptr i32 %tree, i64 0, i64 %zext_ln26" [arith5.cpp:26]   --->   Operation 96 'getelementptr' 'tree_addr' <Predicate = (!tmp_1)> <Delay = 0.00>
ST_6 : Operation 97 [2/2] (1.23ns)   --->   "%tree_load = load i8 %tree_addr" [arith5.cpp:26]   --->   Operation 97 'load' 'tree_load' <Predicate = (!tmp_1)> <Delay = 1.23> <CoreInst = "RAM">   --->   Core 82 'RAM' <Latency = 1> <II = 1> <Delay = 1.23> <Storage> <Opcode : 'load' 'store'> <Ports = 2> <Width = 32> <Depth = 256> <RAM>
ST_6 : Operation 98 [1/1] (0.00ns)   --->   "%trunc_ln27 = trunc i8 %ctx" [arith5.cpp:27]   --->   Operation 98 'trunc' 'trunc_ln27' <Predicate = (!tmp_1)> <Delay = 0.00>
ST_6 : Operation 99 [1/1] (0.00ns)   --->   "%ctx_1 = bitconcatenate i8 @_ssdm_op_BitConcatenate.i8.i7.i1, i7 %trunc_ln27, i1 %bit" [arith5.cpp:27]   --->   Operation 99 'bitconcatenate' 'ctx_1' <Predicate = (!tmp_1)> <Delay = 0.00>
ST_6 : Operation 100 [1/1] (0.79ns)   --->   "%j_1 = add i4 %j, i4 15" [arith5.cpp:24]   --->   Operation 100 'add' 'j_1' <Predicate = (!tmp_1)> <Delay = 0.79> <CoreInst = "Adder">   --->   Core 1 'Adder' <Latency = 0> <II = 1> <Delay = 0.79> <FuncUnit> <Opcode : 'add' 'sub'> <InPorts = 2> <OutPorts = 1>
ST_6 : Operation 101 [1/1] (0.42ns)   --->   "%store_ln22 = store i32 %flag_prob, i32 %flag_prob_0" [arith5.cpp:22]   --->   Operation 101 'store' 'store_ln22' <Predicate = (tmp_1)> <Delay = 0.42>
ST_6 : Operation 102 [1/1] (0.42ns)   --->   "%store_ln21 = store i31 %add_ln21, i31 %k" [arith5.cpp:21]   --->   Operation 102 'store' 'store_ln21' <Predicate = (tmp_1)> <Delay = 0.42>
ST_6 : Operation 103 [1/1] (0.00ns)   --->   "%br_ln21 = br void %VITIS_LOOP_24_3" [arith5.cpp:21]   --->   Operation 103 'br' 'br_ln21' <Predicate = (tmp_1)> <Delay = 0.00>

State 7 <SV = 6> <Delay = 1.23>
ST_7 : Operation 104 [1/2] ( I:1.23ns O:1.23ns )   --->   "%tree_load = load i8 %tree_addr" [arith5.cpp:26]   --->   Operation 104 'load' 'tree_load' <Predicate = true> <Delay = 1.23> <CoreInst = "RAM">   --->   Core 82 'RAM' <Latency = 1> <II = 1> <Delay = 1.23> <Storage> <Opcode : 'load' 'store'> <Ports = 2> <Width = 32> <Depth = 256> <RAM>

State 8 <SV = 7> <Delay = 3.42>
ST_8 : Operation 105 [1/1] (0.00ns)   --->   "%ob_8_0_load_2 = load i32 %ob_8_0" [arith5.cpp:26]   --->   Operation 105 'load' 'ob_8_0_load_2' <Predicate = true> <Delay = 0.00>
ST_8 : Operation 106 [1/1] (0.00ns)   --->   "%nb_6_0_load_2 = load i32 %nb_6_0" [arith5.cpp:26]   --->   Operation 106 'load' 'nb_6_0_load_2' <Predicate = true> <Delay = 0.00>
ST_8 : Operation 107 [1/1] (0.00ns)   --->   "%oi_0_load21 = load i32 %oi_0" [arith5.cpp:26]   --->   Operation 107 'load' 'oi_0_load21' <Predicate = true> <Delay = 0.00>
ST_8 : Operation 108 [1/1] (0.00ns)   --->   "%low_0_load_2 = load i32 %low_0" [arith5.cpp:26]   --->   Operation 108 'load' 'low_0_load_2' <Predicate = true> <Delay = 0.00>
ST_8 : Operation 109 [1/1] (0.00ns)   --->   "%high_0_load_2 = load i32 %high_0" [arith5.cpp:26]   --->   Operation 109 'load' 'high_0_load_2' <Predicate = true> <Delay = 0.00>
ST_8 : Operation 110 [1/1] (0.00ns)   --->   "%pending_0_load_2 = load i32 %pending_0" [arith5.cpp:26]   --->   Operation 110 'load' 'pending_0_load_2' <Predicate = true> <Delay = 0.00>
ST_8 : Operation 111 [2/2] (3.42ns)   --->   "%call_ret = call i224 @encode_bit.1, i32 %low_0_load_2, i32 %high_0_load_2, i32 %pending_0_load_2, i32 %ob_8_0_load_2, i32 %nb_6_0_load_2, i8 %out_r, i32 %oi_0_load21, i32 %tree_load, i1 %bit" [arith5.cpp:26]   --->   Operation 111 'call' 'call_ret' <Predicate = true> <Delay = 3.42> <CoreType = "Generic">   --->   Generic Core

State 9 <SV = 8> <Delay = 2.95>
ST_9 : Operation 112 [1/2] (2.48ns)   --->   "%call_ret = call i224 @encode_bit.1, i32 %low_0_load_2, i32 %high_0_load_2, i32 %pending_0_load_2, i32 %ob_8_0_load_2, i32 %nb_6_0_load_2, i8 %out_r, i32 %oi_0_load21, i32 %tree_load, i1 %bit" [arith5.cpp:26]   --->   Operation 112 'call' 'call_ret' <Predicate = true> <Delay = 2.48> <CoreType = "Generic">   --->   Generic Core
ST_9 : Operation 113 [1/1] (0.00ns)   --->   "%oi_2 = extractvalue i224 %call_ret" [arith5.cpp:26]   --->   Operation 113 'extractvalue' 'oi_2' <Predicate = true> <Delay = 0.00>
ST_9 : Operation 114 [1/1] (0.00ns)   --->   "%nb_3 = extractvalue i224 %call_ret" [arith5.cpp:26]   --->   Operation 114 'extractvalue' 'nb_3' <Predicate = true> <Delay = 0.00>
ST_9 : Operation 115 [1/1] (0.00ns)   --->   "%ob_4 = extractvalue i224 %call_ret" [arith5.cpp:26]   --->   Operation 115 'extractvalue' 'ob_4' <Predicate = true> <Delay = 0.00>
ST_9 : Operation 116 [1/1] (0.00ns)   --->   "%pending_3 = extractvalue i224 %call_ret" [arith5.cpp:26]   --->   Operation 116 'extractvalue' 'pending_3' <Predicate = true> <Delay = 0.00>
ST_9 : Operation 117 [1/1] (0.00ns)   --->   "%low_2 = extractvalue i224 %call_ret" [arith5.cpp:26]   --->   Operation 117 'extractvalue' 'low_2' <Predicate = true> <Delay = 0.00>
ST_9 : Operation 118 [1/1] (0.00ns)   --->   "%high_1 = extractvalue i224 %call_ret" [arith5.cpp:26]   --->   Operation 118 'extractvalue' 'high_1' <Predicate = true> <Delay = 0.00>
ST_9 : Operation 119 [1/1] (0.00ns)   --->   "%tree_addr_1_ret = extractvalue i224 %call_ret" [arith5.cpp:26]   --->   Operation 119 'extractvalue' 'tree_addr_1_ret' <Predicate = true> <Delay = 0.00>
ST_9 : Operation 120 [1/1] (0.47ns)   --->   "%store_ln26 = store i32 %pending_3, i32 %pending_0" [arith5.cpp:26]   --->   Operation 120 'store' 'store_ln26' <Predicate = true> <Delay = 0.47>
ST_9 : Operation 121 [1/1] (0.47ns)   --->   "%store_ln26 = store i32 %high_1, i32 %high_0" [arith5.cpp:26]   --->   Operation 121 'store' 'store_ln26' <Predicate = true> <Delay = 0.47>
ST_9 : Operation 122 [1/1] (0.47ns)   --->   "%store_ln26 = store i32 %low_2, i32 %low_0" [arith5.cpp:26]   --->   Operation 122 'store' 'store_ln26' <Predicate = true> <Delay = 0.47>
ST_9 : Operation 123 [1/1] (0.47ns)   --->   "%store_ln26 = store i32 %oi_2, i32 %oi_0" [arith5.cpp:26]   --->   Operation 123 'store' 'store_ln26' <Predicate = true> <Delay = 0.47>
ST_9 : Operation 124 [1/1] (0.47ns)   --->   "%store_ln26 = store i32 %nb_3, i32 %nb_6_0" [arith5.cpp:26]   --->   Operation 124 'store' 'store_ln26' <Predicate = true> <Delay = 0.47>
ST_9 : Operation 125 [1/1] (0.47ns)   --->   "%store_ln26 = store i32 %ob_4, i32 %ob_8_0" [arith5.cpp:26]   --->   Operation 125 'store' 'store_ln26' <Predicate = true> <Delay = 0.47>

State 10 <SV = 9> <Delay = 1.23>
ST_10 : Operation 126 [1/1] (0.00ns)   --->   "%speclooptripcount_ln23 = speclooptripcount void @_ssdm_op_SpecLoopTripCount, i64 8, i64 8, i64 8" [arith5.cpp:23]   --->   Operation 126 'speclooptripcount' 'speclooptripcount_ln23' <Predicate = true> <Delay = 0.00>
ST_10 : Operation 127 [1/1] (0.00ns)   --->   "%specloopname_ln24 = specloopname void @_ssdm_op_SpecLoopName, void @empty_27" [arith5.cpp:24]   --->   Operation 127 'specloopname' 'specloopname_ln24' <Predicate = true> <Delay = 0.00>
ST_10 : Operation 128 [1/1] ( I:1.23ns O:1.23ns )   --->   "%store_ln26 = store i32 %tree_addr_1_ret, i8 %tree_addr" [arith5.cpp:26]   --->   Operation 128 'store' 'store_ln26' <Predicate = true> <Delay = 1.23> <CoreInst = "RAM">   --->   Core 82 'RAM' <Latency = 1> <II = 1> <Delay = 1.23> <Storage> <Opcode : 'load' 'store'> <Ports = 2> <Width = 32> <Depth = 256> <RAM>
ST_10 : Operation 129 [1/1] (0.00ns)   --->   "%br_ln24 = br void %for.inc13" [arith5.cpp:24]   --->   Operation 129 'br' 'br_ln24' <Predicate = true> <Delay = 0.00>

State 11 <SV = 4> <Delay = 3.49>
ST_11 : Operation 130 [1/2] (2.48ns)   --->   "%call_ret2 = call i224 @encode_bit, i32 %low_0_load, i32 %low_0_load, i32 %high_0_load, i32 %high_0_load, i32 %pending_0_load, i32 %ob_8_0_load, i32 %nb_6_0_load, i8 %out_r, i32 %oi_0_load, i32 %flag_prob_0_load, i1 0" [arith5.cpp:30]   --->   Operation 130 'call' 'call_ret2' <Predicate = true> <Delay = 2.48> <CoreType = "Generic">   --->   Generic Core
ST_11 : Operation 131 [1/1] (0.00ns)   --->   "%oi_1 = extractvalue i224 %call_ret2" [arith5.cpp:30]   --->   Operation 131 'extractvalue' 'oi_1' <Predicate = true> <Delay = 0.00>
ST_11 : Operation 132 [1/1] (0.00ns) (grouped into LUT with out node nb)   --->   "%nb_2 = extractvalue i224 %call_ret2" [arith5.cpp:30]   --->   Operation 132 'extractvalue' 'nb_2' <Predicate = true> <Delay = 0.00>
ST_11 : Operation 133 [1/1] (0.00ns)   --->   "%ob_1 = extractvalue i224 %call_ret2" [arith5.cpp:30]   --->   Operation 133 'extractvalue' 'ob_1' <Predicate = true> <Delay = 0.00>
ST_11 : Operation 134 [1/1] (0.00ns) (grouped into LUT with out node pending_2)   --->   "%pending_1 = extractvalue i224 %call_ret2" [arith5.cpp:30]   --->   Operation 134 'extractvalue' 'pending_1' <Predicate = true> <Delay = 0.00>
ST_11 : Operation 135 [1/1] (0.00ns) (grouped into LUT with out node icmp_ln32)   --->   "%low_1 = extractvalue i224 %call_ret2" [arith5.cpp:30]   --->   Operation 135 'extractvalue' 'low_1' <Predicate = true> <Delay = 0.00>
ST_11 : Operation 136 [1/1] (1.01ns) (out node of the LUT)   --->   "%pending_2 = add i32 %pending_1, i32 1" [arith5.cpp:31]   --->   Operation 136 'add' 'pending_2' <Predicate = true> <Delay = 1.01> <CoreInst = "Adder">   --->   Core 1 'Adder' <Latency = 0> <II = 1> <Delay = 1.01> <FuncUnit> <Opcode : 'add' 'sub'> <InPorts = 2> <OutPorts = 1>
ST_11 : Operation 137 [1/1] (0.00ns) (grouped into LUT with out node icmp_ln32)   --->   "%tmp = partselect i18 @_ssdm_op_PartSelect.i18.i32.i32.i32, i32 %low_1, i32 14, i32 31" [arith5.cpp:32]   --->   Operation 137 'partselect' 'tmp' <Predicate = true> <Delay = 0.00>
ST_11 : Operation 138 [1/1] (0.87ns) (out node of the LUT)   --->   "%icmp_ln32 = icmp_eq  i18 %tmp, i18 0" [arith5.cpp:32]   --->   Operation 138 'icmp' 'icmp_ln32' <Predicate = true> <Delay = 0.87> <CoreInst = "Cmp">   --->   Core 9 'Cmp' <Latency = 0> <II = 1> <Delay = 0.87> <FuncUnit> <Opcode : 'seteq' 'setne' 'setle' 'setge' 'setlt' 'setgt'> <InPorts = 2> <OutPorts = 1>
ST_11 : Operation 139 [1/1] (0.00ns)   --->   "%trunc_ln34 = trunc i32 %ob_1" [./arith3.h:34->arith5.cpp:32]   --->   Operation 139 'trunc' 'trunc_ln34' <Predicate = true> <Delay = 0.00>
ST_11 : Operation 140 [1/1] (1.01ns) (out node of the LUT)   --->   "%nb = add i32 %nb_2, i32 1" [./arith3.h:33->arith5.cpp:32]   --->   Operation 140 'add' 'nb' <Predicate = true> <Delay = 1.01> <CoreInst = "Adder">   --->   Core 1 'Adder' <Latency = 0> <II = 1> <Delay = 1.01> <FuncUnit> <Opcode : 'add' 'sub'> <InPorts = 2> <OutPorts = 1>

State 12 <SV = 5> <Delay = 1.44>
ST_12 : Operation 141 [1/1] (0.00ns)   --->   "%ob_2 = bitconcatenate i8 @_ssdm_op_BitConcatenate.i8.i7.i1, i7 %trunc_ln34, i1 0" [./arith3.h:34->arith5.cpp:32]   --->   Operation 141 'bitconcatenate' 'ob_2' <Predicate = true> <Delay = 0.00>
ST_12 : Operation 142 [1/1] (1.01ns)   --->   "%icmp_ln34 = icmp_eq  i32 %nb, i32 8" [./arith3.h:34->arith5.cpp:32]   --->   Operation 142 'icmp' 'icmp_ln34' <Predicate = true> <Delay = 1.01> <CoreInst = "Cmp">   --->   Core 9 'Cmp' <Latency = 0> <II = 1> <Delay = 1.01> <FuncUnit> <Opcode : 'seteq' 'setne' 'setle' 'setge' 'setlt' 'setgt'> <InPorts = 2> <OutPorts = 1>
ST_12 : Operation 143 [1/1] (0.00ns)   --->   "%br_ln32 = br i1 %icmp_ln32, void %if.else, void %if.then" [arith5.cpp:32]   --->   Operation 143 'br' 'br_ln32' <Predicate = true> <Delay = 0.00>
ST_12 : Operation 144 [1/1] (0.00ns)   --->   "%ob_3 = bitconcatenate i8 @_ssdm_op_BitConcatenate.i8.i7.i1, i7 %trunc_ln34, i1 1" [./arith3.h:33->arith5.cpp:33]   --->   Operation 144 'bitconcatenate' 'ob_3' <Predicate = (!icmp_ln32)> <Delay = 0.00>
ST_12 : Operation 145 [1/1] (0.42ns)   --->   "%br_ln34 = br i1 %icmp_ln34, void %while.cond22.preheader, void %if.then.i30" [./arith3.h:34->arith5.cpp:33]   --->   Operation 145 'br' 'br_ln34' <Predicate = (!icmp_ln32)> <Delay = 0.42>
ST_12 : Operation 146 [1/1] (0.42ns)   --->   "%br_ln34 = br i1 %icmp_ln34, void %while.cond.preheader, void %if.then.i" [./arith3.h:34->arith5.cpp:32]   --->   Operation 146 'br' 'br_ln34' <Predicate = (icmp_ln32)> <Delay = 0.42>

State 13 <SV = 6> <Delay = 1.23>
ST_13 : Operation 147 [1/1] (1.01ns)   --->   "%oi_4 = add i32 %oi_1, i32 1" [./arith3.h:34->arith5.cpp:33]   --->   Operation 147 'add' 'oi_4' <Predicate = (icmp_ln34)> <Delay = 1.01> <CoreInst = "Adder">   --->   Core 1 'Adder' <Latency = 0> <II = 1> <Delay = 1.01> <FuncUnit> <Opcode : 'add' 'sub'> <InPorts = 2> <OutPorts = 1>
ST_13 : Operation 148 [1/1] (0.00ns)   --->   "%zext_ln34_1 = zext i32 %oi_1" [./arith3.h:34->arith5.cpp:33]   --->   Operation 148 'zext' 'zext_ln34_1' <Predicate = (icmp_ln34)> <Delay = 0.00>
ST_13 : Operation 149 [1/1] (0.00ns)   --->   "%out_addr_1 = getelementptr i8 %out_r, i64 0, i64 %zext_ln34_1" [./arith3.h:34->arith5.cpp:33]   --->   Operation 149 'getelementptr' 'out_addr_1' <Predicate = (icmp_ln34)> <Delay = 0.00>
ST_13 : Operation 150 [1/1] ( I:1.23ns O:1.23ns )   --->   "%store_ln34 = store i8 %ob_3, i10 %out_addr_1" [./arith3.h:34->arith5.cpp:33]   --->   Operation 150 'store' 'store_ln34' <Predicate = (icmp_ln34)> <Delay = 1.23> <CoreInst = "RAM">   --->   Core 82 'RAM' <Latency = 1> <II = 1> <Delay = 1.23> <Storage> <Opcode : 'load' 'store'> <Ports = 2> <Width = 8> <Depth = 576> <RAM>
ST_13 : Operation 151 [1/1] (0.42ns)   --->   "%br_ln34 = br void %while.cond22.preheader" [./arith3.h:34->arith5.cpp:33]   --->   Operation 151 'br' 'br_ln34' <Predicate = (icmp_ln34)> <Delay = 0.42>

State 14 <SV = 7> <Delay = 1.87>
ST_14 : Operation 152 [1/1] (0.00ns)   --->   "%oi_453_ph = phi i32 %oi_1, void %if.else, i32 %oi_4, void %if.then.i30"   --->   Operation 152 'phi' 'oi_453_ph' <Predicate = true> <Delay = 0.00>
ST_14 : Operation 153 [1/1] (0.00ns)   --->   "%nb_6_4_ph = phi i32 %nb, void %if.else, i32 0, void %if.then.i30"   --->   Operation 153 'phi' 'nb_6_4_ph' <Predicate = true> <Delay = 0.00>
ST_14 : Operation 154 [1/1] (0.00ns)   --->   "%ob_8_4_ph = phi i8 %ob_3, void %if.else, i8 0, void %if.then.i30"   --->   Operation 154 'phi' 'ob_8_4_ph' <Predicate = true> <Delay = 0.00>
ST_14 : Operation 155 [2/2] (1.87ns)   --->   "%call_ln30 = call void @encode_chunk_Pipeline_VITIS_LOOP_33_5, i32 %oi_453_ph, i32 %nb_6_4_ph, i8 %ob_8_4_ph, i32 %pending_2, i8 %out_r, i32 %oi_453_loc, i32 %nb_6_4_loc, i8 %ob_8_4_loc" [arith5.cpp:30]   --->   Operation 155 'call' 'call_ln30' <Predicate = true> <Delay = 1.87> <CoreType = "Generic">   --->   Generic Core

State 15 <SV = 8> <Delay = 1.87>
ST_15 : Operation 156 [1/2] (1.87ns)   --->   "%call_ln30 = call void @encode_chunk_Pipeline_VITIS_LOOP_33_5, i32 %oi_453_ph, i32 %nb_6_4_ph, i8 %ob_8_4_ph, i32 %pending_2, i8 %out_r, i32 %oi_453_loc, i32 %nb_6_4_loc, i8 %ob_8_4_loc" [arith5.cpp:30]   --->   Operation 156 'call' 'call_ln30' <Predicate = true> <Delay = 1.87> <CoreType = "Generic">   --->   Generic Core

State 16 <SV = 9> <Delay = 3.42>
ST_16 : Operation 157 [1/1] (0.00ns)   --->   "%oi_453_loc_load = load i32 %oi_453_loc"   --->   Operation 157 'load' 'oi_453_loc_load' <Predicate = (!icmp_ln32)> <Delay = 0.00>
ST_16 : Operation 158 [1/1] (0.00ns)   --->   "%nb_6_4_loc_load = load i32 %nb_6_4_loc"   --->   Operation 158 'load' 'nb_6_4_loc_load' <Predicate = (!icmp_ln32)> <Delay = 0.00>
ST_16 : Operation 159 [1/1] (0.00ns)   --->   "%ob_8_4_loc_load = load i8 %ob_8_4_loc"   --->   Operation 159 'load' 'ob_8_4_loc_load' <Predicate = (!icmp_ln32)> <Delay = 0.00>
ST_16 : Operation 160 [1/1] (0.42ns)   --->   "%br_ln0 = br void %if.end"   --->   Operation 160 'br' 'br_ln0' <Predicate = (!icmp_ln32)> <Delay = 0.42>
ST_16 : Operation 161 [1/1] (0.00ns)   --->   "%oi_251_loc_load = load i32 %oi_251_loc"   --->   Operation 161 'load' 'oi_251_loc_load' <Predicate = (icmp_ln32)> <Delay = 0.00>
ST_16 : Operation 162 [1/1] (0.00ns)   --->   "%nb_6_2_loc_load = load i32 %nb_6_2_loc"   --->   Operation 162 'load' 'nb_6_2_loc_load' <Predicate = (icmp_ln32)> <Delay = 0.00>
ST_16 : Operation 163 [1/1] (0.00ns)   --->   "%ob_8_2_loc_load = load i8 %ob_8_2_loc"   --->   Operation 163 'load' 'ob_8_2_loc_load' <Predicate = (icmp_ln32)> <Delay = 0.00>
ST_16 : Operation 164 [1/1] (0.42ns)   --->   "%br_ln0 = br void %if.end"   --->   Operation 164 'br' 'br_ln0' <Predicate = (icmp_ln32)> <Delay = 0.42>
ST_16 : Operation 165 [1/1] (0.00ns)   --->   "%oi_6 = phi i32 %oi_453_loc_load, void %while.cond22.preheader, i32 %oi_251_loc_load, void %while.cond.preheader"   --->   Operation 165 'phi' 'oi_6' <Predicate = true> <Delay = 0.00>
ST_16 : Operation 166 [1/1] (0.00ns)   --->   "%empty = phi i8 %ob_8_4_loc_load, void %while.cond22.preheader, i8 %ob_8_2_loc_load, void %while.cond.preheader"   --->   Operation 166 'phi' 'empty' <Predicate = true> <Delay = 0.00>
ST_16 : Operation 167 [1/1] (0.00ns)   --->   "%empty_44 = phi i32 %nb_6_4_loc_load, void %while.cond22.preheader, i32 %nb_6_2_loc_load, void %while.cond.preheader"   --->   Operation 167 'phi' 'empty_44' <Predicate = true> <Delay = 0.00>
ST_16 : Operation 168 [1/1] (1.01ns)   --->   "%icmp_ln34_1 = icmp_sgt  i32 %empty_44, i32 0" [arith5.cpp:34]   --->   Operation 168 'icmp' 'icmp_ln34_1' <Predicate = true> <Delay = 1.01> <CoreInst = "Cmp">   --->   Core 9 'Cmp' <Latency = 0> <II = 1> <Delay = 1.01> <FuncUnit> <Opcode : 'seteq' 'setne' 'setle' 'setge' 'setlt' 'setgt'> <InPorts = 2> <OutPorts = 1>
ST_16 : Operation 169 [1/1] (0.42ns)   --->   "%br_ln34 = br i1 %icmp_ln34_1, void %if.end34, void %if.then28" [arith5.cpp:34]   --->   Operation 169 'br' 'br_ln34' <Predicate = true> <Delay = 0.42>
ST_16 : Operation 170 [1/1] (1.01ns)   --->   "%sub_ln34 = sub i32 8, i32 %empty_44" [arith5.cpp:34]   --->   Operation 170 'sub' 'sub_ln34' <Predicate = (icmp_ln34_1)> <Delay = 1.01> <CoreInst = "Adder">   --->   Core 1 'Adder' <Latency = 0> <II = 1> <Delay = 1.01> <FuncUnit> <Opcode : 'add' 'sub'> <InPorts = 2> <OutPorts = 1>
ST_16 : Operation 171 [1/1] (0.00ns)   --->   "%sub_ln34cast = trunc i32 %sub_ln34" [arith5.cpp:34]   --->   Operation 171 'trunc' 'sub_ln34cast' <Predicate = (icmp_ln34_1)> <Delay = 0.00>
ST_16 : Operation 172 [1/1] (0.74ns)   --->   "%shl_ln34 = shl i8 %empty, i8 %sub_ln34cast" [arith5.cpp:34]   --->   Operation 172 'shl' 'shl_ln34' <Predicate = (icmp_ln34_1)> <Delay = 0.74> <CoreInst = "Shifter">   --->   Core 75 'Shifter' <Latency = 0> <II = 1> <Delay = 0.74> <FuncUnit> <Opcode : 'shl' 'lshr' 'ashr'> <InPorts = 2> <OutPorts = 1>
ST_16 : Operation 173 [1/1] (1.01ns)   --->   "%oi_5 = add i32 %oi_6, i32 1" [arith5.cpp:34]   --->   Operation 173 'add' 'oi_5' <Predicate = (icmp_ln34_1)> <Delay = 1.01> <CoreInst = "Adder">   --->   Core 1 'Adder' <Latency = 0> <II = 1> <Delay = 1.01> <FuncUnit> <Opcode : 'add' 'sub'> <InPorts = 2> <OutPorts = 1>
ST_16 : Operation 174 [1/1] (0.00ns)   --->   "%zext_ln34_3 = zext i32 %oi_6" [arith5.cpp:34]   --->   Operation 174 'zext' 'zext_ln34_3' <Predicate = (icmp_ln34_1)> <Delay = 0.00>
ST_16 : Operation 175 [1/1] (0.00ns)   --->   "%out_addr_2 = getelementptr i8 %out_r, i64 0, i64 %zext_ln34_3" [arith5.cpp:34]   --->   Operation 175 'getelementptr' 'out_addr_2' <Predicate = (icmp_ln34_1)> <Delay = 0.00>
ST_16 : Operation 176 [1/1] ( I:1.23ns O:1.23ns )   --->   "%store_ln34 = store i8 %shl_ln34, i10 %out_addr_2" [arith5.cpp:34]   --->   Operation 176 'store' 'store_ln34' <Predicate = (icmp_ln34_1)> <Delay = 1.23> <CoreInst = "RAM">   --->   Core 82 'RAM' <Latency = 1> <II = 1> <Delay = 1.23> <Storage> <Opcode : 'load' 'store'> <Ports = 2> <Width = 8> <Depth = 576> <RAM>
ST_16 : Operation 177 [1/1] (0.42ns)   --->   "%br_ln34 = br void %if.end34" [arith5.cpp:34]   --->   Operation 177 'br' 'br_ln34' <Predicate = (icmp_ln34_1)> <Delay = 0.42>
ST_16 : Operation 178 [1/1] (0.00ns)   --->   "%oi_7 = phi i32 %oi_5, void %if.then28, i32 %oi_6, void %if.end"   --->   Operation 178 'phi' 'oi_7' <Predicate = true> <Delay = 0.00>
ST_16 : Operation 179 [1/1] (0.00ns)   --->   "%ret_ln35 = ret i32 %oi_7" [arith5.cpp:35]   --->   Operation 179 'ret' 'ret_ln35' <Predicate = true> <Delay = 0.00>

State 17 <SV = 6> <Delay = 1.23>
ST_17 : Operation 180 [1/1] (1.01ns)   --->   "%oi_3 = add i32 %oi_1, i32 1" [./arith3.h:34->arith5.cpp:32]   --->   Operation 180 'add' 'oi_3' <Predicate = (icmp_ln34)> <Delay = 1.01> <CoreInst = "Adder">   --->   Core 1 'Adder' <Latency = 0> <II = 1> <Delay = 1.01> <FuncUnit> <Opcode : 'add' 'sub'> <InPorts = 2> <OutPorts = 1>
ST_17 : Operation 181 [1/1] (0.00ns)   --->   "%zext_ln34 = zext i32 %oi_1" [./arith3.h:34->arith5.cpp:32]   --->   Operation 181 'zext' 'zext_ln34' <Predicate = (icmp_ln34)> <Delay = 0.00>
ST_17 : Operation 182 [1/1] (0.00ns)   --->   "%out_addr = getelementptr i8 %out_r, i64 0, i64 %zext_ln34" [./arith3.h:34->arith5.cpp:32]   --->   Operation 182 'getelementptr' 'out_addr' <Predicate = (icmp_ln34)> <Delay = 0.00>
ST_17 : Operation 183 [1/1] ( I:1.23ns O:1.23ns )   --->   "%store_ln34 = store i8 %ob_2, i10 %out_addr" [./arith3.h:34->arith5.cpp:32]   --->   Operation 183 'store' 'store_ln34' <Predicate = (icmp_ln34)> <Delay = 1.23> <CoreInst = "RAM">   --->   Core 82 'RAM' <Latency = 1> <II = 1> <Delay = 1.23> <Storage> <Opcode : 'load' 'store'> <Ports = 2> <Width = 8> <Depth = 576> <RAM>
ST_17 : Operation 184 [1/1] (0.42ns)   --->   "%br_ln34 = br void %while.cond.preheader" [./arith3.h:34->arith5.cpp:32]   --->   Operation 184 'br' 'br_ln34' <Predicate = (icmp_ln34)> <Delay = 0.42>

State 18 <SV = 7> <Delay = 1.87>
ST_18 : Operation 185 [1/1] (0.00ns)   --->   "%oi_251_ph = phi i32 %oi_1, void %if.then, i32 %oi_3, void %if.then.i"   --->   Operation 185 'phi' 'oi_251_ph' <Predicate = true> <Delay = 0.00>
ST_18 : Operation 186 [1/1] (0.00ns)   --->   "%nb_6_2_ph = phi i32 %nb, void %if.then, i32 0, void %if.then.i"   --->   Operation 186 'phi' 'nb_6_2_ph' <Predicate = true> <Delay = 0.00>
ST_18 : Operation 187 [1/1] (0.00ns)   --->   "%ob_8_2_ph = phi i8 %ob_2, void %if.then, i8 0, void %if.then.i"   --->   Operation 187 'phi' 'ob_8_2_ph' <Predicate = true> <Delay = 0.00>
ST_18 : Operation 188 [2/2] (1.87ns)   --->   "%call_ln30 = call void @encode_chunk_Pipeline_VITIS_LOOP_32_4, i32 %oi_251_ph, i32 %nb_6_2_ph, i8 %ob_8_2_ph, i32 %pending_2, i8 %out_r, i32 %oi_251_loc, i32 %nb_6_2_loc, i8 %ob_8_2_loc" [arith5.cpp:30]   --->   Operation 188 'call' 'call_ln30' <Predicate = true> <Delay = 1.87> <CoreType = "Generic">   --->   Generic Core

State 19 <SV = 8> <Delay = 1.87>
ST_19 : Operation 189 [1/2] (1.87ns)   --->   "%call_ln30 = call void @encode_chunk_Pipeline_VITIS_LOOP_32_4, i32 %oi_251_ph, i32 %nb_6_2_ph, i8 %ob_8_2_ph, i32 %pending_2, i8 %out_r, i32 %oi_251_loc, i32 %nb_6_2_loc, i8 %ob_8_2_loc" [arith5.cpp:30]   --->   Operation 189 'call' 'call_ln30' <Predicate = true> <Delay = 1.87> <CoreType = "Generic">   --->   Generic Core


============================================================
+ Verbose Summary: Timing violations
============================================================
Target clock period: 5.000ns, clock uncertainty: 1.350ns.

 <State 1>: 0.476ns
The critical path consists of the following:
	'alloca' operation 32 bit ('pending_0') [11]  (0.000 ns)
	'store' operation ('store_ln0') of constant 0 32 bit on local variable 'pending_0' [21]  (0.476 ns)

 <State 2>: 1.630ns
The critical path consists of the following:
	'call' operation ('call_ln0') to 'encode_chunk_Pipeline_VITIS_LOOP_17_1' [20]  (1.630 ns)

 <State 3>: 1.016ns
The critical path consists of the following:
	'load' operation 31 bit ('k', arith5.cpp:21) on local variable 'k', arith5.cpp:21 [31]  (0.000 ns)
	'icmp' operation 1 bit ('icmp_ln21', arith5.cpp:21) [33]  (1.016 ns)

 <State 4>: 3.420ns
The critical path consists of the following:
	'load' operation 32 bit ('flag_prob_0_load', arith5.cpp:30) on local variable 'flag_prob_0' [107]  (0.000 ns)
	'call' operation 224 bit ('call_ret2', arith5.cpp:30) to 'encode_bit' [114]  (3.420 ns)

 <State 5>: 2.957ns
The critical path consists of the following:
	'call' operation 224 bit ('call_ret1', arith5.cpp:22) to 'encode_bit' [46]  (2.481 ns)
	'store' operation ('store_ln22', arith5.cpp:22) of variable 'pending', arith5.cpp:22 32 bit on local variable 'pending_0' [56]  (0.476 ns)

 <State 6>: 1.237ns
The critical path consists of the following:
	'phi' operation 8 bit ('ctx') with incoming values : ('ctx', arith5.cpp:27) [65]  (0.000 ns)
	'getelementptr' operation 8 bit ('tree_addr', arith5.cpp:26) [81]  (0.000 ns)
	'load' operation 32 bit ('tree_load', arith5.cpp:26) on array 'tree', arith5.cpp:16 [82]  (1.237 ns)

 <State 7>: 1.237ns
The critical path consists of the following:
	'load' operation 32 bit ('tree_load', arith5.cpp:26) on array 'tree', arith5.cpp:16 [82]  (1.237 ns)

 <State 8>: 3.420ns
The critical path consists of the following:
	'load' operation 32 bit ('ob_8_0_load_2', arith5.cpp:26) on local variable 'ob_8_0' [69]  (0.000 ns)
	'call' operation 224 bit ('call_ret', arith5.cpp:26) to 'encode_bit.1' [83]  (3.420 ns)

 <State 9>: 2.957ns
The critical path consists of the following:
	'call' operation 224 bit ('call_ret', arith5.cpp:26) to 'encode_bit.1' [83]  (2.481 ns)
	'store' operation ('store_ln26', arith5.cpp:26) of variable 'pending', arith5.cpp:26 32 bit on local variable 'pending_0' [95]  (0.476 ns)

 <State 10>: 1.237ns
The critical path consists of the following:
	'store' operation ('store_ln26', arith5.cpp:26) of variable 'tree_addr_1_ret', arith5.cpp:26 32 bit on array 'tree', arith5.cpp:16 [91]  (1.237 ns)

 <State 11>: 3.497ns
The critical path consists of the following:
	'call' operation 224 bit ('call_ret2', arith5.cpp:30) to 'encode_bit' [114]  (2.481 ns)
	'add' operation 32 bit ('pending', arith5.cpp:31) [120]  (1.016 ns)

 <State 12>: 1.443ns
The critical path consists of the following:
	'icmp' operation 1 bit ('icmp_ln34', ./arith3.h:34->arith5.cpp:32) [126]  (1.016 ns)
	multiplexor before 'phi' operation 32 bit ('oi') with incoming values : ('oi', arith5.cpp:30) ('oi', ./arith3.h:34->arith5.cpp:32) [155]  (0.427 ns)
	'br' operation ('br_ln34', ./arith3.h:34->arith5.cpp:32) [147]  (0.427 ns)

 <State 13>: 1.237ns
The critical path consists of the following:
	'getelementptr' operation 10 bit ('out_addr_1', ./arith3.h:34->arith5.cpp:33) [134]  (0.000 ns)
	'store' operation ('store_ln34', ./arith3.h:34->arith5.cpp:33) of variable 'ob', ./arith3.h:33->arith5.cpp:33 8 bit on array 'out_r' [135]  (1.237 ns)

 <State 14>: 1.870ns
The critical path consists of the following:
	'phi' operation 32 bit ('oi') with incoming values : ('oi', arith5.cpp:30) ('oi', ./arith3.h:34->arith5.cpp:33) [138]  (0.000 ns)
	'call' operation ('call_ln30', arith5.cpp:30) to 'encode_chunk_Pipeline_VITIS_LOOP_33_5' [141]  (1.870 ns)

 <State 15>: 1.870ns
The critical path consists of the following:
	'call' operation ('call_ln30', arith5.cpp:30) to 'encode_chunk_Pipeline_VITIS_LOOP_33_5' [141]  (1.870 ns)

 <State 16>: 3.421ns
The critical path consists of the following:
	'load' operation 32 bit ('nb_6_4_loc_load') on local variable 'nb_6_4_loc' [143]  (0.000 ns)
	multiplexor before 'phi' operation 32 bit ('empty_44') with incoming values : ('nb_6_4_loc_load') ('nb_6_2_loc_load') [166]  (0.427 ns)
	'phi' operation 32 bit ('empty_44') with incoming values : ('nb_6_4_loc_load') ('nb_6_2_loc_load') [166]  (0.000 ns)
	'sub' operation 32 bit ('sub_ln34', arith5.cpp:34) [170]  (1.016 ns)
	'shl' operation 8 bit ('shl_ln34', arith5.cpp:34) [172]  (0.741 ns)
	'store' operation ('store_ln34', arith5.cpp:34) of variable 'shl_ln34', arith5.cpp:34 8 bit on array 'out_r' [176]  (1.237 ns)

 <State 17>: 1.237ns
The critical path consists of the following:
	'getelementptr' operation 10 bit ('out_addr', ./arith3.h:34->arith5.cpp:32) [151]  (0.000 ns)
	'store' operation ('store_ln34', ./arith3.h:34->arith5.cpp:32) of variable 'ob', ./arith3.h:34->arith5.cpp:32 8 bit on array 'out_r' [152]  (1.237 ns)

 <State 18>: 1.870ns
The critical path consists of the following:
	'phi' operation 32 bit ('oi') with incoming values : ('oi', arith5.cpp:30) ('oi', ./arith3.h:34->arith5.cpp:32) [155]  (0.000 ns)
	'call' operation ('call_ln30', arith5.cpp:30) to 'encode_chunk_Pipeline_VITIS_LOOP_32_4' [158]  (1.870 ns)

 <State 19>: 1.870ns
The critical path consists of the following:
	'call' operation ('call_ln30', arith5.cpp:30) to 'encode_chunk_Pipeline_VITIS_LOOP_32_4' [158]  (1.870 ns)


============================================================
+ Verbose Summary: Binding
============================================================
N/A
* FSMD analyzer results:
  - Output states:
 - Input state : 
  - Chain level:
	State 1
	State 2
	State 3
	State 4
	State 5
	State 6
	State 7
	State 8
	State 9
	State 10
	State 11
	State 12
	State 13
	State 14
	State 15
	State 16
	State 17
	State 18
	State 19


============================================================
+ Verbose Summary: Datapath Resource usage 
============================================================
N/A
