

================================================================
== Vitis HLS Report for 'encode_chunk_Pipeline_VITIS_LOOP_33_5'
================================================================
* Date:           Sat Aug  1 19:34:10 2026

* Version:        2025.2.1 (Build 6397637 on Mar 18 2026)
* Project:        work_k8_report
* Solution:       hls (Vitis Kernel Flow Target)
* Product family: zynquplus
* Target device:  xck26-sfvc784-2LV-c


================================================================
== Performance Estimates
================================================================
+ Timing: 
    * Summary: 
    +--------+---------+----------+------------+
    |  Clock |  Target | Estimated| Uncertainty|
    +--------+---------+----------+------------+
    |ap_clk  |  5.00 ns|  3.269 ns|     1.35 ns|
    +--------+---------+----------+------------+

+ Latency: 
    * Summary: 
    +---------+---------+----------+----------+-----+-----+-------------------+
    |  Latency (cycles) |  Latency (absolute) |  Interval |      Pipeline     |
    |   min   |   max   |    min   |    max   | min | max |        Type       |
    +---------+---------+----------+----------+-----+-----+-------------------+
    |        ?|        ?|         ?|         ?|    0|    0|  loop pipeline stp|
    +---------+---------+----------+----------+-----+-----+-------------------+

    + Detail: 
        * Instance: 
        N/A

        * Loop: 
        +-------------------+---------+---------+----------+-----------+-----------+------+----------+
        |                   |  Latency (cycles) | Iteration|  Initiation Interval  | Trip |          |
        |     Loop Name     |   min   |   max   |  Latency |  achieved |   target  | Count| Pipelined|
        +-------------------+---------+---------+----------+-----------+-----------+------+----------+
        |- VITIS_LOOP_33_5  |        ?|        ?|         2|          1|          1|     ?|       yes|
        +-------------------+---------+---------+----------+-----------+-----------+------+----------+



================================================================
== Utilization Estimates
================================================================
* Summary: 
+-----------------+---------+------+--------+--------+-----+
|       Name      | BRAM_18K|  DSP |   FF   |   LUT  | URAM|
+-----------------+---------+------+--------+--------+-----+
|DSP              |        -|     -|       -|       -|    -|
|Expression       |        -|     -|       0|     197|    -|
|FIFO             |        -|     -|       -|       -|    -|
|Instance         |        -|     -|       -|       -|    -|
|Memory           |        -|     -|       -|       -|    -|
|Multiplexer      |        -|     -|       0|      73|    -|
|Register         |        -|     -|     107|       -|    -|
+-----------------+---------+------+--------+--------+-----+
|Total            |        0|     0|     107|     270|    0|
+-----------------+---------+------+--------+--------+-----+
|Available        |      288|  1248|  234240|  117120|   64|
+-----------------+---------+------+--------+--------+-----+
|Utilization (%)  |        0|     0|      ~0|      ~0|    0|
+-----------------+---------+------+--------+--------+-----+

+ Detail: 
    * Instance: 
    N/A

    * DSP: 
    N/A

    * Memory: 
    N/A

    * FIFO: 
    N/A

    * Expression: 
    +---------------------+----------+----+---+----+------------+------------+
    |    Variable Name    | Operation| DSP| FF| LUT| Bitwidth P0| Bitwidth P1|
    +---------------------+----------+----+---+----+------------+------------+
    |nb_fu_173_p2         |         +|   0|  0|  39|          32|           1|
    |oi_fu_198_p2         |         +|   0|  0|  39|          32|           1|
    |pending_fu_149_p2    |         +|   0|  0|  39|          32|           2|
    |icmp_ln33_fu_143_p2  |      icmp|   0|  0|  39|          32|           1|
    |icmp_ln34_fu_179_p2  |      icmp|   0|  0|  39|          32|           4|
    |ap_enable_pp0        |       xor|   0|  0|   2|           1|           2|
    +---------------------+----------+----+---+----+------------+------------+
    |Total                |          |   0|  0| 197|         161|          11|
    +---------------------+----------+----+---+----+------------+------------+

    * Multiplexer: 
    +-------------------------+----+-----------+-----+-----------+
    |           Name          | LUT| Input Size| Bits| Total Bits|
    +-------------------------+----+-----------+-----+-----------+
    |ap_done_int              |   9|          2|    1|          2|
    |ap_enable_reg_pp0_iter1  |   9|          2|    1|          2|
    |ap_sig_allocacmp_p_load  |   9|          2|   32|         64|
    |empty_fu_46              |   9|          2|   32|         64|
    |nb_6_4_fu_54             |  14|          3|   32|         96|
    |ob_8_4_fu_50             |  14|          3|    8|         24|
    |oi_453_fu_58             |   9|          2|   32|         64|
    +-------------------------+----+-----------+-----+-----------+
    |Total                    |  73|         16|  138|        316|
    +-------------------------+----+-----------+-----+-----------+

    * Register: 
    +-------------------------+----+----+-----+-----------+
    |           Name          | FF | LUT| Bits| Const Bits|
    +-------------------------+----+----+-----+-----------+
    |ap_CS_fsm                |   1|   0|    1|          0|
    |ap_done_reg              |   1|   0|    1|          0|
    |ap_enable_reg_pp0_iter1  |   1|   0|    1|          0|
    |empty_fu_46              |  32|   0|   32|          0|
    |nb_6_4_fu_54             |  32|   0|   32|          0|
    |ob_8_4_fu_50             |   8|   0|    8|          0|
    |oi_453_fu_58             |  32|   0|   32|          0|
    +-------------------------+----+----+-----+-----------+
    |Total                    | 107|   0|  107|          0|
    +-------------------------+----+----+-----+-----------+



================================================================
== Interface
================================================================
* Summary: 
+-------------------+-----+-----+------------+---------------------------------------+--------------+
|     RTL Ports     | Dir | Bits|  Protocol  |             Source Object             |    C Type    |
+-------------------+-----+-----+------------+---------------------------------------+--------------+
|ap_clk             |   in|    1|  ap_ctrl_hs|  encode_chunk_Pipeline_VITIS_LOOP_33_5|  return value|
|ap_rst             |   in|    1|  ap_ctrl_hs|  encode_chunk_Pipeline_VITIS_LOOP_33_5|  return value|
|ap_start           |   in|    1|  ap_ctrl_hs|  encode_chunk_Pipeline_VITIS_LOOP_33_5|  return value|
|ap_done            |  out|    1|  ap_ctrl_hs|  encode_chunk_Pipeline_VITIS_LOOP_33_5|  return value|
|ap_idle            |  out|    1|  ap_ctrl_hs|  encode_chunk_Pipeline_VITIS_LOOP_33_5|  return value|
|ap_ready           |  out|    1|  ap_ctrl_hs|  encode_chunk_Pipeline_VITIS_LOOP_33_5|  return value|
|oi_453_ph          |   in|   32|     ap_none|                              oi_453_ph|        scalar|
|nb_6_4_ph          |   in|   32|     ap_none|                              nb_6_4_ph|        scalar|
|ob_8_4_ph          |   in|    8|     ap_none|                              ob_8_4_ph|        scalar|
|pending_2          |   in|   32|     ap_none|                              pending_2|        scalar|
|out_r_address0     |  out|   10|   ap_memory|                                  out_r|         array|
|out_r_ce0          |  out|    1|   ap_memory|                                  out_r|         array|
|out_r_we0          |  out|    1|   ap_memory|                                  out_r|         array|
|out_r_d0           |  out|    8|   ap_memory|                                  out_r|         array|
|oi_453_out         |  out|   32|      ap_vld|                             oi_453_out|       pointer|
|oi_453_out_ap_vld  |  out|    1|      ap_vld|                             oi_453_out|       pointer|
|nb_6_4_out         |  out|   32|      ap_vld|                             nb_6_4_out|       pointer|
|nb_6_4_out_ap_vld  |  out|    1|      ap_vld|                             nb_6_4_out|       pointer|
|ob_8_4_out         |  out|    8|      ap_vld|                             ob_8_4_out|       pointer|
|ob_8_4_out_ap_vld  |  out|    1|      ap_vld|                             ob_8_4_out|       pointer|
+-------------------+-----+-----+------------+---------------------------------------+--------------+

============================================================
+ Verbose Summary: Synthesis Manager
============================================================
InlineROM: 1
ExposeGlobal: 0
============================================================
+ Verbose Summary: CDFG Model
============================================================
IsTopModel: 0
ResetActiveHigh: 1
IsCombinational: 2
IsDatapathOnly: 2
HasWiredReturn: 1
HasMFsm: 2
HasVarLatency: 1
IsPipeline: 0
IsRtlPipelined: 0
IsInstanceOverlapped: 0
IsDontTouch: 0
HasImplIP: 0
IsGatedGlobalClock: 0

+ Individual pipeline summary: 
  * Pipeline-0: initiation interval (II) = 1, depth = 2


============================================================
+ Verbose Summary: Schedule
============================================================
* Number of FSM states : 2
* Pipeline : 1
  Pipeline-0 : II = 1, D = 2, States = { 1 2 }
* Dataflow Pipeline: 0

* FSM state transitions: 
1 --> 2 
2 --> 

* FSM state operations: 

State 1 <SV = 0> <Delay = 1.87>
ST_1 : Operation 5 [1/1] (0.00ns)   --->   "%empty = alloca i32 1"   --->   Operation 5 'alloca' 'empty' <Predicate = true> <Delay = 0.00>
ST_1 : Operation 6 [1/1] (0.00ns)   --->   "%ob_8_4 = alloca i32 1"   --->   Operation 6 'alloca' 'ob_8_4' <Predicate = true> <Delay = 0.00>
ST_1 : Operation 7 [1/1] (0.00ns)   --->   "%nb_6_4 = alloca i32 1"   --->   Operation 7 'alloca' 'nb_6_4' <Predicate = true> <Delay = 0.00>
ST_1 : Operation 8 [1/1] (0.00ns)   --->   "%oi_453 = alloca i32 1"   --->   Operation 8 'alloca' 'oi_453' <Predicate = true> <Delay = 0.00>
ST_1 : Operation 9 [1/1] (0.00ns)   --->   "%pending_2_read = read i32 @_ssdm_op_Read.ap_auto.i32, i32 %pending_2"   --->   Operation 9 'read' 'pending_2_read' <Predicate = true> <Delay = 0.00>
ST_1 : Operation 10 [1/1] (0.00ns)   --->   "%ob_8_4_ph_read = read i8 @_ssdm_op_Read.ap_auto.i8, i8 %ob_8_4_ph"   --->   Operation 10 'read' 'ob_8_4_ph_read' <Predicate = true> <Delay = 0.00>
ST_1 : Operation 11 [1/1] (0.00ns)   --->   "%nb_6_4_ph_read = read i32 @_ssdm_op_Read.ap_auto.i32, i32 %nb_6_4_ph"   --->   Operation 11 'read' 'nb_6_4_ph_read' <Predicate = true> <Delay = 0.00>
ST_1 : Operation 12 [1/1] (0.00ns)   --->   "%oi_453_ph_read = read i32 @_ssdm_op_Read.ap_auto.i32, i32 %oi_453_ph"   --->   Operation 12 'read' 'oi_453_ph_read' <Predicate = true> <Delay = 0.00>
ST_1 : Operation 13 [1/1] (0.42ns)   --->   "%store_ln0 = store i32 %oi_453_ph_read, i32 %oi_453"   --->   Operation 13 'store' 'store_ln0' <Predicate = true> <Delay = 0.42>
ST_1 : Operation 14 [1/1] (0.47ns)   --->   "%store_ln0 = store i32 %nb_6_4_ph_read, i32 %nb_6_4"   --->   Operation 14 'store' 'store_ln0' <Predicate = true> <Delay = 0.47>
ST_1 : Operation 15 [1/1] (0.47ns)   --->   "%store_ln0 = store i8 %ob_8_4_ph_read, i8 %ob_8_4"   --->   Operation 15 'store' 'store_ln0' <Predicate = true> <Delay = 0.47>
ST_1 : Operation 16 [1/1] (0.42ns)   --->   "%store_ln0 = store i32 %pending_2_read, i32 %empty"   --->   Operation 16 'store' 'store_ln0' <Predicate = true> <Delay = 0.42>
ST_1 : Operation 17 [1/1] (0.00ns)   --->   "%br_ln0 = br void %while.cond22"   --->   Operation 17 'br' 'br_ln0' <Predicate = true> <Delay = 0.00>
ST_1 : Operation 18 [1/1] (0.00ns)   --->   "%p_load = load i32 %empty" [arith5.cpp:33]   --->   Operation 18 'load' 'p_load' <Predicate = true> <Delay = 0.00>
ST_1 : Operation 19 [1/1] (1.01ns)   --->   "%icmp_ln33 = icmp_eq  i32 %p_load, i32 0" [arith5.cpp:33]   --->   Operation 19 'icmp' 'icmp_ln33' <Predicate = true> <Delay = 1.01> <CoreInst = "Cmp">   --->   Core 9 'Cmp' <Latency = 0> <II = 1> <Delay = 1.01> <FuncUnit> <Opcode : 'seteq' 'setne' 'setle' 'setge' 'setlt' 'setgt'> <InPorts = 2> <OutPorts = 1>
ST_1 : Operation 20 [1/1] (0.00ns)   --->   "%br_ln33 = br i1 %icmp_ln33, void %while.body24, void %if.end.loopexit.exitStub" [arith5.cpp:33]   --->   Operation 20 'br' 'br_ln33' <Predicate = true> <Delay = 0.00>
ST_1 : Operation 21 [1/1] (1.01ns)   --->   "%pending = add i32 %p_load, i32 4294967295" [arith5.cpp:33]   --->   Operation 21 'add' 'pending' <Predicate = (!icmp_ln33)> <Delay = 1.01> <CoreInst = "Adder">   --->   Core 1 'Adder' <Latency = 0> <II = 1> <Delay = 1.01> <FuncUnit> <Opcode : 'add' 'sub'> <InPorts = 2> <OutPorts = 1>
ST_1 : Operation 22 [1/1] (0.42ns)   --->   "%store_ln33 = store i32 %pending, i32 %empty" [arith5.cpp:33]   --->   Operation 22 'store' 'store_ln33' <Predicate = (!icmp_ln33)> <Delay = 0.42>
ST_1 : Operation 23 [1/1] (0.00ns)   --->   "%br_ln33 = br void %while.cond22" [arith5.cpp:33]   --->   Operation 23 'br' 'br_ln33' <Predicate = (!icmp_ln33)> <Delay = 0.00>
ST_1 : Operation 44 [1/1] (0.00ns)   --->   "%ob_8_4_load_1 = load i8 %ob_8_4"   --->   Operation 44 'load' 'ob_8_4_load_1' <Predicate = (icmp_ln33)> <Delay = 0.00>
ST_1 : Operation 45 [1/1] (0.00ns)   --->   "%nb_6_4_load_1 = load i32 %nb_6_4"   --->   Operation 45 'load' 'nb_6_4_load_1' <Predicate = (icmp_ln33)> <Delay = 0.00>
ST_1 : Operation 46 [1/1] (0.00ns)   --->   "%oi_453_load_1 = load i32 %oi_453"   --->   Operation 46 'load' 'oi_453_load_1' <Predicate = (icmp_ln33)> <Delay = 0.00>
ST_1 : Operation 47 [1/1] (0.00ns)   --->   "%write_ln0 = write void @_ssdm_op_Write.ap_auto.i32P0A, i32 %oi_453_out, i32 %oi_453_load_1"   --->   Operation 47 'write' 'write_ln0' <Predicate = (icmp_ln33)> <Delay = 0.00>
ST_1 : Operation 48 [1/1] (0.00ns)   --->   "%write_ln0 = write void @_ssdm_op_Write.ap_auto.i32P0A, i32 %nb_6_4_out, i32 %nb_6_4_load_1"   --->   Operation 48 'write' 'write_ln0' <Predicate = (icmp_ln33)> <Delay = 0.00>
ST_1 : Operation 49 [1/1] (0.00ns)   --->   "%write_ln0 = write void @_ssdm_op_Write.ap_auto.i8P0A, i8 %ob_8_4_out, i8 %ob_8_4_load_1"   --->   Operation 49 'write' 'write_ln0' <Predicate = (icmp_ln33)> <Delay = 0.00>
ST_1 : Operation 50 [1/1] (0.42ns)   --->   "%ret_ln0 = ret"   --->   Operation 50 'ret' 'ret_ln0' <Predicate = (icmp_ln33)> <Delay = 0.42>

State 2 <SV = 1> <Delay = 3.26>
ST_2 : Operation 24 [1/1] (0.00ns)   --->   "%ob_8_4_load = load i8 %ob_8_4" [./arith3.h:34->arith5.cpp:33]   --->   Operation 24 'load' 'ob_8_4_load' <Predicate = true> <Delay = 0.00>
ST_2 : Operation 25 [1/1] (0.00ns)   --->   "%nb_6_4_load = load i32 %nb_6_4" [./arith3.h:33->arith5.cpp:33]   --->   Operation 25 'load' 'nb_6_4_load' <Predicate = true> <Delay = 0.00>
ST_2 : Operation 26 [1/1] (0.00ns)   --->   "%specpipeline_ln32 = specpipeline void @_ssdm_op_SpecPipeline, i32 4294967295, i32 0, i32 0, i32 0, i32 4294967295, void @empty_18" [./arith3.h:32->arith5.cpp:33]   --->   Operation 26 'specpipeline' 'specpipeline_ln32' <Predicate = true> <Delay = 0.00>
ST_2 : Operation 27 [1/1] (0.00ns)   --->   "%specloopname_ln33 = specloopname void @_ssdm_op_SpecLoopName, void @empty_26" [arith5.cpp:33]   --->   Operation 27 'specloopname' 'specloopname_ln33' <Predicate = true> <Delay = 0.00>
ST_2 : Operation 28 [1/1] (0.00ns)   --->   "%ob = shl i8 %ob_8_4_load, i8 1" [./arith3.h:34->arith5.cpp:33]   --->   Operation 28 'shl' 'ob' <Predicate = true> <Delay = 0.00>
ST_2 : Operation 29 [1/1] (1.01ns)   --->   "%nb = add i32 %nb_6_4_load, i32 1" [./arith3.h:33->arith5.cpp:33]   --->   Operation 29 'add' 'nb' <Predicate = true> <Delay = 1.01> <CoreInst = "Adder">   --->   Core 1 'Adder' <Latency = 0> <II = 1> <Delay = 1.01> <FuncUnit> <Opcode : 'add' 'sub'> <InPorts = 2> <OutPorts = 1>
ST_2 : Operation 30 [1/1] (1.01ns)   --->   "%icmp_ln34 = icmp_eq  i32 %nb, i32 8" [./arith3.h:34->arith5.cpp:33]   --->   Operation 30 'icmp' 'icmp_ln34' <Predicate = true> <Delay = 1.01> <CoreInst = "Cmp">   --->   Core 9 'Cmp' <Latency = 0> <II = 1> <Delay = 1.01> <FuncUnit> <Opcode : 'seteq' 'setne' 'setle' 'setge' 'setlt' 'setgt'> <InPorts = 2> <OutPorts = 1>
ST_2 : Operation 31 [1/1] (0.00ns)   --->   "%br_ln34 = br i1 %icmp_ln34, void %while.body24._ZL7put_bitiRjRiPhS0_.exit40_crit_edge, void %if.then.i39" [./arith3.h:34->arith5.cpp:33]   --->   Operation 31 'br' 'br_ln34' <Predicate = true> <Delay = 0.00>
ST_2 : Operation 32 [1/1] (0.47ns)   --->   "%store_ln33 = store i32 %nb, i32 %nb_6_4" [./arith3.h:33->arith5.cpp:33]   --->   Operation 32 'store' 'store_ln33' <Predicate = (!icmp_ln34)> <Delay = 0.47>
ST_2 : Operation 33 [1/1] (0.47ns)   --->   "%store_ln34 = store i8 %ob, i8 %ob_8_4" [./arith3.h:34->arith5.cpp:33]   --->   Operation 33 'store' 'store_ln34' <Predicate = (!icmp_ln34)> <Delay = 0.47>
ST_2 : Operation 34 [1/1] (0.00ns)   --->   "%br_ln34 = br void %_ZL7put_bitiRjRiPhS0_.exit40" [./arith3.h:34->arith5.cpp:33]   --->   Operation 34 'br' 'br_ln34' <Predicate = (!icmp_ln34)> <Delay = 0.00>
ST_2 : Operation 35 [1/1] (0.00ns)   --->   "%oi_453_load = load i32 %oi_453" [./arith3.h:34->arith5.cpp:33]   --->   Operation 35 'load' 'oi_453_load' <Predicate = (icmp_ln34)> <Delay = 0.00>
ST_2 : Operation 36 [1/1] (1.01ns)   --->   "%oi = add i32 %oi_453_load, i32 1" [./arith3.h:34->arith5.cpp:33]   --->   Operation 36 'add' 'oi' <Predicate = (icmp_ln34)> <Delay = 1.01> <CoreInst = "Adder">   --->   Core 1 'Adder' <Latency = 0> <II = 1> <Delay = 1.01> <FuncUnit> <Opcode : 'add' 'sub'> <InPorts = 2> <OutPorts = 1>
ST_2 : Operation 37 [1/1] (0.00ns)   --->   "%zext_ln34 = zext i32 %oi_453_load" [./arith3.h:34->arith5.cpp:33]   --->   Operation 37 'zext' 'zext_ln34' <Predicate = (icmp_ln34)> <Delay = 0.00>
ST_2 : Operation 38 [1/1] (0.00ns)   --->   "%out_addr = getelementptr i8 %out_r, i64 0, i64 %zext_ln34" [./arith3.h:34->arith5.cpp:33]   --->   Operation 38 'getelementptr' 'out_addr' <Predicate = (icmp_ln34)> <Delay = 0.00>
ST_2 : Operation 39 [1/1] ( I:1.23ns O:1.23ns )   --->   "%store_ln34 = store i8 %ob, i10 %out_addr" [./arith3.h:34->arith5.cpp:33]   --->   Operation 39 'store' 'store_ln34' <Predicate = (icmp_ln34)> <Delay = 1.23> <CoreInst = "RAM">   --->   Core 82 'RAM' <Latency = 1> <II = 1> <Delay = 1.23> <Storage> <Opcode : 'load' 'store'> <Ports = 2> <Width = 8> <Depth = 576> <RAM>
ST_2 : Operation 40 [1/1] (0.42ns)   --->   "%store_ln34 = store i32 %oi, i32 %oi_453" [./arith3.h:34->arith5.cpp:33]   --->   Operation 40 'store' 'store_ln34' <Predicate = (icmp_ln34)> <Delay = 0.42>
ST_2 : Operation 41 [1/1] (0.47ns)   --->   "%store_ln0 = store i32 0, i32 %nb_6_4"   --->   Operation 41 'store' 'store_ln0' <Predicate = (icmp_ln34)> <Delay = 0.47>
ST_2 : Operation 42 [1/1] (0.47ns)   --->   "%store_ln0 = store i8 0, i8 %ob_8_4"   --->   Operation 42 'store' 'store_ln0' <Predicate = (icmp_ln34)> <Delay = 0.47>
ST_2 : Operation 43 [1/1] (0.00ns)   --->   "%br_ln34 = br void %_ZL7put_bitiRjRiPhS0_.exit40" [./arith3.h:34->arith5.cpp:33]   --->   Operation 43 'br' 'br_ln34' <Predicate = (icmp_ln34)> <Delay = 0.00>


============================================================
+ Verbose Summary: Binding
============================================================
STG Binding: 
---------------- STG Properties BEGIN ----------------
- Is combinational: 0
- Is one-state seq: 0
- Is datapath-only: 0
- Is pipelined: 0
- Is top level: 0
Port [ Return ] is wired: 1; IO mode=ap_ctrl_hs:ce=0
Port [ oi_453_ph]:  wired=1; compound=0; hidden=0; nouse=0; global=0; static=0; extern=0; dir=0; type=0; pingpong=0; private_global=0; IO mode=ap_none:ce=0
Port [ nb_6_4_ph]:  wired=1; compound=0; hidden=0; nouse=0; global=0; static=0; extern=0; dir=0; type=0; pingpong=0; private_global=0; IO mode=ap_none:ce=0
Port [ ob_8_4_ph]:  wired=1; compound=0; hidden=0; nouse=0; global=0; static=0; extern=0; dir=0; type=0; pingpong=0; private_global=0; IO mode=ap_none:ce=0
Port [ pending_2]:  wired=1; compound=0; hidden=0; nouse=0; global=0; static=0; extern=0; dir=0; type=0; pingpong=0; private_global=0; IO mode=ap_none:ce=0
Port [ out_r]:  wired=1; compound=1; hidden=0; nouse=0; global=0; static=0; extern=0; dir=1; type=1; pingpong=0; private_global=0; MemPort=[03]; IO mode=ap_memory:ce=0
Port [ oi_453_out]:  wired=1; compound=0; hidden=0; nouse=0; global=0; static=0; extern=0; dir=1; type=0; pingpong=0; private_global=0; IO mode=ap_vld:ce=0
Port [ nb_6_4_out]:  wired=1; compound=0; hidden=0; nouse=0; global=0; static=0; extern=0; dir=1; type=0; pingpong=0; private_global=0; IO mode=ap_vld:ce=0
Port [ ob_8_4_out]:  wired=1; compound=0; hidden=0; nouse=0; global=0; static=0; extern=0; dir=1; type=0; pingpong=0; private_global=0; IO mode=ap_vld:ce=0
---------------- STG Properties END ------------------

---------------- Datapath Model BEGIN ----------------

<LifeTime>
<method=bitvector/>
empty             (alloca       ) [ 010]
ob_8_4            (alloca       ) [ 011]
nb_6_4            (alloca       ) [ 011]
oi_453            (alloca       ) [ 011]
pending_2_read    (read         ) [ 000]
ob_8_4_ph_read    (read         ) [ 000]
nb_6_4_ph_read    (read         ) [ 000]
oi_453_ph_read    (read         ) [ 000]
store_ln0         (store        ) [ 000]
store_ln0         (store        ) [ 000]
store_ln0         (store        ) [ 000]
store_ln0         (store        ) [ 000]
br_ln0            (br           ) [ 000]
p_load            (load         ) [ 000]
icmp_ln33         (icmp         ) [ 010]
br_ln33           (br           ) [ 000]
pending           (add          ) [ 000]
store_ln33        (store        ) [ 000]
br_ln33           (br           ) [ 000]
ob_8_4_load       (load         ) [ 000]
nb_6_4_load       (load         ) [ 000]
specpipeline_ln32 (specpipeline ) [ 000]
specloopname_ln33 (specloopname ) [ 000]
ob                (shl          ) [ 000]
nb                (add          ) [ 000]
icmp_ln34         (icmp         ) [ 011]
br_ln34           (br           ) [ 000]
store_ln33        (store        ) [ 000]
store_ln34        (store        ) [ 000]
br_ln34           (br           ) [ 000]
oi_453_load       (load         ) [ 000]
oi                (add          ) [ 000]
zext_ln34         (zext         ) [ 000]
out_addr          (getelementptr) [ 000]
store_ln34        (store        ) [ 000]
store_ln34        (store        ) [ 000]
store_ln0         (store        ) [ 000]
store_ln0         (store        ) [ 000]
br_ln34           (br           ) [ 000]
ob_8_4_load_1     (load         ) [ 000]
nb_6_4_load_1     (load         ) [ 000]
oi_453_load_1     (load         ) [ 000]
write_ln0         (write        ) [ 000]
write_ln0         (write        ) [ 000]
write_ln0         (write        ) [ 000]
ret_ln0           (ret          ) [ 000]
</LifeTime>

<model>

<comp_list>
<comp id="0" class="1000" name="oi_453_ph">
<pin_list>
<pin id="1" dir="1" index="0" bw="1" slack="0"/>
</pin_list>
<bind>
<StgValue><ssdm name="oi_453_ph"/></StgValue>
</bind>
</comp>

<comp id="2" class="1000" name="nb_6_4_ph">
<pin_list>
<pin id="3" dir="1" index="0" bw="1" slack="0"/>
</pin_list>
<bind>
<StgValue><ssdm name="nb_6_4_ph"/></StgValue>
</bind>
</comp>

<comp id="4" class="1000" name="ob_8_4_ph">
<pin_list>
<pin id="5" dir="1" index="0" bw="1" slack="0"/>
</pin_list>
<bind>
<StgValue><ssdm name="ob_8_4_ph"/></StgValue>
</bind>
</comp>

<comp id="6" class="1000" name="pending_2">
<pin_list>
<pin id="7" dir="1" index="0" bw="1" slack="0"/>
</pin_list>
<bind>
<StgValue><ssdm name="pending_2"/></StgValue>
</bind>
</comp>

<comp id="8" class="1000" name="out_r">
<pin_list>
<pin id="9" dir="1" index="0" bw="1" slack="0"/>
</pin_list>
<bind>
<StgValue><ssdm name="out_r"/><MemPortTyVec>0 3 </MemPortTyVec>
</StgValue>
</bind>
</comp>

<comp id="10" class="1000" name="oi_453_out">
<pin_list>
<pin id="11" dir="1" index="0" bw="1" slack="0"/>
</pin_list>
<bind>
<StgValue><ssdm name="oi_453_out"/></StgValue>
</bind>
</comp>

<comp id="12" class="1000" name="nb_6_4_out">
<pin_list>
<pin id="13" dir="1" index="0" bw="1" slack="0"/>
</pin_list>
<bind>
<StgValue><ssdm name="nb_6_4_out"/></StgValue>
</bind>
</comp>

<comp id="14" class="1000" name="ob_8_4_out">
<pin_list>
<pin id="15" dir="1" index="0" bw="1" slack="0"/>
</pin_list>
<bind>
<StgValue><ssdm name="ob_8_4_out"/></StgValue>
</bind>
</comp>

<comp id="16" class="1001" name="const_16">
<pin_list>
<pin id="17" dir="1" index="0" bw="1" slack="0"/>
</pin_list>
<bind>
<StgValue><ssdm name=""/></StgValue>
</bind>
</comp>

<comp id="18" class="1001" name="const_18">
<pin_list>
<pin id="19" dir="1" index="0" bw="1" slack="0"/>
</pin_list>
<bind>
<StgValue><ssdm name="_ssdm_op_Read.ap_auto.i32"/></StgValue>
</bind>
</comp>

<comp id="20" class="1001" name="const_20">
<pin_list>
<pin id="21" dir="1" index="0" bw="1" slack="0"/>
</pin_list>
<bind>
<StgValue><ssdm name="_ssdm_op_Read.ap_auto.i8"/></StgValue>
</bind>
</comp>

<comp id="22" class="1001" name="const_22">
<pin_list>
<pin id="23" dir="1" index="0" bw="1" slack="0"/>
</pin_list>
<bind>
<StgValue><ssdm name=""/></StgValue>
</bind>
</comp>

<comp id="24" class="1001" name="const_24">
<pin_list>
<pin id="25" dir="1" index="0" bw="1" slack="0"/>
</pin_list>
<bind>
<StgValue><ssdm name=""/></StgValue>
</bind>
</comp>

<comp id="26" class="1001" name="const_26">
<pin_list>
<pin id="27" dir="1" index="0" bw="1" slack="2147483647"/>
</pin_list>
<bind>
<StgValue><ssdm name="_ssdm_op_SpecPipeline"/></StgValue>
</bind>
</comp>

<comp id="28" class="1001" name="const_28">
<pin_list>
<pin id="29" dir="1" index="0" bw="1" slack="2147483647"/>
</pin_list>
<bind>
<StgValue><ssdm name="empty_18"/></StgValue>
</bind>
</comp>

<comp id="30" class="1001" name="const_30">
<pin_list>
<pin id="31" dir="1" index="0" bw="1" slack="2147483647"/>
</pin_list>
<bind>
<StgValue><ssdm name="_ssdm_op_SpecLoopName"/></StgValue>
</bind>
</comp>

<comp id="32" class="1001" name="const_32">
<pin_list>
<pin id="33" dir="1" index="0" bw="1" slack="2147483647"/>
</pin_list>
<bind>
<StgValue><ssdm name="empty_26"/></StgValue>
</bind>
</comp>

<comp id="34" class="1001" name="const_34">
<pin_list>
<pin id="35" dir="1" index="0" bw="1" slack="0"/>
</pin_list>
<bind>
<StgValue><ssdm name=""/></StgValue>
</bind>
</comp>

<comp id="36" class="1001" name="const_36">
<pin_list>
<pin id="37" dir="1" index="0" bw="1" slack="0"/>
</pin_list>
<bind>
<StgValue><ssdm name=""/></StgValue>
</bind>
</comp>

<comp id="38" class="1001" name="const_38">
<pin_list>
<pin id="39" dir="1" index="0" bw="1" slack="0"/>
</pin_list>
<bind>
<StgValue><ssdm name=""/></StgValue>
</bind>
</comp>

<comp id="40" class="1001" name="const_40">
<pin_list>
<pin id="41" dir="1" index="0" bw="1" slack="0"/>
</pin_list>
<bind>
<StgValue><ssdm name=""/></StgValue>
</bind>
</comp>

<comp id="42" class="1001" name="const_42">
<pin_list>
<pin id="43" dir="1" index="0" bw="1" slack="0"/>
</pin_list>
<bind>
<StgValue><ssdm name="_ssdm_op_Write.ap_auto.i32P0A"/></StgValue>
</bind>
</comp>

<comp id="44" class="1001" name="const_44">
<pin_list>
<pin id="45" dir="1" index="0" bw="1" slack="0"/>
</pin_list>
<bind>
<StgValue><ssdm name="_ssdm_op_Write.ap_auto.i8P0A"/></StgValue>
</bind>
</comp>

<comp id="46" class="1004" name="empty_fu_46">
<pin_list>
<pin id="47" dir="0" index="0" bw="1" slack="0"/>
<pin id="48" dir="1" index="1" bw="32" slack="0"/>
</pin_list>
<bind>
<opcode="alloca(26) " fcode="alloca"/>
<opset="empty/1 "/>
</bind>
</comp>

<comp id="50" class="1004" name="ob_8_4_fu_50">
<pin_list>
<pin id="51" dir="0" index="0" bw="1" slack="0"/>
<pin id="52" dir="1" index="1" bw="8" slack="0"/>
</pin_list>
<bind>
<opcode="alloca(26) " fcode="alloca"/>
<opset="ob_8_4/1 "/>
</bind>
</comp>

<comp id="54" class="1004" name="nb_6_4_fu_54">
<pin_list>
<pin id="55" dir="0" index="0" bw="1" slack="0"/>
<pin id="56" dir="1" index="1" bw="32" slack="0"/>
</pin_list>
<bind>
<opcode="alloca(26) " fcode="alloca"/>
<opset="nb_6_4/1 "/>
</bind>
</comp>

<comp id="58" class="1004" name="oi_453_fu_58">
<pin_list>
<pin id="59" dir="0" index="0" bw="1" slack="0"/>
<pin id="60" dir="1" index="1" bw="32" slack="0"/>
</pin_list>
<bind>
<opcode="alloca(26) " fcode="alloca"/>
<opset="oi_453/1 "/>
</bind>
</comp>

<comp id="62" class="1004" name="pending_2_read_read_fu_62">
<pin_list>
<pin id="63" dir="0" index="0" bw="32" slack="0"/>
<pin id="64" dir="0" index="1" bw="32" slack="0"/>
<pin id="65" dir="1" index="2" bw="32" slack="0"/>
</pin_list>
<bind>
<opcode="read(1150) " fcode="read"/>
<opset="pending_2_read/1 "/>
</bind>
</comp>

<comp id="68" class="1004" name="ob_8_4_ph_read_read_fu_68">
<pin_list>
<pin id="69" dir="0" index="0" bw="8" slack="0"/>
<pin id="70" dir="0" index="1" bw="8" slack="0"/>
<pin id="71" dir="1" index="2" bw="8" slack="0"/>
</pin_list>
<bind>
<opcode="read(1150) " fcode="read"/>
<opset="ob_8_4_ph_read/1 "/>
</bind>
</comp>

<comp id="74" class="1004" name="nb_6_4_ph_read_read_fu_74">
<pin_list>
<pin id="75" dir="0" index="0" bw="32" slack="0"/>
<pin id="76" dir="0" index="1" bw="32" slack="0"/>
<pin id="77" dir="1" index="2" bw="32" slack="0"/>
</pin_list>
<bind>
<opcode="read(1150) " fcode="read"/>
<opset="nb_6_4_ph_read/1 "/>
</bind>
</comp>

<comp id="80" class="1004" name="oi_453_ph_read_read_fu_80">
<pin_list>
<pin id="81" dir="0" index="0" bw="32" slack="0"/>
<pin id="82" dir="0" index="1" bw="32" slack="0"/>
<pin id="83" dir="1" index="2" bw="32" slack="0"/>
</pin_list>
<bind>
<opcode="read(1150) " fcode="read"/>
<opset="oi_453_ph_read/1 "/>
</bind>
</comp>

<comp id="86" class="1004" name="write_ln0_write_fu_86">
<pin_list>
<pin id="87" dir="0" index="0" bw="0" slack="0"/>
<pin id="88" dir="0" index="1" bw="32" slack="0"/>
<pin id="89" dir="0" index="2" bw="32" slack="0"/>
<pin id="90" dir="1" index="3" bw="0" slack="2147483647"/>
</pin_list>
<bind>
<opcode="write(1151) " fcode="write"/>
<opset="write_ln0/1 "/>
</bind>
</comp>

<comp id="93" class="1004" name="write_ln0_write_fu_93">
<pin_list>
<pin id="94" dir="0" index="0" bw="0" slack="0"/>
<pin id="95" dir="0" index="1" bw="32" slack="0"/>
<pin id="96" dir="0" index="2" bw="32" slack="0"/>
<pin id="97" dir="1" index="3" bw="0" slack="2147483647"/>
</pin_list>
<bind>
<opcode="write(1151) " fcode="write"/>
<opset="write_ln0/1 "/>
</bind>
</comp>

<comp id="100" class="1004" name="write_ln0_write_fu_100">
<pin_list>
<pin id="101" dir="0" index="0" bw="0" slack="0"/>
<pin id="102" dir="0" index="1" bw="8" slack="0"/>
<pin id="103" dir="0" index="2" bw="8" slack="0"/>
<pin id="104" dir="1" index="3" bw="0" slack="2147483647"/>
</pin_list>
<bind>
<opcode="write(1151) " fcode="write"/>
<opset="write_ln0/1 "/>
</bind>
</comp>

<comp id="107" class="1004" name="out_addr_gep_fu_107">
<pin_list>
<pin id="108" dir="0" index="0" bw="8" slack="0"/>
<pin id="109" dir="0" index="1" bw="1" slack="0"/>
<pin id="110" dir="0" index="2" bw="32" slack="0"/>
<pin id="111" dir="1" index="3" bw="10" slack="0"/>
</pin_list>
<bind>
<opcode="getelementptr(29) " fcode="getelementptr"/>
<opset="out_addr/2 "/>
</bind>
</comp>

<comp id="114" class="1004" name="store_ln34_access_fu_114">
<pin_list>
<pin id="115" dir="0" index="0" bw="10" slack="0"/>
<pin id="116" dir="0" index="1" bw="8" slack="0"/>
<pin id="117" dir="0" index="2" bw="0" slack="2147483647"/>
<pin id="118" dir="1" index="3" bw="8" slack="2147483647"/>
</pin_list>
<bind>
<opcode="store(28) " fcode="store"/>
<opset="store_ln34/2 "/>
</bind>
</comp>

<comp id="120" class="1004" name="store_ln0_store_fu_120">
<pin_list>
<pin id="121" dir="0" index="0" bw="32" slack="0"/>
<pin id="122" dir="0" index="1" bw="32" slack="0"/>
<pin id="123" dir="1" index="2" bw="0" slack="2147483647"/>
</pin_list>
<bind>
<opcode="store(28) " fcode="store"/>
<opset="store_ln0/1 "/>
</bind>
</comp>

<comp id="125" class="1004" name="store_ln0_store_fu_125">
<pin_list>
<pin id="126" dir="0" index="0" bw="32" slack="0"/>
<pin id="127" dir="0" index="1" bw="32" slack="0"/>
<pin id="128" dir="1" index="2" bw="0" slack="2147483647"/>
</pin_list>
<bind>
<opcode="store(28) " fcode="store"/>
<opset="store_ln0/1 "/>
</bind>
</comp>

<comp id="130" class="1004" name="store_ln0_store_fu_130">
<pin_list>
<pin id="131" dir="0" index="0" bw="8" slack="0"/>
<pin id="132" dir="0" index="1" bw="8" slack="0"/>
<pin id="133" dir="1" index="2" bw="0" slack="2147483647"/>
</pin_list>
<bind>
<opcode="store(28) " fcode="store"/>
<opset="store_ln0/1 "/>
</bind>
</comp>

<comp id="135" class="1004" name="store_ln0_store_fu_135">
<pin_list>
<pin id="136" dir="0" index="0" bw="32" slack="0"/>
<pin id="137" dir="0" index="1" bw="32" slack="0"/>
<pin id="138" dir="1" index="2" bw="0" slack="2147483647"/>
</pin_list>
<bind>
<opcode="store(28) " fcode="store"/>
<opset="store_ln0/1 "/>
</bind>
</comp>

<comp id="140" class="1004" name="p_load_load_fu_140">
<pin_list>
<pin id="141" dir="0" index="0" bw="32" slack="0"/>
<pin id="142" dir="1" index="1" bw="32" slack="0"/>
</pin_list>
<bind>
<opcode="load(27) " fcode="load"/>
<opset="p_load/1 "/>
</bind>
</comp>

<comp id="143" class="1004" name="icmp_ln33_fu_143">
<pin_list>
<pin id="144" dir="0" index="0" bw="32" slack="0"/>
<pin id="145" dir="0" index="1" bw="32" slack="0"/>
<pin id="146" dir="1" index="2" bw="1" slack="2147483647"/>
</pin_list>
<bind>
<opcode="icmp(45) " fcode="icmp"/>
<opset="icmp_ln33/1 "/>
</bind>
</comp>

<comp id="149" class="1004" name="pending_fu_149">
<pin_list>
<pin id="150" dir="0" index="0" bw="32" slack="0"/>
<pin id="151" dir="0" index="1" bw="1" slack="0"/>
<pin id="152" dir="1" index="2" bw="32" slack="0"/>
</pin_list>
<bind>
<opcode="add(8) " fcode="add"/>
<opset="pending/1 "/>
</bind>
</comp>

<comp id="155" class="1004" name="store_ln33_store_fu_155">
<pin_list>
<pin id="156" dir="0" index="0" bw="32" slack="0"/>
<pin id="157" dir="0" index="1" bw="32" slack="0"/>
<pin id="158" dir="1" index="2" bw="0" slack="2147483647"/>
</pin_list>
<bind>
<opcode="store(28) " fcode="store"/>
<opset="store_ln33/1 "/>
</bind>
</comp>

<comp id="160" class="1004" name="ob_8_4_load_load_fu_160">
<pin_list>
<pin id="161" dir="0" index="0" bw="8" slack="1"/>
<pin id="162" dir="1" index="1" bw="8" slack="0"/>
</pin_list>
<bind>
<opcode="load(27) " fcode="load"/>
<opset="ob_8_4_load/2 "/>
</bind>
</comp>

<comp id="163" class="1004" name="nb_6_4_load_load_fu_163">
<pin_list>
<pin id="164" dir="0" index="0" bw="32" slack="1"/>
<pin id="165" dir="1" index="1" bw="32" slack="0"/>
</pin_list>
<bind>
<opcode="load(27) " fcode="load"/>
<opset="nb_6_4_load/2 "/>
</bind>
</comp>

<comp id="166" class="1004" name="ob_fu_166">
<pin_list>
<pin id="167" dir="0" index="0" bw="8" slack="0"/>
<pin id="168" dir="0" index="1" bw="1" slack="0"/>
<pin id="169" dir="1" index="2" bw="8" slack="0"/>
</pin_list>
<bind>
<opcode="shl(20) " fcode="shl"/>
<opset="ob/2 "/>
</bind>
</comp>

<comp id="173" class="1004" name="nb_fu_173">
<pin_list>
<pin id="174" dir="0" index="0" bw="32" slack="0"/>
<pin id="175" dir="0" index="1" bw="1" slack="0"/>
<pin id="176" dir="1" index="2" bw="32" slack="0"/>
</pin_list>
<bind>
<opcode="add(8) " fcode="add"/>
<opset="nb/2 "/>
</bind>
</comp>

<comp id="179" class="1004" name="icmp_ln34_fu_179">
<pin_list>
<pin id="180" dir="0" index="0" bw="32" slack="0"/>
<pin id="181" dir="0" index="1" bw="32" slack="0"/>
<pin id="182" dir="1" index="2" bw="1" slack="2147483647"/>
</pin_list>
<bind>
<opcode="icmp(45) " fcode="icmp"/>
<opset="icmp_ln34/2 "/>
</bind>
</comp>

<comp id="185" class="1004" name="store_ln33_store_fu_185">
<pin_list>
<pin id="186" dir="0" index="0" bw="32" slack="0"/>
<pin id="187" dir="0" index="1" bw="32" slack="1"/>
<pin id="188" dir="1" index="2" bw="0" slack="2147483647"/>
</pin_list>
<bind>
<opcode="store(28) " fcode="store"/>
<opset="store_ln33/2 "/>
</bind>
</comp>

<comp id="190" class="1004" name="store_ln34_store_fu_190">
<pin_list>
<pin id="191" dir="0" index="0" bw="8" slack="0"/>
<pin id="192" dir="0" index="1" bw="8" slack="1"/>
<pin id="193" dir="1" index="2" bw="0" slack="2147483647"/>
</pin_list>
<bind>
<opcode="store(28) " fcode="store"/>
<opset="store_ln34/2 "/>
</bind>
</comp>

<comp id="195" class="1004" name="oi_453_load_load_fu_195">
<pin_list>
<pin id="196" dir="0" index="0" bw="32" slack="1"/>
<pin id="197" dir="1" index="1" bw="32" slack="0"/>
</pin_list>
<bind>
<opcode="load(27) " fcode="load"/>
<opset="oi_453_load/2 "/>
</bind>
</comp>

<comp id="198" class="1004" name="oi_fu_198">
<pin_list>
<pin id="199" dir="0" index="0" bw="32" slack="0"/>
<pin id="200" dir="0" index="1" bw="1" slack="0"/>
<pin id="201" dir="1" index="2" bw="32" slack="0"/>
</pin_list>
<bind>
<opcode="add(8) " fcode="add"/>
<opset="oi/2 "/>
</bind>
</comp>

<comp id="204" class="1004" name="zext_ln34_fu_204">
<pin_list>
<pin id="205" dir="0" index="0" bw="32" slack="0"/>
<pin id="206" dir="1" index="1" bw="64" slack="0"/>
</pin_list>
<bind>
<opcode="zext(34) " fcode="zext"/>
<opset="zext_ln34/2 "/>
</bind>
</comp>

<comp id="209" class="1004" name="store_ln34_store_fu_209">
<pin_list>
<pin id="210" dir="0" index="0" bw="32" slack="0"/>
<pin id="211" dir="0" index="1" bw="32" slack="1"/>
<pin id="212" dir="1" index="2" bw="0" slack="2147483647"/>
</pin_list>
<bind>
<opcode="store(28) " fcode="store"/>
<opset="store_ln34/2 "/>
</bind>
</comp>

<comp id="214" class="1004" name="store_ln0_store_fu_214">
<pin_list>
<pin id="215" dir="0" index="0" bw="1" slack="0"/>
<pin id="216" dir="0" index="1" bw="32" slack="1"/>
<pin id="217" dir="1" index="2" bw="0" slack="2147483647"/>
</pin_list>
<bind>
<opcode="store(28) " fcode="store"/>
<opset="store_ln0/2 "/>
</bind>
</comp>

<comp id="219" class="1004" name="store_ln0_store_fu_219">
<pin_list>
<pin id="220" dir="0" index="0" bw="1" slack="0"/>
<pin id="221" dir="0" index="1" bw="8" slack="1"/>
<pin id="222" dir="1" index="2" bw="0" slack="2147483647"/>
</pin_list>
<bind>
<opcode="store(28) " fcode="store"/>
<opset="store_ln0/2 "/>
</bind>
</comp>

<comp id="224" class="1004" name="ob_8_4_load_1_load_fu_224">
<pin_list>
<pin id="225" dir="0" index="0" bw="8" slack="0"/>
<pin id="226" dir="1" index="1" bw="8" slack="0"/>
</pin_list>
<bind>
<opcode="load(27) " fcode="load"/>
<opset="ob_8_4_load_1/1 "/>
</bind>
</comp>

<comp id="228" class="1004" name="nb_6_4_load_1_load_fu_228">
<pin_list>
<pin id="229" dir="0" index="0" bw="32" slack="0"/>
<pin id="230" dir="1" index="1" bw="32" slack="0"/>
</pin_list>
<bind>
<opcode="load(27) " fcode="load"/>
<opset="nb_6_4_load_1/1 "/>
</bind>
</comp>

<comp id="232" class="1004" name="oi_453_load_1_load_fu_232">
<pin_list>
<pin id="233" dir="0" index="0" bw="32" slack="0"/>
<pin id="234" dir="1" index="1" bw="32" slack="0"/>
</pin_list>
<bind>
<opcode="load(27) " fcode="load"/>
<opset="oi_453_load_1/1 "/>
</bind>
</comp>

<comp id="236" class="1005" name="empty_reg_236">
<pin_list>
<pin id="237" dir="0" index="0" bw="32" slack="0"/>
<pin id="238" dir="1" index="1" bw="32" slack="0"/>
</pin_list>
<bind>
<opset="empty "/>
</bind>
</comp>

<comp id="243" class="1005" name="ob_8_4_reg_243">
<pin_list>
<pin id="244" dir="0" index="0" bw="8" slack="0"/>
<pin id="245" dir="1" index="1" bw="8" slack="0"/>
</pin_list>
<bind>
<opset="ob_8_4 "/>
</bind>
</comp>

<comp id="252" class="1005" name="nb_6_4_reg_252">
<pin_list>
<pin id="253" dir="0" index="0" bw="32" slack="0"/>
<pin id="254" dir="1" index="1" bw="32" slack="0"/>
</pin_list>
<bind>
<opset="nb_6_4 "/>
</bind>
</comp>

<comp id="261" class="1005" name="oi_453_reg_261">
<pin_list>
<pin id="262" dir="0" index="0" bw="32" slack="0"/>
<pin id="263" dir="1" index="1" bw="32" slack="0"/>
</pin_list>
<bind>
<opset="oi_453 "/>
</bind>
</comp>

</comp_list>

<net_list>
<net id="49"><net_src comp="16" pin="0"/><net_sink comp="46" pin=0"/></net>

<net id="53"><net_src comp="16" pin="0"/><net_sink comp="50" pin=0"/></net>

<net id="57"><net_src comp="16" pin="0"/><net_sink comp="54" pin=0"/></net>

<net id="61"><net_src comp="16" pin="0"/><net_sink comp="58" pin=0"/></net>

<net id="66"><net_src comp="18" pin="0"/><net_sink comp="62" pin=0"/></net>

<net id="67"><net_src comp="6" pin="0"/><net_sink comp="62" pin=1"/></net>

<net id="72"><net_src comp="20" pin="0"/><net_sink comp="68" pin=0"/></net>

<net id="73"><net_src comp="4" pin="0"/><net_sink comp="68" pin=1"/></net>

<net id="78"><net_src comp="18" pin="0"/><net_sink comp="74" pin=0"/></net>

<net id="79"><net_src comp="2" pin="0"/><net_sink comp="74" pin=1"/></net>

<net id="84"><net_src comp="18" pin="0"/><net_sink comp="80" pin=0"/></net>

<net id="85"><net_src comp="0" pin="0"/><net_sink comp="80" pin=1"/></net>

<net id="91"><net_src comp="42" pin="0"/><net_sink comp="86" pin=0"/></net>

<net id="92"><net_src comp="10" pin="0"/><net_sink comp="86" pin=1"/></net>

<net id="98"><net_src comp="42" pin="0"/><net_sink comp="93" pin=0"/></net>

<net id="99"><net_src comp="12" pin="0"/><net_sink comp="93" pin=1"/></net>

<net id="105"><net_src comp="44" pin="0"/><net_sink comp="100" pin=0"/></net>

<net id="106"><net_src comp="14" pin="0"/><net_sink comp="100" pin=1"/></net>

<net id="112"><net_src comp="8" pin="0"/><net_sink comp="107" pin=0"/></net>

<net id="113"><net_src comp="38" pin="0"/><net_sink comp="107" pin=1"/></net>

<net id="119"><net_src comp="107" pin="3"/><net_sink comp="114" pin=0"/></net>

<net id="124"><net_src comp="80" pin="2"/><net_sink comp="120" pin=0"/></net>

<net id="129"><net_src comp="74" pin="2"/><net_sink comp="125" pin=0"/></net>

<net id="134"><net_src comp="68" pin="2"/><net_sink comp="130" pin=0"/></net>

<net id="139"><net_src comp="62" pin="2"/><net_sink comp="135" pin=0"/></net>

<net id="147"><net_src comp="140" pin="1"/><net_sink comp="143" pin=0"/></net>

<net id="148"><net_src comp="22" pin="0"/><net_sink comp="143" pin=1"/></net>

<net id="153"><net_src comp="140" pin="1"/><net_sink comp="149" pin=0"/></net>

<net id="154"><net_src comp="24" pin="0"/><net_sink comp="149" pin=1"/></net>

<net id="159"><net_src comp="149" pin="2"/><net_sink comp="155" pin=0"/></net>

<net id="170"><net_src comp="160" pin="1"/><net_sink comp="166" pin=0"/></net>

<net id="171"><net_src comp="34" pin="0"/><net_sink comp="166" pin=1"/></net>

<net id="172"><net_src comp="166" pin="2"/><net_sink comp="114" pin=1"/></net>

<net id="177"><net_src comp="163" pin="1"/><net_sink comp="173" pin=0"/></net>

<net id="178"><net_src comp="16" pin="0"/><net_sink comp="173" pin=1"/></net>

<net id="183"><net_src comp="173" pin="2"/><net_sink comp="179" pin=0"/></net>

<net id="184"><net_src comp="36" pin="0"/><net_sink comp="179" pin=1"/></net>

<net id="189"><net_src comp="173" pin="2"/><net_sink comp="185" pin=0"/></net>

<net id="194"><net_src comp="166" pin="2"/><net_sink comp="190" pin=0"/></net>

<net id="202"><net_src comp="195" pin="1"/><net_sink comp="198" pin=0"/></net>

<net id="203"><net_src comp="16" pin="0"/><net_sink comp="198" pin=1"/></net>

<net id="207"><net_src comp="195" pin="1"/><net_sink comp="204" pin=0"/></net>

<net id="208"><net_src comp="204" pin="1"/><net_sink comp="107" pin=2"/></net>

<net id="213"><net_src comp="198" pin="2"/><net_sink comp="209" pin=0"/></net>

<net id="218"><net_src comp="22" pin="0"/><net_sink comp="214" pin=0"/></net>

<net id="223"><net_src comp="40" pin="0"/><net_sink comp="219" pin=0"/></net>

<net id="227"><net_src comp="224" pin="1"/><net_sink comp="100" pin=2"/></net>

<net id="231"><net_src comp="228" pin="1"/><net_sink comp="93" pin=2"/></net>

<net id="235"><net_src comp="232" pin="1"/><net_sink comp="86" pin=2"/></net>

<net id="239"><net_src comp="46" pin="1"/><net_sink comp="236" pin=0"/></net>

<net id="240"><net_src comp="236" pin="1"/><net_sink comp="135" pin=1"/></net>

<net id="241"><net_src comp="236" pin="1"/><net_sink comp="140" pin=0"/></net>

<net id="242"><net_src comp="236" pin="1"/><net_sink comp="155" pin=1"/></net>

<net id="246"><net_src comp="50" pin="1"/><net_sink comp="243" pin=0"/></net>

<net id="247"><net_src comp="243" pin="1"/><net_sink comp="130" pin=1"/></net>

<net id="248"><net_src comp="243" pin="1"/><net_sink comp="160" pin=0"/></net>

<net id="249"><net_src comp="243" pin="1"/><net_sink comp="190" pin=1"/></net>

<net id="250"><net_src comp="243" pin="1"/><net_sink comp="219" pin=1"/></net>

<net id="251"><net_src comp="243" pin="1"/><net_sink comp="224" pin=0"/></net>

<net id="255"><net_src comp="54" pin="1"/><net_sink comp="252" pin=0"/></net>

<net id="256"><net_src comp="252" pin="1"/><net_sink comp="125" pin=1"/></net>

<net id="257"><net_src comp="252" pin="1"/><net_sink comp="163" pin=0"/></net>

<net id="258"><net_src comp="252" pin="1"/><net_sink comp="185" pin=1"/></net>

<net id="259"><net_src comp="252" pin="1"/><net_sink comp="214" pin=1"/></net>

<net id="260"><net_src comp="252" pin="1"/><net_sink comp="228" pin=0"/></net>

<net id="264"><net_src comp="58" pin="1"/><net_sink comp="261" pin=0"/></net>

<net id="265"><net_src comp="261" pin="1"/><net_sink comp="120" pin=1"/></net>

<net id="266"><net_src comp="261" pin="1"/><net_sink comp="195" pin=0"/></net>

<net id="267"><net_src comp="261" pin="1"/><net_sink comp="209" pin=1"/></net>

<net id="268"><net_src comp="261" pin="1"/><net_sink comp="232" pin=0"/></net>

</net_list>

</model> 
---------------- Datapath Model END ------------------

* FSMD analyzer results:
  - Output states:
	Port: out_r | {2 }
	Port: oi_453_out | {1 }
	Port: nb_6_4_out | {1 }
	Port: ob_8_4_out | {1 }
 - Input state : 
	Port: encode_chunk_Pipeline_VITIS_LOOP_33_5 : oi_453_ph | {1 }
	Port: encode_chunk_Pipeline_VITIS_LOOP_33_5 : nb_6_4_ph | {1 }
	Port: encode_chunk_Pipeline_VITIS_LOOP_33_5 : ob_8_4_ph | {1 }
	Port: encode_chunk_Pipeline_VITIS_LOOP_33_5 : pending_2 | {1 }
	Port: encode_chunk_Pipeline_VITIS_LOOP_33_5 : out_r | {}
  - Chain level:
	State 1
		p_load : 1
		icmp_ln33 : 2
		br_ln33 : 3
		pending : 2
		store_ln33 : 3
		ob_8_4_load_1 : 1
		nb_6_4_load_1 : 1
		oi_453_load_1 : 1
		write_ln0 : 2
		write_ln0 : 2
		write_ln0 : 2
	State 2
		ob : 1
		nb : 1
		icmp_ln34 : 2
		br_ln34 : 3
		store_ln33 : 2
		store_ln34 : 1
		oi : 1
		zext_ln34 : 1
		out_addr : 2
		store_ln34 : 3
		store_ln34 : 2


============================================================
+ Verbose Summary: Datapath Resource usage 
============================================================

* Functional unit list:
|----------|---------------------------|---------|---------|
| Operation|      Functional Unit      |    FF   |   LUT   |
|----------|---------------------------|---------|---------|
|          |       pending_fu_149      |    0    |    39   |
|    add   |         nb_fu_173         |    0    |    39   |
|          |         oi_fu_198         |    0    |    39   |
|----------|---------------------------|---------|---------|
|   icmp   |      icmp_ln33_fu_143     |    0    |    39   |
|          |      icmp_ln34_fu_179     |    0    |    39   |
|----------|---------------------------|---------|---------|
|          | pending_2_read_read_fu_62 |    0    |    0    |
|   read   | ob_8_4_ph_read_read_fu_68 |    0    |    0    |
|          | nb_6_4_ph_read_read_fu_74 |    0    |    0    |
|          | oi_453_ph_read_read_fu_80 |    0    |    0    |
|----------|---------------------------|---------|---------|
|          |   write_ln0_write_fu_86   |    0    |    0    |
|   write  |   write_ln0_write_fu_93   |    0    |    0    |
|          |   write_ln0_write_fu_100  |    0    |    0    |
|----------|---------------------------|---------|---------|
|    shl   |         ob_fu_166         |    0    |    0    |
|----------|---------------------------|---------|---------|
|   zext   |      zext_ln34_fu_204     |    0    |    0    |
|----------|---------------------------|---------|---------|
|   Total  |                           |    0    |   195   |
|----------|---------------------------|---------|---------|

Memories:
N/A

* Register list:
+--------------+--------+
|              |   FF   |
+--------------+--------+
| empty_reg_236|   32   |
|nb_6_4_reg_252|   32   |
|ob_8_4_reg_243|    8   |
|oi_453_reg_261|   32   |
+--------------+--------+
|     Total    |   104  |
+--------------+--------+

* Multiplexer (MUX) list: 
|--------|------|------|------|--------|
|  Comp  |  Pin | Size |  BW  | S x BW |
|--------|------|------|------|--------|
|  Total |      |      |      |    0   |
|--------|------|------|------|--------|



* Summary:
+-----------+--------+--------+
|           |   FF   |   LUT  |
+-----------+--------+--------+
|  Function |    0   |   195  |
|   Memory  |    -   |    -   |
|Multiplexer|    -   |    -   |
|  Register |   104  |    -   |
+-----------+--------+--------+
|   Total   |   104  |   195  |
+-----------+--------+--------+
