

================================================================
== Vitis HLS Report for 'encode_chunk_Pipeline_VITIS_LOOP_32_4'
================================================================
* Date:           Sat Aug  1 19:34:09 2026

* Version:        2025.2.1 (Build 6397637 on Mar 18 2026)
* Project:        work_k8_report
* Solution:       hls (Vitis Kernel Flow Target)
* Product family: zynquplus
* Target device:  xck26-sfvc784-2LV-c


================================================================
== Performance Estimates
================================================================
+ Timing: 
    * Summary: 
    +--------+---------+----------+------------+
    |  Clock |  Target | Estimated| Uncertainty|
    +--------+---------+----------+------------+
    |ap_clk  |  5.00 ns|  3.269 ns|     1.35 ns|
    +--------+---------+----------+------------+

+ Latency: 
    * Summary: 
    +---------+---------+----------+----------+-----+-----+-------------------+
    |  Latency (cycles) |  Latency (absolute) |  Interval |      Pipeline     |
    |   min   |   max   |    min   |    max   | min | max |        Type       |
    +---------+---------+----------+----------+-----+-----+-------------------+
    |        ?|        ?|         ?|         ?|    0|    0|  loop pipeline stp|
    +---------+---------+----------+----------+-----+-----+-------------------+

    + Detail: 
        * Instance: 
        N/A

        * Loop: 
        +-------------------+---------+---------+----------+-----------+-----------+------+----------+
        |                   |  Latency (cycles) | Iteration|  Initiation Interval  | Trip |          |
        |     Loop Name     |   min   |   max   |  Latency |  achieved |   target  | Count| Pipelined|
        +-------------------+---------+---------+----------+-----------+-----------+------+----------+
        |- VITIS_LOOP_32_4  |        ?|        ?|         2|          1|          1|     ?|       yes|
        +-------------------+---------+---------+----------+-----------+-----------+------+----------+

============================================================
+ Verbose Summary: Synthesis Manager
============================================================
InlineROM: 1
ExposeGlobal: 0
============================================================
+ Verbose Summary: CDFG Model
============================================================
IsTopModel: 0
ResetActiveHigh: 1
IsCombinational: 0
IsDatapathOnly: 0
HasWiredReturn: 1
HasMFsm: 2
HasVarLatency: 1
IsPipeline: 0
IsRtlPipelined: 0
IsInstanceOverlapped: 0
IsDontTouch: 0
HasImplIP: 0
IsGatedGlobalClock: 0

+ Individual pipeline summary: 
  * Pipeline-0: initiation interval (II) = 1, depth = 2


============================================================
+ Verbose Summary: Schedule
============================================================
* Number of FSM states : 2
* Pipeline : 1
  Pipeline-0 : II = 1, D = 2, States = { 1 2 }
* Dataflow Pipeline: 0

* FSM state transitions: 
1 --> 2 
2 --> 

* FSM state operations: 

State 1 <SV = 0> <Delay = 1.87>
ST_1 : Operation 5 [1/1] (0.00ns)   --->   "%empty = alloca i32 1"   --->   Operation 5 'alloca' 'empty' <Predicate = true> <Delay = 0.00>
ST_1 : Operation 6 [1/1] (0.00ns)   --->   "%ob_8_2 = alloca i32 1"   --->   Operation 6 'alloca' 'ob_8_2' <Predicate = true> <Delay = 0.00>
ST_1 : Operation 7 [1/1] (0.00ns)   --->   "%nb_6_2 = alloca i32 1"   --->   Operation 7 'alloca' 'nb_6_2' <Predicate = true> <Delay = 0.00>
ST_1 : Operation 8 [1/1] (0.00ns)   --->   "%oi_251 = alloca i32 1"   --->   Operation 8 'alloca' 'oi_251' <Predicate = true> <Delay = 0.00>
ST_1 : Operation 9 [1/1] (0.00ns)   --->   "%pending_2_read = read i32 @_ssdm_op_Read.ap_auto.i32, i32 %pending_2"   --->   Operation 9 'read' 'pending_2_read' <Predicate = true> <Delay = 0.00>
ST_1 : Operation 10 [1/1] (0.00ns)   --->   "%ob_8_2_ph_read = read i8 @_ssdm_op_Read.ap_auto.i8, i8 %ob_8_2_ph"   --->   Operation 10 'read' 'ob_8_2_ph_read' <Predicate = true> <Delay = 0.00>
ST_1 : Operation 11 [1/1] (0.00ns)   --->   "%nb_6_2_ph_read = read i32 @_ssdm_op_Read.ap_auto.i32, i32 %nb_6_2_ph"   --->   Operation 11 'read' 'nb_6_2_ph_read' <Predicate = true> <Delay = 0.00>
ST_1 : Operation 12 [1/1] (0.00ns)   --->   "%oi_251_ph_read = read i32 @_ssdm_op_Read.ap_auto.i32, i32 %oi_251_ph"   --->   Operation 12 'read' 'oi_251_ph_read' <Predicate = true> <Delay = 0.00>
ST_1 : Operation 13 [1/1] (0.42ns)   --->   "%store_ln0 = store i32 %oi_251_ph_read, i32 %oi_251"   --->   Operation 13 'store' 'store_ln0' <Predicate = true> <Delay = 0.42>
ST_1 : Operation 14 [1/1] (0.47ns)   --->   "%store_ln0 = store i32 %nb_6_2_ph_read, i32 %nb_6_2"   --->   Operation 14 'store' 'store_ln0' <Predicate = true> <Delay = 0.47>
ST_1 : Operation 15 [1/1] (0.47ns)   --->   "%store_ln0 = store i8 %ob_8_2_ph_read, i8 %ob_8_2"   --->   Operation 15 'store' 'store_ln0' <Predicate = true> <Delay = 0.47>
ST_1 : Operation 16 [1/1] (0.42ns)   --->   "%store_ln0 = store i32 %pending_2_read, i32 %empty"   --->   Operation 16 'store' 'store_ln0' <Predicate = true> <Delay = 0.42>
ST_1 : Operation 17 [1/1] (0.00ns)   --->   "%br_ln0 = br void %while.cond"   --->   Operation 17 'br' 'br_ln0' <Predicate = true> <Delay = 0.00>
ST_1 : Operation 18 [1/1] (0.00ns)   --->   "%p_load = load i32 %empty" [arith5.cpp:32]   --->   Operation 18 'load' 'p_load' <Predicate = true> <Delay = 0.00>
ST_1 : Operation 19 [1/1] (1.01ns)   --->   "%icmp_ln32 = icmp_eq  i32 %p_load, i32 0" [arith5.cpp:32]   --->   Operation 19 'icmp' 'icmp_ln32' <Predicate = true> <Delay = 1.01> <CoreInst = "Cmp">   --->   Core 9 'Cmp' <Latency = 0> <II = 1> <Delay = 1.01> <FuncUnit> <Opcode : 'seteq' 'setne' 'setle' 'setge' 'setlt' 'setgt'> <InPorts = 2> <OutPorts = 1>
ST_1 : Operation 20 [1/1] (0.00ns)   --->   "%br_ln32 = br i1 %icmp_ln32, void %while.body, void %if.end.loopexit2.exitStub" [arith5.cpp:32]   --->   Operation 20 'br' 'br_ln32' <Predicate = true> <Delay = 0.00>
ST_1 : Operation 21 [1/1] (1.01ns)   --->   "%pending = add i32 %p_load, i32 4294967295" [arith5.cpp:32]   --->   Operation 21 'add' 'pending' <Predicate = (!icmp_ln32)> <Delay = 1.01> <CoreInst = "Adder">   --->   Core 1 'Adder' <Latency = 0> <II = 1> <Delay = 1.01> <FuncUnit> <Opcode : 'add' 'sub'> <InPorts = 2> <OutPorts = 1>
ST_1 : Operation 22 [1/1] (0.42ns)   --->   "%store_ln32 = store i32 %pending, i32 %empty" [arith5.cpp:32]   --->   Operation 22 'store' 'store_ln32' <Predicate = (!icmp_ln32)> <Delay = 0.42>
ST_1 : Operation 23 [1/1] (0.00ns)   --->   "%br_ln32 = br void %while.cond" [arith5.cpp:32]   --->   Operation 23 'br' 'br_ln32' <Predicate = (!icmp_ln32)> <Delay = 0.00>
ST_1 : Operation 45 [1/1] (0.00ns)   --->   "%ob_8_2_load_1 = load i8 %ob_8_2"   --->   Operation 45 'load' 'ob_8_2_load_1' <Predicate = (icmp_ln32)> <Delay = 0.00>
ST_1 : Operation 46 [1/1] (0.00ns)   --->   "%nb_6_2_load_1 = load i32 %nb_6_2"   --->   Operation 46 'load' 'nb_6_2_load_1' <Predicate = (icmp_ln32)> <Delay = 0.00>
ST_1 : Operation 47 [1/1] (0.00ns)   --->   "%oi_251_load_1 = load i32 %oi_251"   --->   Operation 47 'load' 'oi_251_load_1' <Predicate = (icmp_ln32)> <Delay = 0.00>
ST_1 : Operation 48 [1/1] (0.00ns)   --->   "%write_ln0 = write void @_ssdm_op_Write.ap_auto.i32P0A, i32 %oi_251_out, i32 %oi_251_load_1"   --->   Operation 48 'write' 'write_ln0' <Predicate = (icmp_ln32)> <Delay = 0.00>
ST_1 : Operation 49 [1/1] (0.00ns)   --->   "%write_ln0 = write void @_ssdm_op_Write.ap_auto.i32P0A, i32 %nb_6_2_out, i32 %nb_6_2_load_1"   --->   Operation 49 'write' 'write_ln0' <Predicate = (icmp_ln32)> <Delay = 0.00>
ST_1 : Operation 50 [1/1] (0.00ns)   --->   "%write_ln0 = write void @_ssdm_op_Write.ap_auto.i8P0A, i8 %ob_8_2_out, i8 %ob_8_2_load_1"   --->   Operation 50 'write' 'write_ln0' <Predicate = (icmp_ln32)> <Delay = 0.00>
ST_1 : Operation 51 [1/1] (0.42ns)   --->   "%ret_ln0 = ret"   --->   Operation 51 'ret' 'ret_ln0' <Predicate = (icmp_ln32)> <Delay = 0.42>

State 2 <SV = 1> <Delay = 3.26>
ST_2 : Operation 24 [1/1] (0.00ns)   --->   "%ob_8_2_load = load i8 %ob_8_2" [./arith3.h:33->arith5.cpp:32]   --->   Operation 24 'load' 'ob_8_2_load' <Predicate = true> <Delay = 0.00>
ST_2 : Operation 25 [1/1] (0.00ns)   --->   "%nb_6_2_load = load i32 %nb_6_2" [./arith3.h:33->arith5.cpp:32]   --->   Operation 25 'load' 'nb_6_2_load' <Predicate = true> <Delay = 0.00>
ST_2 : Operation 26 [1/1] (0.00ns)   --->   "%specpipeline_ln32 = specpipeline void @_ssdm_op_SpecPipeline, i32 4294967295, i32 0, i32 0, i32 0, i32 4294967295, void @empty_18" [./arith3.h:32->arith5.cpp:32]   --->   Operation 26 'specpipeline' 'specpipeline_ln32' <Predicate = true> <Delay = 0.00>
ST_2 : Operation 27 [1/1] (0.00ns)   --->   "%specloopname_ln32 = specloopname void @_ssdm_op_SpecLoopName, void @empty_25" [arith5.cpp:32]   --->   Operation 27 'specloopname' 'specloopname_ln32' <Predicate = true> <Delay = 0.00>
ST_2 : Operation 28 [1/1] (0.00ns)   --->   "%trunc_ln33 = trunc i8 %ob_8_2_load" [./arith3.h:33->arith5.cpp:32]   --->   Operation 28 'trunc' 'trunc_ln33' <Predicate = true> <Delay = 0.00>
ST_2 : Operation 29 [1/1] (0.00ns)   --->   "%ob = bitconcatenate i8 @_ssdm_op_BitConcatenate.i8.i7.i1, i7 %trunc_ln33, i1 1" [./arith3.h:33->arith5.cpp:32]   --->   Operation 29 'bitconcatenate' 'ob' <Predicate = true> <Delay = 0.00>
ST_2 : Operation 30 [1/1] (1.01ns)   --->   "%nb = add i32 %nb_6_2_load, i32 1" [./arith3.h:33->arith5.cpp:32]   --->   Operation 30 'add' 'nb' <Predicate = true> <Delay = 1.01> <CoreInst = "Adder">   --->   Core 1 'Adder' <Latency = 0> <II = 1> <Delay = 1.01> <FuncUnit> <Opcode : 'add' 'sub'> <InPorts = 2> <OutPorts = 1>
ST_2 : Operation 31 [1/1] (1.01ns)   --->   "%icmp_ln34 = icmp_eq  i32 %nb, i32 8" [./arith3.h:34->arith5.cpp:32]   --->   Operation 31 'icmp' 'icmp_ln34' <Predicate = true> <Delay = 1.01> <CoreInst = "Cmp">   --->   Core 9 'Cmp' <Latency = 0> <II = 1> <Delay = 1.01> <FuncUnit> <Opcode : 'seteq' 'setne' 'setle' 'setge' 'setlt' 'setgt'> <InPorts = 2> <OutPorts = 1>
ST_2 : Operation 32 [1/1] (0.00ns)   --->   "%br_ln34 = br i1 %icmp_ln34, void %while.body._ZL7put_bitiRjRiPhS0_.exit21_crit_edge, void %if.then.i20" [./arith3.h:34->arith5.cpp:32]   --->   Operation 32 'br' 'br_ln34' <Predicate = true> <Delay = 0.00>
ST_2 : Operation 33 [1/1] (0.47ns)   --->   "%store_ln33 = store i32 %nb, i32 %nb_6_2" [./arith3.h:33->arith5.cpp:32]   --->   Operation 33 'store' 'store_ln33' <Predicate = (!icmp_ln34)> <Delay = 0.47>
ST_2 : Operation 34 [1/1] (0.47ns)   --->   "%store_ln33 = store i8 %ob, i8 %ob_8_2" [./arith3.h:33->arith5.cpp:32]   --->   Operation 34 'store' 'store_ln33' <Predicate = (!icmp_ln34)> <Delay = 0.47>
ST_2 : Operation 35 [1/1] (0.00ns)   --->   "%br_ln34 = br void %_ZL7put_bitiRjRiPhS0_.exit21" [./arith3.h:34->arith5.cpp:32]   --->   Operation 35 'br' 'br_ln34' <Predicate = (!icmp_ln34)> <Delay = 0.00>
ST_2 : Operation 36 [1/1] (0.00ns)   --->   "%oi_251_load = load i32 %oi_251" [./arith3.h:34->arith5.cpp:32]   --->   Operation 36 'load' 'oi_251_load' <Predicate = (icmp_ln34)> <Delay = 0.00>
ST_2 : Operation 37 [1/1] (1.01ns)   --->   "%oi = add i32 %oi_251_load, i32 1" [./arith3.h:34->arith5.cpp:32]   --->   Operation 37 'add' 'oi' <Predicate = (icmp_ln34)> <Delay = 1.01> <CoreInst = "Adder">   --->   Core 1 'Adder' <Latency = 0> <II = 1> <Delay = 1.01> <FuncUnit> <Opcode : 'add' 'sub'> <InPorts = 2> <OutPorts = 1>
ST_2 : Operation 38 [1/1] (0.00ns)   --->   "%zext_ln34 = zext i32 %oi_251_load" [./arith3.h:34->arith5.cpp:32]   --->   Operation 38 'zext' 'zext_ln34' <Predicate = (icmp_ln34)> <Delay = 0.00>
ST_2 : Operation 39 [1/1] (0.00ns)   --->   "%out_addr = getelementptr i8 %out_r, i64 0, i64 %zext_ln34" [./arith3.h:34->arith5.cpp:32]   --->   Operation 39 'getelementptr' 'out_addr' <Predicate = (icmp_ln34)> <Delay = 0.00>
ST_2 : Operation 40 [1/1] ( I:1.23ns O:1.23ns )   --->   "%store_ln34 = store i8 %ob, i10 %out_addr" [./arith3.h:34->arith5.cpp:32]   --->   Operation 40 'store' 'store_ln34' <Predicate = (icmp_ln34)> <Delay = 1.23> <CoreInst = "RAM">   --->   Core 82 'RAM' <Latency = 1> <II = 1> <Delay = 1.23> <Storage> <Opcode : 'load' 'store'> <Ports = 2> <Width = 8> <Depth = 576> <RAM>
ST_2 : Operation 41 [1/1] (0.42ns)   --->   "%store_ln34 = store i32 %oi, i32 %oi_251" [./arith3.h:34->arith5.cpp:32]   --->   Operation 41 'store' 'store_ln34' <Predicate = (icmp_ln34)> <Delay = 0.42>
ST_2 : Operation 42 [1/1] (0.47ns)   --->   "%store_ln0 = store i32 0, i32 %nb_6_2"   --->   Operation 42 'store' 'store_ln0' <Predicate = (icmp_ln34)> <Delay = 0.47>
ST_2 : Operation 43 [1/1] (0.47ns)   --->   "%store_ln0 = store i8 0, i8 %ob_8_2"   --->   Operation 43 'store' 'store_ln0' <Predicate = (icmp_ln34)> <Delay = 0.47>
ST_2 : Operation 44 [1/1] (0.00ns)   --->   "%br_ln34 = br void %_ZL7put_bitiRjRiPhS0_.exit21" [./arith3.h:34->arith5.cpp:32]   --->   Operation 44 'br' 'br_ln34' <Predicate = (icmp_ln34)> <Delay = 0.00>


============================================================
+ Verbose Summary: Binding
============================================================
STG Binding: 
---------------- STG Properties BEGIN ----------------
- Is combinational: 0
- Is one-state seq: 0
- Is datapath-only: 0
- Is pipelined: 0
- Is top level: 0
Port [ Return ] is wired: 1; IO mode=ap_ctrl_hs:ce=0
Port [ oi_251_ph]:  wired=1; compound=0; hidden=0; nouse=0; global=0; static=0; extern=0; dir=0; type=0; pingpong=0; private_global=0; IO mode=ap_none:ce=0
Port [ nb_6_2_ph]:  wired=1; compound=0; hidden=0; nouse=0; global=0; static=0; extern=0; dir=0; type=0; pingpong=0; private_global=0; IO mode=ap_none:ce=0
Port [ ob_8_2_ph]:  wired=1; compound=0; hidden=0; nouse=0; global=0; static=0; extern=0; dir=0; type=0; pingpong=0; private_global=0; IO mode=ap_none:ce=0
Port [ pending_2]:  wired=1; compound=0; hidden=0; nouse=0; global=0; static=0; extern=0; dir=0; type=0; pingpong=0; private_global=0; IO mode=ap_none:ce=0
Port [ out_r]:  wired=1; compound=1; hidden=0; nouse=0; global=0; static=0; extern=0; dir=1; type=1; pingpong=0; private_global=0; MemPort=[03]; IO mode=ap_memory:ce=0
Port [ oi_251_out]:  wired=1; compound=0; hidden=0; nouse=0; global=0; static=0; extern=0; dir=1; type=0; pingpong=0; private_global=0; IO mode=ap_vld:ce=0
Port [ nb_6_2_out]:  wired=1; compound=0; hidden=0; nouse=0; global=0; static=0; extern=0; dir=1; type=0; pingpong=0; private_global=0; IO mode=ap_vld:ce=0
Port [ ob_8_2_out]:  wired=1; compound=0; hidden=0; nouse=0; global=0; static=0; extern=0; dir=1; type=0; pingpong=0; private_global=0; IO mode=ap_vld:ce=0
---------------- STG Properties END ------------------

---------------- Datapath Model BEGIN ----------------

<LifeTime>
<method=bitvector/>
empty             (alloca        ) [ 010]
ob_8_2            (alloca        ) [ 011]
nb_6_2            (alloca        ) [ 011]
oi_251            (alloca        ) [ 011]
pending_2_read    (read          ) [ 000]
ob_8_2_ph_read    (read          ) [ 000]
nb_6_2_ph_read    (read          ) [ 000]
oi_251_ph_read    (read          ) [ 000]
store_ln0         (store         ) [ 000]
store_ln0         (store         ) [ 000]
store_ln0         (store         ) [ 000]
store_ln0         (store         ) [ 000]
br_ln0            (br            ) [ 000]
p_load            (load          ) [ 000]
icmp_ln32         (icmp          ) [ 010]
br_ln32           (br            ) [ 000]
pending           (add           ) [ 000]
store_ln32        (store         ) [ 000]
br_ln32           (br            ) [ 000]
ob_8_2_load       (load          ) [ 000]
nb_6_2_load       (load          ) [ 000]
specpipeline_ln32 (specpipeline  ) [ 000]
specloopname_ln32 (specloopname  ) [ 000]
trunc_ln33        (trunc         ) [ 000]
ob                (bitconcatenate) [ 000]
nb                (add           ) [ 000]
icmp_ln34         (icmp          ) [ 011]
br_ln34           (br            ) [ 000]
store_ln33        (store         ) [ 000]
store_ln33        (store         ) [ 000]
br_ln34           (br            ) [ 000]
oi_251_load       (load          ) [ 000]
oi                (add           ) [ 000]
zext_ln34         (zext          ) [ 000]
out_addr          (getelementptr ) [ 000]
store_ln34        (store         ) [ 000]
store_ln34        (store         ) [ 000]
store_ln0         (store         ) [ 000]
store_ln0         (store         ) [ 000]
br_ln34           (br            ) [ 000]
ob_8_2_load_1     (load          ) [ 000]
nb_6_2_load_1     (load          ) [ 000]
oi_251_load_1     (load          ) [ 000]
write_ln0         (write         ) [ 000]
write_ln0         (write         ) [ 000]
write_ln0         (write         ) [ 000]
ret_ln0           (ret           ) [ 000]
</LifeTime>

<model>

<comp_list>
<comp id="0" class="1000" name="oi_251_ph">
<pin_list>
<pin id="1" dir="1" index="0" bw="1" slack="0"/>
</pin_list>
<bind>
<StgValue><ssdm name="oi_251_ph"/></StgValue>
</bind>
</comp>

<comp id="2" class="1000" name="nb_6_2_ph">
<pin_list>
<pin id="3" dir="1" index="0" bw="1" slack="0"/>
</pin_list>
<bind>
<StgValue><ssdm name="nb_6_2_ph"/></StgValue>
</bind>
</comp>

<comp id="4" class="1000" name="ob_8_2_ph">
<pin_list>
<pin id="5" dir="1" index="0" bw="1" slack="0"/>
</pin_list>
<bind>
<StgValue><ssdm name="ob_8_2_ph"/></StgValue>
</bind>
</comp>

<comp id="6" class="1000" name="pending_2">
<pin_list>
<pin id="7" dir="1" index="0" bw="1" slack="0"/>
</pin_list>
<bind>
<StgValue><ssdm name="pending_2"/></StgValue>
</bind>
</comp>

<comp id="8" class="1000" name="out_r">
<pin_list>
<pin id="9" dir="1" index="0" bw="1" slack="0"/>
</pin_list>
<bind>
<StgValue><ssdm name="out_r"/><MemPortTyVec>0 3 </MemPortTyVec>
</StgValue>
</bind>
</comp>

<comp id="10" class="1000" name="oi_251_out">
<pin_list>
<pin id="11" dir="1" index="0" bw="1" slack="0"/>
</pin_list>
<bind>
<StgValue><ssdm name="oi_251_out"/></StgValue>
</bind>
</comp>

<comp id="12" class="1000" name="nb_6_2_out">
<pin_list>
<pin id="13" dir="1" index="0" bw="1" slack="0"/>
</pin_list>
<bind>
<StgValue><ssdm name="nb_6_2_out"/></StgValue>
</bind>
</comp>

<comp id="14" class="1000" name="ob_8_2_out">
<pin_list>
<pin id="15" dir="1" index="0" bw="1" slack="0"/>
</pin_list>
<bind>
<StgValue><ssdm name="ob_8_2_out"/></StgValue>
</bind>
</comp>

<comp id="16" class="1001" name="const_16">
<pin_list>
<pin id="17" dir="1" index="0" bw="1" slack="0"/>
</pin_list>
<bind>
<StgValue><ssdm name=""/></StgValue>
</bind>
</comp>

<comp id="18" class="1001" name="const_18">
<pin_list>
<pin id="19" dir="1" index="0" bw="1" slack="0"/>
</pin_list>
<bind>
<StgValue><ssdm name="_ssdm_op_Read.ap_auto.i32"/></StgValue>
</bind>
</comp>

<comp id="20" class="1001" name="const_20">
<pin_list>
<pin id="21" dir="1" index="0" bw="1" slack="0"/>
</pin_list>
<bind>
<StgValue><ssdm name="_ssdm_op_Read.ap_auto.i8"/></StgValue>
</bind>
</comp>

<comp id="22" class="1001" name="const_22">
<pin_list>
<pin id="23" dir="1" index="0" bw="1" slack="0"/>
</pin_list>
<bind>
<StgValue><ssdm name=""/></StgValue>
</bind>
</comp>

<comp id="24" class="1001" name="const_24">
<pin_list>
<pin id="25" dir="1" index="0" bw="1" slack="0"/>
</pin_list>
<bind>
<StgValue><ssdm name=""/></StgValue>
</bind>
</comp>

<comp id="26" class="1001" name="const_26">
<pin_list>
<pin id="27" dir="1" index="0" bw="1" slack="2147483647"/>
</pin_list>
<bind>
<StgValue><ssdm name="_ssdm_op_SpecPipeline"/></StgValue>
</bind>
</comp>

<comp id="28" class="1001" name="const_28">
<pin_list>
<pin id="29" dir="1" index="0" bw="1" slack="2147483647"/>
</pin_list>
<bind>
<StgValue><ssdm name="empty_18"/></StgValue>
</bind>
</comp>

<comp id="30" class="1001" name="const_30">
<pin_list>
<pin id="31" dir="1" index="0" bw="1" slack="2147483647"/>
</pin_list>
<bind>
<StgValue><ssdm name="_ssdm_op_SpecLoopName"/></StgValue>
</bind>
</comp>

<comp id="32" class="1001" name="const_32">
<pin_list>
<pin id="33" dir="1" index="0" bw="1" slack="2147483647"/>
</pin_list>
<bind>
<StgValue><ssdm name="empty_25"/></StgValue>
</bind>
</comp>

<comp id="34" class="1001" name="const_34">
<pin_list>
<pin id="35" dir="1" index="0" bw="1" slack="0"/>
</pin_list>
<bind>
<StgValue><ssdm name="_ssdm_op_BitConcatenate.i8.i7.i1"/></StgValue>
</bind>
</comp>

<comp id="36" class="1001" name="const_36">
<pin_list>
<pin id="37" dir="1" index="0" bw="1" slack="0"/>
</pin_list>
<bind>
<StgValue><ssdm name=""/></StgValue>
</bind>
</comp>

<comp id="38" class="1001" name="const_38">
<pin_list>
<pin id="39" dir="1" index="0" bw="1" slack="0"/>
</pin_list>
<bind>
<StgValue><ssdm name=""/></StgValue>
</bind>
</comp>

<comp id="40" class="1001" name="const_40">
<pin_list>
<pin id="41" dir="1" index="0" bw="1" slack="0"/>
</pin_list>
<bind>
<StgValue><ssdm name=""/></StgValue>
</bind>
</comp>

<comp id="42" class="1001" name="const_42">
<pin_list>
<pin id="43" dir="1" index="0" bw="1" slack="0"/>
</pin_list>
<bind>
<StgValue><ssdm name=""/></StgValue>
</bind>
</comp>

<comp id="44" class="1001" name="const_44">
<pin_list>
<pin id="45" dir="1" index="0" bw="1" slack="0"/>
</pin_list>
<bind>
<StgValue><ssdm name="_ssdm_op_Write.ap_auto.i32P0A"/></StgValue>
</bind>
</comp>

<comp id="46" class="1001" name="const_46">
<pin_list>
<pin id="47" dir="1" index="0" bw="1" slack="0"/>
</pin_list>
<bind>
<StgValue><ssdm name="_ssdm_op_Write.ap_auto.i8P0A"/></StgValue>
</bind>
</comp>

<comp id="48" class="1004" name="empty_fu_48">
<pin_list>
<pin id="49" dir="0" index="0" bw="1" slack="0"/>
<pin id="50" dir="1" index="1" bw="32" slack="0"/>
</pin_list>
<bind>
<opcode="alloca(26) " fcode="alloca"/>
<opset="empty/1 "/>
</bind>
</comp>

<comp id="52" class="1004" name="ob_8_2_fu_52">
<pin_list>
<pin id="53" dir="0" index="0" bw="1" slack="0"/>
<pin id="54" dir="1" index="1" bw="8" slack="0"/>
</pin_list>
<bind>
<opcode="alloca(26) " fcode="alloca"/>
<opset="ob_8_2/1 "/>
</bind>
</comp>

<comp id="56" class="1004" name="nb_6_2_fu_56">
<pin_list>
<pin id="57" dir="0" index="0" bw="1" slack="0"/>
<pin id="58" dir="1" index="1" bw="32" slack="0"/>
</pin_list>
<bind>
<opcode="alloca(26) " fcode="alloca"/>
<opset="nb_6_2/1 "/>
</bind>
</comp>

<comp id="60" class="1004" name="oi_251_fu_60">
<pin_list>
<pin id="61" dir="0" index="0" bw="1" slack="0"/>
<pin id="62" dir="1" index="1" bw="32" slack="0"/>
</pin_list>
<bind>
<opcode="alloca(26) " fcode="alloca"/>
<opset="oi_251/1 "/>
</bind>
</comp>

<comp id="64" class="1004" name="pending_2_read_read_fu_64">
<pin_list>
<pin id="65" dir="0" index="0" bw="32" slack="0"/>
<pin id="66" dir="0" index="1" bw="32" slack="0"/>
<pin id="67" dir="1" index="2" bw="32" slack="0"/>
</pin_list>
<bind>
<opcode="read(1150) " fcode="read"/>
<opset="pending_2_read/1 "/>
</bind>
</comp>

<comp id="70" class="1004" name="ob_8_2_ph_read_read_fu_70">
<pin_list>
<pin id="71" dir="0" index="0" bw="8" slack="0"/>
<pin id="72" dir="0" index="1" bw="8" slack="0"/>
<pin id="73" dir="1" index="2" bw="8" slack="0"/>
</pin_list>
<bind>
<opcode="read(1150) " fcode="read"/>
<opset="ob_8_2_ph_read/1 "/>
</bind>
</comp>

<comp id="76" class="1004" name="nb_6_2_ph_read_read_fu_76">
<pin_list>
<pin id="77" dir="0" index="0" bw="32" slack="0"/>
<pin id="78" dir="0" index="1" bw="32" slack="0"/>
<pin id="79" dir="1" index="2" bw="32" slack="0"/>
</pin_list>
<bind>
<opcode="read(1150) " fcode="read"/>
<opset="nb_6_2_ph_read/1 "/>
</bind>
</comp>

<comp id="82" class="1004" name="oi_251_ph_read_read_fu_82">
<pin_list>
<pin id="83" dir="0" index="0" bw="32" slack="0"/>
<pin id="84" dir="0" index="1" bw="32" slack="0"/>
<pin id="85" dir="1" index="2" bw="32" slack="0"/>
</pin_list>
<bind>
<opcode="read(1150) " fcode="read"/>
<opset="oi_251_ph_read/1 "/>
</bind>
</comp>

<comp id="88" class="1004" name="write_ln0_write_fu_88">
<pin_list>
<pin id="89" dir="0" index="0" bw="0" slack="0"/>
<pin id="90" dir="0" index="1" bw="32" slack="0"/>
<pin id="91" dir="0" index="2" bw="32" slack="0"/>
<pin id="92" dir="1" index="3" bw="0" slack="2147483647"/>
</pin_list>
<bind>
<opcode="write(1151) " fcode="write"/>
<opset="write_ln0/1 "/>
</bind>
</comp>

<comp id="95" class="1004" name="write_ln0_write_fu_95">
<pin_list>
<pin id="96" dir="0" index="0" bw="0" slack="0"/>
<pin id="97" dir="0" index="1" bw="32" slack="0"/>
<pin id="98" dir="0" index="2" bw="32" slack="0"/>
<pin id="99" dir="1" index="3" bw="0" slack="2147483647"/>
</pin_list>
<bind>
<opcode="write(1151) " fcode="write"/>
<opset="write_ln0/1 "/>
</bind>
</comp>

<comp id="102" class="1004" name="write_ln0_write_fu_102">
<pin_list>
<pin id="103" dir="0" index="0" bw="0" slack="0"/>
<pin id="104" dir="0" index="1" bw="8" slack="0"/>
<pin id="105" dir="0" index="2" bw="8" slack="0"/>
<pin id="106" dir="1" index="3" bw="0" slack="2147483647"/>
</pin_list>
<bind>
<opcode="write(1151) " fcode="write"/>
<opset="write_ln0/1 "/>
</bind>
</comp>

<comp id="109" class="1004" name="out_addr_gep_fu_109">
<pin_list>
<pin id="110" dir="0" index="0" bw="8" slack="0"/>
<pin id="111" dir="0" index="1" bw="1" slack="0"/>
<pin id="112" dir="0" index="2" bw="32" slack="0"/>
<pin id="113" dir="1" index="3" bw="10" slack="0"/>
</pin_list>
<bind>
<opcode="getelementptr(29) " fcode="getelementptr"/>
<opset="out_addr/2 "/>
</bind>
</comp>

<comp id="116" class="1004" name="store_ln34_access_fu_116">
<pin_list>
<pin id="117" dir="0" index="0" bw="10" slack="0"/>
<pin id="118" dir="0" index="1" bw="8" slack="0"/>
<pin id="119" dir="0" index="2" bw="0" slack="2147483647"/>
<pin id="120" dir="1" index="3" bw="8" slack="2147483647"/>
</pin_list>
<bind>
<opcode="store(28) " fcode="store"/>
<opset="store_ln34/2 "/>
</bind>
</comp>

<comp id="122" class="1004" name="store_ln0_store_fu_122">
<pin_list>
<pin id="123" dir="0" index="0" bw="32" slack="0"/>
<pin id="124" dir="0" index="1" bw="32" slack="0"/>
<pin id="125" dir="1" index="2" bw="0" slack="2147483647"/>
</pin_list>
<bind>
<opcode="store(28) " fcode="store"/>
<opset="store_ln0/1 "/>
</bind>
</comp>

<comp id="127" class="1004" name="store_ln0_store_fu_127">
<pin_list>
<pin id="128" dir="0" index="0" bw="32" slack="0"/>
<pin id="129" dir="0" index="1" bw="32" slack="0"/>
<pin id="130" dir="1" index="2" bw="0" slack="2147483647"/>
</pin_list>
<bind>
<opcode="store(28) " fcode="store"/>
<opset="store_ln0/1 "/>
</bind>
</comp>

<comp id="132" class="1004" name="store_ln0_store_fu_132">
<pin_list>
<pin id="133" dir="0" index="0" bw="8" slack="0"/>
<pin id="134" dir="0" index="1" bw="8" slack="0"/>
<pin id="135" dir="1" index="2" bw="0" slack="2147483647"/>
</pin_list>
<bind>
<opcode="store(28) " fcode="store"/>
<opset="store_ln0/1 "/>
</bind>
</comp>

<comp id="137" class="1004" name="store_ln0_store_fu_137">
<pin_list>
<pin id="138" dir="0" index="0" bw="32" slack="0"/>
<pin id="139" dir="0" index="1" bw="32" slack="0"/>
<pin id="140" dir="1" index="2" bw="0" slack="2147483647"/>
</pin_list>
<bind>
<opcode="store(28) " fcode="store"/>
<opset="store_ln0/1 "/>
</bind>
</comp>

<comp id="142" class="1004" name="p_load_load_fu_142">
<pin_list>
<pin id="143" dir="0" index="0" bw="32" slack="0"/>
<pin id="144" dir="1" index="1" bw="32" slack="0"/>
</pin_list>
<bind>
<opcode="load(27) " fcode="load"/>
<opset="p_load/1 "/>
</bind>
</comp>

<comp id="145" class="1004" name="icmp_ln32_fu_145">
<pin_list>
<pin id="146" dir="0" index="0" bw="32" slack="0"/>
<pin id="147" dir="0" index="1" bw="1" slack="0"/>
<pin id="148" dir="1" index="2" bw="1" slack="2147483647"/>
</pin_list>
<bind>
<opcode="icmp(45) " fcode="icmp"/>
<opset="icmp_ln32/1 "/>
</bind>
</comp>

<comp id="151" class="1004" name="pending_fu_151">
<pin_list>
<pin id="152" dir="0" index="0" bw="32" slack="0"/>
<pin id="153" dir="0" index="1" bw="1" slack="0"/>
<pin id="154" dir="1" index="2" bw="32" slack="0"/>
</pin_list>
<bind>
<opcode="add(8) " fcode="add"/>
<opset="pending/1 "/>
</bind>
</comp>

<comp id="157" class="1004" name="store_ln32_store_fu_157">
<pin_list>
<pin id="158" dir="0" index="0" bw="32" slack="0"/>
<pin id="159" dir="0" index="1" bw="32" slack="0"/>
<pin id="160" dir="1" index="2" bw="0" slack="2147483647"/>
</pin_list>
<bind>
<opcode="store(28) " fcode="store"/>
<opset="store_ln32/1 "/>
</bind>
</comp>

<comp id="162" class="1004" name="ob_8_2_load_load_fu_162">
<pin_list>
<pin id="163" dir="0" index="0" bw="8" slack="1"/>
<pin id="164" dir="1" index="1" bw="8" slack="0"/>
</pin_list>
<bind>
<opcode="load(27) " fcode="load"/>
<opset="ob_8_2_load/2 "/>
</bind>
</comp>

<comp id="165" class="1004" name="nb_6_2_load_load_fu_165">
<pin_list>
<pin id="166" dir="0" index="0" bw="32" slack="1"/>
<pin id="167" dir="1" index="1" bw="32" slack="0"/>
</pin_list>
<bind>
<opcode="load(27) " fcode="load"/>
<opset="nb_6_2_load/2 "/>
</bind>
</comp>

<comp id="168" class="1004" name="trunc_ln33_fu_168">
<pin_list>
<pin id="169" dir="0" index="0" bw="8" slack="0"/>
<pin id="170" dir="1" index="1" bw="7" slack="0"/>
</pin_list>
<bind>
<opcode="trunc(33) " fcode="trunc"/>
<opset="trunc_ln33/2 "/>
</bind>
</comp>

<comp id="172" class="1004" name="ob_fu_172">
<pin_list>
<pin id="173" dir="0" index="0" bw="8" slack="0"/>
<pin id="174" dir="0" index="1" bw="7" slack="0"/>
<pin id="175" dir="0" index="2" bw="1" slack="0"/>
<pin id="176" dir="1" index="3" bw="8" slack="0"/>
</pin_list>
<bind>
<opcode="bitconcatenate(1004) " fcode="bitconcatenate"/>
<opset="ob/2 "/>
</bind>
</comp>

<comp id="181" class="1004" name="nb_fu_181">
<pin_list>
<pin id="182" dir="0" index="0" bw="32" slack="0"/>
<pin id="183" dir="0" index="1" bw="1" slack="0"/>
<pin id="184" dir="1" index="2" bw="32" slack="0"/>
</pin_list>
<bind>
<opcode="add(8) " fcode="add"/>
<opset="nb/2 "/>
</bind>
</comp>

<comp id="187" class="1004" name="icmp_ln34_fu_187">
<pin_list>
<pin id="188" dir="0" index="0" bw="32" slack="0"/>
<pin id="189" dir="0" index="1" bw="5" slack="0"/>
<pin id="190" dir="1" index="2" bw="1" slack="2147483647"/>
</pin_list>
<bind>
<opcode="icmp(45) " fcode="icmp"/>
<opset="icmp_ln34/2 "/>
</bind>
</comp>

<comp id="193" class="1004" name="store_ln33_store_fu_193">
<pin_list>
<pin id="194" dir="0" index="0" bw="32" slack="0"/>
<pin id="195" dir="0" index="1" bw="32" slack="1"/>
<pin id="196" dir="1" index="2" bw="0" slack="2147483647"/>
</pin_list>
<bind>
<opcode="store(28) " fcode="store"/>
<opset="store_ln33/2 "/>
</bind>
</comp>

<comp id="198" class="1004" name="store_ln33_store_fu_198">
<pin_list>
<pin id="199" dir="0" index="0" bw="8" slack="0"/>
<pin id="200" dir="0" index="1" bw="8" slack="1"/>
<pin id="201" dir="1" index="2" bw="0" slack="2147483647"/>
</pin_list>
<bind>
<opcode="store(28) " fcode="store"/>
<opset="store_ln33/2 "/>
</bind>
</comp>

<comp id="203" class="1004" name="oi_251_load_load_fu_203">
<pin_list>
<pin id="204" dir="0" index="0" bw="32" slack="1"/>
<pin id="205" dir="1" index="1" bw="32" slack="0"/>
</pin_list>
<bind>
<opcode="load(27) " fcode="load"/>
<opset="oi_251_load/2 "/>
</bind>
</comp>

<comp id="206" class="1004" name="oi_fu_206">
<pin_list>
<pin id="207" dir="0" index="0" bw="32" slack="0"/>
<pin id="208" dir="0" index="1" bw="1" slack="0"/>
<pin id="209" dir="1" index="2" bw="32" slack="0"/>
</pin_list>
<bind>
<opcode="add(8) " fcode="add"/>
<opset="oi/2 "/>
</bind>
</comp>

<comp id="212" class="1004" name="zext_ln34_fu_212">
<pin_list>
<pin id="213" dir="0" index="0" bw="32" slack="0"/>
<pin id="214" dir="1" index="1" bw="64" slack="0"/>
</pin_list>
<bind>
<opcode="zext(34) " fcode="zext"/>
<opset="zext_ln34/2 "/>
</bind>
</comp>

<comp id="217" class="1004" name="store_ln34_store_fu_217">
<pin_list>
<pin id="218" dir="0" index="0" bw="32" slack="0"/>
<pin id="219" dir="0" index="1" bw="32" slack="1"/>
<pin id="220" dir="1" index="2" bw="0" slack="2147483647"/>
</pin_list>
<bind>
<opcode="store(28) " fcode="store"/>
<opset="store_ln34/2 "/>
</bind>
</comp>

<comp id="222" class="1004" name="store_ln0_store_fu_222">
<pin_list>
<pin id="223" dir="0" index="0" bw="1" slack="0"/>
<pin id="224" dir="0" index="1" bw="32" slack="1"/>
<pin id="225" dir="1" index="2" bw="0" slack="2147483647"/>
</pin_list>
<bind>
<opcode="store(28) " fcode="store"/>
<opset="store_ln0/2 "/>
</bind>
</comp>

<comp id="227" class="1004" name="store_ln0_store_fu_227">
<pin_list>
<pin id="228" dir="0" index="0" bw="1" slack="0"/>
<pin id="229" dir="0" index="1" bw="8" slack="1"/>
<pin id="230" dir="1" index="2" bw="0" slack="2147483647"/>
</pin_list>
<bind>
<opcode="store(28) " fcode="store"/>
<opset="store_ln0/2 "/>
</bind>
</comp>

<comp id="232" class="1004" name="ob_8_2_load_1_load_fu_232">
<pin_list>
<pin id="233" dir="0" index="0" bw="8" slack="0"/>
<pin id="234" dir="1" index="1" bw="8" slack="0"/>
</pin_list>
<bind>
<opcode="load(27) " fcode="load"/>
<opset="ob_8_2_load_1/1 "/>
</bind>
</comp>

<comp id="236" class="1004" name="nb_6_2_load_1_load_fu_236">
<pin_list>
<pin id="237" dir="0" index="0" bw="32" slack="0"/>
<pin id="238" dir="1" index="1" bw="32" slack="0"/>
</pin_list>
<bind>
<opcode="load(27) " fcode="load"/>
<opset="nb_6_2_load_1/1 "/>
</bind>
</comp>

<comp id="240" class="1004" name="oi_251_load_1_load_fu_240">
<pin_list>
<pin id="241" dir="0" index="0" bw="32" slack="0"/>
<pin id="242" dir="1" index="1" bw="32" slack="0"/>
</pin_list>
<bind>
<opcode="load(27) " fcode="load"/>
<opset="oi_251_load_1/1 "/>
</bind>
</comp>

<comp id="244" class="1005" name="empty_reg_244">
<pin_list>
<pin id="245" dir="0" index="0" bw="32" slack="0"/>
<pin id="246" dir="1" index="1" bw="32" slack="0"/>
</pin_list>
<bind>
<opset="empty "/>
</bind>
</comp>

<comp id="251" class="1005" name="ob_8_2_reg_251">
<pin_list>
<pin id="252" dir="0" index="0" bw="8" slack="0"/>
<pin id="253" dir="1" index="1" bw="8" slack="0"/>
</pin_list>
<bind>
<opset="ob_8_2 "/>
</bind>
</comp>

<comp id="260" class="1005" name="nb_6_2_reg_260">
<pin_list>
<pin id="261" dir="0" index="0" bw="32" slack="0"/>
<pin id="262" dir="1" index="1" bw="32" slack="0"/>
</pin_list>
<bind>
<opset="nb_6_2 "/>
</bind>
</comp>

<comp id="269" class="1005" name="oi_251_reg_269">
<pin_list>
<pin id="270" dir="0" index="0" bw="32" slack="0"/>
<pin id="271" dir="1" index="1" bw="32" slack="0"/>
</pin_list>
<bind>
<opset="oi_251 "/>
</bind>
</comp>

</comp_list>

<net_list>
<net id="51"><net_src comp="16" pin="0"/><net_sink comp="48" pin=0"/></net>

<net id="55"><net_src comp="16" pin="0"/><net_sink comp="52" pin=0"/></net>

<net id="59"><net_src comp="16" pin="0"/><net_sink comp="56" pin=0"/></net>

<net id="63"><net_src comp="16" pin="0"/><net_sink comp="60" pin=0"/></net>

<net id="68"><net_src comp="18" pin="0"/><net_sink comp="64" pin=0"/></net>

<net id="69"><net_src comp="6" pin="0"/><net_sink comp="64" pin=1"/></net>

<net id="74"><net_src comp="20" pin="0"/><net_sink comp="70" pin=0"/></net>

<net id="75"><net_src comp="4" pin="0"/><net_sink comp="70" pin=1"/></net>

<net id="80"><net_src comp="18" pin="0"/><net_sink comp="76" pin=0"/></net>

<net id="81"><net_src comp="2" pin="0"/><net_sink comp="76" pin=1"/></net>

<net id="86"><net_src comp="18" pin="0"/><net_sink comp="82" pin=0"/></net>

<net id="87"><net_src comp="0" pin="0"/><net_sink comp="82" pin=1"/></net>

<net id="93"><net_src comp="44" pin="0"/><net_sink comp="88" pin=0"/></net>

<net id="94"><net_src comp="10" pin="0"/><net_sink comp="88" pin=1"/></net>

<net id="100"><net_src comp="44" pin="0"/><net_sink comp="95" pin=0"/></net>

<net id="101"><net_src comp="12" pin="0"/><net_sink comp="95" pin=1"/></net>

<net id="107"><net_src comp="46" pin="0"/><net_sink comp="102" pin=0"/></net>

<net id="108"><net_src comp="14" pin="0"/><net_sink comp="102" pin=1"/></net>

<net id="114"><net_src comp="8" pin="0"/><net_sink comp="109" pin=0"/></net>

<net id="115"><net_src comp="40" pin="0"/><net_sink comp="109" pin=1"/></net>

<net id="121"><net_src comp="109" pin="3"/><net_sink comp="116" pin=0"/></net>

<net id="126"><net_src comp="82" pin="2"/><net_sink comp="122" pin=0"/></net>

<net id="131"><net_src comp="76" pin="2"/><net_sink comp="127" pin=0"/></net>

<net id="136"><net_src comp="70" pin="2"/><net_sink comp="132" pin=0"/></net>

<net id="141"><net_src comp="64" pin="2"/><net_sink comp="137" pin=0"/></net>

<net id="149"><net_src comp="142" pin="1"/><net_sink comp="145" pin=0"/></net>

<net id="150"><net_src comp="22" pin="0"/><net_sink comp="145" pin=1"/></net>

<net id="155"><net_src comp="142" pin="1"/><net_sink comp="151" pin=0"/></net>

<net id="156"><net_src comp="24" pin="0"/><net_sink comp="151" pin=1"/></net>

<net id="161"><net_src comp="151" pin="2"/><net_sink comp="157" pin=0"/></net>

<net id="171"><net_src comp="162" pin="1"/><net_sink comp="168" pin=0"/></net>

<net id="177"><net_src comp="34" pin="0"/><net_sink comp="172" pin=0"/></net>

<net id="178"><net_src comp="168" pin="1"/><net_sink comp="172" pin=1"/></net>

<net id="179"><net_src comp="36" pin="0"/><net_sink comp="172" pin=2"/></net>

<net id="180"><net_src comp="172" pin="3"/><net_sink comp="116" pin=1"/></net>

<net id="185"><net_src comp="165" pin="1"/><net_sink comp="181" pin=0"/></net>

<net id="186"><net_src comp="16" pin="0"/><net_sink comp="181" pin=1"/></net>

<net id="191"><net_src comp="181" pin="2"/><net_sink comp="187" pin=0"/></net>

<net id="192"><net_src comp="38" pin="0"/><net_sink comp="187" pin=1"/></net>

<net id="197"><net_src comp="181" pin="2"/><net_sink comp="193" pin=0"/></net>

<net id="202"><net_src comp="172" pin="3"/><net_sink comp="198" pin=0"/></net>

<net id="210"><net_src comp="203" pin="1"/><net_sink comp="206" pin=0"/></net>

<net id="211"><net_src comp="16" pin="0"/><net_sink comp="206" pin=1"/></net>

<net id="215"><net_src comp="203" pin="1"/><net_sink comp="212" pin=0"/></net>

<net id="216"><net_src comp="212" pin="1"/><net_sink comp="109" pin=2"/></net>

<net id="221"><net_src comp="206" pin="2"/><net_sink comp="217" pin=0"/></net>

<net id="226"><net_src comp="22" pin="0"/><net_sink comp="222" pin=0"/></net>

<net id="231"><net_src comp="42" pin="0"/><net_sink comp="227" pin=0"/></net>

<net id="235"><net_src comp="232" pin="1"/><net_sink comp="102" pin=2"/></net>

<net id="239"><net_src comp="236" pin="1"/><net_sink comp="95" pin=2"/></net>

<net id="243"><net_src comp="240" pin="1"/><net_sink comp="88" pin=2"/></net>

<net id="247"><net_src comp="48" pin="1"/><net_sink comp="244" pin=0"/></net>

<net id="248"><net_src comp="244" pin="1"/><net_sink comp="137" pin=1"/></net>

<net id="249"><net_src comp="244" pin="1"/><net_sink comp="142" pin=0"/></net>

<net id="250"><net_src comp="244" pin="1"/><net_sink comp="157" pin=1"/></net>

<net id="254"><net_src comp="52" pin="1"/><net_sink comp="251" pin=0"/></net>

<net id="255"><net_src comp="251" pin="1"/><net_sink comp="132" pin=1"/></net>

<net id="256"><net_src comp="251" pin="1"/><net_sink comp="162" pin=0"/></net>

<net id="257"><net_src comp="251" pin="1"/><net_sink comp="198" pin=1"/></net>

<net id="258"><net_src comp="251" pin="1"/><net_sink comp="227" pin=1"/></net>

<net id="259"><net_src comp="251" pin="1"/><net_sink comp="232" pin=0"/></net>

<net id="263"><net_src comp="56" pin="1"/><net_sink comp="260" pin=0"/></net>

<net id="264"><net_src comp="260" pin="1"/><net_sink comp="127" pin=1"/></net>

<net id="265"><net_src comp="260" pin="1"/><net_sink comp="165" pin=0"/></net>

<net id="266"><net_src comp="260" pin="1"/><net_sink comp="193" pin=1"/></net>

<net id="267"><net_src comp="260" pin="1"/><net_sink comp="222" pin=1"/></net>

<net id="268"><net_src comp="260" pin="1"/><net_sink comp="236" pin=0"/></net>

<net id="272"><net_src comp="60" pin="1"/><net_sink comp="269" pin=0"/></net>

<net id="273"><net_src comp="269" pin="1"/><net_sink comp="122" pin=1"/></net>

<net id="274"><net_src comp="269" pin="1"/><net_sink comp="203" pin=0"/></net>

<net id="275"><net_src comp="269" pin="1"/><net_sink comp="217" pin=1"/></net>

<net id="276"><net_src comp="269" pin="1"/><net_sink comp="240" pin=0"/></net>

</net_list>

</model> 
---------------- Datapath Model END ------------------

* FSMD analyzer results:
  - Output states:
	Port: out_r | {2 }
	Port: oi_251_out | {1 }
	Port: nb_6_2_out | {1 }
	Port: ob_8_2_out | {1 }
 - Input state : 
	Port: encode_chunk_Pipeline_VITIS_LOOP_32_4 : oi_251_ph | {1 }
	Port: encode_chunk_Pipeline_VITIS_LOOP_32_4 : nb_6_2_ph | {1 }
	Port: encode_chunk_Pipeline_VITIS_LOOP_32_4 : ob_8_2_ph | {1 }
	Port: encode_chunk_Pipeline_VITIS_LOOP_32_4 : pending_2 | {1 }
  - Chain level:
	State 1
		p_load : 1
		icmp_ln32 : 2
		br_ln32 : 3
		pending : 2
		store_ln32 : 3
		ob_8_2_load_1 : 1
		nb_6_2_load_1 : 1
		oi_251_load_1 : 1
		write_ln0 : 2
		write_ln0 : 2
		write_ln0 : 2
	State 2
		trunc_ln33 : 1
		ob : 2
		nb : 1
		icmp_ln34 : 2
		br_ln34 : 3
		store_ln33 : 2
		store_ln33 : 3
		oi : 1
		zext_ln34 : 1
		out_addr : 2
		store_ln34 : 3
		store_ln34 : 2


============================================================
+ Verbose Summary: Datapath Resource usage 
============================================================

* Functional unit list:
|----------|---------------------------|---------|---------|
| Operation|      Functional Unit      |    FF   |   LUT   |
|----------|---------------------------|---------|---------|
|          |       pending_fu_151      |    0    |    39   |
|    add   |         nb_fu_181         |    0    |    39   |
|          |         oi_fu_206         |    0    |    39   |
|----------|---------------------------|---------|---------|
|   icmp   |      icmp_ln32_fu_145     |    0    |    39   |
|          |      icmp_ln34_fu_187     |    0    |    39   |
|----------|---------------------------|---------|---------|
|          | pending_2_read_read_fu_64 |    0    |    0    |
|   read   | ob_8_2_ph_read_read_fu_70 |    0    |    0    |
|          | nb_6_2_ph_read_read_fu_76 |    0    |    0    |
|          | oi_251_ph_read_read_fu_82 |    0    |    0    |
|----------|---------------------------|---------|---------|
|          |   write_ln0_write_fu_88   |    0    |    0    |
|   write  |   write_ln0_write_fu_95   |    0    |    0    |
|          |   write_ln0_write_fu_102  |    0    |    0    |
|----------|---------------------------|---------|---------|
|   trunc  |     trunc_ln33_fu_168     |    0    |    0    |
|----------|---------------------------|---------|---------|
|bitconcatenate|         ob_fu_172         |    0    |    0    |
|----------|---------------------------|---------|---------|
|   zext   |      zext_ln34_fu_212     |    0    |    0    |
|----------|---------------------------|---------|---------|
|   Total  |                           |    0    |   195   |
|----------|---------------------------|---------|---------|

Memories:
N/A

* Register list:
+--------------+--------+
|              |   FF   |
+--------------+--------+
| empty_reg_244|   32   |
|nb_6_2_reg_260|   32   |
|ob_8_2_reg_251|    8   |
|oi_251_reg_269|   32   |
+--------------+--------+
|     Total    |   104  |
+--------------+--------+

* Multiplexer (MUX) list: 
|--------|------|------|------|--------|
|  Comp  |  Pin | Size |  BW  | S x BW |
|--------|------|------|------|--------|
|  Total |      |      |      |    0   |
|--------|------|------|------|--------|



* Summary:
+-----------+--------+--------+
|           |   FF   |   LUT  |
+-----------+--------+--------+
|  Function |    0   |   195  |
|   Memory  |    -   |    -   |
|Multiplexer|    -   |    -   |
|  Register |   104  |    -   |
+-----------+--------+--------+
|   Total   |   104  |   195  |
+-----------+--------+--------+
