

================================================================
== Vitis HLS Report for 'encode_bit_Pipeline_VITIS_LOOP_53_2'
================================================================
* Date:           Sat Aug  1 19:34:09 2026

* Version:        2025.2.1 (Build 6397637 on Mar 18 2026)
* Project:        work_k8_report
* Solution:       hls (Vitis Kernel Flow Target)
* Product family: zynquplus
* Target device:  xck26-sfvc784-2LV-c


================================================================
== Performance Estimates
================================================================
+ Timing: 
    * Summary: 
    +--------+---------+----------+------------+
    |  Clock |  Target | Estimated| Uncertainty|
    +--------+---------+----------+------------+
    |ap_clk  |  5.00 ns|  3.269 ns|     1.35 ns|
    +--------+---------+----------+------------+

+ Latency: 
    * Summary: 
    +---------+---------+----------+----------+-----+-----+-------------------+
    |  Latency (cycles) |  Latency (absolute) |  Interval |      Pipeline     |
    |   min   |   max   |    min   |    max   | min | max |        Type       |
    +---------+---------+----------+----------+-----+-----+-------------------+
    |        ?|        ?|         ?|         ?|    0|    0|  loop pipeline stp|
    +---------+---------+----------+----------+-----+-----+-------------------+

    + Detail: 
        * Instance: 
        N/A

        * Loop: 
        +-------------------+---------+---------+----------+-----------+-----------+------+----------+
        |                   |  Latency (cycles) | Iteration|  Initiation Interval  | Trip |          |
        |     Loop Name     |   min   |   max   |  Latency |  achieved |   target  | Count| Pipelined|
        +-------------------+---------+---------+----------+-----------+-----------+------+----------+
        |- VITIS_LOOP_53_2  |        ?|        ?|         2|          1|          1|     ?|       yes|
        +-------------------+---------+---------+----------+-----------+-----------+------+----------+

============================================================
+ Verbose Summary: Synthesis Manager
============================================================
InlineROM: 1
ExposeGlobal: 0
============================================================
+ Verbose Summary: CDFG Model
============================================================
IsTopModel: 0
ResetActiveHigh: 1
IsCombinational: 0
IsDatapathOnly: 0
HasWiredReturn: 1
HasMFsm: 2
HasVarLatency: 1
IsPipeline: 0
IsRtlPipelined: 0
IsInstanceOverlapped: 0
IsDontTouch: 0
HasImplIP: 0
IsGatedGlobalClock: 0

+ Individual pipeline summary: 
  * Pipeline-0: initiation interval (II) = 1, depth = 2


============================================================
+ Verbose Summary: Schedule
============================================================
* Number of FSM states : 2
* Pipeline : 1
  Pipeline-0 : II = 1, D = 2, States = { 1 2 }
* Dataflow Pipeline: 0

* FSM state transitions: 
1 --> 2 
2 --> 

* FSM state operations: 

State 1 <SV = 0> <Delay = 1.87>
ST_1 : Operation 5 [1/1] (0.00ns)   --->   "%empty = alloca i32 1"   --->   Operation 5 'alloca' 'empty' <Predicate = true> <Delay = 0.00>
ST_1 : Operation 6 [1/1] (0.00ns)   --->   "%pending_0_read = read i32 @_ssdm_op_Read.ap_auto.i32, i32 %pending_0"   --->   Operation 6 'read' 'pending_0_read' <Predicate = true> <Delay = 0.00>
ST_1 : Operation 7 [1/1] (0.00ns)   --->   "%ob_5_ph_read = read i32 @_ssdm_op_Read.ap_auto.i32, i32 %ob_5_ph"   --->   Operation 7 'read' 'ob_5_ph_read' <Predicate = true> <Delay = 0.00>
ST_1 : Operation 8 [1/1] (0.00ns)   --->   "%nb_5_ph_read = read i32 @_ssdm_op_Read.ap_auto.i32, i32 %nb_5_ph"   --->   Operation 8 'read' 'nb_5_ph_read' <Predicate = true> <Delay = 0.00>
ST_1 : Operation 9 [1/1] (0.00ns)   --->   "%oi_5_ph_read = read i32 @_ssdm_op_Read.ap_auto.i32, i32 %oi_5_ph"   --->   Operation 9 'read' 'oi_5_ph_read' <Predicate = true> <Delay = 0.00>
ST_1 : Operation 10 [1/1] (0.42ns)   --->   "%store_ln0 = store i32 %oi_5_ph_read, i32 %oi_5_out"   --->   Operation 10 'store' 'store_ln0' <Predicate = true> <Delay = 0.42>
ST_1 : Operation 11 [1/1] (0.47ns)   --->   "%store_ln0 = store i32 %nb_5_ph_read, i32 %nb_5_out"   --->   Operation 11 'store' 'store_ln0' <Predicate = true> <Delay = 0.47>
ST_1 : Operation 12 [1/1] (0.47ns)   --->   "%store_ln0 = store i32 %ob_5_ph_read, i32 %ob_5_out"   --->   Operation 12 'store' 'store_ln0' <Predicate = true> <Delay = 0.47>
ST_1 : Operation 13 [1/1] (0.42ns)   --->   "%store_ln0 = store i32 %pending_0_read, i32 %empty"   --->   Operation 13 'store' 'store_ln0' <Predicate = true> <Delay = 0.42>
ST_1 : Operation 14 [1/1] (0.00ns)   --->   "%br_ln0 = br void %while.cond11"   --->   Operation 14 'br' 'br_ln0' <Predicate = true> <Delay = 0.00>
ST_1 : Operation 15 [1/1] (0.00ns)   --->   "%p_load = load i32 %empty" [./arith3.h:53]   --->   Operation 15 'load' 'p_load' <Predicate = true> <Delay = 0.00>
ST_1 : Operation 16 [1/1] (1.01ns)   --->   "%icmp_ln53 = icmp_eq  i32 %p_load, i32 0" [./arith3.h:53]   --->   Operation 16 'icmp' 'icmp_ln53' <Predicate = true> <Delay = 1.01> <CoreInst = "Cmp">   --->   Core 9 'Cmp' <Latency = 0> <II = 1> <Delay = 1.01> <FuncUnit> <Opcode : 'seteq' 'setne' 'setle' 'setge' 'setlt' 'setgt'> <InPorts = 2> <OutPorts = 1>
ST_1 : Operation 17 [1/1] (0.00ns)   --->   "%br_ln53 = br i1 %icmp_ln53, void %while.body13, void %for.inc.loopexit.exitStub" [./arith3.h:53]   --->   Operation 17 'br' 'br_ln53' <Predicate = true> <Delay = 0.00>
ST_1 : Operation 18 [1/1] (1.01ns)   --->   "%add_ln53 = add i32 %p_load, i32 4294967295" [./arith3.h:53]   --->   Operation 18 'add' 'add_ln53' <Predicate = (!icmp_ln53)> <Delay = 1.01> <CoreInst = "Adder">   --->   Core 1 'Adder' <Latency = 0> <II = 1> <Delay = 1.01> <FuncUnit> <Opcode : 'add' 'sub'> <InPorts = 2> <OutPorts = 1>
ST_1 : Operation 19 [1/1] (0.42ns)   --->   "%store_ln53 = store i32 %add_ln53, i32 %empty" [./arith3.h:53]   --->   Operation 19 'store' 'store_ln53' <Predicate = (!icmp_ln53)> <Delay = 0.42>
ST_1 : Operation 20 [1/1] (0.00ns)   --->   "%br_ln53 = br void %while.cond11" [./arith3.h:53]   --->   Operation 20 'br' 'br_ln53' <Predicate = (!icmp_ln53)> <Delay = 0.00>
ST_1 : Operation 43 [1/1] (0.42ns)   --->   "%ret_ln0 = ret"   --->   Operation 43 'ret' 'ret_ln0' <Predicate = (icmp_ln53)> <Delay = 0.42>

State 2 <SV = 1> <Delay = 3.26>
ST_2 : Operation 21 [1/1] (0.00ns)   --->   "%ob_5_out_load = load i32 %ob_5_out" [./arith3.h:33->./arith3.h:53]   --->   Operation 21 'load' 'ob_5_out_load' <Predicate = true> <Delay = 0.00>
ST_2 : Operation 22 [1/1] (0.00ns)   --->   "%nb_5_out_load = load i32 %nb_5_out" [./arith3.h:33->./arith3.h:53]   --->   Operation 22 'load' 'nb_5_out_load' <Predicate = true> <Delay = 0.00>
ST_2 : Operation 23 [1/1] (0.00ns)   --->   "%specpipeline_ln32 = specpipeline void @_ssdm_op_SpecPipeline, i32 4294967295, i32 0, i32 0, i32 0, i32 4294967295, void @empty_18" [./arith3.h:32->./arith3.h:53]   --->   Operation 23 'specpipeline' 'specpipeline_ln32' <Predicate = true> <Delay = 0.00>
ST_2 : Operation 24 [1/1] (0.00ns)   --->   "%specloopname_ln53 = specloopname void @_ssdm_op_SpecLoopName, void @empty_1" [./arith3.h:53]   --->   Operation 24 'specloopname' 'specloopname_ln53' <Predicate = true> <Delay = 0.00>
ST_2 : Operation 25 [1/1] (0.00ns)   --->   "%trunc_ln33 = trunc i32 %ob_5_out_load" [./arith3.h:33->./arith3.h:53]   --->   Operation 25 'trunc' 'trunc_ln33' <Predicate = true> <Delay = 0.00>
ST_2 : Operation 26 [1/1] (0.00ns)   --->   "%shl_ln33 = shl i32 %ob_5_out_load, i32 1" [./arith3.h:33->./arith3.h:53]   --->   Operation 26 'shl' 'shl_ln33' <Predicate = true> <Delay = 0.00>
ST_2 : Operation 27 [1/1] (1.01ns)   --->   "%add_ln33 = add i32 %nb_5_out_load, i32 1" [./arith3.h:33->./arith3.h:53]   --->   Operation 27 'add' 'add_ln33' <Predicate = true> <Delay = 1.01> <CoreInst = "Adder">   --->   Core 1 'Adder' <Latency = 0> <II = 1> <Delay = 1.01> <FuncUnit> <Opcode : 'add' 'sub'> <InPorts = 2> <OutPorts = 1>
ST_2 : Operation 28 [1/1] (1.01ns)   --->   "%icmp_ln34 = icmp_eq  i32 %add_ln33, i32 8" [./arith3.h:34->./arith3.h:53]   --->   Operation 28 'icmp' 'icmp_ln34' <Predicate = true> <Delay = 1.01> <CoreInst = "Cmp">   --->   Core 9 'Cmp' <Latency = 0> <II = 1> <Delay = 1.01> <FuncUnit> <Opcode : 'seteq' 'setne' 'setle' 'setge' 'setlt' 'setgt'> <InPorts = 2> <OutPorts = 1>
ST_2 : Operation 29 [1/1] (0.00ns)   --->   "%br_ln34 = br i1 %icmp_ln34, void %while.body13._ZL7put_bitiRjRiPhS0_.exit29_crit_edge, void %if.then.i28" [./arith3.h:34->./arith3.h:53]   --->   Operation 29 'br' 'br_ln34' <Predicate = true> <Delay = 0.00>
ST_2 : Operation 30 [1/1] (0.47ns)   --->   "%store_ln33 = store i32 %add_ln33, i32 %nb_5_out" [./arith3.h:33->./arith3.h:53]   --->   Operation 30 'store' 'store_ln33' <Predicate = (!icmp_ln34)> <Delay = 0.47>
ST_2 : Operation 31 [1/1] (0.47ns)   --->   "%store_ln33 = store i32 %shl_ln33, i32 %ob_5_out" [./arith3.h:33->./arith3.h:53]   --->   Operation 31 'store' 'store_ln33' <Predicate = (!icmp_ln34)> <Delay = 0.47>
ST_2 : Operation 32 [1/1] (0.00ns)   --->   "%br_ln34 = br void %_ZL7put_bitiRjRiPhS0_.exit29" [./arith3.h:34->./arith3.h:53]   --->   Operation 32 'br' 'br_ln34' <Predicate = (!icmp_ln34)> <Delay = 0.00>
ST_2 : Operation 33 [1/1] (0.00ns)   --->   "%oi_5_out_load = load i32 %oi_5_out" [./arith3.h:34->./arith3.h:53]   --->   Operation 33 'load' 'oi_5_out_load' <Predicate = (icmp_ln34)> <Delay = 0.00>
ST_2 : Operation 34 [1/1] (0.00ns)   --->   "%trunc_ln34_2 = bitconcatenate i8 @_ssdm_op_BitConcatenate.i8.i7.i1, i7 %trunc_ln33, i1 0" [./arith3.h:34->./arith3.h:53]   --->   Operation 34 'bitconcatenate' 'trunc_ln34_2' <Predicate = (icmp_ln34)> <Delay = 0.00>
ST_2 : Operation 35 [1/1] (1.01ns)   --->   "%add_ln34 = add i32 %oi_5_out_load, i32 1" [./arith3.h:34->./arith3.h:53]   --->   Operation 35 'add' 'add_ln34' <Predicate = (icmp_ln34)> <Delay = 1.01> <CoreInst = "Adder">   --->   Core 1 'Adder' <Latency = 0> <II = 1> <Delay = 1.01> <FuncUnit> <Opcode : 'add' 'sub'> <InPorts = 2> <OutPorts = 1>
ST_2 : Operation 36 [1/1] (0.00ns)   --->   "%zext_ln34 = zext i32 %oi_5_out_load" [./arith3.h:34->./arith3.h:53]   --->   Operation 36 'zext' 'zext_ln34' <Predicate = (icmp_ln34)> <Delay = 0.00>
ST_2 : Operation 37 [1/1] (0.00ns)   --->   "%out_addr = getelementptr i8 %out_r, i64 0, i64 %zext_ln34" [./arith3.h:34->./arith3.h:53]   --->   Operation 37 'getelementptr' 'out_addr' <Predicate = (icmp_ln34)> <Delay = 0.00>
ST_2 : Operation 38 [1/1] ( I:1.23ns O:1.23ns )   --->   "%store_ln34 = store i8 %trunc_ln34_2, i10 %out_addr" [./arith3.h:34->./arith3.h:53]   --->   Operation 38 'store' 'store_ln34' <Predicate = (icmp_ln34)> <Delay = 1.23> <CoreInst = "RAM">   --->   Core 82 'RAM' <Latency = 1> <II = 1> <Delay = 1.23> <Storage> <Opcode : 'load' 'store'> <Ports = 2> <Width = 8> <Depth = 576> <RAM>
ST_2 : Operation 39 [1/1] (0.42ns)   --->   "%store_ln34 = store i32 %add_ln34, i32 %oi_5_out" [./arith3.h:34->./arith3.h:53]   --->   Operation 39 'store' 'store_ln34' <Predicate = (icmp_ln34)> <Delay = 0.42>
ST_2 : Operation 40 [1/1] (0.47ns)   --->   "%store_ln0 = store i32 0, i32 %nb_5_out"   --->   Operation 40 'store' 'store_ln0' <Predicate = (icmp_ln34)> <Delay = 0.47>
ST_2 : Operation 41 [1/1] (0.47ns)   --->   "%store_ln0 = store i32 0, i32 %ob_5_out"   --->   Operation 41 'store' 'store_ln0' <Predicate = (icmp_ln34)> <Delay = 0.47>
ST_2 : Operation 42 [1/1] (0.00ns)   --->   "%br_ln34 = br void %_ZL7put_bitiRjRiPhS0_.exit29" [./arith3.h:34->./arith3.h:53]   --->   Operation 42 'br' 'br_ln34' <Predicate = (icmp_ln34)> <Delay = 0.00>


============================================================
+ Verbose Summary: Binding
============================================================
STG Binding: 
---------------- STG Properties BEGIN ----------------
- Is combinational: 0
- Is one-state seq: 0
- Is datapath-only: 0
- Is pipelined: 0
- Is top level: 0
Port [ Return ] is wired: 1; IO mode=ap_ctrl_hs:ce=0
Port [ oi_5_ph]:  wired=1; compound=0; hidden=0; nouse=0; global=0; static=0; extern=0; dir=0; type=0; pingpong=0; private_global=0; IO mode=ap_none:ce=0
Port [ nb_5_ph]:  wired=1; compound=0; hidden=0; nouse=0; global=0; static=0; extern=0; dir=0; type=0; pingpong=0; private_global=0; IO mode=ap_none:ce=0
Port [ ob_5_ph]:  wired=1; compound=0; hidden=0; nouse=0; global=0; static=0; extern=0; dir=0; type=0; pingpong=0; private_global=0; IO mode=ap_none:ce=0
Port [ pending_0]:  wired=1; compound=0; hidden=0; nouse=0; global=0; static=0; extern=0; dir=0; type=0; pingpong=0; private_global=0; IO mode=ap_none:ce=0
Port [ out_r]:  wired=1; compound=1; hidden=0; nouse=0; global=0; static=0; extern=0; dir=1; type=1; pingpong=0; private_global=0; MemPort=[03]; IO mode=ap_memory:ce=0
Port [ oi_5_out]:  wired=1; compound=0; hidden=0; nouse=0; global=0; static=0; extern=0; dir=2; type=0; pingpong=0; private_global=0; IO mode=ap_ovld:ce=0
Port [ nb_5_out]:  wired=1; compound=0; hidden=0; nouse=0; global=0; static=0; extern=0; dir=2; type=0; pingpong=0; private_global=0; IO mode=ap_ovld:ce=0
Port [ ob_5_out]:  wired=1; compound=0; hidden=0; nouse=0; global=0; static=0; extern=0; dir=2; type=0; pingpong=0; private_global=0; IO mode=ap_ovld:ce=0
---------------- STG Properties END ------------------

---------------- Datapath Model BEGIN ----------------

<LifeTime>
<method=bitvector/>
empty             (alloca        ) [ 010]
pending_0_read    (read          ) [ 000]
ob_5_ph_read      (read          ) [ 000]
nb_5_ph_read      (read          ) [ 000]
oi_5_ph_read      (read          ) [ 000]
store_ln0         (store         ) [ 000]
store_ln0         (store         ) [ 000]
store_ln0         (store         ) [ 000]
store_ln0         (store         ) [ 000]
br_ln0            (br            ) [ 000]
p_load            (load          ) [ 000]
icmp_ln53         (icmp          ) [ 010]
br_ln53           (br            ) [ 000]
add_ln53          (add           ) [ 000]
store_ln53        (store         ) [ 000]
br_ln53           (br            ) [ 000]
ob_5_out_load     (load          ) [ 000]
nb_5_out_load     (load          ) [ 000]
specpipeline_ln32 (specpipeline  ) [ 000]
specloopname_ln53 (specloopname  ) [ 000]
trunc_ln33        (trunc         ) [ 000]
shl_ln33          (shl           ) [ 000]
add_ln33          (add           ) [ 000]
icmp_ln34         (icmp          ) [ 011]
br_ln34           (br            ) [ 000]
store_ln33        (store         ) [ 000]
store_ln33        (store         ) [ 000]
br_ln34           (br            ) [ 000]
oi_5_out_load     (load          ) [ 000]
trunc_ln34_2      (bitconcatenate) [ 000]
add_ln34          (add           ) [ 000]
zext_ln34         (zext          ) [ 000]
out_addr          (getelementptr ) [ 000]
store_ln34        (store         ) [ 000]
store_ln34        (store         ) [ 000]
store_ln0         (store         ) [ 000]
store_ln0         (store         ) [ 000]
br_ln34           (br            ) [ 000]
ret_ln0           (ret           ) [ 000]
</LifeTime>

<model>

<comp_list>
<comp id="0" class="1000" name="oi_5_ph">
<pin_list>
<pin id="1" dir="1" index="0" bw="1" slack="0"/>
</pin_list>
<bind>
<StgValue><ssdm name="oi_5_ph"/></StgValue>
</bind>
</comp>

<comp id="2" class="1000" name="nb_5_ph">
<pin_list>
<pin id="3" dir="1" index="0" bw="1" slack="0"/>
</pin_list>
<bind>
<StgValue><ssdm name="nb_5_ph"/></StgValue>
</bind>
</comp>

<comp id="4" class="1000" name="ob_5_ph">
<pin_list>
<pin id="5" dir="1" index="0" bw="1" slack="0"/>
</pin_list>
<bind>
<StgValue><ssdm name="ob_5_ph"/></StgValue>
</bind>
</comp>

<comp id="6" class="1000" name="pending_0">
<pin_list>
<pin id="7" dir="1" index="0" bw="1" slack="0"/>
</pin_list>
<bind>
<StgValue><ssdm name="pending_0"/></StgValue>
</bind>
</comp>

<comp id="8" class="1000" name="out_r">
<pin_list>
<pin id="9" dir="1" index="0" bw="1" slack="0"/>
</pin_list>
<bind>
<StgValue><ssdm name="out_r"/><MemPortTyVec>0 3 </MemPortTyVec>
</StgValue>
</bind>
</comp>

<comp id="10" class="1000" name="oi_5_out">
<pin_list>
<pin id="11" dir="1" index="0" bw="1" slack="0"/>
</pin_list>
<bind>
<StgValue><ssdm name="oi_5_out"/></StgValue>
</bind>
</comp>

<comp id="12" class="1000" name="nb_5_out">
<pin_list>
<pin id="13" dir="1" index="0" bw="1" slack="0"/>
</pin_list>
<bind>
<StgValue><ssdm name="nb_5_out"/></StgValue>
</bind>
</comp>

<comp id="14" class="1000" name="ob_5_out">
<pin_list>
<pin id="15" dir="1" index="0" bw="1" slack="0"/>
</pin_list>
<bind>
<StgValue><ssdm name="ob_5_out"/></StgValue>
</bind>
</comp>

<comp id="16" class="1001" name="const_16">
<pin_list>
<pin id="17" dir="1" index="0" bw="1" slack="0"/>
</pin_list>
<bind>
<StgValue><ssdm name=""/></StgValue>
</bind>
</comp>

<comp id="18" class="1001" name="const_18">
<pin_list>
<pin id="19" dir="1" index="0" bw="1" slack="0"/>
</pin_list>
<bind>
<StgValue><ssdm name="_ssdm_op_Read.ap_auto.i32"/></StgValue>
</bind>
</comp>

<comp id="20" class="1001" name="const_20">
<pin_list>
<pin id="21" dir="1" index="0" bw="1" slack="0"/>
</pin_list>
<bind>
<StgValue><ssdm name=""/></StgValue>
</bind>
</comp>

<comp id="22" class="1001" name="const_22">
<pin_list>
<pin id="23" dir="1" index="0" bw="1" slack="0"/>
</pin_list>
<bind>
<StgValue><ssdm name=""/></StgValue>
</bind>
</comp>

<comp id="24" class="1001" name="const_24">
<pin_list>
<pin id="25" dir="1" index="0" bw="1" slack="2147483647"/>
</pin_list>
<bind>
<StgValue><ssdm name="_ssdm_op_SpecPipeline"/></StgValue>
</bind>
</comp>

<comp id="26" class="1001" name="const_26">
<pin_list>
<pin id="27" dir="1" index="0" bw="1" slack="2147483647"/>
</pin_list>
<bind>
<StgValue><ssdm name="empty_18"/></StgValue>
</bind>
</comp>

<comp id="28" class="1001" name="const_28">
<pin_list>
<pin id="29" dir="1" index="0" bw="1" slack="2147483647"/>
</pin_list>
<bind>
<StgValue><ssdm name="_ssdm_op_SpecLoopName"/></StgValue>
</bind>
</comp>

<comp id="30" class="1001" name="const_30">
<pin_list>
<pin id="31" dir="1" index="0" bw="1" slack="2147483647"/>
</pin_list>
<bind>
<StgValue><ssdm name="empty_1"/></StgValue>
</bind>
</comp>

<comp id="32" class="1001" name="const_32">
<pin_list>
<pin id="33" dir="1" index="0" bw="1" slack="0"/>
</pin_list>
<bind>
<StgValue><ssdm name=""/></StgValue>
</bind>
</comp>

<comp id="34" class="1001" name="const_34">
<pin_list>
<pin id="35" dir="1" index="0" bw="1" slack="0"/>
</pin_list>
<bind>
<StgValue><ssdm name="_ssdm_op_BitConcatenate.i8.i7.i1"/></StgValue>
</bind>
</comp>

<comp id="36" class="1001" name="const_36">
<pin_list>
<pin id="37" dir="1" index="0" bw="1" slack="0"/>
</pin_list>
<bind>
<StgValue><ssdm name=""/></StgValue>
</bind>
</comp>

<comp id="38" class="1001" name="const_38">
<pin_list>
<pin id="39" dir="1" index="0" bw="1" slack="0"/>
</pin_list>
<bind>
<StgValue><ssdm name=""/></StgValue>
</bind>
</comp>

<comp id="40" class="1004" name="empty_fu_40">
<pin_list>
<pin id="41" dir="0" index="0" bw="1" slack="0"/>
<pin id="42" dir="1" index="1" bw="32" slack="0"/>
</pin_list>
<bind>
<opcode="alloca(26) " fcode="alloca"/>
<opset="empty/1 "/>
</bind>
</comp>

<comp id="44" class="1004" name="pending_0_read_read_fu_44">
<pin_list>
<pin id="45" dir="0" index="0" bw="32" slack="0"/>
<pin id="46" dir="0" index="1" bw="32" slack="0"/>
<pin id="47" dir="1" index="2" bw="32" slack="0"/>
</pin_list>
<bind>
<opcode="read(1150) " fcode="read"/>
<opset="pending_0_read/1 "/>
</bind>
</comp>

<comp id="50" class="1004" name="ob_5_ph_read_read_fu_50">
<pin_list>
<pin id="51" dir="0" index="0" bw="32" slack="0"/>
<pin id="52" dir="0" index="1" bw="32" slack="0"/>
<pin id="53" dir="1" index="2" bw="32" slack="0"/>
</pin_list>
<bind>
<opcode="read(1150) " fcode="read"/>
<opset="ob_5_ph_read/1 "/>
</bind>
</comp>

<comp id="56" class="1004" name="nb_5_ph_read_read_fu_56">
<pin_list>
<pin id="57" dir="0" index="0" bw="32" slack="0"/>
<pin id="58" dir="0" index="1" bw="32" slack="0"/>
<pin id="59" dir="1" index="2" bw="32" slack="0"/>
</pin_list>
<bind>
<opcode="read(1150) " fcode="read"/>
<opset="nb_5_ph_read/1 "/>
</bind>
</comp>

<comp id="62" class="1004" name="oi_5_ph_read_read_fu_62">
<pin_list>
<pin id="63" dir="0" index="0" bw="32" slack="0"/>
<pin id="64" dir="0" index="1" bw="32" slack="0"/>
<pin id="65" dir="1" index="2" bw="32" slack="0"/>
</pin_list>
<bind>
<opcode="read(1150) " fcode="read"/>
<opset="oi_5_ph_read/1 "/>
</bind>
</comp>

<comp id="68" class="1004" name="out_addr_gep_fu_68">
<pin_list>
<pin id="69" dir="0" index="0" bw="8" slack="0"/>
<pin id="70" dir="0" index="1" bw="1" slack="0"/>
<pin id="71" dir="0" index="2" bw="32" slack="0"/>
<pin id="72" dir="1" index="3" bw="10" slack="0"/>
</pin_list>
<bind>
<opcode="getelementptr(29) " fcode="getelementptr"/>
<opset="out_addr/2 "/>
</bind>
</comp>

<comp id="75" class="1004" name="store_ln34_access_fu_75">
<pin_list>
<pin id="76" dir="0" index="0" bw="10" slack="0"/>
<pin id="77" dir="0" index="1" bw="8" slack="0"/>
<pin id="78" dir="0" index="2" bw="0" slack="2147483647"/>
<pin id="79" dir="1" index="3" bw="8" slack="2147483647"/>
</pin_list>
<bind>
<opcode="store(28) " fcode="store"/>
<opset="store_ln34/2 "/>
</bind>
</comp>

<comp id="81" class="1004" name="store_ln0_store_fu_81">
<pin_list>
<pin id="82" dir="0" index="0" bw="32" slack="0"/>
<pin id="83" dir="0" index="1" bw="32" slack="0"/>
<pin id="84" dir="1" index="2" bw="0" slack="2147483647"/>
</pin_list>
<bind>
<opcode="store(28) " fcode="store"/>
<opset="store_ln0/1 "/>
</bind>
</comp>

<comp id="87" class="1004" name="store_ln0_store_fu_87">
<pin_list>
<pin id="88" dir="0" index="0" bw="32" slack="0"/>
<pin id="89" dir="0" index="1" bw="32" slack="0"/>
<pin id="90" dir="1" index="2" bw="0" slack="2147483647"/>
</pin_list>
<bind>
<opcode="store(28) " fcode="store"/>
<opset="store_ln0/1 "/>
</bind>
</comp>

<comp id="93" class="1004" name="store_ln0_store_fu_93">
<pin_list>
<pin id="94" dir="0" index="0" bw="32" slack="0"/>
<pin id="95" dir="0" index="1" bw="32" slack="0"/>
<pin id="96" dir="1" index="2" bw="0" slack="2147483647"/>
</pin_list>
<bind>
<opcode="store(28) " fcode="store"/>
<opset="store_ln0/1 "/>
</bind>
</comp>

<comp id="99" class="1004" name="store_ln0_store_fu_99">
<pin_list>
<pin id="100" dir="0" index="0" bw="32" slack="0"/>
<pin id="101" dir="0" index="1" bw="32" slack="0"/>
<pin id="102" dir="1" index="2" bw="0" slack="2147483647"/>
</pin_list>
<bind>
<opcode="store(28) " fcode="store"/>
<opset="store_ln0/1 "/>
</bind>
</comp>

<comp id="104" class="1004" name="p_load_load_fu_104">
<pin_list>
<pin id="105" dir="0" index="0" bw="32" slack="0"/>
<pin id="106" dir="1" index="1" bw="32" slack="0"/>
</pin_list>
<bind>
<opcode="load(27) " fcode="load"/>
<opset="p_load/1 "/>
</bind>
</comp>

<comp id="107" class="1004" name="icmp_ln53_fu_107">
<pin_list>
<pin id="108" dir="0" index="0" bw="32" slack="0"/>
<pin id="109" dir="0" index="1" bw="1" slack="0"/>
<pin id="110" dir="1" index="2" bw="1" slack="2147483647"/>
</pin_list>
<bind>
<opcode="icmp(45) " fcode="icmp"/>
<opset="icmp_ln53/1 "/>
</bind>
</comp>

<comp id="113" class="1004" name="add_ln53_fu_113">
<pin_list>
<pin id="114" dir="0" index="0" bw="32" slack="0"/>
<pin id="115" dir="0" index="1" bw="1" slack="0"/>
<pin id="116" dir="1" index="2" bw="32" slack="0"/>
</pin_list>
<bind>
<opcode="add(8) " fcode="add"/>
<opset="add_ln53/1 "/>
</bind>
</comp>

<comp id="119" class="1004" name="store_ln53_store_fu_119">
<pin_list>
<pin id="120" dir="0" index="0" bw="32" slack="0"/>
<pin id="121" dir="0" index="1" bw="32" slack="0"/>
<pin id="122" dir="1" index="2" bw="0" slack="2147483647"/>
</pin_list>
<bind>
<opcode="store(28) " fcode="store"/>
<opset="store_ln53/1 "/>
</bind>
</comp>

<comp id="124" class="1004" name="ob_5_out_load_load_fu_124">
<pin_list>
<pin id="125" dir="0" index="0" bw="32" slack="0"/>
<pin id="126" dir="1" index="1" bw="32" slack="0"/>
</pin_list>
<bind>
<opcode="load(27) " fcode="load"/>
<opset="ob_5_out_load/2 "/>
</bind>
</comp>

<comp id="128" class="1004" name="nb_5_out_load_load_fu_128">
<pin_list>
<pin id="129" dir="0" index="0" bw="32" slack="0"/>
<pin id="130" dir="1" index="1" bw="32" slack="0"/>
</pin_list>
<bind>
<opcode="load(27) " fcode="load"/>
<opset="nb_5_out_load/2 "/>
</bind>
</comp>

<comp id="132" class="1004" name="trunc_ln33_fu_132">
<pin_list>
<pin id="133" dir="0" index="0" bw="32" slack="0"/>
<pin id="134" dir="1" index="1" bw="7" slack="0"/>
</pin_list>
<bind>
<opcode="trunc(33) " fcode="trunc"/>
<opset="trunc_ln33/2 "/>
</bind>
</comp>

<comp id="136" class="1004" name="shl_ln33_fu_136">
<pin_list>
<pin id="137" dir="0" index="0" bw="32" slack="0"/>
<pin id="138" dir="0" index="1" bw="1" slack="0"/>
<pin id="139" dir="1" index="2" bw="32" slack="0"/>
</pin_list>
<bind>
<opcode="shl(20) " fcode="shl"/>
<opset="shl_ln33/2 "/>
</bind>
</comp>

<comp id="142" class="1004" name="add_ln33_fu_142">
<pin_list>
<pin id="143" dir="0" index="0" bw="32" slack="0"/>
<pin id="144" dir="0" index="1" bw="1" slack="0"/>
<pin id="145" dir="1" index="2" bw="32" slack="0"/>
</pin_list>
<bind>
<opcode="add(8) " fcode="add"/>
<opset="add_ln33/2 "/>
</bind>
</comp>

<comp id="148" class="1004" name="icmp_ln34_fu_148">
<pin_list>
<pin id="149" dir="0" index="0" bw="32" slack="0"/>
<pin id="150" dir="0" index="1" bw="5" slack="0"/>
<pin id="151" dir="1" index="2" bw="1" slack="2147483647"/>
</pin_list>
<bind>
<opcode="icmp(45) " fcode="icmp"/>
<opset="icmp_ln34/2 "/>
</bind>
</comp>

<comp id="154" class="1004" name="store_ln33_store_fu_154">
<pin_list>
<pin id="155" dir="0" index="0" bw="32" slack="0"/>
<pin id="156" dir="0" index="1" bw="32" slack="0"/>
<pin id="157" dir="1" index="2" bw="0" slack="2147483647"/>
</pin_list>
<bind>
<opcode="store(28) " fcode="store"/>
<opset="store_ln33/2 "/>
</bind>
</comp>

<comp id="160" class="1004" name="store_ln33_store_fu_160">
<pin_list>
<pin id="161" dir="0" index="0" bw="32" slack="0"/>
<pin id="162" dir="0" index="1" bw="32" slack="0"/>
<pin id="163" dir="1" index="2" bw="0" slack="2147483647"/>
</pin_list>
<bind>
<opcode="store(28) " fcode="store"/>
<opset="store_ln33/2 "/>
</bind>
</comp>

<comp id="166" class="1004" name="oi_5_out_load_load_fu_166">
<pin_list>
<pin id="167" dir="0" index="0" bw="32" slack="0"/>
<pin id="168" dir="1" index="1" bw="32" slack="0"/>
</pin_list>
<bind>
<opcode="load(27) " fcode="load"/>
<opset="oi_5_out_load/2 "/>
</bind>
</comp>

<comp id="170" class="1004" name="trunc_ln34_2_fu_170">
<pin_list>
<pin id="171" dir="0" index="0" bw="8" slack="0"/>
<pin id="172" dir="0" index="1" bw="7" slack="0"/>
<pin id="173" dir="0" index="2" bw="1" slack="0"/>
<pin id="174" dir="1" index="3" bw="8" slack="0"/>
</pin_list>
<bind>
<opcode="bitconcatenate(1004) " fcode="bitconcatenate"/>
<opset="trunc_ln34_2/2 "/>
</bind>
</comp>

<comp id="179" class="1004" name="add_ln34_fu_179">
<pin_list>
<pin id="180" dir="0" index="0" bw="32" slack="0"/>
<pin id="181" dir="0" index="1" bw="1" slack="0"/>
<pin id="182" dir="1" index="2" bw="32" slack="0"/>
</pin_list>
<bind>
<opcode="add(8) " fcode="add"/>
<opset="add_ln34/2 "/>
</bind>
</comp>

<comp id="185" class="1004" name="zext_ln34_fu_185">
<pin_list>
<pin id="186" dir="0" index="0" bw="32" slack="0"/>
<pin id="187" dir="1" index="1" bw="64" slack="0"/>
</pin_list>
<bind>
<opcode="zext(34) " fcode="zext"/>
<opset="zext_ln34/2 "/>
</bind>
</comp>

<comp id="190" class="1004" name="store_ln34_store_fu_190">
<pin_list>
<pin id="191" dir="0" index="0" bw="32" slack="0"/>
<pin id="192" dir="0" index="1" bw="32" slack="0"/>
<pin id="193" dir="1" index="2" bw="0" slack="2147483647"/>
</pin_list>
<bind>
<opcode="store(28) " fcode="store"/>
<opset="store_ln34/2 "/>
</bind>
</comp>

<comp id="196" class="1004" name="store_ln0_store_fu_196">
<pin_list>
<pin id="197" dir="0" index="0" bw="1" slack="0"/>
<pin id="198" dir="0" index="1" bw="32" slack="0"/>
<pin id="199" dir="1" index="2" bw="0" slack="2147483647"/>
</pin_list>
<bind>
<opcode="store(28) " fcode="store"/>
<opset="store_ln0/2 "/>
</bind>
</comp>

<comp id="202" class="1004" name="store_ln0_store_fu_202">
<pin_list>
<pin id="203" dir="0" index="0" bw="1" slack="0"/>
<pin id="204" dir="0" index="1" bw="32" slack="0"/>
<pin id="205" dir="1" index="2" bw="0" slack="2147483647"/>
</pin_list>
<bind>
<opcode="store(28) " fcode="store"/>
<opset="store_ln0/2 "/>
</bind>
</comp>

<comp id="208" class="1005" name="empty_reg_208">
<pin_list>
<pin id="209" dir="0" index="0" bw="32" slack="0"/>
<pin id="210" dir="1" index="1" bw="32" slack="0"/>
</pin_list>
<bind>
<opset="empty "/>
</bind>
</comp>

</comp_list>

<net_list>
<net id="43"><net_src comp="16" pin="0"/><net_sink comp="40" pin=0"/></net>

<net id="48"><net_src comp="18" pin="0"/><net_sink comp="44" pin=0"/></net>

<net id="49"><net_src comp="6" pin="0"/><net_sink comp="44" pin=1"/></net>

<net id="54"><net_src comp="18" pin="0"/><net_sink comp="50" pin=0"/></net>

<net id="55"><net_src comp="4" pin="0"/><net_sink comp="50" pin=1"/></net>

<net id="60"><net_src comp="18" pin="0"/><net_sink comp="56" pin=0"/></net>

<net id="61"><net_src comp="2" pin="0"/><net_sink comp="56" pin=1"/></net>

<net id="66"><net_src comp="18" pin="0"/><net_sink comp="62" pin=0"/></net>

<net id="67"><net_src comp="0" pin="0"/><net_sink comp="62" pin=1"/></net>

<net id="73"><net_src comp="8" pin="0"/><net_sink comp="68" pin=0"/></net>

<net id="74"><net_src comp="38" pin="0"/><net_sink comp="68" pin=1"/></net>

<net id="80"><net_src comp="68" pin="3"/><net_sink comp="75" pin=0"/></net>

<net id="85"><net_src comp="62" pin="2"/><net_sink comp="81" pin=0"/></net>

<net id="86"><net_src comp="10" pin="0"/><net_sink comp="81" pin=1"/></net>

<net id="91"><net_src comp="56" pin="2"/><net_sink comp="87" pin=0"/></net>

<net id="92"><net_src comp="12" pin="0"/><net_sink comp="87" pin=1"/></net>

<net id="97"><net_src comp="50" pin="2"/><net_sink comp="93" pin=0"/></net>

<net id="98"><net_src comp="14" pin="0"/><net_sink comp="93" pin=1"/></net>

<net id="103"><net_src comp="44" pin="2"/><net_sink comp="99" pin=0"/></net>

<net id="111"><net_src comp="104" pin="1"/><net_sink comp="107" pin=0"/></net>

<net id="112"><net_src comp="20" pin="0"/><net_sink comp="107" pin=1"/></net>

<net id="117"><net_src comp="104" pin="1"/><net_sink comp="113" pin=0"/></net>

<net id="118"><net_src comp="22" pin="0"/><net_sink comp="113" pin=1"/></net>

<net id="123"><net_src comp="113" pin="2"/><net_sink comp="119" pin=0"/></net>

<net id="127"><net_src comp="14" pin="0"/><net_sink comp="124" pin=0"/></net>

<net id="131"><net_src comp="12" pin="0"/><net_sink comp="128" pin=0"/></net>

<net id="135"><net_src comp="124" pin="1"/><net_sink comp="132" pin=0"/></net>

<net id="140"><net_src comp="124" pin="1"/><net_sink comp="136" pin=0"/></net>

<net id="141"><net_src comp="16" pin="0"/><net_sink comp="136" pin=1"/></net>

<net id="146"><net_src comp="128" pin="1"/><net_sink comp="142" pin=0"/></net>

<net id="147"><net_src comp="16" pin="0"/><net_sink comp="142" pin=1"/></net>

<net id="152"><net_src comp="142" pin="2"/><net_sink comp="148" pin=0"/></net>

<net id="153"><net_src comp="32" pin="0"/><net_sink comp="148" pin=1"/></net>

<net id="158"><net_src comp="142" pin="2"/><net_sink comp="154" pin=0"/></net>

<net id="159"><net_src comp="12" pin="0"/><net_sink comp="154" pin=1"/></net>

<net id="164"><net_src comp="136" pin="2"/><net_sink comp="160" pin=0"/></net>

<net id="165"><net_src comp="14" pin="0"/><net_sink comp="160" pin=1"/></net>

<net id="169"><net_src comp="10" pin="0"/><net_sink comp="166" pin=0"/></net>

<net id="175"><net_src comp="34" pin="0"/><net_sink comp="170" pin=0"/></net>

<net id="176"><net_src comp="132" pin="1"/><net_sink comp="170" pin=1"/></net>

<net id="177"><net_src comp="36" pin="0"/><net_sink comp="170" pin=2"/></net>

<net id="178"><net_src comp="170" pin="3"/><net_sink comp="75" pin=1"/></net>

<net id="183"><net_src comp="166" pin="1"/><net_sink comp="179" pin=0"/></net>

<net id="184"><net_src comp="16" pin="0"/><net_sink comp="179" pin=1"/></net>

<net id="188"><net_src comp="166" pin="1"/><net_sink comp="185" pin=0"/></net>

<net id="189"><net_src comp="185" pin="1"/><net_sink comp="68" pin=2"/></net>

<net id="194"><net_src comp="179" pin="2"/><net_sink comp="190" pin=0"/></net>

<net id="195"><net_src comp="10" pin="0"/><net_sink comp="190" pin=1"/></net>

<net id="200"><net_src comp="20" pin="0"/><net_sink comp="196" pin=0"/></net>

<net id="201"><net_src comp="12" pin="0"/><net_sink comp="196" pin=1"/></net>

<net id="206"><net_src comp="20" pin="0"/><net_sink comp="202" pin=0"/></net>

<net id="207"><net_src comp="14" pin="0"/><net_sink comp="202" pin=1"/></net>

<net id="211"><net_src comp="40" pin="1"/><net_sink comp="208" pin=0"/></net>

<net id="212"><net_src comp="208" pin="1"/><net_sink comp="99" pin=1"/></net>

<net id="213"><net_src comp="208" pin="1"/><net_sink comp="104" pin=0"/></net>

<net id="214"><net_src comp="208" pin="1"/><net_sink comp="119" pin=1"/></net>

</net_list>

</model> 
---------------- Datapath Model END ------------------

* FSMD analyzer results:
  - Output states:
	Port: out_r | {2 }
	Port: oi_5_out | {1 2 }
	Port: nb_5_out | {1 2 }
	Port: ob_5_out | {1 2 }
 - Input state : 
	Port: encode_bit_Pipeline_VITIS_LOOP_53_2 : oi_5_ph | {1 }
	Port: encode_bit_Pipeline_VITIS_LOOP_53_2 : nb_5_ph | {1 }
	Port: encode_bit_Pipeline_VITIS_LOOP_53_2 : ob_5_ph | {1 }
	Port: encode_bit_Pipeline_VITIS_LOOP_53_2 : pending_0 | {1 }
	Port: encode_bit_Pipeline_VITIS_LOOP_53_2 : oi_5_out | {2 }
	Port: encode_bit_Pipeline_VITIS_LOOP_53_2 : nb_5_out | {2 }
	Port: encode_bit_Pipeline_VITIS_LOOP_53_2 : ob_5_out | {2 }
  - Chain level:
	State 1
		p_load : 1
		icmp_ln53 : 2
		br_ln53 : 3
		add_ln53 : 2
		store_ln53 : 3
	State 2
		trunc_ln33 : 1
		shl_ln33 : 1
		add_ln33 : 1
		icmp_ln34 : 2
		br_ln34 : 3
		store_ln33 : 2
		store_ln33 : 1
		trunc_ln34_2 : 2
		add_ln34 : 1
		zext_ln34 : 1
		out_addr : 2
		store_ln34 : 3
		store_ln34 : 2


============================================================
+ Verbose Summary: Datapath Resource usage 
============================================================

* Functional unit list:
|----------|---------------------------|---------|---------|
| Operation|      Functional Unit      |    FF   |   LUT   |
|----------|---------------------------|---------|---------|
|          |      add_ln53_fu_113      |    0    |    39   |
|    add   |      add_ln33_fu_142      |    0    |    39   |
|          |      add_ln34_fu_179      |    0    |    39   |
|----------|---------------------------|---------|---------|
|   icmp   |      icmp_ln53_fu_107     |    0    |    39   |
|          |      icmp_ln34_fu_148     |    0    |    39   |
|----------|---------------------------|---------|---------|
|          | pending_0_read_read_fu_44 |    0    |    0    |
|   read   |  ob_5_ph_read_read_fu_50  |    0    |    0    |
|          |  nb_5_ph_read_read_fu_56  |    0    |    0    |
|          |  oi_5_ph_read_read_fu_62  |    0    |    0    |
|----------|---------------------------|---------|---------|
|   trunc  |     trunc_ln33_fu_132     |    0    |    0    |
|----------|---------------------------|---------|---------|
|    shl   |      shl_ln33_fu_136      |    0    |    0    |
|----------|---------------------------|---------|---------|
|bitconcatenate|    trunc_ln34_2_fu_170    |    0    |    0    |
|----------|---------------------------|---------|---------|
|   zext   |      zext_ln34_fu_185     |    0    |    0    |
|----------|---------------------------|---------|---------|
|   Total  |                           |    0    |   195   |
|----------|---------------------------|---------|---------|

Memories:
N/A

* Register list:
+-------------+--------+
|             |   FF   |
+-------------+--------+
|empty_reg_208|   32   |
+-------------+--------+
|    Total    |   32   |
+-------------+--------+

* Multiplexer (MUX) list: 
|--------|------|------|------|--------|
|  Comp  |  Pin | Size |  BW  | S x BW |
|--------|------|------|------|--------|
|  Total |      |      |      |    0   |
|--------|------|------|------|--------|



* Summary:
+-----------+--------+--------+
|           |   FF   |   LUT  |
+-----------+--------+--------+
|  Function |    0   |   195  |
|   Memory  |    -   |    -   |
|Multiplexer|    -   |    -   |
|  Register |   32   |    -   |
+-----------+--------+--------+
|   Total   |   32   |   195  |
+-----------+--------+--------+
