
****** v++ v2025.2.1 (64-bit)
  **** SW Build 6397637 on 2026-03-13-19:08:05
  **** Start of session at: Sat Aug  1 19:33:53 2026
    ** Copyright 1986-2022 Xilinx, Inc. All Rights Reserved.
    ** Copyright 2022-2026 Advanced Micro Devices, Inc. All Rights Reserved.

  **** HLS Build v2025.2.1 6397637
INFO: [HLS 200-2005] Using work_dir /home/sadat-kabir/Work/COMP4601/labs/Project/comp4601-project/replication_full/hls/work_k8_report 
INFO: [HLS 200-2176] Writing Vitis IDE component file /home/sadat-kabir/Work/COMP4601/labs/Project/comp4601-project/replication_full/hls/work_k8_report/vitis-comp.json
INFO: [HLS 200-10] Creating and opening component '/home/sadat-kabir/Work/COMP4601/labs/Project/comp4601-project/replication_full/hls/work_k8_report'.
INFO: [HLS 200-1505] Using default flow_target 'vivado'
Resolution: For help on HLS 200-1505 see docs.amd.com/access/sources/dita/topic?Doc_Version=2025.2%20English&url=ug1448-hls-guidance&resourceid=200-1505.html
INFO: [HLS 200-2174] Applying component config ini file synth_k8.cfg
INFO: [HLS 200-1465] Applying config ini 'syn.file=arith5.cpp' from synth_k8.cfg(8)
INFO: [HLS 200-10] Adding design file '/home/sadat-kabir/Work/COMP4601/labs/Project/comp4601-project/replication_full/hls/arith5.cpp' to the project
INFO: [HLS 200-1465] Applying config ini 'syn.file=arith3.h' from synth_k8.cfg(9)
INFO: [HLS 200-10] Adding design file '/home/sadat-kabir/Work/COMP4601/labs/Project/comp4601-project/replication_full/hls/arith3.h' to the project
INFO: [HLS 200-1465] Applying config ini 'syn.cflags=-DKWAY=8' from synth_k8.cfg(10)
INFO: [HLS 200-1465] Applying config ini 'syn.top=arith_encode' from synth_k8.cfg(7)
INFO: [HLS 200-1465] Applying config ini 'flow_target=vitis' from synth_k8.cfg(4)
INFO: [HLS 200-1505] Using flow_target 'vitis'
Resolution: For help on HLS 200-1505 see docs.amd.com/access/sources/dita/topic?Doc_Version=2025.2%20English&url=ug1448-hls-guidance&resourceid=200-1505.html
INFO: [HLS 200-435] Setting 'flow_target=vitis' configuration: config_interface -m_axi_latency=64
INFO: [HLS 200-435] Setting 'flow_target=vitis' configuration: config_interface -m_axi_alignment_byte_size=64
INFO: [HLS 200-435] Setting 'flow_target=vitis' configuration: config_interface -m_axi_max_widen_bitwidth=512
INFO: [HLS 200-435] Setting 'flow_target=vitis' configuration: config_rtl -register_reset_num=3
INFO: [HLS 200-1465] Applying config ini 'part=xck26-sfvc784-2LV-c' from synth_k8.cfg(1)
INFO: [HLS 200-1611] Setting target device to 'xck26-sfvc784-2LV-c'
INFO: [HLS 200-1465] Applying config ini 'clock=5ns' from synth_k8.cfg(11)
INFO: [SYN 201-201] Setting up clock 'default' with a period of 5ns.
INFO: [HLS 200-1465] Applying config ini 'package.output.format=xo' from synth_k8.cfg(5)
INFO: [HLS 200-2176] Writing Vitis IDE component file /home/sadat-kabir/Work/COMP4601/labs/Project/comp4601-project/replication_full/hls/work_k8_report/vitis-comp.json
INFO: [HLS 200-111] Finished File checks and directory preparation: CPU user time: 1.1 seconds. CPU system time: 1.02 seconds. Elapsed time: 2.93 seconds; current allocated memory: 263.609 MB.
INFO: [HLS 200-2191] C-Synthesis will use clang-16 as the compiler
INFO: [HLS 200-10] Analyzing design file 'arith5.cpp' ... 
INFO: [HLS 200-111] Finished Source Code Analysis and Preprocessing: CPU user time: 0.27 seconds. CPU system time: 0.45 seconds. Elapsed time: 1.03 seconds; current allocated memory: 265.395 MB.
INFO: [HLS 200-777] Using interface defaults for 'Vitis' flow target.
INFO: [HLS 200-1995] There were 971 instructions in the design after the 'Compile/Link' phase of compilation. See the Design Size Report for more details (/home/sadat-kabir/Work/COMP4601/labs/Project/comp4601-project/replication_full/hls/work_k8_report/hls/syn/report/csynth_design_size.rpt:2)
INFO: [HLS 200-1995] There were 6,334 instructions in the design after the 'Unroll/Inline (step 1)' phase of compilation. See the Design Size Report for more details (/home/sadat-kabir/Work/COMP4601/labs/Project/comp4601-project/replication_full/hls/work_k8_report/hls/syn/report/csynth_design_size.rpt:2)
INFO: [HLS 200-1995] There were 5,611 instructions in the design after the 'Unroll/Inline (step 2)' phase of compilation. See the Design Size Report for more details (/home/sadat-kabir/Work/COMP4601/labs/Project/comp4601-project/replication_full/hls/work_k8_report/hls/syn/report/csynth_design_size.rpt:2)
INFO: [HLS 200-1995] There were 5,213 instructions in the design after the 'Unroll/Inline (step 3)' phase of compilation. See the Design Size Report for more details (/home/sadat-kabir/Work/COMP4601/labs/Project/comp4601-project/replication_full/hls/work_k8_report/hls/syn/report/csynth_design_size.rpt:2)
INFO: [HLS 200-1995] There were 5,435 instructions in the design after the 'Unroll/Inline (step 4)' phase of compilation. See the Design Size Report for more details (/home/sadat-kabir/Work/COMP4601/labs/Project/comp4601-project/replication_full/hls/work_k8_report/hls/syn/report/csynth_design_size.rpt:2)
INFO: [HLS 200-1995] There were 5,711 instructions in the design after the 'Array/Struct (step 1)' phase of compilation. See the Design Size Report for more details (/home/sadat-kabir/Work/COMP4601/labs/Project/comp4601-project/replication_full/hls/work_k8_report/hls/syn/report/csynth_design_size.rpt:2)
INFO: [HLS 200-1995] There were 5,678 instructions in the design after the 'Array/Struct (step 2)' phase of compilation. See the Design Size Report for more details (/home/sadat-kabir/Work/COMP4601/labs/Project/comp4601-project/replication_full/hls/work_k8_report/hls/syn/report/csynth_design_size.rpt:2)
INFO: [HLS 200-1995] There were 5,678 instructions in the design after the 'Array/Struct (step 3)' phase of compilation. See the Design Size Report for more details (/home/sadat-kabir/Work/COMP4601/labs/Project/comp4601-project/replication_full/hls/work_k8_report/hls/syn/report/csynth_design_size.rpt:2)
INFO: [HLS 200-1995] There were 5,678 instructions in the design after the 'Array/Struct (step 4)' phase of compilation. See the Design Size Report for more details (/home/sadat-kabir/Work/COMP4601/labs/Project/comp4601-project/replication_full/hls/work_k8_report/hls/syn/report/csynth_design_size.rpt:2)
INFO: [HLS 200-1995] There were 5,778 instructions in the design after the 'Array/Struct (step 5)' phase of compilation. See the Design Size Report for more details (/home/sadat-kabir/Work/COMP4601/labs/Project/comp4601-project/replication_full/hls/work_k8_report/hls/syn/report/csynth_design_size.rpt:2)
INFO: [HLS 200-1995] There were 5,774 instructions in the design after the 'Performance (step 1)' phase of compilation. See the Design Size Report for more details (/home/sadat-kabir/Work/COMP4601/labs/Project/comp4601-project/replication_full/hls/work_k8_report/hls/syn/report/csynth_design_size.rpt:2)
INFO: [HLS 200-1995] There were 5,732 instructions in the design after the 'Performance (step 2)' phase of compilation. See the Design Size Report for more details (/home/sadat-kabir/Work/COMP4601/labs/Project/comp4601-project/replication_full/hls/work_k8_report/hls/syn/report/csynth_design_size.rpt:2)
INFO: [HLS 200-1995] There were 5,684 instructions in the design after the 'Performance (step 3)' phase of compilation. See the Design Size Report for more details (/home/sadat-kabir/Work/COMP4601/labs/Project/comp4601-project/replication_full/hls/work_k8_report/hls/syn/report/csynth_design_size.rpt:2)
INFO: [HLS 200-1995] There were 5,684 instructions in the design after the 'Performance (step 4)' phase of compilation. See the Design Size Report for more details (/home/sadat-kabir/Work/COMP4601/labs/Project/comp4601-project/replication_full/hls/work_k8_report/hls/syn/report/csynth_design_size.rpt:2)
INFO: [HLS 200-1995] There were 5,696 instructions in the design after the 'HW Transforms (step 1)' phase of compilation. See the Design Size Report for more details (/home/sadat-kabir/Work/COMP4601/labs/Project/comp4601-project/replication_full/hls/work_k8_report/hls/syn/report/csynth_design_size.rpt:2)
INFO: [HLS 200-1995] There were 5,872 instructions in the design after the 'HW Transforms (step 2)' phase of compilation. See the Design Size Report for more details (/home/sadat-kabir/Work/COMP4601/labs/Project/comp4601-project/replication_full/hls/work_k8_report/hls/syn/report/csynth_design_size.rpt:2)
INFO: [HLS 214-186] Unrolling loop 'Encode_K' (arith5.cpp:72:5) in function 'arith_encode' completely with a factor of 8 (arith5.cpp:39:0)
WARNING: [HLS 214-366] Duplicating function 'encode_bit(unsigned int&, unsigned int&, unsigned int&, unsigned int&, int&, unsigned char*, int&, unsigned int&, int)' as different function signatures were detected between this call site and other call site(s). This may impact the resources used in the design. (arith5.cpp:26:13)
INFO: [HLS 214-178] Inlining function 'put_bit(int, unsigned int&, int&, unsigned char*, int&)' into 'encode_bit(unsigned int&, unsigned int&, unsigned int&, unsigned int&, int&, unsigned char*, int&, unsigned int&, int)' (./arith3.h:40:0)
INFO: [HLS 214-178] Inlining function 'put_bit(int, unsigned int&, int&, unsigned char*, int&)' into 'encode_bit(unsigned int&, unsigned int&, unsigned int&, unsigned int&, int&, unsigned char*, int&, unsigned int&, int) (.1)' (./arith3.h:40:0)
INFO: [HLS 214-178] Inlining function 'put_bit(int, unsigned int&, int&, unsigned char*, int&)' into 'encode_chunk(unsigned char const*, int, unsigned char*)' (arith5.cpp:15:0)
WARNING: [HLS 214-464] Skipping array undecay on variable length array 'out'. (arith5.cpp:15:0)
INFO: [HLS 214-248] Applying array_partition to '_ZZ12arith_encodePKhiPhE4cout': Complete partitioning on dimension 1. (arith5.cpp:52:0)
INFO: [HLS 214-248] Applying array_partition to '_ZZ12arith_encodePKhiPhE3buf': Complete partitioning on dimension 1. (arith5.cpp:48:0)
INFO: [HLS 214-248] Applying array_partition to 'clen': Complete partitioning on dimension 1. (arith5.cpp:56:9)
INFO: [HLS 214-376] Pipelining loop< VITIS_LOOP_50_1> at ./arith3.h:50:30 due to pipeline_loops threshold
INFO: [HLS 214-376] Pipelining loop< VITIS_LOOP_53_2> at ./arith3.h:53:30 due to pipeline_loops threshold
INFO: [HLS 214-376] Pipelining loop< VITIS_LOOP_17_1> at arith5.cpp:17:22 due to pipeline_loops threshold
INFO: [HLS 214-376] Pipelining loop< VITIS_LOOP_33_5> at arith5.cpp:33:58 due to pipeline_loops threshold
INFO: [HLS 214-376] Pipelining loop< VITIS_LOOP_32_4> at arith5.cpp:32:105 due to pipeline_loops threshold
INFO: [HLS 214-376] Pipelining loop< VITIS_LOOP_66_1> at arith5.cpp:66:26 due to pipeline_loops threshold
INFO: [HLS 214-376] Pipelining loop< Header> at arith5.cpp:83:5 due to pipeline_loops threshold
INFO: [HLS 214-376] Pipelining loop< VITIS_LOOP_89_2> at arith5.cpp:89:26 due to pipeline_loops threshold
INFO: [HLS 214-437] Disabling loop flattening for loop 'VITIS_LOOP_21_2'. (arith5.cpp:21:22)
INFO: [HLS 214-115] Multiple burst reads of variable length and bit width 8 in loop 'VITIS_LOOP_66_1'(arith5.cpp:66:26) has been inferred on bundle 'gmem0'. These burst requests might be further partitioned into multiple requests during RTL generation, based on max_read_burst_length or max_write_burst_length settings. (arith5.cpp:66:26)
INFO: [HLS 200-111] Finished Compiling Optimization and Transform: CPU user time: 2.46 seconds. CPU system time: 0.73 seconds. Elapsed time: 7.52 seconds; current allocated memory: 268.258 MB.
INFO: [HLS 200-111] Finished Checking Pragmas: CPU user time: 0 seconds. CPU system time: 0 seconds. Elapsed time: 0 seconds; current allocated memory: 268.258 MB.
INFO: [HLS 200-10] Starting code transformations ...
INFO: [HLS 200-111] Finished Standard Transforms: CPU user time: 0.04 seconds. CPU system time: 0.01 seconds. Elapsed time: 0.07 seconds; current allocated memory: 268.797 MB.
INFO: [HLS 200-10] Checking synthesizability ...
INFO: [HLS 200-111] Finished Checking Synthesizability: CPU user time: 0.03 seconds. CPU system time: 0 seconds. Elapsed time: 0.04 seconds; current allocated memory: 269.488 MB.
INFO: [XFORM 203-401] Performing if-conversion on hyperblock from (./arith3.h:38:41) to (./arith3.h:47:23) in function 'encode_bit'... converting 3 basic blocks.
INFO: [HLS 200-111] Finished Loop, function and other optimizations: CPU user time: 0.15 seconds. CPU system time: 0.01 seconds. Elapsed time: 0.17 seconds; current allocated memory: 292.555 MB.
INFO: [HLS 200-111] Finished Architecture Synthesis: CPU user time: 0.2 seconds. CPU system time: 0.04 seconds. Elapsed time: 0.24 seconds; current allocated memory: 408.637 MB.
INFO: [HLS 200-10] Starting hardware synthesis ...
INFO: [HLS 200-10] Synthesizing 'arith_encode' ...
WARNING: [SYN 201-103] Legalizing function name 'encode_bit.1_Pipeline_VITIS_LOOP_53_2' to 'encode_bit_1_Pipeline_VITIS_LOOP_53_2'.
WARNING: [SYN 201-103] Legalizing function name 'encode_bit.1_Pipeline_VITIS_LOOP_50_1' to 'encode_bit_1_Pipeline_VITIS_LOOP_50_1'.
WARNING: [SYN 201-103] Legalizing function name 'encode_bit.1' to 'encode_bit_1'.
INFO: [HLS 200-10] ----------------------------------------------------------------
INFO: [HLS 200-42] -- Implementing module 'arith_encode_Pipeline_VITIS_LOOP_66_1' 
INFO: [HLS 200-10] ----------------------------------------------------------------
INFO: [SCHED 204-11] Starting scheduling ...
INFO: [SCHED 204-61] Pipelining loop 'VITIS_LOOP_66_1'.
INFO: [HLS 200-1470] Pipelining result : Target II = NA, Final II = 1, Depth = 3, loop 'VITIS_LOOP_66_1'
INFO: [SCHED 204-11] Finished scheduling.
INFO: [HLS 200-111] Finished Scheduling: CPU user time: 0.03 seconds. CPU system time: 0.03 seconds. Elapsed time: 0.08 seconds; current allocated memory: 410.098 MB.
INFO: [BIND 205-100] Starting micro-architecture generation ...
INFO: [BIND 205-101] Performing variable lifetime analysis.
INFO: [BIND 205-101] Exploring resource sharing.
INFO: [BIND 205-101] Binding ...
INFO: [BIND 205-100] Finished micro-architecture generation.
INFO: [HLS 200-111] Finished Binding: CPU user time: 0.01 seconds. CPU system time: 0 seconds. Elapsed time: 0.02 seconds; current allocated memory: 410.098 MB.
INFO: [HLS 200-10] ----------------------------------------------------------------
INFO: [HLS 200-42] -- Implementing module 'encode_chunk_Pipeline_VITIS_LOOP_17_1' 
INFO: [HLS 200-10] ----------------------------------------------------------------
INFO: [SCHED 204-11] Starting scheduling ...
INFO: [SCHED 204-61] Pipelining loop 'VITIS_LOOP_17_1'.
INFO: [HLS 200-1470] Pipelining result : Target II = NA, Final II = 1, Depth = 1, loop 'VITIS_LOOP_17_1'
INFO: [SCHED 204-11] Finished scheduling.
INFO: [HLS 200-111] Finished Scheduling: CPU user time: 0.02 seconds. CPU system time: 0 seconds. Elapsed time: 0.01 seconds; current allocated memory: 410.133 MB.
INFO: [BIND 205-100] Starting micro-architecture generation ...
INFO: [BIND 205-101] Performing variable lifetime analysis.
INFO: [BIND 205-101] Exploring resource sharing.
INFO: [BIND 205-101] Binding ...
INFO: [BIND 205-100] Finished micro-architecture generation.
INFO: [HLS 200-111] Finished Binding: CPU user time: 0.01 seconds. CPU system time: 0.01 seconds. Elapsed time: 0.01 seconds; current allocated memory: 410.133 MB.
INFO: [HLS 200-10] ----------------------------------------------------------------
INFO: [HLS 200-42] -- Implementing module 'encode_bit_Pipeline_VITIS_LOOP_53_2' 
INFO: [HLS 200-10] ----------------------------------------------------------------
INFO: [SCHED 204-11] Starting scheduling ...
INFO: [SCHED 204-61] Pipelining loop 'VITIS_LOOP_53_2'.
INFO: [HLS 200-1470] Pipelining result : Target II = NA, Final II = 1, Depth = 2, loop 'VITIS_LOOP_53_2'
INFO: [SCHED 204-11] Finished scheduling.
INFO: [HLS 200-111] Finished Scheduling: CPU user time: 0.01 seconds. CPU system time: 0 seconds. Elapsed time: 0.02 seconds; current allocated memory: 410.523 MB.
INFO: [BIND 205-100] Starting micro-architecture generation ...
INFO: [BIND 205-101] Performing variable lifetime analysis.
INFO: [BIND 205-101] Exploring resource sharing.
INFO: [BIND 205-101] Binding ...
INFO: [BIND 205-100] Finished micro-architecture generation.
INFO: [HLS 200-111] Finished Binding: CPU user time: 0.01 seconds. CPU system time: 0 seconds. Elapsed time: 0.01 seconds; current allocated memory: 410.523 MB.
INFO: [HLS 200-10] ----------------------------------------------------------------
INFO: [HLS 200-42] -- Implementing module 'encode_bit_Pipeline_VITIS_LOOP_50_1' 
INFO: [HLS 200-10] ----------------------------------------------------------------
INFO: [SCHED 204-11] Starting scheduling ...
INFO: [SCHED 204-61] Pipelining loop 'VITIS_LOOP_50_1'.
INFO: [HLS 200-1470] Pipelining result : Target II = NA, Final II = 1, Depth = 2, loop 'VITIS_LOOP_50_1'
INFO: [SCHED 204-11] Finished scheduling.
INFO: [HLS 200-111] Finished Scheduling: CPU user time: 0.01 seconds. CPU system time: 0.01 seconds. Elapsed time: 0.02 seconds; current allocated memory: 410.871 MB.
INFO: [BIND 205-100] Starting micro-architecture generation ...
INFO: [BIND 205-101] Performing variable lifetime analysis.
INFO: [BIND 205-101] Exploring resource sharing.
INFO: [BIND 205-101] Binding ...
INFO: [BIND 205-100] Finished micro-architecture generation.
INFO: [HLS 200-111] Finished Binding: CPU user time: 0.01 seconds. CPU system time: 0 seconds. Elapsed time: 0.01 seconds; current allocated memory: 410.871 MB.
INFO: [HLS 200-10] ----------------------------------------------------------------
INFO: [HLS 200-42] -- Implementing module 'encode_bit' 
INFO: [HLS 200-10] ----------------------------------------------------------------
INFO: [SCHED 204-11] Starting scheduling ...
INFO: [SCHED 204-11] Finished scheduling.
INFO: [HLS 200-111] Finished Scheduling: CPU user time: 0.04 seconds. CPU system time: 0 seconds. Elapsed time: 0.04 seconds; current allocated memory: 412.527 MB.
INFO: [BIND 205-100] Starting micro-architecture generation ...
INFO: [BIND 205-101] Performing variable lifetime analysis.
INFO: [BIND 205-101] Exploring resource sharing.
INFO: [BIND 205-101] Binding ...
INFO: [BIND 205-100] Finished micro-architecture generation.
INFO: [HLS 200-111] Finished Binding: CPU user time: 0.01 seconds. CPU system time: 0 seconds. Elapsed time: 0.02 seconds; current allocated memory: 412.527 MB.
INFO: [HLS 200-10] ----------------------------------------------------------------
INFO: [HLS 200-42] -- Implementing module 'encode_bit_1_Pipeline_VITIS_LOOP_53_2' 
INFO: [HLS 200-10] ----------------------------------------------------------------
INFO: [SCHED 204-11] Starting scheduling ...
INFO: [SCHED 204-61] Pipelining loop 'VITIS_LOOP_53_2'.
INFO: [HLS 200-1470] Pipelining result : Target II = NA, Final II = 1, Depth = 2, loop 'VITIS_LOOP_53_2'
INFO: [SCHED 204-11] Finished scheduling.
INFO: [HLS 200-111] Finished Scheduling: CPU user time: 0.02 seconds. CPU system time: 0.01 seconds. Elapsed time: 0.02 seconds; current allocated memory: 412.527 MB.
INFO: [BIND 205-100] Starting micro-architecture generation ...
INFO: [BIND 205-101] Performing variable lifetime analysis.
INFO: [BIND 205-101] Exploring resource sharing.
INFO: [BIND 205-101] Binding ...
INFO: [BIND 205-100] Finished micro-architecture generation.
INFO: [HLS 200-111] Finished Binding: CPU user time: 0.01 seconds. CPU system time: 0 seconds. Elapsed time: 0.01 seconds; current allocated memory: 412.527 MB.
INFO: [HLS 200-10] ----------------------------------------------------------------
INFO: [HLS 200-42] -- Implementing module 'encode_bit_1_Pipeline_VITIS_LOOP_50_1' 
INFO: [HLS 200-10] ----------------------------------------------------------------
INFO: [SCHED 204-11] Starting scheduling ...
INFO: [SCHED 204-61] Pipelining loop 'VITIS_LOOP_50_1'.
INFO: [HLS 200-1470] Pipelining result : Target II = NA, Final II = 1, Depth = 2, loop 'VITIS_LOOP_50_1'
INFO: [SCHED 204-11] Finished scheduling.
INFO: [HLS 200-111] Finished Scheduling: CPU user time: 0.01 seconds. CPU system time: 0 seconds. Elapsed time: 0.02 seconds; current allocated memory: 412.625 MB.
INFO: [BIND 205-100] Starting micro-architecture generation ...
INFO: [BIND 205-101] Performing variable lifetime analysis.
INFO: [BIND 205-101] Exploring resource sharing.
INFO: [BIND 205-101] Binding ...
INFO: [BIND 205-100] Finished micro-architecture generation.
INFO: [HLS 200-111] Finished Binding: CPU user time: 0.01 seconds. CPU system time: 0 seconds. Elapsed time: 0 seconds; current allocated memory: 412.625 MB.
INFO: [HLS 200-10] ----------------------------------------------------------------
INFO: [HLS 200-42] -- Implementing module 'encode_bit_1' 
INFO: [HLS 200-10] ----------------------------------------------------------------
INFO: [SCHED 204-11] Starting scheduling ...
INFO: [SCHED 204-11] Finished scheduling.
INFO: [HLS 200-111] Finished Scheduling: CPU user time: 0.03 seconds. CPU system time: 0 seconds. Elapsed time: 0.04 seconds; current allocated memory: 414.184 MB.
INFO: [BIND 205-100] Starting micro-architecture generation ...
INFO: [BIND 205-101] Performing variable lifetime analysis.
INFO: [BIND 205-101] Exploring resource sharing.
INFO: [BIND 205-101] Binding ...
INFO: [BIND 205-100] Finished micro-architecture generation.
INFO: [HLS 200-111] Finished Binding: CPU user time: 0.02 seconds. CPU system time: 0.01 seconds. Elapsed time: 0.02 seconds; current allocated memory: 414.184 MB.
INFO: [HLS 200-10] ----------------------------------------------------------------
INFO: [HLS 200-42] -- Implementing module 'encode_chunk_Pipeline_VITIS_LOOP_33_5' 
INFO: [HLS 200-10] ----------------------------------------------------------------
INFO: [SCHED 204-11] Starting scheduling ...
INFO: [SCHED 204-61] Pipelining loop 'VITIS_LOOP_33_5'.
INFO: [HLS 200-1470] Pipelining result : Target II = NA, Final II = 1, Depth = 2, loop 'VITIS_LOOP_33_5'
INFO: [SCHED 204-11] Finished scheduling.
INFO: [HLS 200-111] Finished Scheduling: CPU user time: 0.02 seconds. CPU system time: 0 seconds. Elapsed time: 0.02 seconds; current allocated memory: 414.184 MB.
INFO: [BIND 205-100] Starting micro-architecture generation ...
INFO: [BIND 205-101] Performing variable lifetime analysis.
INFO: [BIND 205-101] Exploring resource sharing.
INFO: [BIND 205-101] Binding ...
INFO: [BIND 205-100] Finished micro-architecture generation.
INFO: [HLS 200-111] Finished Binding: CPU user time: 0.01 seconds. CPU system time: 0 seconds. Elapsed time: 0.01 seconds; current allocated memory: 414.184 MB.
INFO: [HLS 200-10] ----------------------------------------------------------------
INFO: [HLS 200-42] -- Implementing module 'encode_chunk_Pipeline_VITIS_LOOP_32_4' 
INFO: [HLS 200-10] ----------------------------------------------------------------
INFO: [SCHED 204-11] Starting scheduling ...
INFO: [SCHED 204-61] Pipelining loop 'VITIS_LOOP_32_4'.
INFO: [HLS 200-1470] Pipelining result : Target II = NA, Final II = 1, Depth = 2, loop 'VITIS_LOOP_32_4'
INFO: [SCHED 204-11] Finished scheduling.
INFO: [HLS 200-111] Finished Scheduling: CPU user time: 0.01 seconds. CPU system time: 0 seconds. Elapsed time: 0.02 seconds; current allocated memory: 414.410 MB.
INFO: [BIND 205-100] Starting micro-architecture generation ...
INFO: [BIND 205-101] Performing variable lifetime analysis.
INFO: [BIND 205-101] Exploring resource sharing.
INFO: [BIND 205-101] Binding ...
INFO: [BIND 205-100] Finished micro-architecture generation.
INFO: [HLS 200-111] Finished Binding: CPU user time: 0.01 seconds. CPU system time: 0.01 seconds. Elapsed time: 0.01 seconds; current allocated memory: 414.410 MB.
INFO: [HLS 200-10] ----------------------------------------------------------------
INFO: [HLS 200-42] -- Implementing module 'encode_chunk' 
INFO: [HLS 200-10] ----------------------------------------------------------------
INFO: [SCHED 204-11] Starting scheduling ...
INFO: [SCHED 204-11] Finished scheduling.
INFO: [HLS 200-111] Finished Scheduling: CPU user time: 0.04 seconds. CPU system time: 0 seconds. Elapsed time: 0.04 seconds; current allocated memory: 416.297 MB.
INFO: [BIND 205-100] Starting micro-architecture generation ...
INFO: [BIND 205-101] Performing variable lifetime analysis.
INFO: [BIND 205-101] Exploring resource sharing.
INFO: [BIND 205-101] Binding ...
INFO: [BIND 205-100] Finished micro-architecture generation.
INFO: [HLS 200-111] Finished Binding: CPU user time: 0.02 seconds. CPU system time: 0 seconds. Elapsed time: 0.02 seconds; current allocated memory: 416.297 MB.
INFO: [HLS 200-10] ----------------------------------------------------------------
INFO: [HLS 200-42] -- Implementing module 'arith_encode_Pipeline_Header' 
INFO: [HLS 200-10] ----------------------------------------------------------------
INFO: [SCHED 204-11] Starting scheduling ...
INFO: [SCHED 204-61] Pipelining loop 'Header'.
INFO: [HLS 200-1470] Pipelining result : Target II = NA, Final II = 1, Depth = 2, loop 'Header'
INFO: [SCHED 204-11] Finished scheduling.
INFO: [HLS 200-111] Finished Scheduling: CPU user time: 0.02 seconds. CPU system time: 0 seconds. Elapsed time: 0.02 seconds; current allocated memory: 416.297 MB.
INFO: [BIND 205-100] Starting micro-architecture generation ...
INFO: [BIND 205-101] Performing variable lifetime analysis.
INFO: [BIND 205-101] Exploring resource sharing.
INFO: [BIND 205-101] Binding ...
INFO: [BIND 205-100] Finished micro-architecture generation.
INFO: [HLS 200-111] Finished Binding: CPU user time: 0.01 seconds. CPU system time: 0 seconds. Elapsed time: 0.01 seconds; current allocated memory: 416.297 MB.
INFO: [HLS 200-10] ----------------------------------------------------------------
INFO: [HLS 200-42] -- Implementing module 'arith_encode_Pipeline_VITIS_LOOP_89_2' 
INFO: [HLS 200-10] ----------------------------------------------------------------
INFO: [SCHED 204-11] Starting scheduling ...
INFO: [SCHED 204-61] Pipelining loop 'VITIS_LOOP_89_2'.
INFO: [HLS 200-1470] Pipelining result : Target II = NA, Final II = 1, Depth = 71, loop 'VITIS_LOOP_89_2'
INFO: [SCHED 204-11] Finished scheduling.
INFO: [HLS 200-111] Finished Scheduling: CPU user time: 0.02 seconds. CPU system time: 0 seconds. Elapsed time: 0.03 seconds; current allocated memory: 416.379 MB.
INFO: [BIND 205-100] Starting micro-architecture generation ...
INFO: [BIND 205-101] Performing variable lifetime analysis.
INFO: [BIND 205-101] Exploring resource sharing.
INFO: [BIND 205-101] Binding ...
INFO: [BIND 205-100] Finished micro-architecture generation.
INFO: [HLS 200-111] Finished Binding: CPU user time: 0.02 seconds. CPU system time: 0.01 seconds. Elapsed time: 0.02 seconds; current allocated memory: 416.379 MB.
INFO: [HLS 200-10] ----------------------------------------------------------------
INFO: [HLS 200-42] -- Implementing module 'arith_encode' 
INFO: [HLS 200-10] ----------------------------------------------------------------
INFO: [SCHED 204-11] Starting scheduling ...
INFO: [SCHED 204-11] Finished scheduling.
INFO: [HLS 200-111] Finished Scheduling: CPU user time: 0.05 seconds. CPU system time: 0 seconds. Elapsed time: 0.06 seconds; current allocated memory: 418.371 MB.
INFO: [BIND 205-100] Starting micro-architecture generation ...
INFO: [BIND 205-101] Performing variable lifetime analysis.
INFO: [BIND 205-101] Exploring resource sharing.
INFO: [BIND 205-101] Binding ...
INFO: [BIND 205-100] Finished micro-architecture generation.
INFO: [HLS 200-111] Finished Binding: CPU user time: 0.04 seconds. CPU system time: 0 seconds. Elapsed time: 0.05 seconds; current allocated memory: 418.371 MB.
INFO: [HLS 200-10] ----------------------------------------------------------------
INFO: [HLS 200-10] -- Generating RTL for module 'arith_encode_Pipeline_VITIS_LOOP_66_1' 
INFO: [HLS 200-10] ----------------------------------------------------------------
INFO: [HLS 200-1030] Apply Unified Pipeline Control on module 'arith_encode_Pipeline_VITIS_LOOP_66_1' pipeline 'VITIS_LOOP_66_1' pipeline type 'loop pipeline'
WARNING: [RTGEN 206-101] Setting dangling out port 'arith_encode_Pipeline_VITIS_LOOP_66_1/m_axi_gmem0_0_ARVALID' to 0.
WARNING: [RTGEN 206-101] Setting dangling out port 'arith_encode_Pipeline_VITIS_LOOP_66_1/m_axi_gmem0_0_ARADDR' to 0.
WARNING: [RTGEN 206-101] Setting dangling out port 'arith_encode_Pipeline_VITIS_LOOP_66_1/m_axi_gmem0_0_ARID' to 0.
WARNING: [RTGEN 206-101] Setting dangling out port 'arith_encode_Pipeline_VITIS_LOOP_66_1/m_axi_gmem0_0_ARLEN' to 0.
WARNING: [RTGEN 206-101] Setting dangling out port 'arith_encode_Pipeline_VITIS_LOOP_66_1/m_axi_gmem0_0_ARSIZE' to 0.
WARNING: [RTGEN 206-101] Setting dangling out port 'arith_encode_Pipeline_VITIS_LOOP_66_1/m_axi_gmem0_0_ARBURST' to 0.
WARNING: [RTGEN 206-101] Setting dangling out port 'arith_encode_Pipeline_VITIS_LOOP_66_1/m_axi_gmem0_0_ARLOCK' to 0.
WARNING: [RTGEN 206-101] Setting dangling out port 'arith_encode_Pipeline_VITIS_LOOP_66_1/m_axi_gmem0_0_ARCACHE' to 0.
WARNING: [RTGEN 206-101] Setting dangling out port 'arith_encode_Pipeline_VITIS_LOOP_66_1/m_axi_gmem0_0_ARPROT' to 0.
WARNING: [RTGEN 206-101] Setting dangling out port 'arith_encode_Pipeline_VITIS_LOOP_66_1/m_axi_gmem0_0_ARQOS' to 0.
WARNING: [RTGEN 206-101] Setting dangling out port 'arith_encode_Pipeline_VITIS_LOOP_66_1/m_axi_gmem0_0_ARREGION' to 0.
WARNING: [RTGEN 206-101] Setting dangling out port 'arith_encode_Pipeline_VITIS_LOOP_66_1/m_axi_gmem0_0_ARUSER' to 0.
INFO: [RTGEN 206-100] Finished creating RTL model for 'arith_encode_Pipeline_VITIS_LOOP_66_1'.
INFO: [HLS 200-111] Finished Creating RTL model: CPU user time: 0.06 seconds. CPU system time: 0.01 seconds. Elapsed time: 0.07 seconds; current allocated memory: 418.371 MB.
INFO: [HLS 200-10] ----------------------------------------------------------------
INFO: [HLS 200-10] -- Generating RTL for module 'encode_chunk_Pipeline_VITIS_LOOP_17_1' 
INFO: [HLS 200-10] ----------------------------------------------------------------
INFO: [RTGEN 206-100] Finished creating RTL model for 'encode_chunk_Pipeline_VITIS_LOOP_17_1'.
INFO: [HLS 200-111] Finished Creating RTL model: CPU user time: 0.03 seconds. CPU system time: 0.01 seconds. Elapsed time: 0.05 seconds; current allocated memory: 419.594 MB.
INFO: [HLS 200-10] ----------------------------------------------------------------
INFO: [HLS 200-10] -- Generating RTL for module 'encode_bit_Pipeline_VITIS_LOOP_53_2' 
INFO: [HLS 200-10] ----------------------------------------------------------------
INFO: [HLS 200-1030] Apply Unified Pipeline Control on module 'encode_bit_Pipeline_VITIS_LOOP_53_2' pipeline 'VITIS_LOOP_53_2' pipeline type 'loop pipeline'
INFO: [RTGEN 206-100] Finished creating RTL model for 'encode_bit_Pipeline_VITIS_LOOP_53_2'.
INFO: [HLS 200-111] Finished Creating RTL model: CPU user time: 0.03 seconds. CPU system time: 0.01 seconds. Elapsed time: 0.03 seconds; current allocated memory: 419.988 MB.
INFO: [HLS 200-10] ----------------------------------------------------------------
INFO: [HLS 200-10] -- Generating RTL for module 'encode_bit_Pipeline_VITIS_LOOP_50_1' 
INFO: [HLS 200-10] ----------------------------------------------------------------
INFO: [HLS 200-1030] Apply Unified Pipeline Control on module 'encode_bit_Pipeline_VITIS_LOOP_50_1' pipeline 'VITIS_LOOP_50_1' pipeline type 'loop pipeline'
INFO: [RTGEN 206-100] Finished creating RTL model for 'encode_bit_Pipeline_VITIS_LOOP_50_1'.
INFO: [HLS 200-111] Finished Creating RTL model: CPU user time: 0.03 seconds. CPU system time: 0 seconds. Elapsed time: 0.03 seconds; current allocated memory: 421.109 MB.
INFO: [HLS 200-10] ----------------------------------------------------------------
INFO: [HLS 200-10] -- Generating RTL for module 'encode_bit' 
INFO: [HLS 200-10] ----------------------------------------------------------------
INFO: [RTGEN 206-100] Generating core module 'mul_32s_32s_32_1_1': 1 instance(s).
INFO: [RTGEN 206-100] Finished creating RTL model for 'encode_bit'.
INFO: [HLS 200-111] Finished Creating RTL model: CPU user time: 0.04 seconds. CPU system time: 0.01 seconds. Elapsed time: 0.05 seconds; current allocated memory: 422.996 MB.
INFO: [HLS 200-10] ----------------------------------------------------------------
INFO: [HLS 200-10] -- Generating RTL for module 'encode_bit_1_Pipeline_VITIS_LOOP_53_2' 
INFO: [HLS 200-10] ----------------------------------------------------------------
INFO: [HLS 200-1030] Apply Unified Pipeline Control on module 'encode_bit_1_Pipeline_VITIS_LOOP_53_2' pipeline 'VITIS_LOOP_53_2' pipeline type 'loop pipeline'
INFO: [RTGEN 206-100] Finished creating RTL model for 'encode_bit_1_Pipeline_VITIS_LOOP_53_2'.
INFO: [HLS 200-111] Finished Creating RTL model: CPU user time: 0.05 seconds. CPU system time: 0.01 seconds. Elapsed time: 0.07 seconds; current allocated memory: 427.191 MB.
INFO: [HLS 200-10] ----------------------------------------------------------------
INFO: [HLS 200-10] -- Generating RTL for module 'encode_bit_1_Pipeline_VITIS_LOOP_50_1' 
INFO: [HLS 200-10] ----------------------------------------------------------------
INFO: [HLS 200-1030] Apply Unified Pipeline Control on module 'encode_bit_1_Pipeline_VITIS_LOOP_50_1' pipeline 'VITIS_LOOP_50_1' pipeline type 'loop pipeline'
INFO: [RTGEN 206-100] Finished creating RTL model for 'encode_bit_1_Pipeline_VITIS_LOOP_50_1'.
INFO: [HLS 200-111] Finished Creating RTL model: CPU user time: 0.03 seconds. CPU system time: 0.01 seconds. Elapsed time: 0.03 seconds; current allocated memory: 427.191 MB.
INFO: [HLS 200-10] ----------------------------------------------------------------
INFO: [HLS 200-10] -- Generating RTL for module 'encode_bit_1' 
INFO: [HLS 200-10] ----------------------------------------------------------------
INFO: [RTGEN 206-100] Generating core module 'mul_32s_32s_32_1_1': 1 instance(s).
INFO: [RTGEN 206-100] Finished creating RTL model for 'encode_bit_1'.
INFO: [HLS 200-111] Finished Creating RTL model: CPU user time: 0.03 seconds. CPU system time: 0.01 seconds. Elapsed time: 0.05 seconds; current allocated memory: 428.590 MB.
INFO: [HLS 200-10] ----------------------------------------------------------------
INFO: [HLS 200-10] -- Generating RTL for module 'encode_chunk_Pipeline_VITIS_LOOP_33_5' 
INFO: [HLS 200-10] ----------------------------------------------------------------
INFO: [HLS 200-1030] Apply Unified Pipeline Control on module 'encode_chunk_Pipeline_VITIS_LOOP_33_5' pipeline 'VITIS_LOOP_33_5' pipeline type 'loop pipeline'
INFO: [RTGEN 206-100] Finished creating RTL model for 'encode_chunk_Pipeline_VITIS_LOOP_33_5'.
INFO: [HLS 200-111] Finished Creating RTL model: CPU user time: 0.06 seconds. CPU system time: 0.01 seconds. Elapsed time: 0.06 seconds; current allocated memory: 431.691 MB.
INFO: [HLS 200-10] ----------------------------------------------------------------
INFO: [HLS 200-10] -- Generating RTL for module 'encode_chunk_Pipeline_VITIS_LOOP_32_4' 
INFO: [HLS 200-10] ----------------------------------------------------------------
INFO: [HLS 200-1030] Apply Unified Pipeline Control on module 'encode_chunk_Pipeline_VITIS_LOOP_32_4' pipeline 'VITIS_LOOP_32_4' pipeline type 'loop pipeline'
INFO: [RTGEN 206-100] Finished creating RTL model for 'encode_chunk_Pipeline_VITIS_LOOP_32_4'.
INFO: [HLS 200-111] Finished Creating RTL model: CPU user time: 0.03 seconds. CPU system time: 0.01 seconds. Elapsed time: 0.04 seconds; current allocated memory: 432.398 MB.
INFO: [HLS 200-10] ----------------------------------------------------------------
INFO: [HLS 200-10] -- Generating RTL for module 'encode_chunk' 
INFO: [HLS 200-10] ----------------------------------------------------------------
INFO: [RTGEN 206-100] Finished creating RTL model for 'encode_chunk'.
INFO: [RTMG 210-278] Implementing memory 'arith_encode_encode_chunk_tree_RAM_AUTO_1R1W' using auto RAMs.
INFO: [HLS 200-111] Finished Creating RTL model: CPU user time: 0.04 seconds. CPU system time: 0.01 seconds. Elapsed time: 0.05 seconds; current allocated memory: 434.582 MB.
INFO: [HLS 200-10] ----------------------------------------------------------------
INFO: [HLS 200-10] -- Generating RTL for module 'arith_encode_Pipeline_Header' 
INFO: [HLS 200-10] ----------------------------------------------------------------
INFO: [HLS 200-1030] Apply Unified Pipeline Control on module 'arith_encode_Pipeline_Header' pipeline 'Header' pipeline type 'loop pipeline'
INFO: [RTGEN 206-100] Generating core module 'sparsemux_17_3_16_1_1': 1 instance(s).
INFO: [RTGEN 206-100] Finished creating RTL model for 'arith_encode_Pipeline_Header'.
INFO: [HLS 200-111] Finished Creating RTL model: CPU user time: 0.05 seconds. CPU system time: 0.02 seconds. Elapsed time: 0.07 seconds; current allocated memory: 439.066 MB.
INFO: [HLS 200-10] ----------------------------------------------------------------
INFO: [HLS 200-10] -- Generating RTL for module 'arith_encode_Pipeline_VITIS_LOOP_89_2' 
INFO: [HLS 200-10] ----------------------------------------------------------------
INFO: [HLS 200-1030] Apply Unified Pipeline Control on module 'arith_encode_Pipeline_VITIS_LOOP_89_2' pipeline 'VITIS_LOOP_89_2' pipeline type 'loop pipeline'
INFO: [RTGEN 206-100] Generating core module 'sparsemux_17_3_8_1_1': 1 instance(s).
INFO: [RTGEN 206-100] Finished creating RTL model for 'arith_encode_Pipeline_VITIS_LOOP_89_2'.
INFO: [HLS 200-111] Finished Creating RTL model: CPU user time: 0.05 seconds. CPU system time: 0 seconds. Elapsed time: 0.06 seconds; current allocated memory: 439.773 MB.
INFO: [HLS 200-10] ----------------------------------------------------------------
INFO: [HLS 200-10] -- Generating RTL for module 'arith_encode' 
INFO: [HLS 200-10] ----------------------------------------------------------------
WARNING: [RTGEN 206-101] Design contains AXI ports. Reset is fixed to synchronous and active low.
INFO: [RTGEN 206-500] Setting interface mode on port 'arith_encode/gmem0' to 'm_axi'.
INFO: [RTGEN 206-500] Setting interface mode on port 'arith_encode/gmem1' to 'm_axi'.
INFO: [RTGEN 206-500] Setting interface mode on port 'arith_encode/in_r' to 's_axilite & ap_none'.
INFO: [RTGEN 206-500] Setting interface mode on port 'arith_encode/n' to 's_axilite & ap_none'.
INFO: [RTGEN 206-500] Setting interface mode on port 'arith_encode/out_r' to 's_axilite & ap_none'.
INFO: [RTGEN 206-500] Setting interface mode on function 'arith_encode' to 's_axilite & ap_ctrl_chain'.
INFO: [RTGEN 206-100] Bundling port 'return', 'in_r', 'n' and 'out_r' to AXI-Lite port control.
INFO: [RTGEN 206-100] Generating core module 'mul_4ns_30s_33_1_1': 1 instance(s).
INFO: [RTGEN 206-100] Generating core module 'sparsemux_17_3_32_1_1': 1 instance(s).
INFO: [RTGEN 206-100] Finished creating RTL model for 'arith_encode'.
INFO: [RTMG 210-278] Implementing memory 'arith_encode_arith_encode_unsigned_char_const_int_unsigned_char_buf_RAM_AUTO_1R1W' using auto RAMs.
INFO: [HLS 200-111] Finished Creating RTL model: CPU user time: 0.12 seconds. CPU system time: 0.02 seconds. Elapsed time: 0.14 seconds; current allocated memory: 446.812 MB.
INFO: [HLS 200-111] Finished Generating all RTL models: CPU user time: 0.29 seconds. CPU system time: 0.05 seconds. Elapsed time: 0.35 seconds; current allocated memory: 451.758 MB.
INFO: [HLS 200-1603] Design has inferred MAXI bursts and missed bursts, see Vitis HLS GUI synthesis summary report for detailed information.
INFO: [HLS 200-2225] Wrote inferred directives to file /home/sadat-kabir/Work/COMP4601/labs/Project/comp4601-project/replication_full/hls/work_k8_report/hls/syn/inferred_directives.ini
INFO: [HLS 200-111] Finished Updating report files: CPU user time: 0.68 seconds. CPU system time: 0.1 seconds. Elapsed time: 0.79 seconds; current allocated memory: 463.539 MB.
INFO: [VHDL 208-304] Generating VHDL RTL for arith_encode.
INFO: [VLOG 209-307] Generating Verilog RTL for arith_encode.
INFO: [HLS 200-790] **** Loop Constraint Status: All loop constraints were satisfied.
INFO: [HLS 200-789] **** Estimated Fmax: 273.97 MHz
INFO: [HLS 200-112] Total CPU user time: 6.44 seconds. Total CPU system time: 2.65 seconds. Total elapsed time: 14.63 seconds; peak allocated memory: 463.539 MB.
INFO: [v++ 60-791] Total elapsed time: 0h 0m 18s
