

================================================================
== Vitis HLS Report for 'arith_encode_Pipeline_VITIS_LOOP_89_2'
================================================================
* Date:           Sat Aug  1 19:34:10 2026

* Version:        2025.2.1 (Build 6397637 on Mar 18 2026)
* Project:        work_k8_report
* Solution:       hls (Vitis Kernel Flow Target)
* Product family: zynquplus
* Target device:  xck26-sfvc784-2LV-c


================================================================
== Performance Estimates
================================================================
+ Timing: 
    * Summary: 
    +--------+---------+----------+------------+
    |  Clock |  Target | Estimated| Uncertainty|
    +--------+---------+----------+------------+
    |ap_clk  |  5.00 ns|  3.650 ns|     1.35 ns|
    +--------+---------+----------+------------+

+ Latency: 
    * Summary: 
    +---------+---------+----------+----------+-----+-----+-------------------+
    |  Latency (cycles) |  Latency (absolute) |  Interval |      Pipeline     |
    |   min   |   max   |    min   |    max   | min | max |        Type       |
    +---------+---------+----------+----------+-----+-----+-------------------+
    |        ?|        ?|         ?|         ?|    0|    0|  loop pipeline stp|
    +---------+---------+----------+----------+-----+-----+-------------------+

    + Detail: 
        * Instance: 
        N/A

        * Loop: 
        +-------------------+---------+---------+----------+-----------+-----------+------+----------+
        |                   |  Latency (cycles) | Iteration|  Initiation Interval  | Trip |          |
        |     Loop Name     |   min   |   max   |  Latency |  achieved |   target  | Count| Pipelined|
        +-------------------+---------+---------+----------+-----------+-----------+------+----------+
        |- VITIS_LOOP_89_2  |        ?|        ?|        71|          1|          1|     ?|       yes|
        +-------------------+---------+---------+----------+-----------+-----------+------+----------+



================================================================
== Utilization Estimates
================================================================
* Summary: 
+-----------------+---------+------+--------+--------+-----+
|       Name      | BRAM_18K|  DSP |   FF   |   LUT  | URAM|
+-----------------+---------+------+--------+--------+-----+
|DSP              |        -|     -|       -|       -|    -|
|Expression       |        -|     -|       0|     652|    -|
|FIFO             |        -|     -|       -|       -|    -|
|Instance         |        -|     -|       0|      43|    -|
|Memory           |        -|     -|       -|       -|    -|
|Multiplexer      |        -|     -|       0|      63|    -|
|Register         |        -|     -|     380|       -|    -|
+-----------------+---------+------+--------+--------+-----+
|Total            |        0|     0|     380|     758|    0|
+-----------------+---------+------+--------+--------+-----+
|Available        |      288|  1248|  234240|  117120|   64|
+-----------------+---------+------+--------+--------+-----+
|Utilization (%)  |        0|     0|      ~0|      ~0|    0|
+-----------------+---------+------+--------+--------+-----+

+ Detail: 
    * Instance: 
    +---------------------------+----------------------+---------+----+---+----+-----+
    |          Instance         |        Module        | BRAM_18K| DSP| FF| LUT| URAM|
    +---------------------------+----------------------+---------+----+---+----+-----+
    |sparsemux_17_3_8_1_1_U100  |sparsemux_17_3_8_1_1  |        0|   0|  0|  43|    0|
    +---------------------------+----------------------+---------+----+---+----+-----+
    |Total                      |                      |        0|   0|  0|  43|    0|
    +---------------------------+----------------------+---------+----+---+----+-----+

    * DSP: 
    N/A

    * Memory: 
    N/A

    * FIFO: 
    N/A

    * Expression: 
    +--------------------------------+----------+----+---+-----+------------+------------+
    |          Variable Name         | Operation| DSP| FF| LUT | Bitwidth P0| Bitwidth P1|
    +--------------------------------+----------+----+---+-----+------------+------------+
    |add_ln89_1_fu_309_p2            |         +|   0|  0|   71|          64|          64|
    |add_ln89_2_fu_277_p2            |         +|   0|  0|   38|          31|           1|
    |add_ln89_fu_299_p2              |         +|   0|  0|   40|          33|          33|
    |ap_block_pp0_stage0_01001_grp1  |       and|   0|  0|    2|           1|           1|
    |icmp_ln89_fu_271_p2             |      icmp|   0|  0|   39|          32|          32|
    |ap_block_pp0_stage0_11001       |        or|   0|  0|    2|           1|           1|
    |shl_ln89_2_fu_397_p2            |       shl|   0|  0|  423|         128|         128|
    |shl_ln89_fu_380_p2              |       shl|   0|  0|   35|           1|          16|
    |ap_enable_pp0                   |       xor|   0|  0|    2|           1|           2|
    +--------------------------------+----------+----+---+-----+------------+------------+
    |Total                           |          |   0|  0|  652|         292|         278|
    +--------------------------------+----------+----+---+-----+------------+------------+

    * Multiplexer: 
    +-------------------------+----+-----------+-----+-----------+
    |           Name          | LUT| Input Size| Bits| Total Bits|
    +-------------------------+----+-----------+-----+-----------+
    |ap_done_int              |   9|          2|    1|          2|
    |ap_enable_reg_pp0_iter1  |   9|          2|    1|          2|
    |ap_sig_allocacmp_i       |   9|          2|   31|         62|
    |gmem1_blk_n_AW           |   9|          2|    1|          2|
    |gmem1_blk_n_B            |   9|          2|    1|          2|
    |gmem1_blk_n_W            |   9|          2|    1|          2|
    |i_1_fu_104               |   9|          2|   31|         62|
    +-------------------------+----+-----------+-----+-----------+
    |Total                    |  63|         14|   67|        134|
    +-------------------------+----+-----------+-----+-----------+

    * Register: 
    +-----------------------------------+-----+----+-----+-----------+
    |                Name               |  FF | LUT| Bits| Const Bits|
    +-----------------------------------+-----+----+-----+-----------+
    |ap_CS_fsm                          |    1|   0|    1|          0|
    |ap_done_reg                        |    1|   0|    1|          0|
    |ap_enable_reg_pp0_iter1            |    1|   0|    1|          0|
    |ap_enable_reg_pp0_iter10           |    1|   0|    1|          0|
    |ap_enable_reg_pp0_iter11           |    1|   0|    1|          0|
    |ap_enable_reg_pp0_iter12           |    1|   0|    1|          0|
    |ap_enable_reg_pp0_iter13           |    1|   0|    1|          0|
    |ap_enable_reg_pp0_iter14           |    1|   0|    1|          0|
    |ap_enable_reg_pp0_iter15           |    1|   0|    1|          0|
    |ap_enable_reg_pp0_iter16           |    1|   0|    1|          0|
    |ap_enable_reg_pp0_iter17           |    1|   0|    1|          0|
    |ap_enable_reg_pp0_iter18           |    1|   0|    1|          0|
    |ap_enable_reg_pp0_iter19           |    1|   0|    1|          0|
    |ap_enable_reg_pp0_iter2            |    1|   0|    1|          0|
    |ap_enable_reg_pp0_iter20           |    1|   0|    1|          0|
    |ap_enable_reg_pp0_iter21           |    1|   0|    1|          0|
    |ap_enable_reg_pp0_iter22           |    1|   0|    1|          0|
    |ap_enable_reg_pp0_iter23           |    1|   0|    1|          0|
    |ap_enable_reg_pp0_iter24           |    1|   0|    1|          0|
    |ap_enable_reg_pp0_iter25           |    1|   0|    1|          0|
    |ap_enable_reg_pp0_iter26           |    1|   0|    1|          0|
    |ap_enable_reg_pp0_iter27           |    1|   0|    1|          0|
    |ap_enable_reg_pp0_iter28           |    1|   0|    1|          0|
    |ap_enable_reg_pp0_iter29           |    1|   0|    1|          0|
    |ap_enable_reg_pp0_iter3            |    1|   0|    1|          0|
    |ap_enable_reg_pp0_iter30           |    1|   0|    1|          0|
    |ap_enable_reg_pp0_iter31           |    1|   0|    1|          0|
    |ap_enable_reg_pp0_iter32           |    1|   0|    1|          0|
    |ap_enable_reg_pp0_iter33           |    1|   0|    1|          0|
    |ap_enable_reg_pp0_iter34           |    1|   0|    1|          0|
    |ap_enable_reg_pp0_iter35           |    1|   0|    1|          0|
    |ap_enable_reg_pp0_iter36           |    1|   0|    1|          0|
    |ap_enable_reg_pp0_iter37           |    1|   0|    1|          0|
    |ap_enable_reg_pp0_iter38           |    1|   0|    1|          0|
    |ap_enable_reg_pp0_iter39           |    1|   0|    1|          0|
    |ap_enable_reg_pp0_iter4            |    1|   0|    1|          0|
    |ap_enable_reg_pp0_iter40           |    1|   0|    1|          0|
    |ap_enable_reg_pp0_iter41           |    1|   0|    1|          0|
    |ap_enable_reg_pp0_iter42           |    1|   0|    1|          0|
    |ap_enable_reg_pp0_iter43           |    1|   0|    1|          0|
    |ap_enable_reg_pp0_iter44           |    1|   0|    1|          0|
    |ap_enable_reg_pp0_iter45           |    1|   0|    1|          0|
    |ap_enable_reg_pp0_iter46           |    1|   0|    1|          0|
    |ap_enable_reg_pp0_iter47           |    1|   0|    1|          0|
    |ap_enable_reg_pp0_iter48           |    1|   0|    1|          0|
    |ap_enable_reg_pp0_iter49           |    1|   0|    1|          0|
    |ap_enable_reg_pp0_iter5            |    1|   0|    1|          0|
    |ap_enable_reg_pp0_iter50           |    1|   0|    1|          0|
    |ap_enable_reg_pp0_iter51           |    1|   0|    1|          0|
    |ap_enable_reg_pp0_iter52           |    1|   0|    1|          0|
    |ap_enable_reg_pp0_iter53           |    1|   0|    1|          0|
    |ap_enable_reg_pp0_iter54           |    1|   0|    1|          0|
    |ap_enable_reg_pp0_iter55           |    1|   0|    1|          0|
    |ap_enable_reg_pp0_iter56           |    1|   0|    1|          0|
    |ap_enable_reg_pp0_iter57           |    1|   0|    1|          0|
    |ap_enable_reg_pp0_iter58           |    1|   0|    1|          0|
    |ap_enable_reg_pp0_iter59           |    1|   0|    1|          0|
    |ap_enable_reg_pp0_iter6            |    1|   0|    1|          0|
    |ap_enable_reg_pp0_iter60           |    1|   0|    1|          0|
    |ap_enable_reg_pp0_iter61           |    1|   0|    1|          0|
    |ap_enable_reg_pp0_iter62           |    1|   0|    1|          0|
    |ap_enable_reg_pp0_iter63           |    1|   0|    1|          0|
    |ap_enable_reg_pp0_iter64           |    1|   0|    1|          0|
    |ap_enable_reg_pp0_iter65           |    1|   0|    1|          0|
    |ap_enable_reg_pp0_iter66           |    1|   0|    1|          0|
    |ap_enable_reg_pp0_iter67           |    1|   0|    1|          0|
    |ap_enable_reg_pp0_iter68           |    1|   0|    1|          0|
    |ap_enable_reg_pp0_iter69           |    1|   0|    1|          0|
    |ap_enable_reg_pp0_iter7            |    1|   0|    1|          0|
    |ap_enable_reg_pp0_iter70           |    1|   0|    1|          0|
    |ap_enable_reg_pp0_iter8            |    1|   0|    1|          0|
    |ap_enable_reg_pp0_iter9            |    1|   0|    1|          0|
    |ap_loop_exit_ready_pp0_iter10_reg  |    1|   0|    1|          0|
    |ap_loop_exit_ready_pp0_iter11_reg  |    1|   0|    1|          0|
    |ap_loop_exit_ready_pp0_iter12_reg  |    1|   0|    1|          0|
    |ap_loop_exit_ready_pp0_iter13_reg  |    1|   0|    1|          0|
    |ap_loop_exit_ready_pp0_iter14_reg  |    1|   0|    1|          0|
    |ap_loop_exit_ready_pp0_iter15_reg  |    1|   0|    1|          0|
    |ap_loop_exit_ready_pp0_iter16_reg  |    1|   0|    1|          0|
    |ap_loop_exit_ready_pp0_iter17_reg  |    1|   0|    1|          0|
    |ap_loop_exit_ready_pp0_iter18_reg  |    1|   0|    1|          0|
    |ap_loop_exit_ready_pp0_iter19_reg  |    1|   0|    1|          0|
    |ap_loop_exit_ready_pp0_iter1_reg   |    1|   0|    1|          0|
    |ap_loop_exit_ready_pp0_iter20_reg  |    1|   0|    1|          0|
    |ap_loop_exit_ready_pp0_iter21_reg  |    1|   0|    1|          0|
    |ap_loop_exit_ready_pp0_iter22_reg  |    1|   0|    1|          0|
    |ap_loop_exit_ready_pp0_iter23_reg  |    1|   0|    1|          0|
    |ap_loop_exit_ready_pp0_iter24_reg  |    1|   0|    1|          0|
    |ap_loop_exit_ready_pp0_iter25_reg  |    1|   0|    1|          0|
    |ap_loop_exit_ready_pp0_iter26_reg  |    1|   0|    1|          0|
    |ap_loop_exit_ready_pp0_iter27_reg  |    1|   0|    1|          0|
    |ap_loop_exit_ready_pp0_iter28_reg  |    1|   0|    1|          0|
    |ap_loop_exit_ready_pp0_iter29_reg  |    1|   0|    1|          0|
    |ap_loop_exit_ready_pp0_iter2_reg   |    1|   0|    1|          0|
    |ap_loop_exit_ready_pp0_iter30_reg  |    1|   0|    1|          0|
    |ap_loop_exit_ready_pp0_iter31_reg  |    1|   0|    1|          0|
    |ap_loop_exit_ready_pp0_iter32_reg  |    1|   0|    1|          0|
    |ap_loop_exit_ready_pp0_iter33_reg  |    1|   0|    1|          0|
    |ap_loop_exit_ready_pp0_iter34_reg  |    1|   0|    1|          0|
    |ap_loop_exit_ready_pp0_iter35_reg  |    1|   0|    1|          0|
    |ap_loop_exit_ready_pp0_iter36_reg  |    1|   0|    1|          0|
    |ap_loop_exit_ready_pp0_iter37_reg  |    1|   0|    1|          0|
    |ap_loop_exit_ready_pp0_iter38_reg  |    1|   0|    1|          0|
    |ap_loop_exit_ready_pp0_iter39_reg  |    1|   0|    1|          0|
    |ap_loop_exit_ready_pp0_iter3_reg   |    1|   0|    1|          0|
    |ap_loop_exit_ready_pp0_iter40_reg  |    1|   0|    1|          0|
    |ap_loop_exit_ready_pp0_iter41_reg  |    1|   0|    1|          0|
    |ap_loop_exit_ready_pp0_iter42_reg  |    1|   0|    1|          0|
    |ap_loop_exit_ready_pp0_iter43_reg  |    1|   0|    1|          0|
    |ap_loop_exit_ready_pp0_iter44_reg  |    1|   0|    1|          0|
    |ap_loop_exit_ready_pp0_iter45_reg  |    1|   0|    1|          0|
    |ap_loop_exit_ready_pp0_iter46_reg  |    1|   0|    1|          0|
    |ap_loop_exit_ready_pp0_iter47_reg  |    1|   0|    1|          0|
    |ap_loop_exit_ready_pp0_iter48_reg  |    1|   0|    1|          0|
    |ap_loop_exit_ready_pp0_iter49_reg  |    1|   0|    1|          0|
    |ap_loop_exit_ready_pp0_iter4_reg   |    1|   0|    1|          0|
    |ap_loop_exit_ready_pp0_iter50_reg  |    1|   0|    1|          0|
    |ap_loop_exit_ready_pp0_iter51_reg  |    1|   0|    1|          0|
    |ap_loop_exit_ready_pp0_iter52_reg  |    1|   0|    1|          0|
    |ap_loop_exit_ready_pp0_iter53_reg  |    1|   0|    1|          0|
    |ap_loop_exit_ready_pp0_iter54_reg  |    1|   0|    1|          0|
    |ap_loop_exit_ready_pp0_iter55_reg  |    1|   0|    1|          0|
    |ap_loop_exit_ready_pp0_iter56_reg  |    1|   0|    1|          0|
    |ap_loop_exit_ready_pp0_iter57_reg  |    1|   0|    1|          0|
    |ap_loop_exit_ready_pp0_iter58_reg  |    1|   0|    1|          0|
    |ap_loop_exit_ready_pp0_iter59_reg  |    1|   0|    1|          0|
    |ap_loop_exit_ready_pp0_iter5_reg   |    1|   0|    1|          0|
    |ap_loop_exit_ready_pp0_iter60_reg  |    1|   0|    1|          0|
    |ap_loop_exit_ready_pp0_iter61_reg  |    1|   0|    1|          0|
    |ap_loop_exit_ready_pp0_iter62_reg  |    1|   0|    1|          0|
    |ap_loop_exit_ready_pp0_iter63_reg  |    1|   0|    1|          0|
    |ap_loop_exit_ready_pp0_iter64_reg  |    1|   0|    1|          0|
    |ap_loop_exit_ready_pp0_iter65_reg  |    1|   0|    1|          0|
    |ap_loop_exit_ready_pp0_iter66_reg  |    1|   0|    1|          0|
    |ap_loop_exit_ready_pp0_iter67_reg  |    1|   0|    1|          0|
    |ap_loop_exit_ready_pp0_iter68_reg  |    1|   0|    1|          0|
    |ap_loop_exit_ready_pp0_iter69_reg  |    1|   0|    1|          0|
    |ap_loop_exit_ready_pp0_iter6_reg   |    1|   0|    1|          0|
    |ap_loop_exit_ready_pp0_iter7_reg   |    1|   0|    1|          0|
    |ap_loop_exit_ready_pp0_iter8_reg   |    1|   0|    1|          0|
    |ap_loop_exit_ready_pp0_iter9_reg   |    1|   0|    1|          0|
    |i_1_fu_104                         |   31|   0|   31|          0|
    |shl_ln89_2_reg_485                 |  128|   0|  128|          0|
    |shl_ln89_reg_480                   |   16|   0|   16|          0|
    |trunc_ln89_1_reg_475               |   60|   0|   60|          0|
    |trunc_ln89_reg_469                 |    4|   0|    4|          0|
    +-----------------------------------+-----+----+-----+-----------+
    |Total                              |  380|   0|  380|          0|
    +-----------------------------------+-----+----+-----+-----------+



================================================================
== Interface
================================================================
* Summary: 
+---------------------------------------------------------------------+-----+-----+------------+------------------------------------------------------------+--------------+
|                              RTL Ports                              | Dir | Bits|  Protocol  |                        Source Object                       |    C Type    |
+---------------------------------------------------------------------+-----+-----+------------+------------------------------------------------------------+--------------+
|ap_clk                                                               |   in|    1|  ap_ctrl_hs|                       arith_encode_Pipeline_VITIS_LOOP_89_2|  return value|
|ap_rst                                                               |   in|    1|  ap_ctrl_hs|                       arith_encode_Pipeline_VITIS_LOOP_89_2|  return value|
|ap_start                                                             |   in|    1|  ap_ctrl_hs|                       arith_encode_Pipeline_VITIS_LOOP_89_2|  return value|
|ap_done                                                              |  out|    1|  ap_ctrl_hs|                       arith_encode_Pipeline_VITIS_LOOP_89_2|  return value|
|ap_idle                                                              |  out|    1|  ap_ctrl_hs|                       arith_encode_Pipeline_VITIS_LOOP_89_2|  return value|
|ap_ready                                                             |  out|    1|  ap_ctrl_hs|                       arith_encode_Pipeline_VITIS_LOOP_89_2|  return value|
|m_axi_gmem1_0_AWVALID                                                |  out|    1|       m_axi|                                                       gmem1|       pointer|
|m_axi_gmem1_0_AWREADY                                                |   in|    1|       m_axi|                                                       gmem1|       pointer|
|m_axi_gmem1_0_AWADDR                                                 |  out|   64|       m_axi|                                                       gmem1|       pointer|
|m_axi_gmem1_0_AWID                                                   |  out|    1|       m_axi|                                                       gmem1|       pointer|
|m_axi_gmem1_0_AWLEN                                                  |  out|   32|       m_axi|                                                       gmem1|       pointer|
|m_axi_gmem1_0_AWSIZE                                                 |  out|    3|       m_axi|                                                       gmem1|       pointer|
|m_axi_gmem1_0_AWBURST                                                |  out|    2|       m_axi|                                                       gmem1|       pointer|
|m_axi_gmem1_0_AWLOCK                                                 |  out|    2|       m_axi|                                                       gmem1|       pointer|
|m_axi_gmem1_0_AWCACHE                                                |  out|    4|       m_axi|                                                       gmem1|       pointer|
|m_axi_gmem1_0_AWPROT                                                 |  out|    3|       m_axi|                                                       gmem1|       pointer|
|m_axi_gmem1_0_AWQOS                                                  |  out|    4|       m_axi|                                                       gmem1|       pointer|
|m_axi_gmem1_0_AWREGION                                               |  out|    4|       m_axi|                                                       gmem1|       pointer|
|m_axi_gmem1_0_AWUSER                                                 |  out|    1|       m_axi|                                                       gmem1|       pointer|
|m_axi_gmem1_0_WVALID                                                 |  out|    1|       m_axi|                                                       gmem1|       pointer|
|m_axi_gmem1_0_WREADY                                                 |   in|    1|       m_axi|                                                       gmem1|       pointer|
|m_axi_gmem1_0_WDATA                                                  |  out|  128|       m_axi|                                                       gmem1|       pointer|
|m_axi_gmem1_0_WSTRB                                                  |  out|   16|       m_axi|                                                       gmem1|       pointer|
|m_axi_gmem1_0_WLAST                                                  |  out|    1|       m_axi|                                                       gmem1|       pointer|
|m_axi_gmem1_0_WID                                                    |  out|    1|       m_axi|                                                       gmem1|       pointer|
|m_axi_gmem1_0_WUSER                                                  |  out|    1|       m_axi|                                                       gmem1|       pointer|
|m_axi_gmem1_0_ARVALID                                                |  out|    1|       m_axi|                                                       gmem1|       pointer|
|m_axi_gmem1_0_ARREADY                                                |   in|    1|       m_axi|                                                       gmem1|       pointer|
|m_axi_gmem1_0_ARADDR                                                 |  out|   64|       m_axi|                                                       gmem1|       pointer|
|m_axi_gmem1_0_ARID                                                   |  out|    1|       m_axi|                                                       gmem1|       pointer|
|m_axi_gmem1_0_ARLEN                                                  |  out|   32|       m_axi|                                                       gmem1|       pointer|
|m_axi_gmem1_0_ARSIZE                                                 |  out|    3|       m_axi|                                                       gmem1|       pointer|
|m_axi_gmem1_0_ARBURST                                                |  out|    2|       m_axi|                                                       gmem1|       pointer|
|m_axi_gmem1_0_ARLOCK                                                 |  out|    2|       m_axi|                                                       gmem1|       pointer|
|m_axi_gmem1_0_ARCACHE                                                |  out|    4|       m_axi|                                                       gmem1|       pointer|
|m_axi_gmem1_0_ARPROT                                                 |  out|    3|       m_axi|                                                       gmem1|       pointer|
|m_axi_gmem1_0_ARQOS                                                  |  out|    4|       m_axi|                                                       gmem1|       pointer|
|m_axi_gmem1_0_ARREGION                                               |  out|    4|       m_axi|                                                       gmem1|       pointer|
|m_axi_gmem1_0_ARUSER                                                 |  out|    1|       m_axi|                                                       gmem1|       pointer|
|m_axi_gmem1_0_RVALID                                                 |   in|    1|       m_axi|                                                       gmem1|       pointer|
|m_axi_gmem1_0_RREADY                                                 |  out|    1|       m_axi|                                                       gmem1|       pointer|
|m_axi_gmem1_0_RDATA                                                  |   in|  128|       m_axi|                                                       gmem1|       pointer|
|m_axi_gmem1_0_RLAST                                                  |   in|    1|       m_axi|                                                       gmem1|       pointer|
|m_axi_gmem1_0_RID                                                    |   in|    1|       m_axi|                                                       gmem1|       pointer|
|m_axi_gmem1_0_RFIFONUM                                               |   in|    9|       m_axi|                                                       gmem1|       pointer|
|m_axi_gmem1_0_RUSER                                                  |   in|    1|       m_axi|                                                       gmem1|       pointer|
|m_axi_gmem1_0_RRESP                                                  |   in|    2|       m_axi|                                                       gmem1|       pointer|
|m_axi_gmem1_0_BVALID                                                 |   in|    1|       m_axi|                                                       gmem1|       pointer|
|m_axi_gmem1_0_BREADY                                                 |  out|    1|       m_axi|                                                       gmem1|       pointer|
|m_axi_gmem1_0_BRESP                                                  |   in|    2|       m_axi|                                                       gmem1|       pointer|
|m_axi_gmem1_0_BID                                                    |   in|    1|       m_axi|                                                       gmem1|       pointer|
|m_axi_gmem1_0_BUSER                                                  |   in|    1|       m_axi|                                                       gmem1|       pointer|
|tmp_9                                                                |   in|   32|     ap_none|                                                       tmp_9|        scalar|
|empty                                                                |   in|    3|     ap_none|                                                       empty|        scalar|
|sext_ln89                                                            |   in|   32|     ap_none|                                                   sext_ln89|        scalar|
|out_r                                                                |   in|   64|     ap_none|                                                       out_r|        scalar|
|arith_encode_unsigned_char_const_int_unsigned_char_cout_address0     |  out|   10|   ap_memory|     arith_encode_unsigned_char_const_int_unsigned_char_cout|         array|
|arith_encode_unsigned_char_const_int_unsigned_char_cout_ce0          |  out|    1|   ap_memory|     arith_encode_unsigned_char_const_int_unsigned_char_cout|         array|
|arith_encode_unsigned_char_const_int_unsigned_char_cout_q0           |   in|    8|   ap_memory|     arith_encode_unsigned_char_const_int_unsigned_char_cout|         array|
|arith_encode_unsigned_char_const_int_unsigned_char_cout_9_address0   |  out|   10|   ap_memory|   arith_encode_unsigned_char_const_int_unsigned_char_cout_9|         array|
|arith_encode_unsigned_char_const_int_unsigned_char_cout_9_ce0        |  out|    1|   ap_memory|   arith_encode_unsigned_char_const_int_unsigned_char_cout_9|         array|
|arith_encode_unsigned_char_const_int_unsigned_char_cout_9_q0         |   in|    8|   ap_memory|   arith_encode_unsigned_char_const_int_unsigned_char_cout_9|         array|
|arith_encode_unsigned_char_const_int_unsigned_char_cout_10_address0  |  out|   10|   ap_memory|  arith_encode_unsigned_char_const_int_unsigned_char_cout_10|         array|
|arith_encode_unsigned_char_const_int_unsigned_char_cout_10_ce0       |  out|    1|   ap_memory|  arith_encode_unsigned_char_const_int_unsigned_char_cout_10|         array|
|arith_encode_unsigned_char_const_int_unsigned_char_cout_10_q0        |   in|    8|   ap_memory|  arith_encode_unsigned_char_const_int_unsigned_char_cout_10|         array|
|arith_encode_unsigned_char_const_int_unsigned_char_cout_11_address0  |  out|   10|   ap_memory|  arith_encode_unsigned_char_const_int_unsigned_char_cout_11|         array|
|arith_encode_unsigned_char_const_int_unsigned_char_cout_11_ce0       |  out|    1|   ap_memory|  arith_encode_unsigned_char_const_int_unsigned_char_cout_11|         array|
|arith_encode_unsigned_char_const_int_unsigned_char_cout_11_q0        |   in|    8|   ap_memory|  arith_encode_unsigned_char_const_int_unsigned_char_cout_11|         array|
|arith_encode_unsigned_char_const_int_unsigned_char_cout_12_address0  |  out|   10|   ap_memory|  arith_encode_unsigned_char_const_int_unsigned_char_cout_12|         array|
|arith_encode_unsigned_char_const_int_unsigned_char_cout_12_ce0       |  out|    1|   ap_memory|  arith_encode_unsigned_char_const_int_unsigned_char_cout_12|         array|
|arith_encode_unsigned_char_const_int_unsigned_char_cout_12_q0        |   in|    8|   ap_memory|  arith_encode_unsigned_char_const_int_unsigned_char_cout_12|         array|
|arith_encode_unsigned_char_const_int_unsigned_char_cout_13_address0  |  out|   10|   ap_memory|  arith_encode_unsigned_char_const_int_unsigned_char_cout_13|         array|
|arith_encode_unsigned_char_const_int_unsigned_char_cout_13_ce0       |  out|    1|   ap_memory|  arith_encode_unsigned_char_const_int_unsigned_char_cout_13|         array|
|arith_encode_unsigned_char_const_int_unsigned_char_cout_13_q0        |   in|    8|   ap_memory|  arith_encode_unsigned_char_const_int_unsigned_char_cout_13|         array|
|arith_encode_unsigned_char_const_int_unsigned_char_cout_14_address0  |  out|   10|   ap_memory|  arith_encode_unsigned_char_const_int_unsigned_char_cout_14|         array|
|arith_encode_unsigned_char_const_int_unsigned_char_cout_14_ce0       |  out|    1|   ap_memory|  arith_encode_unsigned_char_const_int_unsigned_char_cout_14|         array|
|arith_encode_unsigned_char_const_int_unsigned_char_cout_14_q0        |   in|    8|   ap_memory|  arith_encode_unsigned_char_const_int_unsigned_char_cout_14|         array|
|arith_encode_unsigned_char_const_int_unsigned_char_cout_15_address0  |  out|   10|   ap_memory|  arith_encode_unsigned_char_const_int_unsigned_char_cout_15|         array|
|arith_encode_unsigned_char_const_int_unsigned_char_cout_15_ce0       |  out|    1|   ap_memory|  arith_encode_unsigned_char_const_int_unsigned_char_cout_15|         array|
|arith_encode_unsigned_char_const_int_unsigned_char_cout_15_q0        |   in|    8|   ap_memory|  arith_encode_unsigned_char_const_int_unsigned_char_cout_15|         array|
+---------------------------------------------------------------------+-----+-----+------------+------------------------------------------------------------+--------------+

