

================================================================
== Vitis HLS Report for 'arith_encode_Pipeline_VITIS_LOOP_66_1'
================================================================
* Date:           Sat Aug  1 19:34:10 2026

* Version:        2025.2.1 (Build 6397637 on Mar 18 2026)
* Project:        work_k8_report
* Solution:       hls (Vitis Kernel Flow Target)
* Product family: zynquplus
* Target device:  xck26-sfvc784-2LV-c


================================================================
== Performance Estimates
================================================================
+ Timing: 
    * Summary: 
    +--------+---------+----------+------------+
    |  Clock |  Target | Estimated| Uncertainty|
    +--------+---------+----------+------------+
    |ap_clk  |  5.00 ns|  3.650 ns|     1.35 ns|
    +--------+---------+----------+------------+

+ Latency: 
    * Summary: 
    +---------+-----------+-----------+-----------+-----+-----+-------------------+
    |   Latency (cycles)  |   Latency (absolute)  |  Interval |      Pipeline     |
    |   min   |    max    |    min    |    max    | min | max |        Type       |
    +---------+-----------+-----------+-----------+-----+-----+-------------------+
    |        2|  268435458|  10.000 ns|  1.342 sec|    0|    0|  loop pipeline stp|
    +---------+-----------+-----------+-----------+-----+-----+-------------------+

    + Detail: 
        * Instance: 
        N/A

        * Loop: 
        +-------------------+---------+-----------+----------+-----------+-----------+---------------+----------+
        |                   |   Latency (cycles)  | Iteration|  Initiation Interval  |      Trip     |          |
        |     Loop Name     |   min   |    max    |  Latency |  achieved |   target  |     Count     | Pipelined|
        +-------------------+---------+-----------+----------+-----------+-----------+---------------+----------+
        |- VITIS_LOOP_66_1  |        0|  268435456|         3|          1|          1|  0 ~ 268435455|       yes|
        +-------------------+---------+-----------+----------+-----------+-----------+---------------+----------+



================================================================
== Utilization Estimates
================================================================
* Summary: 
+-----------------+---------+------+--------+--------+-----+
|       Name      | BRAM_18K|  DSP |   FF   |   LUT  | URAM|
+-----------------+---------+------+--------+--------+-----+
|DSP              |        -|     -|       -|       -|    -|
|Expression       |        -|     -|       0|      59|    -|
|FIFO             |        -|     -|       -|       -|    -|
|Instance         |        -|     -|       -|       -|    -|
|Memory           |        -|     -|       -|       -|    -|
|Multiplexer      |        -|     -|       0|      45|    -|
|Register         |        -|     -|      44|       -|    -|
+-----------------+---------+------+--------+--------+-----+
|Total            |        0|     0|      44|     104|    0|
+-----------------+---------+------+--------+--------+-----+
|Available        |      288|  1248|  234240|  117120|   64|
+-----------------+---------+------+--------+--------+-----+
|Utilization (%)  |        0|     0|      ~0|      ~0|    0|
+-----------------+---------+------+--------+--------+-----+

+ Detail: 
    * Instance: 
    N/A

    * DSP: 
    N/A

    * Memory: 
    N/A

    * FIFO: 
    N/A

    * Expression: 
    +---------------------------+----------+----+---+----+------------+------------+
    |       Variable Name       | Operation| DSP| FF| LUT| Bitwidth P0| Bitwidth P1|
    +---------------------------+----------+----+---+----+------------+------------+
    |add_ln66_fu_235_p2         |         +|   0|  0|  17|          10|           1|
    |ap_block_pp0_stage0_11001  |       and|   0|  0|   2|           1|           1|
    |icmp_ln66_fu_229_p2        |      icmp|   0|  0|  38|          31|          31|
    |ap_enable_pp0              |       xor|   0|  0|   2|           1|           2|
    +---------------------------+----------+----+---+----+------------+------------+
    |Total                      |          |   0|  0|  59|          43|          35|
    +---------------------------+----------+----+---+----+------------+------------+

    * Multiplexer: 
    +-------------------------+----+-----------+-----+-----------+
    |           Name          | LUT| Input Size| Bits| Total Bits|
    +-------------------------+----+-----------+-----+-----------+
    |ap_done_int              |   9|          2|    1|          2|
    |ap_enable_reg_pp0_iter1  |   9|          2|    1|          2|
    |ap_sig_allocacmp_i_2     |   9|          2|   10|         20|
    |gmem0_blk_n_R            |   9|          2|    1|          2|
    |i_fu_86                  |   9|          2|   10|         20|
    +-------------------------+----+-----------+-----+-----------+
    |Total                    |  45|         10|   23|         46|
    +-------------------------+----+-----------+-----+-----------+

    * Register: 
    +-------------------------------------------+----+----+-----+-----------+
    |                    Name                   | FF | LUT| Bits| Const Bits|
    +-------------------------------------------+----+----+-----+-----------+
    |ap_CS_fsm                                  |   1|   0|    1|          0|
    |ap_block_pp0_stage0_subdone_grp0_done_reg  |   1|   0|    1|          0|
    |ap_done_reg                                |   1|   0|    1|          0|
    |ap_enable_reg_pp0_iter1                    |   1|   0|    1|          0|
    |ap_enable_reg_pp0_iter2                    |   1|   0|    1|          0|
    |ap_loop_exit_ready_pp0_iter1_reg           |   1|   0|    1|          0|
    |gmem0_addr_read_reg_306                    |   8|   0|    8|          0|
    |i_2_reg_292                                |  10|   0|   10|          0|
    |i_2_reg_292_pp0_iter1_reg                  |  10|   0|   10|          0|
    |i_fu_86                                    |  10|   0|   10|          0|
    +-------------------------------------------+----+----+-----+-----------+
    |Total                                      |  44|   0|   44|          0|
    +-------------------------------------------+----+----+-----+-----------+



================================================================
== Interface
================================================================
* Summary: 
+-------------------------------------------------------------------+-----+-----+------------+----------------------------------------------------------+--------------+
|                             RTL Ports                             | Dir | Bits|  Protocol  |                       Source Object                      |    C Type    |
+-------------------------------------------------------------------+-----+-----+------------+----------------------------------------------------------+--------------+
|ap_clk                                                             |   in|    1|  ap_ctrl_hs|                     arith_encode_Pipeline_VITIS_LOOP_66_1|  return value|
|ap_rst                                                             |   in|    1|  ap_ctrl_hs|                     arith_encode_Pipeline_VITIS_LOOP_66_1|  return value|
|ap_start                                                           |   in|    1|  ap_ctrl_hs|                     arith_encode_Pipeline_VITIS_LOOP_66_1|  return value|
|ap_done                                                            |  out|    1|  ap_ctrl_hs|                     arith_encode_Pipeline_VITIS_LOOP_66_1|  return value|
|ap_idle                                                            |  out|    1|  ap_ctrl_hs|                     arith_encode_Pipeline_VITIS_LOOP_66_1|  return value|
|ap_ready                                                           |  out|    1|  ap_ctrl_hs|                     arith_encode_Pipeline_VITIS_LOOP_66_1|  return value|
|m_axi_gmem0_0_AWVALID                                              |  out|    1|       m_axi|                                                     gmem0|       pointer|
|m_axi_gmem0_0_AWREADY                                              |   in|    1|       m_axi|                                                     gmem0|       pointer|
|m_axi_gmem0_0_AWADDR                                               |  out|   64|       m_axi|                                                     gmem0|       pointer|
|m_axi_gmem0_0_AWID                                                 |  out|    1|       m_axi|                                                     gmem0|       pointer|
|m_axi_gmem0_0_AWLEN                                                |  out|   32|       m_axi|                                                     gmem0|       pointer|
|m_axi_gmem0_0_AWSIZE                                               |  out|    3|       m_axi|                                                     gmem0|       pointer|
|m_axi_gmem0_0_AWBURST                                              |  out|    2|       m_axi|                                                     gmem0|       pointer|
|m_axi_gmem0_0_AWLOCK                                               |  out|    2|       m_axi|                                                     gmem0|       pointer|
|m_axi_gmem0_0_AWCACHE                                              |  out|    4|       m_axi|                                                     gmem0|       pointer|
|m_axi_gmem0_0_AWPROT                                               |  out|    3|       m_axi|                                                     gmem0|       pointer|
|m_axi_gmem0_0_AWQOS                                                |  out|    4|       m_axi|                                                     gmem0|       pointer|
|m_axi_gmem0_0_AWREGION                                             |  out|    4|       m_axi|                                                     gmem0|       pointer|
|m_axi_gmem0_0_AWUSER                                               |  out|    1|       m_axi|                                                     gmem0|       pointer|
|m_axi_gmem0_0_WVALID                                               |  out|    1|       m_axi|                                                     gmem0|       pointer|
|m_axi_gmem0_0_WREADY                                               |   in|    1|       m_axi|                                                     gmem0|       pointer|
|m_axi_gmem0_0_WDATA                                                |  out|    8|       m_axi|                                                     gmem0|       pointer|
|m_axi_gmem0_0_WSTRB                                                |  out|    1|       m_axi|                                                     gmem0|       pointer|
|m_axi_gmem0_0_WLAST                                                |  out|    1|       m_axi|                                                     gmem0|       pointer|
|m_axi_gmem0_0_WID                                                  |  out|    1|       m_axi|                                                     gmem0|       pointer|
|m_axi_gmem0_0_WUSER                                                |  out|    1|       m_axi|                                                     gmem0|       pointer|
|m_axi_gmem0_0_ARVALID                                              |  out|    1|       m_axi|                                                     gmem0|       pointer|
|m_axi_gmem0_0_ARREADY                                              |   in|    1|       m_axi|                                                     gmem0|       pointer|
|m_axi_gmem0_0_ARADDR                                               |  out|   64|       m_axi|                                                     gmem0|       pointer|
|m_axi_gmem0_0_ARID                                                 |  out|    1|       m_axi|                                                     gmem0|       pointer|
|m_axi_gmem0_0_ARLEN                                                |  out|   32|       m_axi|                                                     gmem0|       pointer|
|m_axi_gmem0_0_ARSIZE                                               |  out|    3|       m_axi|                                                     gmem0|       pointer|
|m_axi_gmem0_0_ARBURST                                              |  out|    2|       m_axi|                                                     gmem0|       pointer|
|m_axi_gmem0_0_ARLOCK                                               |  out|    2|       m_axi|                                                     gmem0|       pointer|
|m_axi_gmem0_0_ARCACHE                                              |  out|    4|       m_axi|                                                     gmem0|       pointer|
|m_axi_gmem0_0_ARPROT                                               |  out|    3|       m_axi|                                                     gmem0|       pointer|
|m_axi_gmem0_0_ARQOS                                                |  out|    4|       m_axi|                                                     gmem0|       pointer|
|m_axi_gmem0_0_ARREGION                                             |  out|    4|       m_axi|                                                     gmem0|       pointer|
|m_axi_gmem0_0_ARUSER                                               |  out|    1|       m_axi|                                                     gmem0|       pointer|
|m_axi_gmem0_0_RVALID                                               |   in|    1|       m_axi|                                                     gmem0|       pointer|
|m_axi_gmem0_0_RREADY                                               |  out|    1|       m_axi|                                                     gmem0|       pointer|
|m_axi_gmem0_0_RDATA                                                |   in|    8|       m_axi|                                                     gmem0|       pointer|
|m_axi_gmem0_0_RLAST                                                |   in|    1|       m_axi|                                                     gmem0|       pointer|
|m_axi_gmem0_0_RID                                                  |   in|    1|       m_axi|                                                     gmem0|       pointer|
|m_axi_gmem0_0_RFIFONUM                                             |   in|   11|       m_axi|                                                     gmem0|       pointer|
|m_axi_gmem0_0_RUSER                                                |   in|    1|       m_axi|                                                     gmem0|       pointer|
|m_axi_gmem0_0_RRESP                                                |   in|    2|       m_axi|                                                     gmem0|       pointer|
|m_axi_gmem0_0_BVALID                                               |   in|    1|       m_axi|                                                     gmem0|       pointer|
|m_axi_gmem0_0_BREADY                                               |  out|    1|       m_axi|                                                     gmem0|       pointer|
|m_axi_gmem0_0_BRESP                                                |   in|    2|       m_axi|                                                     gmem0|       pointer|
|m_axi_gmem0_0_BID                                                  |   in|    1|       m_axi|                                                     gmem0|       pointer|
|m_axi_gmem0_0_BUSER                                                |   in|    1|       m_axi|                                                     gmem0|       pointer|
|smax                                                               |   in|   31|     ap_none|                                                      smax|        scalar|
|add_ln63                                                           |   in|   64|     ap_none|                                                  add_ln63|        scalar|
|empty                                                              |   in|    3|     ap_none|                                                     empty|        scalar|
|arith_encode_unsigned_char_const_int_unsigned_char_buf_address0    |  out|   10|   ap_memory|    arith_encode_unsigned_char_const_int_unsigned_char_buf|         array|
|arith_encode_unsigned_char_const_int_unsigned_char_buf_ce0         |  out|    1|   ap_memory|    arith_encode_unsigned_char_const_int_unsigned_char_buf|         array|
|arith_encode_unsigned_char_const_int_unsigned_char_buf_we0         |  out|    1|   ap_memory|    arith_encode_unsigned_char_const_int_unsigned_char_buf|         array|
|arith_encode_unsigned_char_const_int_unsigned_char_buf_d0          |  out|    8|   ap_memory|    arith_encode_unsigned_char_const_int_unsigned_char_buf|         array|
|arith_encode_unsigned_char_const_int_unsigned_char_buf_2_address0  |  out|   10|   ap_memory|  arith_encode_unsigned_char_const_int_unsigned_char_buf_2|         array|
|arith_encode_unsigned_char_const_int_unsigned_char_buf_2_ce0       |  out|    1|   ap_memory|  arith_encode_unsigned_char_const_int_unsigned_char_buf_2|         array|
|arith_encode_unsigned_char_const_int_unsigned_char_buf_2_we0       |  out|    1|   ap_memory|  arith_encode_unsigned_char_const_int_unsigned_char_buf_2|         array|
|arith_encode_unsigned_char_const_int_unsigned_char_buf_2_d0        |  out|    8|   ap_memory|  arith_encode_unsigned_char_const_int_unsigned_char_buf_2|         array|
|arith_encode_unsigned_char_const_int_unsigned_char_buf_3_address0  |  out|   10|   ap_memory|  arith_encode_unsigned_char_const_int_unsigned_char_buf_3|         array|
|arith_encode_unsigned_char_const_int_unsigned_char_buf_3_ce0       |  out|    1|   ap_memory|  arith_encode_unsigned_char_const_int_unsigned_char_buf_3|         array|
|arith_encode_unsigned_char_const_int_unsigned_char_buf_3_we0       |  out|    1|   ap_memory|  arith_encode_unsigned_char_const_int_unsigned_char_buf_3|         array|
|arith_encode_unsigned_char_const_int_unsigned_char_buf_3_d0        |  out|    8|   ap_memory|  arith_encode_unsigned_char_const_int_unsigned_char_buf_3|         array|
|arith_encode_unsigned_char_const_int_unsigned_char_buf_4_address0  |  out|   10|   ap_memory|  arith_encode_unsigned_char_const_int_unsigned_char_buf_4|         array|
|arith_encode_unsigned_char_const_int_unsigned_char_buf_4_ce0       |  out|    1|   ap_memory|  arith_encode_unsigned_char_const_int_unsigned_char_buf_4|         array|
|arith_encode_unsigned_char_const_int_unsigned_char_buf_4_we0       |  out|    1|   ap_memory|  arith_encode_unsigned_char_const_int_unsigned_char_buf_4|         array|
|arith_encode_unsigned_char_const_int_unsigned_char_buf_4_d0        |  out|    8|   ap_memory|  arith_encode_unsigned_char_const_int_unsigned_char_buf_4|         array|
|arith_encode_unsigned_char_const_int_unsigned_char_buf_5_address0  |  out|   10|   ap_memory|  arith_encode_unsigned_char_const_int_unsigned_char_buf_5|         array|
|arith_encode_unsigned_char_const_int_unsigned_char_buf_5_ce0       |  out|    1|   ap_memory|  arith_encode_unsigned_char_const_int_unsigned_char_buf_5|         array|
|arith_encode_unsigned_char_const_int_unsigned_char_buf_5_we0       |  out|    1|   ap_memory|  arith_encode_unsigned_char_const_int_unsigned_char_buf_5|         array|
|arith_encode_unsigned_char_const_int_unsigned_char_buf_5_d0        |  out|    8|   ap_memory|  arith_encode_unsigned_char_const_int_unsigned_char_buf_5|         array|
|arith_encode_unsigned_char_const_int_unsigned_char_buf_6_address0  |  out|   10|   ap_memory|  arith_encode_unsigned_char_const_int_unsigned_char_buf_6|         array|
|arith_encode_unsigned_char_const_int_unsigned_char_buf_6_ce0       |  out|    1|   ap_memory|  arith_encode_unsigned_char_const_int_unsigned_char_buf_6|         array|
|arith_encode_unsigned_char_const_int_unsigned_char_buf_6_we0       |  out|    1|   ap_memory|  arith_encode_unsigned_char_const_int_unsigned_char_buf_6|         array|
|arith_encode_unsigned_char_const_int_unsigned_char_buf_6_d0        |  out|    8|   ap_memory|  arith_encode_unsigned_char_const_int_unsigned_char_buf_6|         array|
|arith_encode_unsigned_char_const_int_unsigned_char_buf_7_address0  |  out|   10|   ap_memory|  arith_encode_unsigned_char_const_int_unsigned_char_buf_7|         array|
|arith_encode_unsigned_char_const_int_unsigned_char_buf_7_ce0       |  out|    1|   ap_memory|  arith_encode_unsigned_char_const_int_unsigned_char_buf_7|         array|
|arith_encode_unsigned_char_const_int_unsigned_char_buf_7_we0       |  out|    1|   ap_memory|  arith_encode_unsigned_char_const_int_unsigned_char_buf_7|         array|
|arith_encode_unsigned_char_const_int_unsigned_char_buf_7_d0        |  out|    8|   ap_memory|  arith_encode_unsigned_char_const_int_unsigned_char_buf_7|         array|
|arith_encode_unsigned_char_const_int_unsigned_char_buf_8_address0  |  out|   10|   ap_memory|  arith_encode_unsigned_char_const_int_unsigned_char_buf_8|         array|
|arith_encode_unsigned_char_const_int_unsigned_char_buf_8_ce0       |  out|    1|   ap_memory|  arith_encode_unsigned_char_const_int_unsigned_char_buf_8|         array|
|arith_encode_unsigned_char_const_int_unsigned_char_buf_8_we0       |  out|    1|   ap_memory|  arith_encode_unsigned_char_const_int_unsigned_char_buf_8|         array|
|arith_encode_unsigned_char_const_int_unsigned_char_buf_8_d0        |  out|    8|   ap_memory|  arith_encode_unsigned_char_const_int_unsigned_char_buf_8|         array|
+-------------------------------------------------------------------+-----+-----+------------+----------------------------------------------------------+--------------+

