

================================================================
== Vitis HLS Report for 'arith_encode_Pipeline_Header'
================================================================
* Date:           Sat Aug  1 19:34:10 2026

* Version:        2025.2.1 (Build 6397637 on Mar 18 2026)
* Project:        work_k8_report
* Solution:       hls (Vitis Kernel Flow Target)
* Product family: zynquplus
* Target device:  xck26-sfvc784-2LV-c


================================================================
== Performance Estimates
================================================================
+ Timing: 
    * Summary: 
    +--------+---------+----------+------------+
    |  Clock |  Target | Estimated| Uncertainty|
    +--------+---------+----------+------------+
    |ap_clk  |  5.00 ns|  1.224 ns|     1.35 ns|
    +--------+---------+----------+------------+

+ Latency: 
    * Summary: 
    +---------+---------+-----------+-----------+-----+-----+-------------------+
    |  Latency (cycles) |   Latency (absolute)  |  Interval |      Pipeline     |
    |   min   |   max   |    min    |    max    | min | max |        Type       |
    +---------+---------+-----------+-----------+-----+-----+-------------------+
    |       10|       10|  50.000 ns|  50.000 ns|    0|    0|  loop pipeline stp|
    +---------+---------+-----------+-----------+-----+-----+-------------------+

    + Detail: 
        * Instance: 
        N/A

        * Loop: 
        +----------+---------+---------+----------+-----------+-----------+------+----------+
        |          |  Latency (cycles) | Iteration|  Initiation Interval  | Trip |          |
        | Loop Name|   min   |   max   |  Latency |  achieved |   target  | Count| Pipelined|
        +----------+---------+---------+----------+-----------+-----------+------+----------+
        |- Header  |        8|        8|         1|          1|          1|     8|       yes|
        +----------+---------+---------+----------+-----------+-----------+------+----------+



================================================================
== Utilization Estimates
================================================================
* Summary: 
+-----------------+---------+------+--------+--------+-----+
|       Name      | BRAM_18K|  DSP |   FF   |   LUT  | URAM|
+-----------------+---------+------+--------+--------+-----+
|DSP              |        -|     -|       -|       -|    -|
|Expression       |        -|     -|       0|      26|    -|
|FIFO             |        -|     -|       -|       -|    -|
|Instance         |        -|     -|       0|      43|    -|
|Memory           |        -|     -|       -|       -|    -|
|Multiplexer      |        -|     -|       0|      36|    -|
|Register         |        -|     -|     135|       -|    -|
+-----------------+---------+------+--------+--------+-----+
|Total            |        0|     0|     135|     105|    0|
+-----------------+---------+------+--------+--------+-----+
|Available        |      288|  1248|  234240|  117120|   64|
+-----------------+---------+------+--------+--------+-----+
|Utilization (%)  |        0|     0|      ~0|      ~0|    0|
+-----------------+---------+------+--------+--------+-----+

+ Detail: 
    * Instance: 
    +---------------------------+-----------------------+---------+----+---+----+-----+
    |          Instance         |         Module        | BRAM_18K| DSP| FF| LUT| URAM|
    +---------------------------+-----------------------+---------+----+---+----+-----+
    |sparsemux_17_3_16_1_1_U89  |sparsemux_17_3_16_1_1  |        0|   0|  0|  43|    0|
    +---------------------------+-----------------------+---------+----+---+----+-----+
    |Total                      |                       |        0|   0|  0|  43|    0|
    +---------------------------+-----------------------+---------+----+---+----+-----+

    * DSP: 
    N/A

    * Memory: 
    N/A

    * FIFO: 
    N/A

    * Expression: 
    +---------------------+----------+----+---+----+------------+------------+
    |    Variable Name    | Operation| DSP| FF| LUT| Bitwidth P0| Bitwidth P1|
    +---------------------+----------+----+---+----+------------+------------+
    |add_ln83_fu_158_p2   |         +|   0|  0|  12|           4|           1|
    |icmp_ln83_fu_152_p2  |      icmp|   0|  0|  12|           4|           5|
    |ap_enable_pp0        |       xor|   0|  0|   2|           1|           2|
    +---------------------+----------+----+---+----+------------+------------+
    |Total                |          |   0|  0|  26|           9|           8|
    +---------------------+----------+----+---+----+------------+------------+

    * Multiplexer: 
    +-------------------------+----+-----------+-----+-----------+
    |           Name          | LUT| Input Size| Bits| Total Bits|
    +-------------------------+----+-----------+-----+-----------+
    |ap_done_int              |   9|          2|    1|          2|
    |ap_enable_reg_pp0_iter1  |   9|          2|    1|          2|
    |c_fu_80                  |   9|          2|    4|          8|
    |shiftreg_fu_76           |   9|          2|  128|        256|
    +-------------------------+----+-----------+-----+-----------+
    |Total                    |  36|          8|  134|        268|
    +-------------------------+----+-----------+-----+-----------+

    * Register: 
    +-------------------------+-----+----+-----+-----------+
    |           Name          |  FF | LUT| Bits| Const Bits|
    +-------------------------+-----+----+-----+-----------+
    |ap_CS_fsm                |    1|   0|    1|          0|
    |ap_done_reg              |    1|   0|    1|          0|
    |ap_enable_reg_pp0_iter1  |    1|   0|    1|          0|
    |c_fu_80                  |    4|   0|    4|          0|
    |shiftreg_fu_76           |  128|   0|  128|          0|
    +-------------------------+-----+----+-----+-----------+
    |Total                    |  135|   0|  135|          0|
    +-------------------------+-----+----+-----+-----------+



================================================================
== Interface
================================================================
* Summary: 
+---------------------+-----+-----+------------+------------------------------+--------------+
|      RTL Ports      | Dir | Bits|  Protocol  |         Source Object        |    C Type    |
+---------------------+-----+-----+------------+------------------------------+--------------+
|ap_clk               |   in|    1|  ap_ctrl_hs|  arith_encode_Pipeline_Header|  return value|
|ap_rst               |   in|    1|  ap_ctrl_hs|  arith_encode_Pipeline_Header|  return value|
|ap_start             |   in|    1|  ap_ctrl_hs|  arith_encode_Pipeline_Header|  return value|
|ap_done              |  out|    1|  ap_ctrl_hs|  arith_encode_Pipeline_Header|  return value|
|ap_idle              |  out|    1|  ap_ctrl_hs|  arith_encode_Pipeline_Header|  return value|
|ap_ready             |  out|    1|  ap_ctrl_hs|  arith_encode_Pipeline_Header|  return value|
|empty_37             |   in|   16|     ap_none|                      empty_37|        scalar|
|empty_38             |   in|   16|     ap_none|                      empty_38|        scalar|
|empty_39             |   in|   16|     ap_none|                      empty_39|        scalar|
|empty_40             |   in|   16|     ap_none|                      empty_40|        scalar|
|empty_41             |   in|   16|     ap_none|                      empty_41|        scalar|
|empty_42             |   in|   16|     ap_none|                      empty_42|        scalar|
|empty_43             |   in|   16|     ap_none|                      empty_43|        scalar|
|empty                |   in|   16|     ap_none|                         empty|        scalar|
|shiftreg_out         |  out|  128|      ap_vld|                  shiftreg_out|       pointer|
|shiftreg_out_ap_vld  |  out|    1|      ap_vld|                  shiftreg_out|       pointer|
+---------------------+-----+-----+------------+------------------------------+--------------+

