

================================================================
== Vitis HLS Report for 'arith_encode'
================================================================
* Date:           Sat Aug  1 19:34:10 2026

* Version:        2025.2.1 (Build 6397637 on Mar 18 2026)
* Project:        work_k8_report
* Solution:       hls (Vitis Kernel Flow Target)
* Product family: zynquplus
* Target device:  xck26-sfvc784-2LV-c


================================================================
== Performance Estimates
================================================================
+ Timing: 
    * Summary: 
    +--------+---------+----------+------------+
    |  Clock |  Target | Estimated| Uncertainty|
    +--------+---------+----------+------------+
    |ap_clk  |  5.00 ns|  3.650 ns|     1.35 ns|
    +--------+---------+----------+------------+

+ Latency: 
    * Summary: 
    +---------+---------+----------+----------+-----+-----+---------+
    |  Latency (cycles) |  Latency (absolute) |  Interval | Pipeline|
    |   min   |   max   |    min   |    max   | min | max |   Type  |
    +---------+---------+----------+----------+-----+-----+---------+
    |        ?|        ?|         ?|         ?|    ?|    ?|       no|
    +---------+---------+----------+----------+-----+-----+---------+

    + Detail: 
        * Instance: 
        +--------------------------------------------------+---------------------------------------+---------+-----------+-----------+-----------+-----+-----+-------------------+
        |                                                  |                                       |   Latency (cycles)  |   Latency (absolute)  |  Interval |      Pipeline     |
        |                     Instance                     |                 Module                |   min   |    max    |    min    |    max    | min | max |        Type       |
        +--------------------------------------------------+---------------------------------------+---------+-----------+-----------+-----------+-----+-----+-------------------+
        |grp_encode_chunk_fu_264                           |encode_chunk                           |        ?|          ?|          ?|          ?|    ?|    ?|                 no|
        |grp_encode_chunk_fu_273                           |encode_chunk                           |        ?|          ?|          ?|          ?|    ?|    ?|                 no|
        |grp_encode_chunk_fu_282                           |encode_chunk                           |        ?|          ?|          ?|          ?|    ?|    ?|                 no|
        |grp_encode_chunk_fu_291                           |encode_chunk                           |        ?|          ?|          ?|          ?|    ?|    ?|                 no|
        |grp_encode_chunk_fu_300                           |encode_chunk                           |        ?|          ?|          ?|          ?|    ?|    ?|                 no|
        |grp_encode_chunk_fu_309                           |encode_chunk                           |        ?|          ?|          ?|          ?|    ?|    ?|                 no|
        |grp_encode_chunk_fu_318                           |encode_chunk                           |        ?|          ?|          ?|          ?|    ?|    ?|                 no|
        |grp_encode_chunk_fu_327                           |encode_chunk                           |        ?|          ?|          ?|          ?|    ?|    ?|                 no|
        |grp_arith_encode_Pipeline_VITIS_LOOP_66_1_fu_336  |arith_encode_Pipeline_VITIS_LOOP_66_1  |        2|  268435458|  10.000 ns|  1.342 sec|    0|    0|  loop pipeline stp|
        |grp_arith_encode_Pipeline_Header_fu_361           |arith_encode_Pipeline_Header           |       10|         10|  50.000 ns|  50.000 ns|    0|    0|  loop pipeline stp|
        |grp_arith_encode_Pipeline_VITIS_LOOP_89_2_fu_374  |arith_encode_Pipeline_VITIS_LOOP_89_2  |        ?|          ?|          ?|          ?|    0|    0|  loop pipeline stp|
        +--------------------------------------------------+---------------------------------------+---------+-----------+-----------+-----------+-----+-----+-------------------+

        * Loop: 
        +----------+---------+------------+----------------+-----------+-----------+------+----------+
        |          |   Latency (cycles)   |    Iteration   |  Initiation Interval  | Trip |          |
        | Loop Name|   min   |     max    |     Latency    |  achieved |   target  | Count| Pipelined|
        +----------+---------+------------+----------------+-----------+-----------+------+----------+
        |- Split   |      616|  2147484264|  77 ~ 268435533|          -|          -|     8|        no|
        |- Concat  |        ?|           ?|               ?|          -|          -|     8|        no|
        +----------+---------+------------+----------------+-----------+-----------+------+----------+



================================================================
== Utilization Estimates
================================================================
* Summary: 
+-----------------+---------+------+--------+--------+-----+
|       Name      | BRAM_18K|  DSP |   FF   |   LUT  | URAM|
+-----------------+---------+------+--------+--------+-----+
|DSP              |        -|     -|       -|       -|    -|
|Expression       |        -|     -|       0|     881|    -|
|FIFO             |        -|     -|       -|       -|    -|
|Instance         |       10|    48|   22712|   41081|    0|
|Memory           |       16|     -|       0|       0|    0|
|Multiplexer      |        -|     -|       0|    1609|    -|
|Register         |        -|     -|    1627|       -|    -|
+-----------------+---------+------+--------+--------+-----+
|Total            |       26|    48|   24339|   43571|    0|
+-----------------+---------+------+--------+--------+-----+
|Available        |      288|  1248|  234240|  117120|   64|
+-----------------+---------+------+--------+--------+-----+
|Utilization (%)  |        9|     3|      10|      37|    0|
+-----------------+---------+------+--------+--------+-----+

+ Detail: 
    * Instance: 
    +--------------------------------------------------+---------------------------------------+---------+----+------+------+-----+
    |                     Instance                     |                 Module                | BRAM_18K| DSP|  FF  |  LUT | URAM|
    +--------------------------------------------------+---------------------------------------+---------+----+------+------+-----+
    |grp_arith_encode_Pipeline_Header_fu_361           |arith_encode_Pipeline_Header           |        0|   0|   135|   105|    0|
    |grp_arith_encode_Pipeline_VITIS_LOOP_66_1_fu_336  |arith_encode_Pipeline_VITIS_LOOP_66_1  |        0|   0|    44|   104|    0|
    |grp_arith_encode_Pipeline_VITIS_LOOP_89_2_fu_374  |arith_encode_Pipeline_VITIS_LOOP_89_2  |        0|   0|   380|   758|    0|
    |control_s_axi_U                                   |control_s_axi                          |        0|   0|   246|   424|    0|
    |grp_encode_chunk_fu_264                           |encode_chunk                           |        1|   6|  2561|  4749|    0|
    |grp_encode_chunk_fu_273                           |encode_chunk                           |        1|   6|  2561|  4749|    0|
    |grp_encode_chunk_fu_282                           |encode_chunk                           |        1|   6|  2561|  4749|    0|
    |grp_encode_chunk_fu_291                           |encode_chunk                           |        1|   6|  2561|  4749|    0|
    |grp_encode_chunk_fu_300                           |encode_chunk                           |        1|   6|  2561|  4749|    0|
    |grp_encode_chunk_fu_309                           |encode_chunk                           |        1|   6|  2561|  4749|    0|
    |grp_encode_chunk_fu_318                           |encode_chunk                           |        1|   6|  2561|  4749|    0|
    |grp_encode_chunk_fu_327                           |encode_chunk                           |        1|   6|  2561|  4749|    0|
    |gmem0_m_axi_U                                     |gmem0_m_axi                            |        2|   0|   707|   757|    0|
    |gmem1_m_axi_U                                     |gmem1_m_axi                            |        0|   0|   712|   873|    0|
    |mul_4ns_30s_33_1_1_U115                           |mul_4ns_30s_33_1_1                     |        0|   0|     0|    25|    0|
    |sparsemux_17_3_32_1_1_U116                        |sparsemux_17_3_32_1_1                  |        0|   0|     0|    43|    0|
    +--------------------------------------------------+---------------------------------------+---------+----+------+------+-----+
    |Total                                             |                                       |       10|  48| 22712| 41081|    0|
    +--------------------------------------------------+---------------------------------------+---------+----+------+------+-----+

    * DSP: 
    N/A

    * Memory: 
    +--------------------------------------------------------------+----------------------------------------------------------------------+---------+---+----+-----+------+-----+------+-------------+
    |                            Memory                            |                                Module                                | BRAM_18K| FF| LUT| URAM| Words| Bits| Banks| W*Bits*Banks|
    +--------------------------------------------------------------+----------------------------------------------------------------------+---------+---+----+-----+------+-----+------+-------------+
    |arith_encode_unsigned_char_const_int_unsigned_char_buf_U      |arith_encode_unsigned_char_const_int_unsigned_char_buf_RAM_AUTO_1R1W  |        1|  0|   0|    0|   576|    8|     1|         4608|
    |arith_encode_unsigned_char_const_int_unsigned_char_buf_2_U    |arith_encode_unsigned_char_const_int_unsigned_char_buf_RAM_AUTO_1R1W  |        1|  0|   0|    0|   576|    8|     1|         4608|
    |arith_encode_unsigned_char_const_int_unsigned_char_buf_3_U    |arith_encode_unsigned_char_const_int_unsigned_char_buf_RAM_AUTO_1R1W  |        1|  0|   0|    0|   576|    8|     1|         4608|
    |arith_encode_unsigned_char_const_int_unsigned_char_buf_4_U    |arith_encode_unsigned_char_const_int_unsigned_char_buf_RAM_AUTO_1R1W  |        1|  0|   0|    0|   576|    8|     1|         4608|
    |arith_encode_unsigned_char_const_int_unsigned_char_buf_5_U    |arith_encode_unsigned_char_const_int_unsigned_char_buf_RAM_AUTO_1R1W  |        1|  0|   0|    0|   576|    8|     1|         4608|
    |arith_encode_unsigned_char_const_int_unsigned_char_buf_6_U    |arith_encode_unsigned_char_const_int_unsigned_char_buf_RAM_AUTO_1R1W  |        1|  0|   0|    0|   576|    8|     1|         4608|
    |arith_encode_unsigned_char_const_int_unsigned_char_buf_7_U    |arith_encode_unsigned_char_const_int_unsigned_char_buf_RAM_AUTO_1R1W  |        1|  0|   0|    0|   576|    8|     1|         4608|
    |arith_encode_unsigned_char_const_int_unsigned_char_buf_8_U    |arith_encode_unsigned_char_const_int_unsigned_char_buf_RAM_AUTO_1R1W  |        1|  0|   0|    0|   576|    8|     1|         4608|
    |arith_encode_unsigned_char_const_int_unsigned_char_cout_U     |arith_encode_unsigned_char_const_int_unsigned_char_buf_RAM_AUTO_1R1W  |        1|  0|   0|    0|   576|    8|     1|         4608|
    |arith_encode_unsigned_char_const_int_unsigned_char_cout_9_U   |arith_encode_unsigned_char_const_int_unsigned_char_buf_RAM_AUTO_1R1W  |        1|  0|   0|    0|   576|    8|     1|         4608|
    |arith_encode_unsigned_char_const_int_unsigned_char_cout_10_U  |arith_encode_unsigned_char_const_int_unsigned_char_buf_RAM_AUTO_1R1W  |        1|  0|   0|    0|   576|    8|     1|         4608|
    |arith_encode_unsigned_char_const_int_unsigned_char_cout_11_U  |arith_encode_unsigned_char_const_int_unsigned_char_buf_RAM_AUTO_1R1W  |        1|  0|   0|    0|   576|    8|     1|         4608|
    |arith_encode_unsigned_char_const_int_unsigned_char_cout_12_U  |arith_encode_unsigned_char_const_int_unsigned_char_buf_RAM_AUTO_1R1W  |        1|  0|   0|    0|   576|    8|     1|         4608|
    |arith_encode_unsigned_char_const_int_unsigned_char_cout_13_U  |arith_encode_unsigned_char_const_int_unsigned_char_buf_RAM_AUTO_1R1W  |        1|  0|   0|    0|   576|    8|     1|         4608|
    |arith_encode_unsigned_char_const_int_unsigned_char_cout_14_U  |arith_encode_unsigned_char_const_int_unsigned_char_buf_RAM_AUTO_1R1W  |        1|  0|   0|    0|   576|    8|     1|         4608|
    |arith_encode_unsigned_char_const_int_unsigned_char_cout_15_U  |arith_encode_unsigned_char_const_int_unsigned_char_buf_RAM_AUTO_1R1W  |        1|  0|   0|    0|   576|    8|     1|         4608|
    +--------------------------------------------------------------+----------------------------------------------------------------------+---------+---+----+-----+------+-----+------+-------------+
    |Total                                                         |                                                                      |       16|  0|   0|    0|  9216|  128|    16|        73728|
    +--------------------------------------------------------------+----------------------------------------------------------------------+---------+---+----+-----+------+-----+------+-------------+

    * FIFO: 
    N/A

    * Expression: 
    +----------------------------------+----------+----+---+----+------------+------------+
    |           Variable Name          | Operation| DSP| FF| LUT| Bitwidth P0| Bitwidth P1|
    +----------------------------------+----------+----+---+----+------------+------------+
    |add_ln61_fu_404_p2                |         +|   0|  0|  39|          32|           3|
    |add_ln63_1_fu_496_p2              |         +|   0|  0|  12|           4|           1|
    |add_ln63_fu_611_p2                |         +|   0|  0|  71|          64|          64|
    |add_ln88_fu_822_p2                |         +|   0|  0|  12|           4|           1|
    |oi_6_fu_872_p2                    |         +|   0|  0|  39|          32|          32|
    |sub_ln61_1_fu_438_p2              |         -|   0|  0|  37|           1|          30|
    |sub_ln61_fu_418_p2                |         -|   0|  0|  39|           4|          32|
    |sub_ln65_fu_616_p2                |         -|   0|  0|  41|          34|          34|
    |empty_59_fu_657_p2                |      icmp|   0|  0|  39|          32|           1|
    |icmp_ln63_fu_490_p2               |      icmp|   0|  0|  12|           4|           5|
    |icmp_ln65_fu_621_p2               |      icmp|   0|  0|  41|          34|          34|
    |icmp_ln88_fu_816_p2               |      icmp|   0|  0|  12|           4|           5|
    |icmp_ln89_fu_866_p2               |      icmp|   0|  0|  39|          32|           1|
    |ap_block_state1                   |        or|   0|  0|   2|           1|           1|
    |ap_block_state77_on_subcall_done  |        or|   0|  0|   2|           1|           1|
    |chunk_fu_458_p3                   |    select|   0|  0|  30|           1|          30|
    |len_8_fu_630_p3                   |    select|   0|  0|  32|           1|          32|
    |len_9_fu_649_p3                   |    select|   0|  0|  31|           1|           1|
    |select_ln88_fu_878_p3             |    select|   0|  0|  32|           1|          32|
    |smax_fu_673_p3                    |    select|   0|  0|  31|           1|          31|
    |clen_8_fu_682_p2                  |       xor|   0|  0|  32|          32|           2|
    |len_10_fu_546_p2                  |       xor|   0|  0|  32|          32|           2|
    |len_11_fu_553_p2                  |       xor|   0|  0|  32|          32|           2|
    |len_12_fu_560_p2                  |       xor|   0|  0|  32|          32|           2|
    |len_13_fu_567_p2                  |       xor|   0|  0|  32|          32|           2|
    |len_14_fu_574_p2                  |       xor|   0|  0|  32|          32|           2|
    |len_15_fu_581_p2                  |       xor|   0|  0|  32|          32|           2|
    |len_16_fu_588_p2                  |       xor|   0|  0|  32|          32|           2|
    |len_fu_539_p2                     |       xor|   0|  0|  32|          32|           2|
    +----------------------------------+----------+----+---+----+------------+------------+
    |Total                             |          |   0|  0| 881|         576|         389|
    +----------------------------------+----------+----+---+----+------------+------------+

    * Multiplexer: 
    +---------------------------------------------------------------------+-----+-----------+-----+-----------+
    |                                 Name                                | LUT | Input Size| Bits| Total Bits|
    +---------------------------------------------------------------------+-----+-----------+-----+-----------+
    |ap_NS_fsm                                                            |  796|        151|    1|        151|
    |ap_done                                                              |    9|          2|    1|          2|
    |arith_encode_unsigned_char_const_int_unsigned_char_buf_2_address0    |   14|          3|   10|         30|
    |arith_encode_unsigned_char_const_int_unsigned_char_buf_2_ce0         |   14|          3|    1|          3|
    |arith_encode_unsigned_char_const_int_unsigned_char_buf_2_we0         |    9|          2|    1|          2|
    |arith_encode_unsigned_char_const_int_unsigned_char_buf_3_address0    |   14|          3|   10|         30|
    |arith_encode_unsigned_char_const_int_unsigned_char_buf_3_ce0         |   14|          3|    1|          3|
    |arith_encode_unsigned_char_const_int_unsigned_char_buf_3_we0         |    9|          2|    1|          2|
    |arith_encode_unsigned_char_const_int_unsigned_char_buf_4_address0    |   14|          3|   10|         30|
    |arith_encode_unsigned_char_const_int_unsigned_char_buf_4_ce0         |   14|          3|    1|          3|
    |arith_encode_unsigned_char_const_int_unsigned_char_buf_4_we0         |    9|          2|    1|          2|
    |arith_encode_unsigned_char_const_int_unsigned_char_buf_5_address0    |   14|          3|   10|         30|
    |arith_encode_unsigned_char_const_int_unsigned_char_buf_5_ce0         |   14|          3|    1|          3|
    |arith_encode_unsigned_char_const_int_unsigned_char_buf_5_we0         |    9|          2|    1|          2|
    |arith_encode_unsigned_char_const_int_unsigned_char_buf_6_address0    |   14|          3|   10|         30|
    |arith_encode_unsigned_char_const_int_unsigned_char_buf_6_ce0         |   14|          3|    1|          3|
    |arith_encode_unsigned_char_const_int_unsigned_char_buf_6_we0         |    9|          2|    1|          2|
    |arith_encode_unsigned_char_const_int_unsigned_char_buf_7_address0    |   14|          3|   10|         30|
    |arith_encode_unsigned_char_const_int_unsigned_char_buf_7_ce0         |   14|          3|    1|          3|
    |arith_encode_unsigned_char_const_int_unsigned_char_buf_7_we0         |    9|          2|    1|          2|
    |arith_encode_unsigned_char_const_int_unsigned_char_buf_8_address0    |   14|          3|   10|         30|
    |arith_encode_unsigned_char_const_int_unsigned_char_buf_8_ce0         |   14|          3|    1|          3|
    |arith_encode_unsigned_char_const_int_unsigned_char_buf_8_we0         |    9|          2|    1|          2|
    |arith_encode_unsigned_char_const_int_unsigned_char_buf_address0      |   14|          3|   10|         30|
    |arith_encode_unsigned_char_const_int_unsigned_char_buf_ce0           |   14|          3|    1|          3|
    |arith_encode_unsigned_char_const_int_unsigned_char_buf_we0           |    9|          2|    1|          2|
    |arith_encode_unsigned_char_const_int_unsigned_char_cout_10_address0  |   14|          3|   10|         30|
    |arith_encode_unsigned_char_const_int_unsigned_char_cout_10_ce0       |   14|          3|    1|          3|
    |arith_encode_unsigned_char_const_int_unsigned_char_cout_10_we0       |    9|          2|    1|          2|
    |arith_encode_unsigned_char_const_int_unsigned_char_cout_11_address0  |   14|          3|   10|         30|
    |arith_encode_unsigned_char_const_int_unsigned_char_cout_11_ce0       |   14|          3|    1|          3|
    |arith_encode_unsigned_char_const_int_unsigned_char_cout_11_we0       |    9|          2|    1|          2|
    |arith_encode_unsigned_char_const_int_unsigned_char_cout_12_address0  |   14|          3|   10|         30|
    |arith_encode_unsigned_char_const_int_unsigned_char_cout_12_ce0       |   14|          3|    1|          3|
    |arith_encode_unsigned_char_const_int_unsigned_char_cout_12_we0       |    9|          2|    1|          2|
    |arith_encode_unsigned_char_const_int_unsigned_char_cout_13_address0  |   14|          3|   10|         30|
    |arith_encode_unsigned_char_const_int_unsigned_char_cout_13_ce0       |   14|          3|    1|          3|
    |arith_encode_unsigned_char_const_int_unsigned_char_cout_13_we0       |    9|          2|    1|          2|
    |arith_encode_unsigned_char_const_int_unsigned_char_cout_14_address0  |   14|          3|   10|         30|
    |arith_encode_unsigned_char_const_int_unsigned_char_cout_14_ce0       |   14|          3|    1|          3|
    |arith_encode_unsigned_char_const_int_unsigned_char_cout_14_we0       |    9|          2|    1|          2|
    |arith_encode_unsigned_char_const_int_unsigned_char_cout_15_address0  |   14|          3|   10|         30|
    |arith_encode_unsigned_char_const_int_unsigned_char_cout_15_ce0       |   14|          3|    1|          3|
    |arith_encode_unsigned_char_const_int_unsigned_char_cout_15_we0       |    9|          2|    1|          2|
    |arith_encode_unsigned_char_const_int_unsigned_char_cout_9_address0   |   14|          3|   10|         30|
    |arith_encode_unsigned_char_const_int_unsigned_char_cout_9_ce0        |   14|          3|    1|          3|
    |arith_encode_unsigned_char_const_int_unsigned_char_cout_9_we0        |    9|          2|    1|          2|
    |arith_encode_unsigned_char_const_int_unsigned_char_cout_address0     |   14|          3|   10|         30|
    |arith_encode_unsigned_char_const_int_unsigned_char_cout_ce0          |   14|          3|    1|          3|
    |arith_encode_unsigned_char_const_int_unsigned_char_cout_we0          |    9|          2|    1|          2|
    |c_2_fu_216                                                           |    9|          2|    4|          8|
    |c_fu_172                                                             |    9|          2|    4|          8|
    |gmem0_0_ARADDR                                                       |   14|          3|   64|        192|
    |gmem0_0_ARLEN                                                        |   14|          3|   32|         96|
    |gmem0_0_ARVALID                                                      |   14|          3|    1|          3|
    |gmem0_0_RREADY                                                       |    9|          2|    1|          2|
    |gmem0_blk_n_AR                                                       |    9|          2|    1|          2|
    |gmem1_0_AWADDR                                                       |   14|          3|   64|        192|
    |gmem1_0_AWLEN                                                        |   14|          3|   32|         96|
    |gmem1_0_AWVALID                                                      |   14|          3|    1|          3|
    |gmem1_0_BREADY                                                       |   14|          3|    1|          3|
    |gmem1_0_WDATA                                                        |   14|          3|  128|        384|
    |gmem1_0_WSTRB                                                        |   14|          3|   16|         48|
    |gmem1_0_WVALID                                                       |   14|          3|    1|          3|
    |gmem1_blk_n_AW                                                       |    9|          2|    1|          2|
    |gmem1_blk_n_B                                                        |    9|          2|    1|          2|
    |gmem1_blk_n_W                                                        |    9|          2|    1|          2|
    |oi_fu_212                                                            |    9|          2|   32|         64|
    +---------------------------------------------------------------------+-----+-----------+-----+-----------+
    |Total                                                                | 1609|        327|  579|       1823|
    +---------------------------------------------------------------------+-----+-----------+-----+-----------+

    * Register: 
    +---------------------------------------------------------------+-----+----+-----+-----------+
    |                              Name                             |  FF | LUT| Bits| Const Bits|
    +---------------------------------------------------------------+-----+----+-----+-----------+
    |add_ln63_1_reg_991                                             |    4|   0|    4|          0|
    |add_ln63_reg_1062                                              |   64|   0|   64|          0|
    |ap_CS_fsm                                                      |  150|   0|  150|          0|
    |ap_done_reg                                                    |    1|   0|    1|          0|
    |ap_rst_n_inv                                                   |    1|   0|    1|          0|
    |ap_rst_reg_1                                                   |    1|   0|    1|          0|
    |ap_rst_reg_2                                                   |    1|   0|    1|          0|
    |c_2_fu_216                                                     |    4|   0|    4|          0|
    |c_fu_172                                                       |    4|   0|    4|          0|
    |clen_1_reg_1109                                                |   32|   0|   32|          0|
    |clen_2_reg_1119                                                |   32|   0|   32|          0|
    |clen_3_reg_1129                                                |   32|   0|   32|          0|
    |clen_4_reg_1139                                                |   32|   0|   32|          0|
    |clen_5_reg_1149                                                |   32|   0|   32|          0|
    |clen_6_reg_1159                                                |   32|   0|   32|          0|
    |clen_7_reg_1169                                                |   32|   0|   32|          0|
    |clen_reg_1099                                                  |   32|   0|   32|          0|
    |empty_51_fu_180                                                |   32|   0|   32|          0|
    |empty_52_fu_184                                                |   32|   0|   32|          0|
    |empty_53_fu_188                                                |   32|   0|   32|          0|
    |empty_54_fu_192                                                |   32|   0|   32|          0|
    |empty_55_fu_196                                                |   32|   0|   32|          0|
    |empty_56_fu_200                                                |   32|   0|   32|          0|
    |empty_57_fu_204                                                |   32|   0|   32|          0|
    |empty_59_reg_1079                                              |    1|   0|    1|          0|
    |empty_fu_176                                                   |   32|   0|   32|          0|
    |grp_arith_encode_Pipeline_Header_fu_361_ap_start_reg           |    1|   0|    1|          0|
    |grp_arith_encode_Pipeline_VITIS_LOOP_66_1_fu_336_ap_start_reg  |    1|   0|    1|          0|
    |grp_arith_encode_Pipeline_VITIS_LOOP_89_2_fu_374_ap_start_reg  |    1|   0|    1|          0|
    |grp_encode_chunk_fu_264_ap_start_reg                           |    1|   0|    1|          0|
    |grp_encode_chunk_fu_273_ap_start_reg                           |    1|   0|    1|          0|
    |grp_encode_chunk_fu_282_ap_start_reg                           |    1|   0|    1|          0|
    |grp_encode_chunk_fu_291_ap_start_reg                           |    1|   0|    1|          0|
    |grp_encode_chunk_fu_300_ap_start_reg                           |    1|   0|    1|          0|
    |grp_encode_chunk_fu_309_ap_start_reg                           |    1|   0|    1|          0|
    |grp_encode_chunk_fu_318_ap_start_reg                           |    1|   0|    1|          0|
    |grp_encode_chunk_fu_327_ap_start_reg                           |    1|   0|    1|          0|
    |in_r_read_reg_957                                              |   64|   0|   64|          0|
    |len_10_reg_1027                                                |   32|   0|   32|          0|
    |len_11_reg_1032                                                |   32|   0|   32|          0|
    |len_12_reg_1037                                                |   32|   0|   32|          0|
    |len_13_reg_1042                                                |   32|   0|   32|          0|
    |len_14_reg_1047                                                |   32|   0|   32|          0|
    |len_15_reg_1052                                                |   32|   0|   32|          0|
    |len_16_reg_1057                                                |   32|   0|   32|          0|
    |len_9_reg_1073                                                 |   31|   0|   31|          0|
    |len_reg_1022                                                   |   32|   0|   32|          0|
    |mul_ln63_reg_1002                                              |   33|   0|   33|          0|
    |oi_fu_212                                                      |   32|   0|   32|          0|
    |oi_load_reg_1188                                               |   32|   0|   32|          0|
    |out_r_read_reg_951                                             |   64|   0|   64|          0|
    |sext_ln61_reg_968                                              |   32|   0|   32|          0|
    |sext_ln63_1_reg_983                                            |   34|   0|   34|          0|
    |sext_ln63_3_reg_978                                            |   33|   0|   33|          0|
    |sext_ln63_reg_973                                              |   34|   0|   34|          0|
    |smax_reg_1094                                                  |   31|   0|   31|          0|
    |tmp_9_reg_1198                                                 |   32|   0|   32|          0|
    |trunc_ln56_reg_1174                                            |   16|   0|   16|          0|
    |trunc_ln63_reg_996                                             |    3|   0|    3|          0|
    |trunc_ln65_1_reg_1068                                          |   31|   0|   31|          0|
    |trunc_ln76_1_reg_1114                                          |   16|   0|   16|          0|
    |trunc_ln76_2_reg_1124                                          |   16|   0|   16|          0|
    |trunc_ln76_3_reg_1134                                          |   16|   0|   16|          0|
    |trunc_ln76_4_reg_1144                                          |   16|   0|   16|          0|
    |trunc_ln76_5_reg_1154                                          |   16|   0|   16|          0|
    |trunc_ln76_6_reg_1164                                          |   16|   0|   16|          0|
    |trunc_ln76_reg_1104                                            |   16|   0|   16|          0|
    |trunc_ln88_reg_1193                                            |    3|   0|    3|          0|
    +---------------------------------------------------------------+-----+----+-----+-----------+
    |Total                                                          | 1627|   0| 1627|          0|
    +---------------------------------------------------------------+-----+----+-----+-----------+



================================================================
== Interface
================================================================
* Summary: 
+-----------------------+-----+-----+---------------+--------------+--------------+
|       RTL Ports       | Dir | Bits|    Protocol   | Source Object|    C Type    |
+-----------------------+-----+-----+---------------+--------------+--------------+
|s_axi_control_AWVALID  |   in|    1|          s_axi|       control|        scalar|
|s_axi_control_AWREADY  |  out|    1|          s_axi|       control|        scalar|
|s_axi_control_AWADDR   |   in|    6|          s_axi|       control|        scalar|
|s_axi_control_WVALID   |   in|    1|          s_axi|       control|        scalar|
|s_axi_control_WREADY   |  out|    1|          s_axi|       control|        scalar|
|s_axi_control_WDATA    |   in|   32|          s_axi|       control|        scalar|
|s_axi_control_WSTRB    |   in|    4|          s_axi|       control|        scalar|
|s_axi_control_ARVALID  |   in|    1|          s_axi|       control|        scalar|
|s_axi_control_ARREADY  |  out|    1|          s_axi|       control|        scalar|
|s_axi_control_ARADDR   |   in|    6|          s_axi|       control|        scalar|
|s_axi_control_RVALID   |  out|    1|          s_axi|       control|        scalar|
|s_axi_control_RREADY   |   in|    1|          s_axi|       control|        scalar|
|s_axi_control_RDATA    |  out|   32|          s_axi|       control|        scalar|
|s_axi_control_RRESP    |  out|    2|          s_axi|       control|        scalar|
|s_axi_control_BVALID   |  out|    1|          s_axi|       control|        scalar|
|s_axi_control_BREADY   |   in|    1|          s_axi|       control|        scalar|
|s_axi_control_BRESP    |  out|    2|          s_axi|       control|        scalar|
|ap_clk                 |   in|    1|  ap_ctrl_chain|  arith_encode|  return value|
|ap_rst_n               |   in|    1|  ap_ctrl_chain|  arith_encode|  return value|
|interrupt              |  out|    1|  ap_ctrl_chain|  arith_encode|  return value|
|m_axi_gmem0_AWVALID    |  out|    1|          m_axi|         gmem0|       pointer|
|m_axi_gmem0_AWREADY    |   in|    1|          m_axi|         gmem0|       pointer|
|m_axi_gmem0_AWADDR     |  out|   64|          m_axi|         gmem0|       pointer|
|m_axi_gmem0_AWID       |  out|    1|          m_axi|         gmem0|       pointer|
|m_axi_gmem0_AWLEN      |  out|    8|          m_axi|         gmem0|       pointer|
|m_axi_gmem0_AWSIZE     |  out|    3|          m_axi|         gmem0|       pointer|
|m_axi_gmem0_AWBURST    |  out|    2|          m_axi|         gmem0|       pointer|
|m_axi_gmem0_AWLOCK     |  out|    2|          m_axi|         gmem0|       pointer|
|m_axi_gmem0_AWCACHE    |  out|    4|          m_axi|         gmem0|       pointer|
|m_axi_gmem0_AWPROT     |  out|    3|          m_axi|         gmem0|       pointer|
|m_axi_gmem0_AWQOS      |  out|    4|          m_axi|         gmem0|       pointer|
|m_axi_gmem0_AWREGION   |  out|    4|          m_axi|         gmem0|       pointer|
|m_axi_gmem0_AWUSER     |  out|    1|          m_axi|         gmem0|       pointer|
|m_axi_gmem0_WVALID     |  out|    1|          m_axi|         gmem0|       pointer|
|m_axi_gmem0_WREADY     |   in|    1|          m_axi|         gmem0|       pointer|
|m_axi_gmem0_WDATA      |  out|   32|          m_axi|         gmem0|       pointer|
|m_axi_gmem0_WSTRB      |  out|    4|          m_axi|         gmem0|       pointer|
|m_axi_gmem0_WLAST      |  out|    1|          m_axi|         gmem0|       pointer|
|m_axi_gmem0_WID        |  out|    1|          m_axi|         gmem0|       pointer|
|m_axi_gmem0_WUSER      |  out|    1|          m_axi|         gmem0|       pointer|
|m_axi_gmem0_ARVALID    |  out|    1|          m_axi|         gmem0|       pointer|
|m_axi_gmem0_ARREADY    |   in|    1|          m_axi|         gmem0|       pointer|
|m_axi_gmem0_ARADDR     |  out|   64|          m_axi|         gmem0|       pointer|
|m_axi_gmem0_ARID       |  out|    1|          m_axi|         gmem0|       pointer|
|m_axi_gmem0_ARLEN      |  out|    8|          m_axi|         gmem0|       pointer|
|m_axi_gmem0_ARSIZE     |  out|    3|          m_axi|         gmem0|       pointer|
|m_axi_gmem0_ARBURST    |  out|    2|          m_axi|         gmem0|       pointer|
|m_axi_gmem0_ARLOCK     |  out|    2|          m_axi|         gmem0|       pointer|
|m_axi_gmem0_ARCACHE    |  out|    4|          m_axi|         gmem0|       pointer|
|m_axi_gmem0_ARPROT     |  out|    3|          m_axi|         gmem0|       pointer|
|m_axi_gmem0_ARQOS      |  out|    4|          m_axi|         gmem0|       pointer|
|m_axi_gmem0_ARREGION   |  out|    4|          m_axi|         gmem0|       pointer|
|m_axi_gmem0_ARUSER     |  out|    1|          m_axi|         gmem0|       pointer|
|m_axi_gmem0_RVALID     |   in|    1|          m_axi|         gmem0|       pointer|
|m_axi_gmem0_RREADY     |  out|    1|          m_axi|         gmem0|       pointer|
|m_axi_gmem0_RDATA      |   in|   32|          m_axi|         gmem0|       pointer|
|m_axi_gmem0_RLAST      |   in|    1|          m_axi|         gmem0|       pointer|
|m_axi_gmem0_RID        |   in|    1|          m_axi|         gmem0|       pointer|
|m_axi_gmem0_RUSER      |   in|    1|          m_axi|         gmem0|       pointer|
|m_axi_gmem0_RRESP      |   in|    2|          m_axi|         gmem0|       pointer|
|m_axi_gmem0_BVALID     |   in|    1|          m_axi|         gmem0|       pointer|
|m_axi_gmem0_BREADY     |  out|    1|          m_axi|         gmem0|       pointer|
|m_axi_gmem0_BRESP      |   in|    2|          m_axi|         gmem0|       pointer|
|m_axi_gmem0_BID        |   in|    1|          m_axi|         gmem0|       pointer|
|m_axi_gmem0_BUSER      |   in|    1|          m_axi|         gmem0|       pointer|
|m_axi_gmem1_AWVALID    |  out|    1|          m_axi|         gmem1|       pointer|
|m_axi_gmem1_AWREADY    |   in|    1|          m_axi|         gmem1|       pointer|
|m_axi_gmem1_AWADDR     |  out|   64|          m_axi|         gmem1|       pointer|
|m_axi_gmem1_AWID       |  out|    1|          m_axi|         gmem1|       pointer|
|m_axi_gmem1_AWLEN      |  out|    8|          m_axi|         gmem1|       pointer|
|m_axi_gmem1_AWSIZE     |  out|    3|          m_axi|         gmem1|       pointer|
|m_axi_gmem1_AWBURST    |  out|    2|          m_axi|         gmem1|       pointer|
|m_axi_gmem1_AWLOCK     |  out|    2|          m_axi|         gmem1|       pointer|
|m_axi_gmem1_AWCACHE    |  out|    4|          m_axi|         gmem1|       pointer|
|m_axi_gmem1_AWPROT     |  out|    3|          m_axi|         gmem1|       pointer|
|m_axi_gmem1_AWQOS      |  out|    4|          m_axi|         gmem1|       pointer|
|m_axi_gmem1_AWREGION   |  out|    4|          m_axi|         gmem1|       pointer|
|m_axi_gmem1_AWUSER     |  out|    1|          m_axi|         gmem1|       pointer|
|m_axi_gmem1_WVALID     |  out|    1|          m_axi|         gmem1|       pointer|
|m_axi_gmem1_WREADY     |   in|    1|          m_axi|         gmem1|       pointer|
|m_axi_gmem1_WDATA      |  out|  128|          m_axi|         gmem1|       pointer|
|m_axi_gmem1_WSTRB      |  out|   16|          m_axi|         gmem1|       pointer|
|m_axi_gmem1_WLAST      |  out|    1|          m_axi|         gmem1|       pointer|
|m_axi_gmem1_WID        |  out|    1|          m_axi|         gmem1|       pointer|
|m_axi_gmem1_WUSER      |  out|    1|          m_axi|         gmem1|       pointer|
|m_axi_gmem1_ARVALID    |  out|    1|          m_axi|         gmem1|       pointer|
|m_axi_gmem1_ARREADY    |   in|    1|          m_axi|         gmem1|       pointer|
|m_axi_gmem1_ARADDR     |  out|   64|          m_axi|         gmem1|       pointer|
|m_axi_gmem1_ARID       |  out|    1|          m_axi|         gmem1|       pointer|
|m_axi_gmem1_ARLEN      |  out|    8|          m_axi|         gmem1|       pointer|
|m_axi_gmem1_ARSIZE     |  out|    3|          m_axi|         gmem1|       pointer|
|m_axi_gmem1_ARBURST    |  out|    2|          m_axi|         gmem1|       pointer|
|m_axi_gmem1_ARLOCK     |  out|    2|          m_axi|         gmem1|       pointer|
|m_axi_gmem1_ARCACHE    |  out|    4|          m_axi|         gmem1|       pointer|
|m_axi_gmem1_ARPROT     |  out|    3|          m_axi|         gmem1|       pointer|
|m_axi_gmem1_ARQOS      |  out|    4|          m_axi|         gmem1|       pointer|
|m_axi_gmem1_ARREGION   |  out|    4|          m_axi|         gmem1|       pointer|
|m_axi_gmem1_ARUSER     |  out|    1|          m_axi|         gmem1|       pointer|
|m_axi_gmem1_RVALID     |   in|    1|          m_axi|         gmem1|       pointer|
|m_axi_gmem1_RREADY     |  out|    1|          m_axi|         gmem1|       pointer|
|m_axi_gmem1_RDATA      |   in|  128|          m_axi|         gmem1|       pointer|
|m_axi_gmem1_RLAST      |   in|    1|          m_axi|         gmem1|       pointer|
|m_axi_gmem1_RID        |   in|    1|          m_axi|         gmem1|       pointer|
|m_axi_gmem1_RUSER      |   in|    1|          m_axi|         gmem1|       pointer|
|m_axi_gmem1_RRESP      |   in|    2|          m_axi|         gmem1|       pointer|
|m_axi_gmem1_BVALID     |   in|    1|          m_axi|         gmem1|       pointer|
|m_axi_gmem1_BREADY     |  out|    1|          m_axi|         gmem1|       pointer|
|m_axi_gmem1_BRESP      |   in|    2|          m_axi|         gmem1|       pointer|
|m_axi_gmem1_BID        |   in|    1|          m_axi|         gmem1|       pointer|
|m_axi_gmem1_BUSER      |   in|    1|          m_axi|         gmem1|       pointer|
+-----------------------+-----+-----+---------------+--------------+--------------+

