================================================================
== Design Size Report
================================================================

* Total Instructions per Compilation Phase
+---------------+----------------------------+--------------+----------------------------------------------------------------------------------------+
| Phase         | Step                       | Instructions | Description                                                                            |
+---------------+----------------------------+--------------+----------------------------------------------------------------------------------------+
| Compile/Link  |                            |   971        | After all functions are compiled and linked into a single design                       |
|               |                            |              |                                                                                        |
| Unroll/Inline |                            |              | After user unroll and inline pragmas are applied                                       |
|               | (1) unroll                 | 6,334        | user unroll pragmas are applied                                                        |
|               | (2) simplification         | 5,611        | simplification of applied user unroll pragmas                                          |
|               | (3) inline                 | 5,213        | user inline pragmas are applied                                                        |
|               | (4) simplification         | 5,435        | simplification of applied user inline pragmas                                          |
|               |                            |              |                                                                                        |
| Array/Struct  |                            |              | After user array partition and struct aggregate/disaggregate pragmas are applied       |
|               | (1) array partition        | 5,711        | user array partition pragmas are applied                                               |
|               | (2) simplification         | 5,678        | simplification of applied user array partition & struct aggregate/disaggregate pragmas |
|               | (3) aggregate/disaggregate | 5,678        | user struct aggregate/disaggregate pragmas are applied                                 |
|               | (4) array reshape          | 5,678        | apply array reshape pragmas                                                            |
|               | (5) access patterns        | 5,778        | array access pattern optmizations                                                      |
|               |                            |              |                                                                                        |
| Performance   |                            |              | After transformations are applied to meet performance pragma targets                   |
|               | (1) loop simplification    | 5,774        | loop and instruction simplification                                                    |
|               | (2) parallelization        | 5,732        | loops are unrolled or pipelined to meet performance targets                            |
|               | (3) array partition        | 5,684        | arrays are partitioned to meet performance targets                                     |
|               | (4) simplification         | 5,684        | simplification of design after performance transformations                             |
|               |                            |              |                                                                                        |
| HW Transforms |                            |              | After hardware transfomations                                                          |
|               | (1) lowering               | 5,696        | initial conversion to HW specific instructions                                         |
|               | (2) optimizations          | 5,872        | high level synthesis optimizations                                                     |
+---------------+----------------------------+--------------+----------------------------------------------------------------------------------------+

* Instructions per Function for each Compilation Phase
+-----------------+---------------+----------------+------------------+------------------+------------------+------------------+
| Function        | Location      | Compile/Link   | Unroll/Inline    | Array/Struct     | Performance      | HW Transforms    |
+-----------------+---------------+----------------+------------------+------------------+------------------+------------------+
| + arith_encode  | arith5.cpp:39 | 971            | 5,435            | 5,778            | 5,684            | 5,872            |
|  + encode_chunk | arith5.cpp:15 | 830            | 5,304 (8 calls)  | 5,560 (8 calls)  | 5,480 (8 calls)  | 5,640 (8 calls)  |
|   + encode_bit  | arith3.h:38   | 600 (3 calls)  | 3,816 (24 calls) | 4,008 (24 calls) | 3,984 (24 calls) | 4,176 (24 calls) |
|      put_bit    | arith3.h:32   | 276 (12 calls) |                  |                  |                  |                  |
|     put_bit     | arith3.h:32   |  92 (4 calls)  |                  |                  |                  |                  |
+-----------------+---------------+----------------+------------------+------------------+------------------+------------------+

* Design Size Message Settings
+---------------------------------------------+--------+------------------------------------------------------------------+
| Message Setting                             | Value  | Description                                                      |
+---------------------------------------------+--------+------------------------------------------------------------------+
| config_compile -design_size_maximum_warning | 100000 | Show a warning when total design instructions exceeds this value |
+---------------------------------------------+--------+------------------------------------------------------------------+


