

================================================================
== Vitis HLS Report for 'encode_chunk_Pipeline_VITIS_LOOP_32_4'
================================================================
* Date:           Sat Aug  1 19:34:10 2026

* Version:        2025.2.1 (Build 6397637 on Mar 18 2026)
* Project:        work_k8_report
* Solution:       hls (Vitis Kernel Flow Target)
* Product family: zynquplus
* Target device:  xck26-sfvc784-2LV-c


================================================================
== Performance Estimates
================================================================
+ Timing: 
    * Summary: 
    +--------+---------+----------+------------+
    |  Clock |  Target | Estimated| Uncertainty|
    +--------+---------+----------+------------+
    |ap_clk  |  5.00 ns|  3.269 ns|     1.35 ns|
    +--------+---------+----------+------------+

+ Latency: 
    * Summary: 
    +---------+---------+----------+----------+-----+-----+-------------------+
    |  Latency (cycles) |  Latency (absolute) |  Interval |      Pipeline     |
    |   min   |   max   |    min   |    max   | min | max |        Type       |
    +---------+---------+----------+----------+-----+-----+-------------------+
    |        ?|        ?|         ?|         ?|    0|    0|  loop pipeline stp|
    +---------+---------+----------+----------+-----+-----+-------------------+

    + Detail: 
        * Instance: 
        N/A

        * Loop: 
        +-------------------+---------+---------+----------+-----------+-----------+------+----------+
        |                   |  Latency (cycles) | Iteration|  Initiation Interval  | Trip |          |
        |     Loop Name     |   min   |   max   |  Latency |  achieved |   target  | Count| Pipelined|
        +-------------------+---------+---------+----------+-----------+-----------+------+----------+
        |- VITIS_LOOP_32_4  |        ?|        ?|         2|          1|          1|     ?|       yes|
        +-------------------+---------+---------+----------+-----------+-----------+------+----------+



================================================================
== Utilization Estimates
================================================================
* Summary: 
+-----------------+---------+------+--------+--------+-----+
|       Name      | BRAM_18K|  DSP |   FF   |   LUT  | URAM|
+-----------------+---------+------+--------+--------+-----+
|DSP              |        -|     -|       -|       -|    -|
|Expression       |        -|     -|       0|     197|    -|
|FIFO             |        -|     -|       -|       -|    -|
|Instance         |        -|     -|       -|       -|    -|
|Memory           |        -|     -|       -|       -|    -|
|Multiplexer      |        -|     -|       0|      73|    -|
|Register         |        -|     -|     107|       -|    -|
+-----------------+---------+------+--------+--------+-----+
|Total            |        0|     0|     107|     270|    0|
+-----------------+---------+------+--------+--------+-----+
|Available        |      288|  1248|  234240|  117120|   64|
+-----------------+---------+------+--------+--------+-----+
|Utilization (%)  |        0|     0|      ~0|      ~0|    0|
+-----------------+---------+------+--------+--------+-----+

+ Detail: 
    * Instance: 
    N/A

    * DSP: 
    N/A

    * Memory: 
    N/A

    * FIFO: 
    N/A

    * Expression: 
    +---------------------+----------+----+---+----+------------+------------+
    |    Variable Name    | Operation| DSP| FF| LUT| Bitwidth P0| Bitwidth P1|
    +---------------------+----------+----+---+----+------------+------------+
    |nb_fu_181_p2         |         +|   0|  0|  39|          32|           1|
    |oi_fu_206_p2         |         +|   0|  0|  39|          32|           1|
    |pending_fu_151_p2    |         +|   0|  0|  39|          32|           2|
    |icmp_ln32_fu_145_p2  |      icmp|   0|  0|  39|          32|           1|
    |icmp_ln34_fu_187_p2  |      icmp|   0|  0|  39|          32|           4|
    |ap_enable_pp0        |       xor|   0|  0|   2|           1|           2|
    +---------------------+----------+----+---+----+------------+------------+
    |Total                |          |   0|  0| 197|         161|          11|
    +---------------------+----------+----+---+----+------------+------------+

    * Multiplexer: 
    +-------------------------+----+-----------+-----+-----------+
    |           Name          | LUT| Input Size| Bits| Total Bits|
    +-------------------------+----+-----------+-----+-----------+
    |ap_done_int              |   9|          2|    1|          2|
    |ap_enable_reg_pp0_iter1  |   9|          2|    1|          2|
    |ap_sig_allocacmp_p_load  |   9|          2|   32|         64|
    |empty_fu_48              |   9|          2|   32|         64|
    |nb_6_2_fu_56             |  14|          3|   32|         96|
    |ob_8_2_fu_52             |  14|          3|    8|         24|
    |oi_251_fu_60             |   9|          2|   32|         64|
    +-------------------------+----+-----------+-----+-----------+
    |Total                    |  73|         16|  138|        316|
    +-------------------------+----+-----------+-----+-----------+

    * Register: 
    +-------------------------+----+----+-----+-----------+
    |           Name          | FF | LUT| Bits| Const Bits|
    +-------------------------+----+----+-----+-----------+
    |ap_CS_fsm                |   1|   0|    1|          0|
    |ap_done_reg              |   1|   0|    1|          0|
    |ap_enable_reg_pp0_iter1  |   1|   0|    1|          0|
    |empty_fu_48              |  32|   0|   32|          0|
    |nb_6_2_fu_56             |  32|   0|   32|          0|
    |ob_8_2_fu_52             |   8|   0|    8|          0|
    |oi_251_fu_60             |  32|   0|   32|          0|
    +-------------------------+----+----+-----+-----------+
    |Total                    | 107|   0|  107|          0|
    +-------------------------+----+----+-----+-----------+



================================================================
== Interface
================================================================
* Summary: 
+-------------------+-----+-----+------------+---------------------------------------+--------------+
|     RTL Ports     | Dir | Bits|  Protocol  |             Source Object             |    C Type    |
+-------------------+-----+-----+------------+---------------------------------------+--------------+
|ap_clk             |   in|    1|  ap_ctrl_hs|  encode_chunk_Pipeline_VITIS_LOOP_32_4|  return value|
|ap_rst             |   in|    1|  ap_ctrl_hs|  encode_chunk_Pipeline_VITIS_LOOP_32_4|  return value|
|ap_start           |   in|    1|  ap_ctrl_hs|  encode_chunk_Pipeline_VITIS_LOOP_32_4|  return value|
|ap_done            |  out|    1|  ap_ctrl_hs|  encode_chunk_Pipeline_VITIS_LOOP_32_4|  return value|
|ap_idle            |  out|    1|  ap_ctrl_hs|  encode_chunk_Pipeline_VITIS_LOOP_32_4|  return value|
|ap_ready           |  out|    1|  ap_ctrl_hs|  encode_chunk_Pipeline_VITIS_LOOP_32_4|  return value|
|oi_251_ph          |   in|   32|     ap_none|                              oi_251_ph|        scalar|
|nb_6_2_ph          |   in|   32|     ap_none|                              nb_6_2_ph|        scalar|
|ob_8_2_ph          |   in|    8|     ap_none|                              ob_8_2_ph|        scalar|
|pending_2          |   in|   32|     ap_none|                              pending_2|        scalar|
|out_r_address0     |  out|   10|   ap_memory|                                  out_r|         array|
|out_r_ce0          |  out|    1|   ap_memory|                                  out_r|         array|
|out_r_we0          |  out|    1|   ap_memory|                                  out_r|         array|
|out_r_d0           |  out|    8|   ap_memory|                                  out_r|         array|
|oi_251_out         |  out|   32|      ap_vld|                             oi_251_out|       pointer|
|oi_251_out_ap_vld  |  out|    1|      ap_vld|                             oi_251_out|       pointer|
|nb_6_2_out         |  out|   32|      ap_vld|                             nb_6_2_out|       pointer|
|nb_6_2_out_ap_vld  |  out|    1|      ap_vld|                             nb_6_2_out|       pointer|
|ob_8_2_out         |  out|    8|      ap_vld|                             ob_8_2_out|       pointer|
|ob_8_2_out_ap_vld  |  out|    1|      ap_vld|                             ob_8_2_out|       pointer|
+-------------------+-----+-----+------------+---------------------------------------+--------------+

