

================================================================
== Vitis HLS Report for 'encode_bit'
================================================================
* Date:           Sat Aug  1 19:34:10 2026

* Version:        2025.2.1 (Build 6397637 on Mar 18 2026)
* Project:        work_k8_report
* Solution:       hls (Vitis Kernel Flow Target)
* Product family: zynquplus
* Target device:  xck26-sfvc784-2LV-c


================================================================
== Performance Estimates
================================================================
+ Timing: 
    * Summary: 
    +--------+---------+----------+------------+
    |  Clock |  Target | Estimated| Uncertainty|
    +--------+---------+----------+------------+
    |ap_clk  |  5.00 ns|  3.420 ns|     1.35 ns|
    +--------+---------+----------+------------+

+ Latency: 
    * Summary: 
    +---------+---------+----------+----------+-----+-----+---------+
    |  Latency (cycles) |  Latency (absolute) |  Interval | Pipeline|
    |   min   |   max   |    min   |    max   | min | max |   Type  |
    +---------+---------+----------+----------+-----+-----+---------+
    |        ?|        ?|         ?|         ?|    ?|    ?|       no|
    +---------+---------+----------+----------+-----+-----+---------+

    + Detail: 
        * Instance: 
        +------------------------------------------------+-------------------------------------+---------+---------+----------+----------+-----+-----+-------------------+
        |                                                |                                     |  Latency (cycles) |  Latency (absolute) |  Interval |      Pipeline     |
        |                    Instance                    |                Module               |   min   |   max   |    min   |    max   | min | max |        Type       |
        +------------------------------------------------+-------------------------------------+---------+---------+----------+----------+-----+-----+-------------------+
        |grp_encode_bit_Pipeline_VITIS_LOOP_53_2_fu_305  |encode_bit_Pipeline_VITIS_LOOP_53_2  |        ?|        ?|         ?|         ?|    0|    0|  loop pipeline stp|
        |grp_encode_bit_Pipeline_VITIS_LOOP_50_1_fu_321  |encode_bit_Pipeline_VITIS_LOOP_50_1  |        ?|        ?|         ?|         ?|    0|    0|  loop pipeline stp|
        +------------------------------------------------+-------------------------------------+---------+---------+----------+----------+-----+-----+-------------------+

        * Loop: 
        +----------+---------+---------+----------+-----------+-----------+--------+----------+
        |          |  Latency (cycles) | Iteration|  Initiation Interval  |  Trip  |          |
        | Loop Name|   min   |   max   |  Latency |  achieved |   target  |  Count | Pipelined|
        +----------+---------+---------+----------+-----------+-----------+--------+----------+
        |- Renorm  |        ?|        ?|         ?|          -|          -|  0 ~ 32|        no|
        +----------+---------+---------+----------+-----------+-----------+--------+----------+



================================================================
== Utilization Estimates
================================================================
* Summary: 
+-----------------+---------+------+--------+--------+-----+
|       Name      | BRAM_18K|  DSP |   FF   |   LUT  | URAM|
+-----------------+---------+------+--------+--------+-----+
|DSP              |        -|     -|       -|       -|    -|
|Expression       |        -|     -|       0|     718|    -|
|FIFO             |        -|     -|       -|       -|    -|
|Instance         |        -|     3|      70|     594|    -|
|Memory           |        -|     -|       -|       -|    -|
|Multiplexer      |        -|     -|       0|     318|    -|
|Register         |        -|     -|     647|       -|    -|
+-----------------+---------+------+--------+--------+-----+
|Total            |        0|     3|     717|    1630|    0|
+-----------------+---------+------+--------+--------+-----+
|Available        |      288|  1248|  234240|  117120|   64|
+-----------------+---------+------+--------+--------+-----+
|Utilization (%)  |        0|    ~0|      ~0|       1|    0|
+-----------------+---------+------+--------+--------+-----+

+ Detail: 
    * Instance: 
    +------------------------------------------------+-------------------------------------+---------+----+----+-----+-----+
    |                    Instance                    |                Module               | BRAM_18K| DSP| FF | LUT | URAM|
    +------------------------------------------------+-------------------------------------+---------+----+----+-----+-----+
    |grp_encode_bit_Pipeline_VITIS_LOOP_50_1_fu_321  |encode_bit_Pipeline_VITIS_LOOP_50_1  |        0|   0|  35|  287|    0|
    |grp_encode_bit_Pipeline_VITIS_LOOP_53_2_fu_305  |encode_bit_Pipeline_VITIS_LOOP_53_2  |        0|   0|  35|  287|    0|
    |mul_32s_32s_32_1_1_U30                          |mul_32s_32s_32_1_1                   |        0|   3|   0|   20|    0|
    +------------------------------------------------+-------------------------------------+---------+----+----+-----+-----+
    |Total                                           |                                     |        0|   3|  70|  594|    0|
    +------------------------------------------------+-------------------------------------+---------+----+----+-----+-----+

    * DSP: 
    N/A

    * Memory: 
    N/A

    * FIFO: 
    N/A

    * Expression: 
    +---------------------------------+----------+----+---+----+------------+------------+
    |          Variable Name          | Operation| DSP| FF| LUT| Bitwidth P0| Bitwidth P1|
    +---------------------------------+----------+----+---+----+------------+------------+
    |add_ln41_fu_382_p2               |         +|   0|  0|  32|          32|           1|
    |add_ln43_fu_437_p2               |         +|   0|  0|  39|          32|           2|
    |add_ln44_fu_432_p2               |         +|   0|  0|  39|          32|          32|
    |add_ln56_fu_621_p2               |         +|   0|  0|  39|          32|           1|
    |add_ln62_fu_751_p2               |         +|   0|  0|  39|          32|          32|
    |grp_fu_348_p2                    |         +|   0|  0|  39|          32|           1|
    |grp_fu_360_p2                    |         +|   0|  0|  39|          32|           1|
    |r_3_fu_508_p2                    |         +|   0|  0|  13|           6|           1|
    |range_fu_388_p2                  |         -|   0|  0|  32|          32|          32|
    |sub_ln62_fu_732_p2               |         -|   0|  0|  39|          13|          32|
    |sub_ln63_fu_727_p2               |         -|   0|  0|  39|          32|          32|
    |and_ln55_fu_615_p2               |       and|   0|  0|   2|           1|           1|
    |ap_condition_68                  |       and|   0|  0|   2|           1|           1|
    |ap_condition_687                 |       and|   0|  0|   2|           1|           1|
    |ap_condition_72                  |       and|   0|  0|   2|           1|           1|
    |ap_predicate_op136_call_state6   |       and|   0|  0|   2|           1|           1|
    |grp_fu_354_p2                    |      icmp|   0|  0|  39|          32|           4|
    |icmp_ln48_fu_538_p2              |      icmp|   0|  0|  24|          17|           1|
    |icmp_ln51_fu_554_p2              |      icmp|   0|  0|  24|          17|           1|
    |icmp_ln55_2_fu_609_p2            |      icmp|   0|  0|  39|          32|          16|
    |icmp_ln55_fu_603_p2              |      icmp|   0|  0|  25|          18|           1|
    |ap_block_state6_on_subcall_done  |        or|   0|  0|   2|           1|           1|
    |out_r_we0                        |        or|   0|  0|   2|           1|           1|
    |high_write_assign_ph_fu_451_p3   |    select|   0|  0|  32|           1|          32|
    |low_write_assign_ph_fu_443_p3    |    select|   0|  0|  32|           1|          32|
    |p_ph7_fu_466_p3                  |    select|   0|  0|  32|           1|          32|
    |p_ph_fu_459_p3                   |    select|   0|  0|  32|           1|          32|
    |select_ln62_fu_756_p3            |    select|   0|  0|  32|           1|          32|
    |xor_ln56_3_fu_635_p2             |       xor|   0|  0|   2|           1|           2|
    |xor_ln56_fu_661_p2               |       xor|   0|  0|   2|           1|           2|
    +---------------------------------+----------+----+---+----+------------+------------+
    |Total                            |          |   0|  0| 718|         437|         361|
    +---------------------------------+----------+----+---+----+------------+------------+

    * Multiplexer: 
    +-----------------------------------+----+-----------+-----+-----------+
    |                Name               | LUT| Input Size| Bits| Total Bits|
    +-----------------------------------+----+-----------+-----+-----------+
    |ap_NS_fsm                          |  43|          8|    1|          8|
    |ap_phi_mux_empty_47_phi_fu_252_p6  |   9|          2|   15|         30|
    |ap_phi_mux_empty_48_phi_fu_263_p6  |   9|          2|   15|         30|
    |empty_46_fu_106                    |   9|          2|   32|         64|
    |empty_47_reg_249                   |   9|          2|   15|         30|
    |empty_48_reg_260                   |   9|          2|   15|         30|
    |empty_fu_102                       |   9|          2|   32|         64|
    |nb_0_fu_130                        |  14|          3|   32|         96|
    |nb_2_ph_reg_281                    |   9|          2|   32|         64|
    |nb_5_ph_reg_225                    |   9|          2|   32|         64|
    |ob_0_fu_126                        |  14|          3|   32|         96|
    |ob_2_ph_reg_293                    |   9|          2|   32|         64|
    |ob_5_ph_reg_237                    |   9|          2|   32|         64|
    |oi_0_fu_122                        |  14|          3|   32|         96|
    |oi_2_ph_reg_271                    |   9|          2|   32|         64|
    |oi_5_ph_reg_215                    |   9|          2|   32|         64|
    |out_r_address0                     |  14|          3|   10|         30|
    |out_r_address0_local               |  14|          3|   10|         30|
    |out_r_ce0                          |  14|          3|    1|          3|
    |out_r_d0                           |  14|          3|    8|         24|
    |out_r_d0_local                     |  14|          3|    8|         24|
    |out_r_we0                          |  14|          3|    1|          3|
    |pending_0_fu_110                   |  14|          3|   32|         96|
    |phi_ln64_2_fu_114                  |   9|          2|   32|         64|
    |phi_ln64_fu_118                    |   9|          2|   32|         64|
    |r_01_fu_98                         |   9|          2|    6|         12|
    +-----------------------------------+----+-----------+-----+-----------+
    |Total                              | 318|         68|  553|       1278|
    +-----------------------------------+----+-----------+-----+-----------+

    * Register: 
    +-------------------------------------------------------------+----+----+-----+-----------+
    |                             Name                            | FF | LUT| Bits| Const Bits|
    +-------------------------------------------------------------+----+----+-----+-----------+
    |ap_CS_fsm                                                    |   7|   0|    7|          0|
    |empty_46_fu_106                                              |  32|   0|   32|          0|
    |empty_47_reg_249                                             |  15|   0|   15|          0|
    |empty_48_reg_260                                             |  15|   0|   15|          0|
    |empty_fu_102                                                 |  32|   0|   32|          0|
    |grp_encode_bit_Pipeline_VITIS_LOOP_50_1_fu_321_ap_start_reg  |   1|   0|    1|          0|
    |grp_encode_bit_Pipeline_VITIS_LOOP_53_2_fu_305_ap_start_reg  |   1|   0|    1|          0|
    |icmp_ln48_reg_991                                            |   1|   0|    1|          0|
    |icmp_ln51_reg_995                                            |   1|   0|    1|          0|
    |nb_0_fu_130                                                  |  32|   0|   32|          0|
    |nb_2_ph_reg_281                                              |  32|   0|   32|          0|
    |nb_5_ph_reg_225                                              |  32|   0|   32|          0|
    |ob_0_fu_126                                                  |  32|   0|   32|          0|
    |ob_2_ph_reg_293                                              |  32|   0|   32|          0|
    |ob_5_ph_reg_237                                              |  32|   0|   32|          0|
    |oi_0_fu_122                                                  |  32|   0|   32|          0|
    |oi_2_ph_reg_271                                              |  32|   0|   32|          0|
    |oi_5_ph_reg_215                                              |  32|   0|   32|          0|
    |pending_0_fu_110                                             |  32|   0|   32|          0|
    |pending_0_load41_reg_1033                                    |  32|   0|   32|          0|
    |pending_0_load_5_reg_1028                                    |  32|   0|   32|          0|
    |phi_ln64_2_fu_114                                            |  32|   0|   32|          0|
    |phi_ln64_fu_118                                              |  32|   0|   32|          0|
    |r_01_fu_98                                                   |   6|   0|    6|          0|
    |r_3_reg_974                                                  |   6|   0|    6|          0|
    |range_reg_943                                                |  32|   0|   32|          0|
    |split_reg_956                                                |  20|   0|   20|          0|
    |trunc_ln47_2_reg_985                                         |  15|   0|   15|          0|
    |trunc_ln47_reg_979                                           |  15|   0|   15|          0|
    +-------------------------------------------------------------+----+----+-----+-----------+
    |Total                                                        | 647|   0|  647|          0|
    +-------------------------------------------------------------+----+----+-----+-----------+



================================================================
== Interface
================================================================
* Summary: 
+----------------+-----+-----+------------+--------------+--------------+
|    RTL Ports   | Dir | Bits|  Protocol  | Source Object|    C Type    |
+----------------+-----+-----+------------+--------------+--------------+
|ap_clk          |   in|    1|  ap_ctrl_hs|    encode_bit|  return value|
|ap_rst          |   in|    1|  ap_ctrl_hs|    encode_bit|  return value|
|ap_start        |   in|    1|  ap_ctrl_hs|    encode_bit|  return value|
|ap_done         |  out|    1|  ap_ctrl_hs|    encode_bit|  return value|
|ap_idle         |  out|    1|  ap_ctrl_hs|    encode_bit|  return value|
|ap_ready        |  out|    1|  ap_ctrl_hs|    encode_bit|  return value|
|ap_return_0     |  out|   32|  ap_ctrl_hs|    encode_bit|  return value|
|ap_return_1     |  out|   32|  ap_ctrl_hs|    encode_bit|  return value|
|ap_return_2     |  out|   32|  ap_ctrl_hs|    encode_bit|  return value|
|ap_return_3     |  out|   32|  ap_ctrl_hs|    encode_bit|  return value|
|ap_return_4     |  out|   32|  ap_ctrl_hs|    encode_bit|  return value|
|ap_return_5     |  out|   32|  ap_ctrl_hs|    encode_bit|  return value|
|ap_return_6     |  out|   32|  ap_ctrl_hs|    encode_bit|  return value|
|low_read_6      |   in|   32|     ap_none|    low_read_6|        scalar|
|low_read        |   in|   32|     ap_none|      low_read|        scalar|
|high_read_6     |   in|   32|     ap_none|   high_read_6|        scalar|
|high_read       |   in|   32|     ap_none|     high_read|        scalar|
|pending_read    |   in|   32|     ap_none|  pending_read|        scalar|
|ob_read         |   in|   32|     ap_none|       ob_read|        scalar|
|nb_read         |   in|   32|     ap_none|       nb_read|        scalar|
|out_r_address0  |  out|   10|   ap_memory|         out_r|         array|
|out_r_ce0       |  out|    1|   ap_memory|         out_r|         array|
|out_r_we0       |  out|    1|   ap_memory|         out_r|         array|
|out_r_d0        |  out|    8|   ap_memory|         out_r|         array|
|oi_read         |   in|   32|     ap_none|       oi_read|        scalar|
|prob_read       |   in|   32|     ap_none|     prob_read|        scalar|
|bit_r           |   in|    1|     ap_none|         bit_r|        scalar|
+----------------+-----+-----+------------+--------------+--------------+

