

================================================================
== Vitis HLS Report for 'encode_chunk'
================================================================
* Date:           Sat Aug  1 19:34:10 2026

* Version:        2025.2.1 (Build 6397637 on Mar 18 2026)
* Project:        work_k8_report
* Solution:       hls (Vitis Kernel Flow Target)
* Product family: zynquplus
* Target device:  xck26-sfvc784-2LV-c


================================================================
== Performance Estimates
================================================================
+ Timing: 
    * Summary: 
    +--------+---------+----------+------------+
    |  Clock |  Target | Estimated| Uncertainty|
    +--------+---------+----------+------------+
    |ap_clk  |  5.00 ns|  3.497 ns|     1.35 ns|
    +--------+---------+----------+------------+

+ Latency: 
    * Summary: 
    +---------+---------+----------+----------+-----+-----+---------+
    |  Latency (cycles) |  Latency (absolute) |  Interval | Pipeline|
    |   min   |   max   |    min   |    max   | min | max |   Type  |
    +---------+---------+----------+----------+-----+-----+---------+
    |        ?|        ?|         ?|         ?|    ?|    ?|       no|
    +---------+---------+----------+----------+-----+-----+---------+

    + Detail: 
        * Instance: 
        +--------------------------------------------------+---------------------------------------+---------+---------+----------+----------+-----+-----+-------------------+
        |                                                  |                                       |  Latency (cycles) |  Latency (absolute) |  Interval |      Pipeline     |
        |                     Instance                     |                 Module                |   min   |   max   |    min   |    max   | min | max |        Type       |
        +--------------------------------------------------+---------------------------------------+---------+---------+----------+----------+-----+-----+-------------------+
        |grp_encode_chunk_Pipeline_VITIS_LOOP_17_1_fu_319  |encode_chunk_Pipeline_VITIS_LOOP_17_1  |      258|      258|  1.290 us|  1.290 us|    0|    0|  loop pipeline stp|
        |grp_encode_bit_fu_325                             |encode_bit                             |        ?|        ?|         ?|         ?|    ?|    ?|                 no|
        |grp_encode_bit_1_fu_343                           |encode_bit_1                           |        ?|        ?|         ?|         ?|    ?|    ?|                 no|
        |grp_encode_chunk_Pipeline_VITIS_LOOP_33_5_fu_357  |encode_chunk_Pipeline_VITIS_LOOP_33_5  |        ?|        ?|         ?|         ?|    0|    0|  loop pipeline stp|
        |grp_encode_chunk_Pipeline_VITIS_LOOP_32_4_fu_373  |encode_chunk_Pipeline_VITIS_LOOP_32_4  |        ?|        ?|         ?|         ?|    0|    0|  loop pipeline stp|
        +--------------------------------------------------+---------------------------------------+---------+---------+----------+----------+-----+-----+-------------------+

        * Loop: 
        +--------------------+---------+---------+----------+-----------+-----------+------+----------+
        |                    |  Latency (cycles) | Iteration|  Initiation Interval  | Trip |          |
        |      Loop Name     |   min   |   max   |  Latency |  achieved |   target  | Count| Pipelined|
        +--------------------+---------+---------+----------+-----------+-----------+------+----------+
        |- VITIS_LOOP_21_2   |        ?|        ?|         ?|          -|          -|     ?|        no|
        | + VITIS_LOOP_24_3  |        ?|        ?|         ?|          -|          -|     8|        no|
        +--------------------+---------+---------+----------+-----------+-----------+------+----------+



================================================================
== Utilization Estimates
================================================================
* Summary: 
+-----------------+---------+------+--------+--------+-----+
|       Name      | BRAM_18K|  DSP |   FF   |   LUT  | URAM|
+-----------------+---------+------+--------+--------+-----+
|DSP              |        -|     -|       -|       -|    -|
|Expression       |        -|     -|       0|     423|    -|
|FIFO             |        -|     -|       -|       -|    -|
|Instance         |        -|     6|    1595|    3778|    -|
|Memory           |        1|     -|       0|       0|    0|
|Multiplexer      |        -|     -|       0|     548|    -|
|Register         |        -|     -|     966|       -|    -|
+-----------------+---------+------+--------+--------+-----+
|Total            |        1|     6|    2561|    4749|    0|
+-----------------+---------+------+--------+--------+-----+
|Available        |      288|  1248|  234240|  117120|   64|
+-----------------+---------+------+--------+--------+-----+
|Utilization (%)  |       ~0|    ~0|       1|       4|    0|
+-----------------+---------+------+--------+--------+-----+

+ Detail: 
    * Instance: 
    +--------------------------------------------------+---------------------------------------+---------+----+-----+------+-----+
    |                     Instance                     |                 Module                | BRAM_18K| DSP|  FF |  LUT | URAM|
    +--------------------------------------------------+---------------------------------------+---------+----+-----+------+-----+
    |grp_encode_bit_fu_325                             |encode_bit                             |        0|   3|  717|  1630|    0|
    |grp_encode_bit_1_fu_343                           |encode_bit_1                           |        0|   3|  653|  1548|    0|
    |grp_encode_chunk_Pipeline_VITIS_LOOP_17_1_fu_319  |encode_chunk_Pipeline_VITIS_LOOP_17_1  |        0|   0|   11|    60|    0|
    |grp_encode_chunk_Pipeline_VITIS_LOOP_32_4_fu_373  |encode_chunk_Pipeline_VITIS_LOOP_32_4  |        0|   0|  107|   270|    0|
    |grp_encode_chunk_Pipeline_VITIS_LOOP_33_5_fu_357  |encode_chunk_Pipeline_VITIS_LOOP_33_5  |        0|   0|  107|   270|    0|
    +--------------------------------------------------+---------------------------------------+---------+----+-----+------+-----+
    |Total                                             |                                       |        0|   6| 1595|  3778|    0|
    +--------------------------------------------------+---------------------------------------+---------+----+-----+------+-----+

    * DSP: 
    N/A

    * Memory: 
    +--------+---------------------------------+---------+---+----+-----+------+-----+------+-------------+
    | Memory |              Module             | BRAM_18K| FF| LUT| URAM| Words| Bits| Banks| W*Bits*Banks|
    +--------+---------------------------------+---------+---+----+-----+------+-----+------+-------------+
    |tree_U  |encode_chunk_tree_RAM_AUTO_1R1W  |        1|  0|   0|    0|   256|   32|     1|         8192|
    +--------+---------------------------------+---------+---+----+-----+------+-----+------+-------------+
    |Total   |                                 |        1|  0|   0|    0|   256|   32|     1|         8192|
    +--------+---------------------------------+---------+---+----+-----+------+-----+------+-------------+

    * FIFO: 
    N/A

    * Expression: 
    +-----------------------+----------+----+---+----+------------+------------+
    |     Variable Name     | Operation| DSP| FF| LUT| Bitwidth P0| Bitwidth P1|
    +-----------------------+----------+----+---+----+------------+------------+
    |add_ln21_fu_533_p2     |         +|   0|  0|  38|          31|           1|
    |grp_fu_433_p2          |         +|   0|  0|  39|          32|           1|
    |j_1_fu_630_p2          |         +|   0|  0|  12|           4|           2|
    |nb_fu_740_p2           |         +|   0|  0|  39|          32|           1|
    |oi_5_fu_816_p2         |         +|   0|  0|  39|          32|           1|
    |pending_2_fu_714_p2    |         +|   0|  0|  39|          32|           1|
    |sub_ln34_fu_799_p2     |         -|   0|  0|  39|           4|          32|
    |icmp_ln21_fu_528_p2    |      icmp|   0|  0|  39|          32|          32|
    |icmp_ln32_fu_730_p2    |      icmp|   0|  0|  25|          18|           1|
    |icmp_ln34_1_fu_793_p2  |      icmp|   0|  0|  39|          32|           1|
    |icmp_ln34_fu_753_p2    |      icmp|   0|  0|  39|          32|           4|
    |lshr_ln25_fu_604_p2    |      lshr|   0|  0|  16|           8|           8|
    |out_r_we0              |        or|   0|  0|   2|           1|           1|
    |tree_we0               |        or|   0|  0|   2|           1|           1|
    |shl_ln34_fu_809_p2     |       shl|   0|  0|  16|           8|           8|
    +-----------------------+----------+----+---+----+------------+------------+
    |Total                  |          |   0|  0| 423|         299|          95|
    +-----------------------+----------+----+---+----+------------+------------+

    * Multiplexer: 
    +-----------------------------------+-----+-----------+-----+-----------+
    |                Name               | LUT | Input Size| Bits| Total Bits|
    +-----------------------------------+-----+-----------+-----+-----------+
    |ap_NS_fsm                          |  101|         20|    1|         20|
    |ap_phi_mux_empty_44_phi_fu_269_p4  |   14|          3|   32|         96|
    |ap_phi_mux_empty_phi_fu_260_p4     |   14|          3|    8|         24|
    |ap_phi_mux_oi_6_phi_fu_251_p4      |   14|          3|   32|         96|
    |ap_phi_mux_oi_7_phi_fu_278_p4      |   14|          3|   32|         96|
    |ap_return                          |    9|          2|   32|         64|
    |ctx_reg_203                        |    9|          2|    8|         16|
    |flag_prob_0_fu_76                  |    9|          2|   32|         64|
    |grp_encode_bit_fu_325_bit_r        |   14|          3|    1|          3|
    |high_0_fu_96                       |   14|          3|   32|         96|
    |j_reg_192                          |    9|          2|    4|          8|
    |k_fu_72                            |    9|          2|   31|         62|
    |low_0_fu_92                        |   14|          3|   32|         96|
    |nb_6_0_fu_84                       |   14|          3|   32|         96|
    |nb_6_2_ph_reg_295                  |    9|          2|   32|         64|
    |nb_6_4_ph_reg_224                  |    9|          2|   32|         64|
    |ob_8_0_fu_80                       |   14|          3|   32|         96|
    |ob_8_2_ph_reg_307                  |    9|          2|    7|         14|
    |ob_8_4_ph_reg_236                  |    9|          2|    8|         16|
    |oi_0_fu_88                         |   14|          3|   32|         96|
    |oi_251_ph_reg_285                  |    9|          2|   32|         64|
    |oi_453_ph_reg_214                  |    9|          2|   32|         64|
    |out_r_address0                     |   26|          5|   10|         50|
    |out_r_address0_local               |   20|          4|   10|         40|
    |out_r_ce0                          |   26|          5|    1|          5|
    |out_r_d0                           |   26|          5|    8|         40|
    |out_r_d0_local                     |   20|          4|    8|         32|
    |out_r_we0                          |   26|          5|    1|          5|
    |pending_0_fu_100                   |   14|          3|   32|         96|
    |tree_address0                      |    9|          2|    8|         16|
    |tree_address0_local                |   14|          3|    8|         24|
    |tree_ce0                           |    9|          2|    1|          2|
    |tree_d0                            |    9|          2|   32|         64|
    |tree_we0                           |    9|          2|    1|          2|
    +-----------------------------------+-----+-----------+-----+-----------+
    |Total                              |  548|        114|  636|       1691|
    +-----------------------------------+-----+-----------+-----+-----------+

    * Register: 
    +---------------------------------------------------------------+----+----+-----+-----------+
    |                              Name                             | FF | LUT| Bits| Const Bits|
    +---------------------------------------------------------------+----+----+-----+-----------+
    |add_ln21_reg_942                                               |  31|   0|   31|          0|
    |ap_CS_fsm                                                      |  19|   0|   19|          0|
    |ap_return_preg                                                 |  32|   0|   32|          0|
    |b_reg_957                                                      |   8|   0|    8|          0|
    |bit_reg_965                                                    |   1|   0|    1|          0|
    |ctx_1_reg_975                                                  |   8|   0|    8|          0|
    |ctx_reg_203                                                    |   8|   0|    8|          0|
    |flag_prob_0_fu_76                                              |  32|   0|   32|          0|
    |flag_prob_reg_952                                              |  32|   0|   32|          0|
    |grp_encode_bit_1_fu_343_ap_start_reg                           |   1|   0|    1|          0|
    |grp_encode_bit_fu_325_ap_start_reg                             |   1|   0|    1|          0|
    |grp_encode_chunk_Pipeline_VITIS_LOOP_17_1_fu_319_ap_start_reg  |   1|   0|    1|          0|
    |grp_encode_chunk_Pipeline_VITIS_LOOP_32_4_fu_373_ap_start_reg  |   1|   0|    1|          0|
    |grp_encode_chunk_Pipeline_VITIS_LOOP_33_5_fu_357_ap_start_reg  |   1|   0|    1|          0|
    |high_0_fu_96                                                   |  32|   0|   32|          0|
    |icmp_ln21_reg_938                                              |   1|   0|    1|          0|
    |icmp_ln32_reg_1010                                             |   1|   0|    1|          0|
    |icmp_ln34_reg_1033                                             |   1|   0|    1|          0|
    |j_1_reg_980                                                    |   4|   0|    4|          0|
    |j_reg_192                                                      |   4|   0|    4|          0|
    |k_fu_72                                                        |  31|   0|   31|          0|
    |low_0_fu_92                                                    |  32|   0|   32|          0|
    |nb_6_0_fu_84                                                   |  32|   0|   32|          0|
    |nb_6_2_ph_reg_295                                              |  32|   0|   32|          0|
    |nb_6_4_ph_reg_224                                              |  32|   0|   32|          0|
    |nb_reg_1020                                                    |  32|   0|   32|          0|
    |ob_2_reg_1027                                                  |   7|   0|    8|          1|
    |ob_3_reg_1037                                                  |   7|   0|    8|          1|
    |ob_8_0_fu_80                                                   |  32|   0|   32|          0|
    |ob_8_2_ph_reg_307                                              |   7|   0|    8|          1|
    |ob_8_4_ph_reg_236                                              |   8|   0|    8|          0|
    |oi_0_fu_88                                                     |  32|   0|   32|          0|
    |oi_1_reg_995                                                   |  32|   0|   32|          0|
    |oi_251_ph_reg_285                                              |  32|   0|   32|          0|
    |oi_453_ph_reg_214                                              |  32|   0|   32|          0|
    |pending_0_fu_100                                               |  32|   0|   32|          0|
    |pending_2_reg_1004                                             |  32|   0|   32|          0|
    |reg_438                                                        |  32|   0|   32|          0|
    |reg_443                                                        |  32|   0|   32|          0|
    |reg_449                                                        |  32|   0|   32|          0|
    |reg_455                                                        |  32|   0|   32|          0|
    |reg_461                                                        |  32|   0|   32|          0|
    |reg_468                                                        |  32|   0|   32|          0|
    |reg_475                                                        |  32|   0|   32|          0|
    |tree_addr_1_ret_reg_990                                        |  32|   0|   32|          0|
    |tree_addr_reg_970                                              |   8|   0|    8|          0|
    |tree_load_reg_985                                              |  32|   0|   32|          0|
    |trunc_ln34_reg_1014                                            |   7|   0|    7|          0|
    +---------------------------------------------------------------+----+----+-----+-----------+
    |Total                                                          | 966|   0|  969|          3|
    +---------------------------------------------------------------+----+----+-----+-----------+



================================================================
== Interface
================================================================
* Summary: 
+----------------+-----+-----+------------+--------------+--------------+
|    RTL Ports   | Dir | Bits|  Protocol  | Source Object|    C Type    |
+----------------+-----+-----+------------+--------------+--------------+
|ap_clk          |   in|    1|  ap_ctrl_hs|  encode_chunk|  return value|
|ap_rst          |   in|    1|  ap_ctrl_hs|  encode_chunk|  return value|
|ap_start        |   in|    1|  ap_ctrl_hs|  encode_chunk|  return value|
|ap_done         |  out|    1|  ap_ctrl_hs|  encode_chunk|  return value|
|ap_idle         |  out|    1|  ap_ctrl_hs|  encode_chunk|  return value|
|ap_ready        |  out|    1|  ap_ctrl_hs|  encode_chunk|  return value|
|ap_return       |  out|   32|  ap_ctrl_hs|  encode_chunk|  return value|
|in_r_address0   |  out|   10|   ap_memory|          in_r|         array|
|in_r_ce0        |  out|    1|   ap_memory|          in_r|         array|
|in_r_q0         |   in|    8|   ap_memory|          in_r|         array|
|n               |   in|   32|     ap_none|             n|        scalar|
|out_r_address0  |  out|   10|   ap_memory|         out_r|         array|
|out_r_ce0       |  out|    1|   ap_memory|         out_r|         array|
|out_r_we0       |  out|    1|   ap_memory|         out_r|         array|
|out_r_d0        |  out|    8|   ap_memory|         out_r|         array|
+----------------+-----+-----+------------+--------------+--------------+

