

================================================================
== Vitis HLS Report for 'encode_bit_1'
================================================================
* Date:           Sat Aug  1 19:34:10 2026

* Version:        2025.2.1 (Build 6397637 on Mar 18 2026)
* Project:        work_k8_report
* Solution:       hls (Vitis Kernel Flow Target)
* Product family: zynquplus
* Target device:  xck26-sfvc784-2LV-c


================================================================
== Performance Estimates
================================================================
+ Timing: 
    * Summary: 
    +--------+---------+----------+------------+
    |  Clock |  Target | Estimated| Uncertainty|
    +--------+---------+----------+------------+
    |ap_clk  |  5.00 ns|  3.420 ns|     1.35 ns|
    +--------+---------+----------+------------+

+ Latency: 
    * Summary: 
    +---------+---------+----------+----------+-----+-----+---------+
    |  Latency (cycles) |  Latency (absolute) |  Interval | Pipeline|
    |   min   |   max   |    min   |    max   | min | max |   Type  |
    +---------+---------+----------+----------+-----+-----+---------+
    |        ?|        ?|         ?|         ?|    ?|    ?|       no|
    +---------+---------+----------+----------+-----+-----+---------+

    + Detail: 
        * Instance: 
        +--------------------------------------------------+---------------------------------------+---------+---------+----------+----------+-----+-----+-------------------+
        |                                                  |                                       |  Latency (cycles) |  Latency (absolute) |  Interval |      Pipeline     |
        |                     Instance                     |                 Module                |   min   |   max   |    min   |    max   | min | max |        Type       |
        +--------------------------------------------------+---------------------------------------+---------+---------+----------+----------+-----+-----+-------------------+
        |grp_encode_bit_1_Pipeline_VITIS_LOOP_53_2_fu_281  |encode_bit_1_Pipeline_VITIS_LOOP_53_2  |        ?|        ?|         ?|         ?|    0|    0|  loop pipeline stp|
        |grp_encode_bit_1_Pipeline_VITIS_LOOP_50_1_fu_297  |encode_bit_1_Pipeline_VITIS_LOOP_50_1  |        ?|        ?|         ?|         ?|    0|    0|  loop pipeline stp|
        +--------------------------------------------------+---------------------------------------+---------+---------+----------+----------+-----+-----+-------------------+

        * Loop: 
        +----------+---------+---------+----------+-----------+-----------+--------+----------+
        |          |  Latency (cycles) | Iteration|  Initiation Interval  |  Trip  |          |
        | Loop Name|   min   |   max   |  Latency |  achieved |   target  |  Count | Pipelined|
        +----------+---------+---------+----------+-----------+-----------+--------+----------+
        |- Renorm  |        ?|        ?|         ?|          -|          -|  0 ~ 32|        no|
        +----------+---------+---------+----------+-----------+-----------+--------+----------+



================================================================
== Utilization Estimates
================================================================
* Summary: 
+-----------------+---------+------+--------+--------+-----+
|       Name      | BRAM_18K|  DSP |   FF   |   LUT  | URAM|
+-----------------+---------+------+--------+--------+-----+
|DSP              |        -|     -|       -|       -|    -|
|Expression       |        -|     -|       0|     654|    -|
|FIFO             |        -|     -|       -|       -|    -|
|Instance         |        -|     3|      70|     594|    -|
|Memory           |        -|     -|       -|       -|    -|
|Multiplexer      |        -|     -|       0|     300|    -|
|Register         |        -|     -|     583|       -|    -|
+-----------------+---------+------+--------+--------+-----+
|Total            |        0|     3|     653|    1548|    0|
+-----------------+---------+------+--------+--------+-----+
|Available        |      288|  1248|  234240|  117120|   64|
+-----------------+---------+------+--------+--------+-----+
|Utilization (%)  |        0|    ~0|      ~0|       1|    0|
+-----------------+---------+------+--------+--------+-----+

+ Detail: 
    * Instance: 
    +--------------------------------------------------+---------------------------------------+---------+----+----+-----+-----+
    |                     Instance                     |                 Module                | BRAM_18K| DSP| FF | LUT | URAM|
    +--------------------------------------------------+---------------------------------------+---------+----+----+-----+-----+
    |grp_encode_bit_1_Pipeline_VITIS_LOOP_50_1_fu_297  |encode_bit_1_Pipeline_VITIS_LOOP_50_1  |        0|   0|  35|  287|    0|
    |grp_encode_bit_1_Pipeline_VITIS_LOOP_53_2_fu_281  |encode_bit_1_Pipeline_VITIS_LOOP_53_2  |        0|   0|  35|  287|    0|
    |mul_32s_32s_32_1_1_U59                            |mul_32s_32s_32_1_1                     |        0|   3|   0|   20|    0|
    +--------------------------------------------------+---------------------------------------+---------+----+----+-----+-----+
    |Total                                             |                                       |        0|   3|  70|  594|    0|
    +--------------------------------------------------+---------------------------------------+---------+----+----+-----+-----+

    * DSP: 
    N/A

    * Memory: 
    N/A

    * FIFO: 
    N/A

    * Expression: 
    +---------------------------------+----------+----+---+----+------------+------------+
    |          Variable Name          | Operation| DSP| FF| LUT| Bitwidth P0| Bitwidth P1|
    +---------------------------------+----------+----+---+----+------------+------------+
    |add_ln41_fu_358_p2               |         +|   0|  0|  32|          32|           1|
    |add_ln43_1_fu_413_p2             |         +|   0|  0|  39|          32|           2|
    |add_ln43_fu_408_p2               |         +|   0|  0|  39|          32|          32|
    |add_ln56_fu_571_p2               |         +|   0|  0|  39|          32|           1|
    |add_ln62_fu_701_p2               |         +|   0|  0|  39|          32|          32|
    |grp_fu_324_p2                    |         +|   0|  0|  39|          32|           1|
    |grp_fu_336_p2                    |         +|   0|  0|  39|          32|           1|
    |r_2_fu_458_p2                    |         +|   0|  0|  13|           6|           1|
    |range_fu_364_p2                  |         -|   0|  0|  32|          32|          32|
    |sub_ln62_fu_682_p2               |         -|   0|  0|  39|          13|          32|
    |sub_ln63_fu_677_p2               |         -|   0|  0|  39|          32|          32|
    |and_ln55_fu_565_p2               |       and|   0|  0|   2|           1|           1|
    |ap_condition_66                  |       and|   0|  0|   2|           1|           1|
    |ap_condition_671                 |       and|   0|  0|   2|           1|           1|
    |ap_condition_70                  |       and|   0|  0|   2|           1|           1|
    |ap_predicate_op128_call_state6   |       and|   0|  0|   2|           1|           1|
    |grp_fu_330_p2                    |      icmp|   0|  0|  39|          32|           4|
    |icmp_ln48_fu_488_p2              |      icmp|   0|  0|  24|          17|           1|
    |icmp_ln51_fu_504_p2              |      icmp|   0|  0|  24|          17|           1|
    |icmp_ln55_1_fu_559_p2            |      icmp|   0|  0|  39|          32|          16|
    |icmp_ln55_fu_553_p2              |      icmp|   0|  0|  25|          18|           1|
    |ap_block_state6_on_subcall_done  |        or|   0|  0|   2|           1|           1|
    |out_r_we0                        |        or|   0|  0|   2|           1|           1|
    |select_ln43_1_fu_426_p3          |    select|   0|  0|  32|           1|          32|
    |select_ln43_fu_419_p3            |    select|   0|  0|  32|           1|          32|
    |select_ln62_fu_706_p3            |    select|   0|  0|  32|           1|          32|
    |xor_ln56_2_fu_585_p2             |       xor|   0|  0|   2|           1|           2|
    |xor_ln56_fu_611_p2               |       xor|   0|  0|   2|           1|           2|
    +---------------------------------+----------+----+---+----+------------+------------+
    |Total                            |          |   0|  0| 654|         435|         297|
    +---------------------------------+----------+----+---+----+------------+------------+

    * Multiplexer: 
    +-----------------------------------+----+-----------+-----+-----------+
    |                Name               | LUT| Input Size| Bits| Total Bits|
    +-----------------------------------+----+-----------+-----+-----------+
    |ap_NS_fsm                          |  43|          8|    1|          8|
    |ap_phi_mux_empty_45_phi_fu_239_p6  |   9|          2|   15|         30|
    |ap_phi_mux_empty_phi_fu_228_p6     |   9|          2|   15|         30|
    |empty_45_reg_236                   |   9|          2|   15|         30|
    |empty_reg_225                      |   9|          2|   15|         30|
    |nb_0_fu_118                        |  14|          3|   32|         96|
    |nb_2_ph_reg_257                    |   9|          2|   32|         64|
    |nb_5_ph_reg_201                    |   9|          2|   32|         64|
    |ob_0_fu_114                        |  14|          3|   32|         96|
    |ob_2_ph_reg_269                    |   9|          2|   32|         64|
    |ob_5_ph_reg_213                    |   9|          2|   32|         64|
    |oi_0_fu_110                        |  14|          3|   32|         96|
    |oi_2_ph_reg_247                    |   9|          2|   32|         64|
    |oi_5_ph_reg_191                    |   9|          2|   32|         64|
    |out_r_address0                     |  14|          3|   10|         30|
    |out_r_address0_local               |  14|          3|   10|         30|
    |out_r_ce0                          |  14|          3|    1|          3|
    |out_r_d0                           |  14|          3|    8|         24|
    |out_r_d0_local                     |  14|          3|    8|         24|
    |out_r_we0                          |  14|          3|    1|          3|
    |pending_0_fu_98                    |  14|          3|   32|         96|
    |phi_ln64_1_fu_102                  |   9|          2|   32|         64|
    |phi_ln64_fu_106                    |   9|          2|   32|         64|
    |r_fu_94                            |   9|          2|    6|         12|
    +-----------------------------------+----+-----------+-----+-----------+
    |Total                              | 300|         64|  489|       1150|
    +-----------------------------------+----+-----------+-----+-----------+

    * Register: 
    +---------------------------------------------------------------+----+----+-----+-----------+
    |                              Name                             | FF | LUT| Bits| Const Bits|
    +---------------------------------------------------------------+----+----+-----+-----------+
    |ap_CS_fsm                                                      |   7|   0|    7|          0|
    |empty_45_reg_236                                               |  15|   0|   15|          0|
    |empty_reg_225                                                  |  15|   0|   15|          0|
    |grp_encode_bit_1_Pipeline_VITIS_LOOP_50_1_fu_297_ap_start_reg  |   1|   0|    1|          0|
    |grp_encode_bit_1_Pipeline_VITIS_LOOP_53_2_fu_281_ap_start_reg  |   1|   0|    1|          0|
    |icmp_ln48_reg_919                                              |   1|   0|    1|          0|
    |icmp_ln51_reg_923                                              |   1|   0|    1|          0|
    |nb_0_fu_118                                                    |  32|   0|   32|          0|
    |nb_2_ph_reg_257                                                |  32|   0|   32|          0|
    |nb_5_ph_reg_201                                                |  32|   0|   32|          0|
    |ob_0_fu_114                                                    |  32|   0|   32|          0|
    |ob_2_ph_reg_269                                                |  32|   0|   32|          0|
    |ob_5_ph_reg_213                                                |  32|   0|   32|          0|
    |oi_0_fu_110                                                    |  32|   0|   32|          0|
    |oi_2_ph_reg_247                                                |  32|   0|   32|          0|
    |oi_5_ph_reg_191                                                |  32|   0|   32|          0|
    |pending_0_fu_98                                                |  32|   0|   32|          0|
    |pending_0_load44_reg_956                                       |  32|   0|   32|          0|
    |pending_0_load_3_reg_961                                       |  32|   0|   32|          0|
    |phi_ln64_1_fu_102                                              |  32|   0|   32|          0|
    |phi_ln64_fu_106                                                |  32|   0|   32|          0|
    |r_2_reg_902                                                    |   6|   0|    6|          0|
    |r_fu_94                                                        |   6|   0|    6|          0|
    |range_reg_871                                                  |  32|   0|   32|          0|
    |split_reg_884                                                  |  20|   0|   20|          0|
    |trunc_ln47_1_reg_913                                           |  15|   0|   15|          0|
    |trunc_ln47_reg_907                                             |  15|   0|   15|          0|
    +---------------------------------------------------------------+----+----+-----+-----------+
    |Total                                                          | 583|   0|  583|          0|
    +---------------------------------------------------------------+----+----+-----+-----------+



================================================================
== Interface
================================================================
* Summary: 
+----------------+-----+-----+------------+--------------+--------------+
|    RTL Ports   | Dir | Bits|  Protocol  | Source Object|    C Type    |
+----------------+-----+-----+------------+--------------+--------------+
|ap_clk          |   in|    1|  ap_ctrl_hs|  encode_bit.1|  return value|
|ap_rst          |   in|    1|  ap_ctrl_hs|  encode_bit.1|  return value|
|ap_start        |   in|    1|  ap_ctrl_hs|  encode_bit.1|  return value|
|ap_done         |  out|    1|  ap_ctrl_hs|  encode_bit.1|  return value|
|ap_idle         |  out|    1|  ap_ctrl_hs|  encode_bit.1|  return value|
|ap_ready        |  out|    1|  ap_ctrl_hs|  encode_bit.1|  return value|
|ap_return_0     |  out|   32|  ap_ctrl_hs|  encode_bit.1|  return value|
|ap_return_1     |  out|   32|  ap_ctrl_hs|  encode_bit.1|  return value|
|ap_return_2     |  out|   32|  ap_ctrl_hs|  encode_bit.1|  return value|
|ap_return_3     |  out|   32|  ap_ctrl_hs|  encode_bit.1|  return value|
|ap_return_4     |  out|   32|  ap_ctrl_hs|  encode_bit.1|  return value|
|ap_return_5     |  out|   32|  ap_ctrl_hs|  encode_bit.1|  return value|
|ap_return_6     |  out|   32|  ap_ctrl_hs|  encode_bit.1|  return value|
|low_read        |   in|   32|     ap_none|      low_read|        scalar|
|high_read       |   in|   32|     ap_none|     high_read|        scalar|
|pending_read    |   in|   32|     ap_none|  pending_read|        scalar|
|ob_read         |   in|   32|     ap_none|       ob_read|        scalar|
|nb_read         |   in|   32|     ap_none|       nb_read|        scalar|
|out_r_address0  |  out|   10|   ap_memory|         out_r|         array|
|out_r_ce0       |  out|    1|   ap_memory|         out_r|         array|
|out_r_we0       |  out|    1|   ap_memory|         out_r|         array|
|out_r_d0        |  out|    8|   ap_memory|         out_r|         array|
|oi_read         |   in|   32|     ap_none|       oi_read|        scalar|
|prob_read       |   in|   32|     ap_none|     prob_read|        scalar|
|bit_r           |   in|    1|     ap_none|         bit_r|        scalar|
+----------------+-----+-----+------------+--------------+--------------+

