

================================================================
== Vitis HLS Report for 'encode_chunk_Pipeline_VITIS_LOOP_17_1'
================================================================
* Date:           Sat Aug  1 19:34:10 2026

* Version:        2025.2.1 (Build 6397637 on Mar 18 2026)
* Project:        work_k8_report
* Solution:       hls (Vitis Kernel Flow Target)
* Product family: zynquplus
* Target device:  xck26-sfvc784-2LV-c


================================================================
== Performance Estimates
================================================================
+ Timing: 
    * Summary: 
    +--------+---------+----------+------------+
    |  Clock |  Target | Estimated| Uncertainty|
    +--------+---------+----------+------------+
    |ap_clk  |  5.00 ns|  2.440 ns|     1.35 ns|
    +--------+---------+----------+------------+

+ Latency: 
    * Summary: 
    +---------+---------+----------+----------+-----+-----+-------------------+
    |  Latency (cycles) |  Latency (absolute) |  Interval |      Pipeline     |
    |   min   |   max   |    min   |    max   | min | max |        Type       |
    +---------+---------+----------+----------+-----+-----+-------------------+
    |      258|      258|  1.290 us|  1.290 us|    0|    0|  loop pipeline stp|
    +---------+---------+----------+----------+-----+-----+-------------------+

    + Detail: 
        * Instance: 
        N/A

        * Loop: 
        +-------------------+---------+---------+----------+-----------+-----------+------+----------+
        |                   |  Latency (cycles) | Iteration|  Initiation Interval  | Trip |          |
        |     Loop Name     |   min   |   max   |  Latency |  achieved |   target  | Count| Pipelined|
        +-------------------+---------+---------+----------+-----------+-----------+------+----------+
        |- VITIS_LOOP_17_1  |      256|      256|         1|          1|          1|   256|       yes|
        +-------------------+---------+---------+----------+-----------+-----------+------+----------+



================================================================
== Utilization Estimates
================================================================
* Summary: 
+-----------------+---------+------+--------+--------+-----+
|       Name      | BRAM_18K|  DSP |   FF   |   LUT  | URAM|
+-----------------+---------+------+--------+--------+-----+
|DSP              |        -|     -|       -|       -|    -|
|Expression       |        -|     -|       0|      33|    -|
|FIFO             |        -|     -|       -|       -|    -|
|Instance         |        -|     -|       -|       -|    -|
|Memory           |        -|     -|       -|       -|    -|
|Multiplexer      |        -|     -|       0|      27|    -|
|Register         |        -|     -|      11|       -|    -|
+-----------------+---------+------+--------+--------+-----+
|Total            |        0|     0|      11|      60|    0|
+-----------------+---------+------+--------+--------+-----+
|Available        |      288|  1248|  234240|  117120|   64|
+-----------------+---------+------+--------+--------+-----+
|Utilization (%)  |        0|     0|      ~0|      ~0|    0|
+-----------------+---------+------+--------+--------+-----+

+ Detail: 
    * Instance: 
    N/A

    * DSP: 
    N/A

    * Memory: 
    N/A

    * FIFO: 
    N/A

    * Expression: 
    +--------------------+----------+----+---+----+------------+------------+
    |    Variable Name   | Operation| DSP| FF| LUT| Bitwidth P0| Bitwidth P1|
    +--------------------+----------+----+---+----+------------+------------+
    |add_ln17_fu_62_p2   |         +|   0|  0|  16|           9|           1|
    |icmp_ln17_fu_56_p2  |      icmp|   0|  0|  17|           9|          10|
    +--------------------+----------+----+---+----+------------+------------+
    |Total               |          |   0|  0|  33|          18|          11|
    +--------------------+----------+----+---+----+------------+------------+

    * Multiplexer: 
    +----------------------+----+-----------+-----+-----------+
    |         Name         | LUT| Input Size| Bits| Total Bits|
    +----------------------+----+-----------+-----+-----------+
    |ap_done_int           |   9|          2|    1|          2|
    |ap_sig_allocacmp_i_1  |   9|          2|    9|         18|
    |i_fu_30               |   9|          2|    9|         18|
    +----------------------+----+-----------+-----+-----------+
    |Total                 |  27|          6|   19|         38|
    +----------------------+----+-----------+-----+-----------+

    * Register: 
    +-------------+---+----+-----+-----------+
    |     Name    | FF| LUT| Bits| Const Bits|
    +-------------+---+----+-----+-----------+
    |ap_CS_fsm    |  1|   0|    1|          0|
    |ap_done_reg  |  1|   0|    1|          0|
    |i_fu_30      |  9|   0|    9|          0|
    +-------------+---+----+-----+-----------+
    |Total        | 11|   0|   11|          0|
    +-------------+---+----+-----+-----------+



================================================================
== Interface
================================================================
* Summary: 
+---------------+-----+-----+------------+---------------------------------------+--------------+
|   RTL Ports   | Dir | Bits|  Protocol  |             Source Object             |    C Type    |
+---------------+-----+-----+------------+---------------------------------------+--------------+
|ap_clk         |   in|    1|  ap_ctrl_hs|  encode_chunk_Pipeline_VITIS_LOOP_17_1|  return value|
|ap_rst         |   in|    1|  ap_ctrl_hs|  encode_chunk_Pipeline_VITIS_LOOP_17_1|  return value|
|ap_start       |   in|    1|  ap_ctrl_hs|  encode_chunk_Pipeline_VITIS_LOOP_17_1|  return value|
|ap_done        |  out|    1|  ap_ctrl_hs|  encode_chunk_Pipeline_VITIS_LOOP_17_1|  return value|
|ap_idle        |  out|    1|  ap_ctrl_hs|  encode_chunk_Pipeline_VITIS_LOOP_17_1|  return value|
|ap_ready       |  out|    1|  ap_ctrl_hs|  encode_chunk_Pipeline_VITIS_LOOP_17_1|  return value|
|tree_address0  |  out|    8|   ap_memory|                                   tree|         array|
|tree_ce0       |  out|    1|   ap_memory|                                   tree|         array|
|tree_we0       |  out|    1|   ap_memory|                                   tree|         array|
|tree_d0        |  out|   32|   ap_memory|                                   tree|         array|
+---------------+-----+-----+------------+---------------------------------------+--------------+

