

================================================================
== Vitis HLS Report for 'encode_bit_1_Pipeline_VITIS_LOOP_50_1'
================================================================
* Date:           Sat Aug  1 19:34:10 2026

* Version:        2025.2.1 (Build 6397637 on Mar 18 2026)
* Project:        work_k8_report
* Solution:       hls (Vitis Kernel Flow Target)
* Product family: zynquplus
* Target device:  xck26-sfvc784-2LV-c


================================================================
== Performance Estimates
================================================================
+ Timing: 
    * Summary: 
    +--------+---------+----------+------------+
    |  Clock |  Target | Estimated| Uncertainty|
    +--------+---------+----------+------------+
    |ap_clk  |  5.00 ns|  3.269 ns|     1.35 ns|
    +--------+---------+----------+------------+

+ Latency: 
    * Summary: 
    +---------+---------+----------+----------+-----+-----+-------------------+
    |  Latency (cycles) |  Latency (absolute) |  Interval |      Pipeline     |
    |   min   |   max   |    min   |    max   | min | max |        Type       |
    +---------+---------+----------+----------+-----+-----+-------------------+
    |        ?|        ?|         ?|         ?|    0|    0|  loop pipeline stp|
    +---------+---------+----------+----------+-----+-----+-------------------+

    + Detail: 
        * Instance: 
        N/A

        * Loop: 
        +-------------------+---------+---------+----------+-----------+-----------+------+----------+
        |                   |  Latency (cycles) | Iteration|  Initiation Interval  | Trip |          |
        |     Loop Name     |   min   |   max   |  Latency |  achieved |   target  | Count| Pipelined|
        +-------------------+---------+---------+----------+-----------+-----------+------+----------+
        |- VITIS_LOOP_50_1  |        ?|        ?|         2|          1|          1|     ?|       yes|
        +-------------------+---------+---------+----------+-----------+-----------+------+----------+



================================================================
== Utilization Estimates
================================================================
* Summary: 
+-----------------+---------+------+--------+--------+-----+
|       Name      | BRAM_18K|  DSP |   FF   |   LUT  | URAM|
+-----------------+---------+------+--------+--------+-----+
|DSP              |        -|     -|       -|       -|    -|
|Expression       |        -|     -|       0|     197|    -|
|FIFO             |        -|     -|       -|       -|    -|
|Instance         |        -|     -|       -|       -|    -|
|Memory           |        -|     -|       -|       -|    -|
|Multiplexer      |        -|     -|       0|      90|    -|
|Register         |        -|     -|      35|       -|    -|
+-----------------+---------+------+--------+--------+-----+
|Total            |        0|     0|      35|     287|    0|
+-----------------+---------+------+--------+--------+-----+
|Available        |      288|  1248|  234240|  117120|   64|
+-----------------+---------+------+--------+--------+-----+
|Utilization (%)  |        0|     0|      ~0|      ~0|    0|
+-----------------+---------+------+--------+--------+-----+

+ Detail: 
    * Instance: 
    N/A

    * DSP: 
    N/A

    * Memory: 
    N/A

    * FIFO: 
    N/A

    * Expression: 
    +---------------------+----------+----+---+----+------------+------------+
    |    Variable Name    | Operation| DSP| FF| LUT| Bitwidth P0| Bitwidth P1|
    +---------------------+----------+----+---+----+------------+------------+
    |add_ln33_fu_150_p2   |         +|   0|  0|  39|          32|           1|
    |add_ln34_fu_187_p2   |         +|   0|  0|  39|          32|           1|
    |add_ln50_fu_115_p2   |         +|   0|  0|  39|          32|           2|
    |icmp_ln34_fu_156_p2  |      icmp|   0|  0|  39|          32|           4|
    |icmp_ln50_fu_109_p2  |      icmp|   0|  0|  39|          32|           1|
    |ap_enable_pp0        |       xor|   0|  0|   2|           1|           2|
    +---------------------+----------+----+---+----+------------+------------+
    |Total                |          |   0|  0| 197|         161|          11|
    +---------------------+----------+----+---+----+------------+------------+

    * Multiplexer: 
    +-------------------------+----+-----------+-----+-----------+
    |           Name          | LUT| Input Size| Bits| Total Bits|
    +-------------------------+----+-----------+-----+-----------+
    |ap_done_int              |   9|          2|    1|          2|
    |ap_enable_reg_pp0_iter1  |   9|          2|    1|          2|
    |ap_sig_allocacmp_p_load  |   9|          2|   32|         64|
    |empty_fu_42              |   9|          2|   32|         64|
    |nb_2_out_o               |  20|          4|   32|        128|
    |ob_2_out_o               |  20|          4|   32|        128|
    |oi_2_out_o               |  14|          3|   32|         96|
    +-------------------------+----+-----------+-----+-----------+
    |Total                    |  90|         19|  162|        484|
    +-------------------------+----+-----------+-----+-----------+

    * Register: 
    +-------------------------+----+----+-----+-----------+
    |           Name          | FF | LUT| Bits| Const Bits|
    +-------------------------+----+----+-----+-----------+
    |ap_CS_fsm                |   1|   0|    1|          0|
    |ap_done_reg              |   1|   0|    1|          0|
    |ap_enable_reg_pp0_iter1  |   1|   0|    1|          0|
    |empty_fu_42              |  32|   0|   32|          0|
    +-------------------------+----+----+-----+-----------+
    |Total                    |  35|   0|   35|          0|
    +-------------------------+----+----+-----+-----------+



================================================================
== Interface
================================================================
* Summary: 
+-------------------+-----+-----+------------+---------------------------------------+--------------+
|     RTL Ports     | Dir | Bits|  Protocol  |             Source Object             |    C Type    |
+-------------------+-----+-----+------------+---------------------------------------+--------------+
|ap_clk             |   in|    1|  ap_ctrl_hs|  encode_bit.1_Pipeline_VITIS_LOOP_50_1|  return value|
|ap_rst             |   in|    1|  ap_ctrl_hs|  encode_bit.1_Pipeline_VITIS_LOOP_50_1|  return value|
|ap_start           |   in|    1|  ap_ctrl_hs|  encode_bit.1_Pipeline_VITIS_LOOP_50_1|  return value|
|ap_done            |  out|    1|  ap_ctrl_hs|  encode_bit.1_Pipeline_VITIS_LOOP_50_1|  return value|
|ap_idle            |  out|    1|  ap_ctrl_hs|  encode_bit.1_Pipeline_VITIS_LOOP_50_1|  return value|
|ap_ready           |  out|    1|  ap_ctrl_hs|  encode_bit.1_Pipeline_VITIS_LOOP_50_1|  return value|
|oi_2_ph            |   in|   32|     ap_none|                                oi_2_ph|        scalar|
|nb_2_ph            |   in|   32|     ap_none|                                nb_2_ph|        scalar|
|ob_2_ph            |   in|   32|     ap_none|                                ob_2_ph|        scalar|
|pending_0          |   in|   32|     ap_none|                              pending_0|        scalar|
|out_r_address0     |  out|   10|   ap_memory|                                  out_r|         array|
|out_r_ce0          |  out|    1|   ap_memory|                                  out_r|         array|
|out_r_we0          |  out|    1|   ap_memory|                                  out_r|         array|
|out_r_d0           |  out|    8|   ap_memory|                                  out_r|         array|
|oi_2_out_i         |   in|   32|     ap_ovld|                               oi_2_out|       pointer|
|oi_2_out_o         |  out|   32|     ap_ovld|                               oi_2_out|       pointer|
|oi_2_out_o_ap_vld  |  out|    1|     ap_ovld|                               oi_2_out|       pointer|
|nb_2_out_i         |   in|   32|     ap_ovld|                               nb_2_out|       pointer|
|nb_2_out_o         |  out|   32|     ap_ovld|                               nb_2_out|       pointer|
|nb_2_out_o_ap_vld  |  out|    1|     ap_ovld|                               nb_2_out|       pointer|
|ob_2_out_i         |   in|   32|     ap_ovld|                               ob_2_out|       pointer|
|ob_2_out_o         |  out|   32|     ap_ovld|                               ob_2_out|       pointer|
|ob_2_out_o_ap_vld  |  out|    1|     ap_ovld|                               ob_2_out|       pointer|
+-------------------+-----+-----+------------+---------------------------------------+--------------+

